
=== M9: fpga-open-vocab - describe it, the board spots it ===

clock     : 320 MHz requested; BOOTSEL is reachable for 1.5 s
clock     : 320 MHz system, core 1.25 V
reset     : chip_reset 00010000  (scratch was cold: either the always-on domain went away - power, a brown-out - or this boot came through the bootrom, which clears it too)
            new this boot: power-on reset - the supply arrived
waiting for a bitstream on USB CDC (host/demo.py)
bitstream : 173124 bytes announced, crc32 0a2e9953
bitstream : received intact
configure : configured, CDONE high   CDONE=1 nSTATUS=0
crc       : DMA sniffer, calc=1 out_rev=1 out_inv=1
model     : 9 layers, 512-d embedding, 131072 B/buffer
weights   : 780720 B, crc32=0xF368CC6E  (126 ms to hash)

reference : encoder_fast on the flash test vector  (1582 ms)

link      : probing the wire by running the whole test vector over it
probe     : 3 forward data lines -> 512/512 floats exact, 269 ms
link      : configuration C, 3 forward data lines, 160.0 MHz

camera    : exposure ramp 77 80 82 84 86 88 90 91 94 94 94 94 94
camera    : live 128x128 RGB565, id 0x82, 16.0 MHz, expose 37 ms, read 16 ms, exposure settled after 13 frames
            regs fmt 02 res 00 bri 00 ev 00 wb 00 auto 00 state 26 id 82 fpga 20
            reset gate: polls 425, first state 21, busy yes   defaults polls: ae 0 ag 10 awb 0 wbmode 10
            mean RGB 93 96 93  (tuned camera on a neutral scene: about 115 107 105)

queries   : waiting for a query set on USB CDC (host/demo.py)
queries   : 2 accepted, 512-d, crc ok
            level axis carries 0.95 of one query's swing; most opposed pair +0.810
            scored as z = (cos - background) / std, where the background is this room's
            own mean over its first 30 frames and is then FROZEN - so a thing left in
            shot keeps its score instead of decaying into the furniture. 'N' re-learns
            it, 'H' switches to tracking. The COCO figures below are only the seed for
            frame 0 and the fixed std.
            std is THIS ROOM's, measured over the same 30 frames ('S' switches to COCO's).
            The thresholds below still mean the 90th percentile of a background; the
            background they now mean it against is this room empty, not 5000 COCO photos.
            a closed book        match above z 1.23   (COCO background -0.159 +- 0.035, so cos -0.116)
            an opened book       match above z 1.23   (COCO background -0.151 +- 0.030, so cos -0.114)

loop      : capture, 8 convs on the T8, pool and head, then one cosine per query. 'B' for BOOTSEL, 'R' to restart,
            'P' to dump the next frame for host/cam.py, 'V' to dump its 512 floats for host/caption.py,
            'E' to provoke a fault so D1 shows its fault display, 'H' to freeze/unfreeze the background,
            'S' to switch the spread between this room's and COCO's, 'W' to hang on purpose and see
            the watchdog name the stage, 'C' to stall the camera bus on purpose and see it cost one frame,
            'U' to drop off USB on purpose and watch it come back, 'I' to drop off and refuse to,
            'N' to forget it and learn it again from now. 'P' and 'V' together describe the same frame.
            'O' closes the timing window, prints it and flips the capture between overlapped and serial;
            'D' does the same and flips the trigger between late and at-the-collect, which is #14's A/B.
            'L' freezes exposure and gain, then on a second press the white balance too - which goes green,
            and is the control. A third restores all three. Issue #30, and the one hotkey whose answer depends on when you press it.
            'M' goes further and takes the sensor OUT of the loop: the ArduChip feeds a fixed pattern, so
            the frame cannot drift for any reason. If the walk survives that, the walk is not the camera.
            Run it with the background frozen and z smoothing OFF, or the flat column is a filter and not a
            result. The pattern is not a photograph - judge the cosines it prints, not the z.
            scores are z against this room's background, ranked; '*' means over its threshold.
            '1'..'6' enrol the next 20 frames as that class, and press again on a LATER visit
            to fold a second one in - 2 visits is what makes the enrolment guard mean
            something. Two classes in and the board decides by nearest reference instead of
            by threshold - see M21.
            '0' ENROLS THE EMPTY SCENE the same way, and it is worth a visit: with one, a frame
            is absent when the empty reference is the nearest of the three and no radius is
            involved. Without one the board falls back to the band - absent beyond 2.0 sep
            from every class - which scores 54.6% over 28 benches against the third reference's
            79.1%, because with two queries that band is an interval the empty scene can sit
            inside. #18.
            The first 30 frames set the baseline and it is then frozen, so anything left in
            shot KEEPS its score. Point the camera at the empty scene for those frames.
            Send a new set at any time to re-query - that resets the baseline too.

frame     0 :  a closed book +2.00*  an opened book +1.48*   led 255/  0 h1.00 lvl+1.74   MATCH a closed book (cos -0.089)
frame     1 :  an opened book -0.22  a closed book -0.30   led   0/255 h0.00 lvl-0.26   -
frame     2 :  an opened book +0.16  a closed book +0.07   led   3/188 h0.13 lvl+0.11   -
frame     3 :  a closed book -0.09  an opened book -0.12   led   0/255 h0.00 lvl-0.10   -
frame     4 :  an opened book -0.10  a closed book -0.11   led   0/255 h0.00 lvl-0.11   -
frame     5 :  an opened book -0.09  a closed book -0.09   led   0/255 h0.00 lvl-0.09   -
frame     6 :  an opened book +0.07  a closed book +0.05   led   0/224 h0.06 lvl+0.06   -
frame     7 :  a closed book -0.00  an opened book -0.06   led   0/255 h0.00 lvl-0.03   -
background: after 8 frames (warming up, room spread), this room reads  a closed book -0.095 +-0.0036 (COCO -0.159 +-0.0351)  an opened book -0.110 +-0.0031 (COCO -0.151 +-0.0303)
frame     8 :  a closed book +1.97*  an opened book +1.67*   led 255/  0 h1.00 lvl+1.82   MATCH a closed book (cos -0.088)
frame     9 :  a closed book +1.44*  an opened book +1.25*   led 255/  0 h1.00 lvl+1.34   MATCH a closed book (cos -0.089)
frame    10 :  a closed book +0.06  an opened book -1.12   led   0/228 h0.05 lvl-0.53   -
frame    11 :  a closed book +0.79  an opened book +0.23   led  97/ 26 h0.64 lvl+0.51   -
frame    12 :  an opened book -1.63  a closed book -1.72   led   0/255 h0.00 lvl-1.68   -
frame    13 :  a closed book -0.57  an opened book -0.69   led   0/255 h0.00 lvl-0.63   -
frame    14 :  a closed book +0.11  an opened book +0.02   led   1/206 h0.09 lvl+0.07   -
frame    15 :  an opened book +0.84  a closed book +0.78   led 110/ 21 h0.68 lvl+0.81   -
frame    16 :  a closed book +0.65  an opened book +0.50   led  64/ 48 h0.53 lvl+0.58   -
frame    17 :  an opened book +0.69  a closed book -0.23   led  71/ 42 h0.56 lvl+0.23   -
frame    18 :  an opened book -0.25  a closed book -0.96   led   0/255 h0.00 lvl-0.60   -
frame    19 :  an opened book -0.33  a closed book -0.41   led   0/255 h0.00 lvl-0.37   -
frame    20 :  an opened book -0.40  a closed book -1.58   led   0/255 h0.00 lvl-0.99   -
frame    21 :  an opened book +1.50*  a closed book +1.25*   led 255/  0 h1.00 lvl+1.37   MATCH an opened book (cos -0.105)
frame    22 :  an opened book -0.04  a closed book -0.18   led   0/255 h0.00 lvl-0.11   -
frame    23 :  a closed book +0.57  an opened book -0.85   led  46/ 66 h0.46 lvl-0.14   -
frame    24 :  an opened book -0.02  a closed book -0.34   led   0/255 h0.00 lvl-0.18   -
frame    25 :  an opened book -1.56  a closed book -1.75   led   0/255 h0.00 lvl-1.66   -
frame    26 :  an opened book -0.60  a closed book -0.91   led   0/255 h0.00 lvl-0.76   -
frame    27 :  an opened book -3.07  a closed book -3.16   led   0/255 h0.00 lvl-3.11   -
frame    28 :  an opened book +0.61  a closed book +0.38   led  54/ 57 h0.49 lvl+0.50   -
frame    29 :  a closed book -1.85  an opened book -2.01   led   0/255 h0.00 lvl-1.93   -
frame    30 :  a closed book +0.19  an opened book -0.21   led   4/177 h0.15 lvl-0.01   -
frame    31 :  a closed book +0.16  an opened book -0.38   led   3/187 h0.13 lvl-0.11   -
frame    32 :  an opened book +0.02  a closed book -0.41   led   0/247 h0.01 lvl-0.20   -
frame    33 :  an opened book +2.94*  a closed book +1.61*   led 255/  0 h1.00 lvl+2.27   MATCH an opened book (cos -0.100)
frame    34 :  a closed book +2.43*  an opened book +2.42*   led 255/  0 h1.00 lvl+2.42   MATCH a closed book (cos -0.085)
frame    35 :  an opened book +1.82*  a closed book +1.56*   led 255/  0 h1.00 lvl+1.69   MATCH an opened book (cos -0.104)
frame    36 :  an opened book +2.11*  a closed book +1.01   led 255/  0 h1.00 lvl+1.56   MATCH an opened book (cos -0.103)
frame    37 :  an opened book +2.52*  a closed book +1.69*   led 255/  0 h1.00 lvl+2.10   MATCH an opened book (cos -0.101)
frame    38 :  a closed book +1.53*  an opened book +1.45*   led 255/  0 h1.00 lvl+1.49   MATCH a closed book (cos -0.089)
frame    39 :  an opened book +1.87*  a closed book +1.17   led 255/  0 h1.00 lvl+1.52   MATCH an opened book (cos -0.103)
frame    40 :  an opened book +2.03*  a closed book +1.01   led 255/  0 h1.00 lvl+1.52   MATCH an opened book (cos -0.103)
frame    41 :  an opened book +3.29*  a closed book +2.89*   led 255/  0 h1.00 lvl+3.09   MATCH an opened book (cos -0.099)
frame    42 :  an opened book +0.70  a closed book -0.18   led  74/ 40 h0.57 lvl+0.26   -
frame    43 :  an opened book +1.68*  a closed book +1.07   led 255/  0 h1.00 lvl+1.37   MATCH an opened book (cos -0.104)
frame    44 :  an opened book +0.99  a closed book +0.85   led 160/  7 h0.81 lvl+0.92   -
frame    45 :  an opened book +0.82  a closed book +0.74   led 105/ 23 h0.67 lvl+0.78   -
frame    46 :  an opened book +2.58*  a closed book +1.36*   led 255/  0 h1.00 lvl+1.97   MATCH an opened book (cos -0.101)
frame    47 :  a closed book +1.46*  an opened book +1.39*   led 255/  0 h1.00 lvl+1.42   MATCH a closed book (cos -0.089)
frame    48 :  an opened book +2.06*  a closed book +1.54*   led 255/  0 h1.00 lvl+1.80   MATCH an opened book (cos -0.103)
frame    49 :  an opened book +2.43*  a closed book +2.11*   led 255/  0 h1.00 lvl+2.27   MATCH an opened book (cos -0.101)
frame    50 :  an opened book +1.26*  a closed book +0.28   led 255/  0 h1.00 lvl+0.77   MATCH an opened book (cos -0.106)
frame    51 :  an opened book +3.07*  a closed book +1.52*   led 255/  0 h1.00 lvl+2.30   MATCH an opened book (cos -0.099)
frame    52 :  an opened book +0.78  a closed book +0.02   led  94/ 28 h0.63 lvl+0.40   -
frame    53 :  an opened book +1.06  a closed book +0.46   led 185/  3 h0.86 lvl+0.76   -
frame    54 :  an opened book +3.18*  a closed book +2.35*   led 255/  0 h1.00 lvl+2.77   MATCH an opened book (cos -0.099)
frame    55 :  an opened book +2.99*  a closed book +2.32*   led 255/  0 h1.00 lvl+2.66   MATCH an opened book (cos -0.100)
frame    56 :  an opened book +1.42*  a closed book +0.56   led 255/  0 h1.00 lvl+0.99   MATCH an opened book (cos -0.105)
frame    57 :  an opened book +1.27*  a closed book -0.03   led 255/  0 h1.00 lvl+0.62   MATCH an opened book (cos -0.105)
frame    58 :  an opened book +1.34*  a closed book +0.11   led 255/  0 h1.00 lvl+0.72   MATCH an opened book (cos -0.105)
frame    59 :  an opened book -0.85  a closed book -1.13   led   0/255 h0.00 lvl-0.99   -
frame    60 :  an opened book +1.46*  a closed book +0.20   led 255/  0 h1.00 lvl+0.83   MATCH an opened book (cos -0.105)
frame    61 :  an opened book +2.53*  a closed book +1.96*   led 255/  0 h1.00 lvl+2.25   MATCH an opened book (cos -0.101)
frame    62 :  an opened book +1.31*  a closed book -0.20   led 255/  0 h1.00 lvl+0.55   MATCH an opened book (cos -0.105)
frame    63 :  an opened book +0.80  a closed book +0.69   led  98/ 26 h0.65 lvl+0.74   -
frame    64 :  an opened book +3.21*  a closed book +2.53*   led 255/  0 h1.00 lvl+2.87   MATCH an opened book (cos -0.099)
frame    65 :  an opened book +1.34*  a closed book +0.65   led 255/  0 h1.00 lvl+0.99   MATCH an opened book (cos -0.105)
frame    66 :  an opened book +0.22  a closed book -0.27   led   6/167 h0.18 lvl-0.03   -
frame    67 :  an opened book +1.49*  a closed book +1.19   led 255/  0 h1.00 lvl+1.34   MATCH an opened book (cos -0.105)
frame    68 :  an opened book +1.16  a closed book +0.83   led 223/  1 h0.94 lvl+0.99   -
frame    69 :  an opened book +1.97*  a closed book +1.68*   led 255/  0 h1.00 lvl+1.83   MATCH an opened book (cos -0.103)
frame    70 :  an opened book +0.91  a closed book +0.56   led 133/ 13 h0.74 lvl+0.74   -
frame    71 :  an opened book +2.05*  a closed book +1.85*   led 255/  0 h1.00 lvl+1.95   MATCH an opened book (cos -0.103)
frame    72 :  an opened book +2.93*  a closed book +2.28*   led 255/  0 h1.00 lvl+2.61   MATCH an opened book (cos -0.100)
frame    73 :  an opened book +1.00  a closed book -0.23   led 160/  7 h0.81 lvl+0.38   -
frame    74 :  an opened book +1.38*  a closed book -0.16   led 255/  0 h1.00 lvl+0.61   MATCH an opened book (cos -0.105)
frame    75 :  an opened book +2.01*  a closed book +1.69*   led 255/  0 h1.00 lvl+1.85   MATCH an opened book (cos -0.103)
frame    76 :  an opened book +1.12  a closed book -0.07   led 208/  1 h0.91 lvl+0.52   -
frame    77 :  an opened book +1.93*  a closed book +1.16   led 255/  0 h1.00 lvl+1.54   MATCH an opened book (cos -0.103)
frame    78 :  an opened book +1.15  a closed book +0.65   led 221/  1 h0.94 lvl+0.90   -
frame    79 :  an opened book +2.19*  a closed book +1.07   led 255/  0 h1.00 lvl+1.63   MATCH an opened book (cos -0.102)
frame    80 :  an opened book +1.07  a closed book +0.98   led 186/  3 h0.87 lvl+1.02   -
frame    81 :  an opened book +0.76  a closed book +0.30   led  90/ 30 h0.62 lvl+0.53   -
frame    82 :  an opened book -0.16  a closed book -0.70   led   0/255 h0.00 lvl-0.43   -
frame    83 :  an opened book +0.67  a closed book +0.35   led  68/ 44 h0.55 lvl+0.51   -
frame    84 :  a closed book -0.04  an opened book -0.17   led   0/255 h0.00 lvl-0.10   -
frame    85 :  an opened book +1.70*  a closed book +1.02   led 255/  0 h1.00 lvl+1.36   MATCH an opened book (cos -0.104)
frame    86 :  an opened book +0.76  a closed book +0.35   led  89/ 31 h0.62 lvl+0.55   -
frame    87 :  an opened book +1.09  a closed book -0.06   led 196/  2 h0.89 lvl+0.52   -
frame    88 :  an opened book -0.72  a closed book -1.11   led   0/255 h0.00 lvl-0.92   -
frame    89 :  an opened book +0.76  a closed book +0.23   led  88/ 31 h0.62 lvl+0.49   -
frame    90 :  a closed book +1.14  an opened book +0.78   led 218/  1 h0.93 lvl+0.96   -
frame    91 :  an opened book +2.41*  a closed book +1.90*   led 255/  0 h1.00 lvl+2.16   MATCH an opened book (cos -0.102)
frame    92 :  an opened book +2.28*  a closed book +2.04*   led 255/  0 h1.00 lvl+2.16   MATCH an opened book (cos -0.102)
frame    93 :  an opened book +1.08  a closed book +0.71   led 192/  2 h0.88 lvl+0.90   -
frame    94 :  an opened book -0.05  a closed book -0.53   led   0/255 h0.00 lvl-0.29   -
frame    95 :  an opened book -0.34  a closed book -0.59   led   0/255 h0.00 lvl-0.47   -
frame    96 :  an opened book +2.24*  a closed book +1.84*   led 255/  0 h1.00 lvl+2.04   MATCH an opened book (cos -0.102)
frame    97 :  a closed book +1.14  an opened book +0.31   led 216/  1 h0.93 lvl+0.72   -
frame    98 :  an opened book +2.57*  a closed book +1.64*   led 255/  0 h1.00 lvl+2.11   MATCH an opened book (cos -0.101)
frame    99 :  a closed book +0.29  an opened book +0.22   led  11/141 h0.24 lvl+0.25   -
background: after 30 frames (frozen, room spread), this room reads  a closed book -0.095 +-0.0044 (COCO -0.159 +-0.0351)  an opened book -0.110 +-0.0034 (COCO -0.151 +-0.0303)
frame   100 :  an opened book +1.33*  a closed book +0.81   led 255/  0 h1.00 lvl+1.07   MATCH an opened book (cos -0.105)
frame   101 :  a closed book +2.40*  an opened book +1.83*   led 255/  0 h1.00 lvl+2.12   MATCH a closed book (cos -0.085)
frame   102 :  a closed book +1.03  an opened book +0.54   led 174/  4 h0.84 lvl+0.79   -
frame   103 :  an opened book +0.97  a closed book +0.36   led 150/  9 h0.78 lvl+0.66   -
frame   104 :  a closed book +2.45*  an opened book +1.90*   led 255/  0 h1.00 lvl+2.17   MATCH a closed book (cos -0.085)
frame   105 :  a closed book +1.98*  an opened book +1.66*   led 255/  0 h1.00 lvl+1.82   MATCH a closed book (cos -0.087)
frame   106 :  a closed book +1.21  an opened book +0.88   led 246/  0 h0.98 lvl+1.04   -
frame   107 :  a closed book +0.09  an opened book +0.06   led   1/216 h0.07 lvl+0.07   -
frame   108 :  a closed book +1.22  an opened book +0.78   led 251/  0 h0.99 lvl+1.00   -
frame   109 :  a closed book +1.48*  an opened book +1.30*   led 255/  0 h1.00 lvl+1.39   MATCH a closed book (cos -0.089)
frame   110 :  a closed book +0.20  an opened book +0.04   led   5/172 h0.16 lvl+0.12   -
frame   111 :  an opened book -0.13  a closed book -0.35   led   0/255 h0.00 lvl-0.24   -
frame   112 :  an opened book +2.38*  a closed book +2.12*   led 255/  0 h1.00 lvl+2.25   MATCH an opened book (cos -0.102)
frame   113 :  an opened book -0.10  a closed book -0.65   led   0/255 h0.00 lvl-0.38   -
frame   114 :  a closed book +0.27  an opened book +0.19   led   9/147 h0.22 lvl+0.23   -
frame   115 :  an opened book +0.72  a closed book -0.06   led  79/ 37 h0.59 lvl+0.33   -
frame   116 :  an opened book +1.42*  a closed book +1.26*   led 255/  0 h1.00 lvl+1.34   MATCH an opened book (cos -0.105)
frame   117 :  a closed book +1.58*  an opened book +1.19   led 255/  0 h1.00 lvl+1.38   MATCH a closed book (cos -0.088)
frame   118 :  a closed book +2.10*  an opened book +1.64*   led 255/  0 h1.00 lvl+1.87   MATCH a closed book (cos -0.086)
frame   119 :  an opened book -0.31  a closed book -0.47   led   0/255 h0.00 lvl-0.39   -
frame   120 :  a closed book -0.91  an opened book -1.87   led   0/255 h0.00 lvl-1.39   -
frame   121 :  an opened book -0.30  a closed book -0.77   led   0/255 h0.00 lvl-0.54   -
frame   122 :  a closed book -0.54  an opened book -1.53   led   0/255 h0.00 lvl-1.03   -
frame   123 :  a closed book -0.16  an opened book -0.64   led   0/255 h0.00 lvl-0.40   -
frame   124 :  an opened book +0.46  a closed book +0.01   led  29/ 91 h0.37 lvl+0.23   -
frame   125 :  a closed book -0.09  an opened book -0.86   led   0/255 h0.00 lvl-0.47   -
frame   126 :  an opened book -1.08  a closed book -1.12   led   0/255 h0.00 lvl-1.10   -
frame   127 :  a closed book -0.78  an opened book -1.16   led   0/255 h0.00 lvl-0.97   -
frame   128 :  a closed book +0.41  an opened book -0.29   led  23/104 h0.33 lvl+0.06   -
frame   129 :  an opened book +0.23  a closed book -0.53   led   7/161 h0.19 lvl-0.15   -
frame   130 :  a closed book -0.05  an opened book -1.61   led   0/255 h0.00 lvl-0.83   -
frame   131 :  a closed book -0.36  an opened book -0.46   led   0/255 h0.00 lvl-0.41   -
frame   132 :  a closed book -1.25  an opened book -1.73   led   0/255 h0.00 lvl-1.49   -
frame   133 :  a closed book +1.21  an opened book +0.56   led 245/  0 h0.98 lvl+0.88   -
frame   134 :  a closed book +1.10  an opened book +0.65   led 200/  2 h0.90 lvl+0.87   -
frame   135 :  an opened book +2.04*  a closed book +1.03   led 255/  0 h1.00 lvl+1.53   MATCH an opened book (cos -0.103)
frame   136 :  an opened book +2.16*  a closed book +2.08*   led 255/  0 h1.00 lvl+2.12   MATCH an opened book (cos -0.102)
frame   137 :  a closed book -0.37  an opened book -1.49   led   0/255 h0.00 lvl-0.93   -
frame   138 :  a closed book +2.00*  an opened book +0.03   led 255/  0 h1.00 lvl+1.01   MATCH a closed book (cos -0.087)
frame   139 :  a closed book +2.63*  an opened book +0.10   led 255/  0 h1.00 lvl+1.36   MATCH a closed book (cos -0.084)
frame   140 :  a closed book +2.11*  an opened book -0.02   led 255/  0 h1.00 lvl+1.05   MATCH a closed book (cos -0.086)
frame   141 :  a closed book +0.71  an opened book -0.52   led  76/ 39 h0.58 lvl+0.10   -
frame   142 :  a closed book +1.46*  an opened book +0.37   led 255/  0 h1.00 lvl+0.92   MATCH a closed book (cos -0.089)
frame   143 :  a closed book -0.18  an opened book -0.27   led   0/255 h0.00 lvl-0.22   -
frame   144 :  a closed book +1.73*  an opened book +1.50*   led 255/  0 h1.00 lvl+1.61   MATCH a closed book (cos -0.088)
frame   145 :  a closed book +3.63*  an opened book +2.69*   led 255/  0 h1.00 lvl+3.16   MATCH a closed book (cos -0.079)
frame   146 :  a closed book +2.28*  an opened book +1.91*   led 255/  0 h1.00 lvl+2.10   MATCH a closed book (cos -0.085)
frame   147 :  a closed book +2.74*  an opened book +1.36*   led 255/  0 h1.00 lvl+2.05   MATCH a closed book (cos -0.083)
frame   148 :  a closed book +2.10*  an opened book +1.61*   led 255/  0 h1.00 lvl+1.86   MATCH a closed book (cos -0.086)
frame   149 :  a closed book +2.30*  an opened book +1.82*   led 255/  0 h1.00 lvl+2.06   MATCH a closed book (cos -0.085)
frame   150 :  a closed book +0.48  an opened book -0.09   led  32/ 86 h0.39 lvl+0.20   -
frame   151 :  a closed book +0.31  an opened book +0.19   led  12/135 h0.25 lvl+0.25   -
frame   152 :  a closed book -0.93  an opened book -1.82   led   0/255 h0.00 lvl-1.38   -
frame   153 :  a closed book +0.01  an opened book -1.29   led   0/250 h0.01 lvl-0.64   -
frame   154 :  a closed book +2.29*  an opened book +1.87*   led 255/  0 h1.00 lvl+2.08   MATCH a closed book (cos -0.085)
frame   155 :  a closed book +2.07*  an opened book +0.91   led 255/  0 h1.00 lvl+1.49   MATCH a closed book (cos -0.086)
frame   156 :  a closed book +3.73*  an opened book +0.77   led 255/  0 h1.00 lvl+2.25   MATCH a closed book (cos -0.079)
frame   157 :  a closed book +3.11*  an opened book -0.35   led 255/  0 h1.00 lvl+1.38   MATCH a closed book (cos -0.082)
frame   158 :  a closed book +4.88*  an opened book +1.40*   led 255/  0 h1.00 lvl+3.14   MATCH a closed book (cos -0.074)
frame   159 :  a closed book +3.68*  an opened book +0.50   led 255/  0 h1.00 lvl+2.09   MATCH a closed book (cos -0.079)
frame   160 :  a closed book +4.45*  an opened book +0.45   led 255/  0 h1.00 lvl+2.45   MATCH a closed book (cos -0.076)
frame   161 :  a closed book +5.09*  an opened book +1.76*   led 255/  0 h1.00 lvl+3.43   MATCH a closed book (cos -0.073)
frame   162 :  a closed book +2.20*  an opened book -0.65   led 255/  0 h1.00 lvl+0.77   MATCH a closed book (cos -0.086)
frame   163 :  a closed book +3.47*  an opened book +1.41*   led 255/  0 h1.00 lvl+2.44   MATCH a closed book (cos -0.080)
frame   164 :  a closed book +2.46*  an opened book +0.20   led 255/  0 h1.00 lvl+1.33   MATCH a closed book (cos -0.085)
frame   165 :  a closed book +1.88*  an opened book +0.80   led 255/  0 h1.00 lvl+1.34   MATCH a closed book (cos -0.087)
frame   166 :  a closed book +0.19  an opened book -0.12   led   4/177 h0.15 lvl+0.03   -
frame   167 :  an opened book +1.84*  a closed book +0.98   led 255/  0 h1.00 lvl+1.41   MATCH an opened book (cos -0.104)
frame   168 :  an opened book +1.19  a closed book +0.81   led 239/  0 h0.97 lvl+1.00   -
frame   169 :  a closed book +1.44*  an opened book +1.10   led 255/  0 h1.00 lvl+1.27   MATCH a closed book (cos -0.089)
frame   170 :  a closed book +2.51*  an opened book +2.17*   led 255/  0 h1.00 lvl+2.34   MATCH a closed book (cos -0.084)
frame   171 :  a closed book +3.28*  an opened book +2.16*   led 255/  0 h1.00 lvl+2.72   MATCH a closed book (cos -0.081)
frame   172 :  a closed book +0.52  an opened book -2.45   led  38/ 77 h0.42 lvl-0.97   -
frame   173 :  a closed book +3.25*  an opened book +0.19   led 255/  0 h1.00 lvl+1.72   MATCH a closed book (cos -0.081)
frame   174 :  a closed book +1.69*  an opened book -1.62   led 255/  0 h1.00 lvl+0.04   MATCH a closed book (cos -0.088)
frame   175 :  a closed book +2.74*  an opened book -0.03   led 255/  0 h1.00 lvl+1.35   MATCH a closed book (cos -0.083)
frame   176 :  a closed book +3.32*  an opened book -0.45   led 255/  0 h1.00 lvl+1.43   MATCH a closed book (cos -0.081)
frame   177 :  a closed book +3.51*  an opened book -0.08   led 255/  0 h1.00 lvl+1.71   MATCH a closed book (cos -0.080)
frame   178 :  a closed book +2.86*  an opened book -0.31   led 255/  0 h1.00 lvl+1.27   MATCH a closed book (cos -0.083)
frame   179 :  a closed book +3.71*  an opened book +0.76   led 255/  0 h1.00 lvl+2.23   MATCH a closed book (cos -0.079)
frame   180 :  a closed book +3.58*  an opened book +0.93   led 255/  0 h1.00 lvl+2.25   MATCH a closed book (cos -0.080)
frame   181 :  a closed book +3.00*  an opened book +1.12   led 255/  0 h1.00 lvl+2.06   MATCH a closed book (cos -0.082)
frame   182 :  an opened book +2.27*  a closed book +1.74*   led 255/  0 h1.00 lvl+2.01   MATCH an opened book (cos -0.102)
frame   183 :  an opened book +2.68*  a closed book +1.98*   led 255/  0 h1.00 lvl+2.33   MATCH an opened book (cos -0.101)
frame   184 :  a closed book -1.14  an opened book -1.45   led   0/255 h0.00 lvl-1.30   -
frame   185 :  an opened book +0.43  a closed book -0.28   led  26/ 98 h0.35 lvl+0.08   -
frame   186 :  an opened book +1.92*  a closed book +1.74*   led 255/  0 h1.00 lvl+1.83   MATCH an opened book (cos -0.103)
frame   187 :  an opened book +2.55*  a closed book +1.78*   led 255/  0 h1.00 lvl+2.17   MATCH an opened book (cos -0.101)
frame   188 :  a closed book +3.00*  an opened book +1.26*   led 255/  0 h1.00 lvl+2.13   MATCH a closed book (cos -0.082)
frame   189 :  a closed book +3.25*  an opened book -0.10   led 255/  0 h1.00 lvl+1.58   MATCH a closed book (cos -0.081)
frame   190 :  a closed book +4.13*  an opened book +0.90   led 255/  0 h1.00 lvl+2.51   MATCH a closed book (cos -0.077)
frame   191 :  a closed book +2.90*  an opened book -0.86   led 255/  0 h1.00 lvl+1.02   MATCH a closed book (cos -0.083)
frame   192 :  a closed book +3.56*  an opened book -0.28   led 255/  0 h1.00 lvl+1.64   MATCH a closed book (cos -0.080)
frame   193 :  a closed book +3.74*  an opened book +0.38   led 255/  0 h1.00 lvl+2.06   MATCH a closed book (cos -0.079)
frame   194 :  a closed book +3.03*  an opened book +0.56   led 255/  0 h1.00 lvl+1.80   MATCH a closed book (cos -0.082)
frame   195 :  a closed book +3.92*  an opened book +1.06   led 255/  0 h1.00 lvl+2.49   MATCH a closed book (cos -0.078)
frame   196 :  a closed book +3.62*  an opened book +0.25   led 255/  0 h1.00 lvl+1.93   MATCH a closed book (cos -0.080)
frame   197 :  a closed book +2.52*  an opened book +0.01   led 255/  0 h1.00 lvl+1.26   MATCH a closed book (cos -0.084)
frame   198 :  a closed book +3.27*  an opened book +2.13*   led 255/  0 h1.00 lvl+2.70   MATCH a closed book (cos -0.081)
frame   199 :  a closed book +2.03*  an opened book +1.00   led 255/  0 h1.00 lvl+1.51   MATCH a closed book (cos -0.087)
background: after 30 frames (frozen, room spread), this room reads  a closed book -0.095 +-0.0044 (COCO -0.159 +-0.0351)  an opened book -0.110 +-0.0034 (COCO -0.151 +-0.0303)
frame   200 :  a closed book +1.25*  an opened book +0.52   led 255/  0 h1.00 lvl+0.88   MATCH a closed book (cos -0.090)
frame   201 :  an opened book +0.36  a closed book +0.07   led  17/120 h0.29 lvl+0.22   -
frame   202 :  an opened book -0.30  a closed book -0.55   led   0/255 h0.00 lvl-0.43   -
frame   203 :  a closed book +2.21*  an opened book +1.95*   led 255/  0 h1.00 lvl+2.08   MATCH a closed book (cos -0.086)
frame   204 :  an opened book +2.39*  a closed book +2.23*   led 255/  0 h1.00 lvl+2.31   MATCH an opened book (cos -0.102)
frame   205 :  a closed book +2.54*  an opened book -0.64   led 255/  0 h1.00 lvl+0.95   MATCH a closed book (cos -0.084)
frame   206 :  a closed book +3.82*  an opened book +0.99   led 255/  0 h1.00 lvl+2.40   MATCH a closed book (cos -0.079)
frame   207 :  a closed book +2.05*  an opened book -0.82   led 255/  0 h1.00 lvl+0.62   MATCH a closed book (cos -0.086)
frame   208 :  a closed book +2.24*  an opened book +0.18   led 255/  0 h1.00 lvl+1.21   MATCH a closed book (cos -0.086)
frame   209 :  a closed book +2.28*  an opened book -1.43   led 255/  0 h1.00 lvl+0.42   MATCH a closed book (cos -0.085)
frame   210 :  a closed book +3.19*  an opened book +0.06   led 255/  0 h1.00 lvl+1.63   MATCH a closed book (cos -0.081)
frame   211 :  a closed book +4.10*  an opened book +0.92   led 255/  0 h1.00 lvl+2.51   MATCH a closed book (cos -0.077)
frame   212 :  a closed book +1.92*  an opened book -1.25   led 255/  0 h1.00 lvl+0.33   MATCH a closed book (cos -0.087)
frame   213 :  a closed book +3.84*  an opened book +0.81   led 255/  0 h1.00 lvl+2.32   MATCH a closed book (cos -0.079)
frame   214 :  a closed book +0.97  an opened book -0.60   led 151/  8 h0.79 lvl+0.19   -
frame   215 :  a closed book +2.57*  an opened book +1.77*   led 255/  0 h1.00 lvl+2.17   MATCH a closed book (cos -0.084)
frame   216 :  an opened book +0.70  a closed book +0.06   led  74/ 40 h0.57 lvl+0.38   -
frame   217 :  an opened book +0.17  a closed book -0.09   led   3/183 h0.14 lvl+0.04   -
frame   218 :  a closed book +0.39  an opened book +0.19   led  20/111 h0.32 lvl+0.29   -
frame   219 :  an opened book +1.29*  a closed book +1.04   led 255/  0 h1.00 lvl+1.17   MATCH an opened book (cos -0.105)
frame   220 :  a closed book +1.49*  an opened book +1.26*   led 255/  0 h1.00 lvl+1.37   MATCH a closed book (cos -0.089)
frame   221 :  a closed book +3.76*  an opened book +2.85*   led 255/  0 h1.00 lvl+3.31   MATCH a closed book (cos -0.079)
frame   222 :  a closed book +2.63*  an opened book -0.23   led 255/  0 h1.00 lvl+1.20   MATCH a closed book (cos -0.084)
frame   223 :  a closed book +3.54*  an opened book +0.03   led 255/  0 h1.00 lvl+1.79   MATCH a closed book (cos -0.080)
frame   224 :  a closed book +4.07*  an opened book +0.94   led 255/  0 h1.00 lvl+2.50   MATCH a closed book (cos -0.078)
frame   225 :  a closed book +2.03*  an opened book -0.28   led 255/  0 h1.00 lvl+0.88   MATCH a closed book (cos -0.087)
frame   226 :  a closed book +4.77*  an opened book +2.15*   led 255/  0 h1.00 lvl+3.46   MATCH a closed book (cos -0.074)
frame   227 :  a closed book +3.35*  an opened book +0.44   led 255/  0 h1.00 lvl+1.90   MATCH a closed book (cos -0.081)
frame   228 :  a closed book +4.19*  an opened book +0.57   led 255/  0 h1.00 lvl+2.38   MATCH a closed book (cos -0.077)
frame   229 :  a closed book +0.99  an opened book -2.00   led 159/  7 h0.81 lvl-0.51   -
frame   230 :  a closed book +3.53*  an opened book +2.00*   led 255/  0 h1.00 lvl+2.76   MATCH a closed book (cos -0.080)
frame   231 :  a closed book +2.58*  an opened book +1.91*   led 255/  0 h1.00 lvl+2.25   MATCH a closed book (cos -0.084)
frame   232 :  an opened book -1.06  a closed book -1.14   led   0/255 h0.00 lvl-1.10   -
frame   233 :  a closed book +3.15*  an opened book +2.46*   led 255/  0 h1.00 lvl+2.81   MATCH a closed book (cos -0.082)
frame   234 :  an opened book +0.93  a closed book +0.60   led 137/ 12 h0.75 lvl+0.76   -
frame   235 :  a closed book +1.50*  an opened book +1.36*   led 255/  0 h1.00 lvl+1.43   MATCH a closed book (cos -0.089)
frame   236 :  a closed book +1.77*  an opened book +1.23*   led 255/  0 h1.00 lvl+1.50   MATCH a closed book (cos -0.088)
frame   237 :  a closed book +1.40*  an opened book +0.59   led 255/  0 h1.00 lvl+0.99   MATCH a closed book (cos -0.089)
frame   238 :  a closed book +3.59*  an opened book -0.02   led 255/  0 h1.00 lvl+1.79   MATCH a closed book (cos -0.080)
frame   239 :  a closed book +4.67*  an opened book +2.27*   led 255/  0 h1.00 lvl+3.47   MATCH a closed book (cos -0.075)
frame   240 :  a closed book +4.17*  an opened book +2.61*   led 255/  0 h1.00 lvl+3.39   MATCH a closed book (cos -0.077)
frame   241 :  a closed book +2.56*  an opened book -0.65   led 255/  0 h1.00 lvl+0.96   MATCH a closed book (cos -0.084)
frame   242 :  a closed book +5.15*  an opened book +2.25*   led 255/  0 h1.00 lvl+3.70   MATCH a closed book (cos -0.073)
frame   243 :  a closed book +4.86*  an opened book +1.70*   led 255/  0 h1.00 lvl+3.28   MATCH a closed book (cos -0.074)
frame   244 :  a closed book +3.79*  an opened book +1.15   led 255/  0 h1.00 lvl+2.47   MATCH a closed book (cos -0.079)
frame   245 :  a closed book +3.96*  an opened book +0.44   led 255/  0 h1.00 lvl+2.20   MATCH a closed book (cos -0.078)
frame   246 :  a closed book +3.02*  an opened book +0.07   led 255/  0 h1.00 lvl+1.54   MATCH a closed book (cos -0.082)
frame   247 :  a closed book +4.33*  an opened book +1.39*   led 255/  0 h1.00 lvl+2.86   MATCH a closed book (cos -0.076)
frame   248 :  a closed book +5.02*  an opened book +2.28*   led 255/  0 h1.00 lvl+3.65   MATCH a closed book (cos -0.073)
frame   249 :  a closed book +4.17*  an opened book +0.03   led 255/  0 h1.00 lvl+2.10   MATCH a closed book (cos -0.077)
frame   250 :  a closed book +4.72*  an opened book +2.14*   led 255/  0 h1.00 lvl+3.43   MATCH a closed book (cos -0.075)
frame   251 :  a closed book +2.22*  an opened book -0.62   led 255/  0 h1.00 lvl+0.80   MATCH a closed book (cos -0.086)
frame   252 :  a closed book +2.91*  an opened book -0.22   led 255/  0 h1.00 lvl+1.34   MATCH a closed book (cos -0.083)
frame   253 :  a closed book +3.42*  an opened book +2.04*   led 255/  0 h1.00 lvl+2.73   MATCH a closed book (cos -0.080)
frame   254 :  a closed book +1.85*  an opened book +0.74   led 255/  0 h1.00 lvl+1.30   MATCH a closed book (cos -0.087)
frame   255 :  a closed book +3.47*  an opened book +2.98*   led 255/  0 h1.00 lvl+3.23   MATCH a closed book (cos -0.080)
frame   256 :  a closed book +3.01*  an opened book +2.09*   led 255/  0 h1.00 lvl+2.55   MATCH a closed book (cos -0.082)
frame   257 :  an opened book +2.40*  a closed book +1.46*   led 255/  0 h1.00 lvl+1.93   MATCH an opened book (cos -0.102)
frame   258 :  a closed book +2.45*  an opened book +2.06*   led 255/  0 h1.00 lvl+2.26   MATCH a closed book (cos -0.085)
frame   259 :  a closed book +0.87  an opened book +0.37   led 119/ 17 h0.71 lvl+0.62   -
frame   260 :  a closed book +0.01  an opened book -0.32   led   0/249 h0.01 lvl-0.15   -
frame   261 :  an opened book +1.75*  a closed book +1.63*   led 255/  0 h1.00 lvl+1.69   MATCH an opened book (cos -0.104)
frame   262 :  a closed book +0.12  an opened book -0.08   led   2/203 h0.10 lvl+0.02   -
frame   263 :  an opened book +1.14  a closed book +0.23   led 217/  1 h0.93 lvl+0.69   -
frame   264 :  an opened book +0.11  a closed book -0.10   led   1/209 h0.09 lvl+0.01   -
frame   265 :  an opened book +0.07  a closed book -0.04   led   0/225 h0.06 lvl+0.02   -
frame   266 :  an opened book +1.77*  a closed book +1.01   led 255/  0 h1.00 lvl+1.39   MATCH an opened book (cos -0.104)
frame   267 :  an opened book +1.65*  a closed book +1.17   led 255/  0 h1.00 lvl+1.41   MATCH an opened book (cos -0.104)
frame   268 :  an opened book +2.20*  a closed book +1.65*   led 255/  0 h1.00 lvl+1.92   MATCH an opened book (cos -0.102)
frame   269 :  an opened book +0.13  a closed book -0.16   led   2/201 h0.10 lvl-0.02   -
frame   270 :  an opened book +1.44*  a closed book +0.30   led 255/  0 h1.00 lvl+0.87   MATCH an opened book (cos -0.105)
frame   271 :  an opened book +0.86  a closed book +0.23   led 115/ 19 h0.70 lvl+0.54   -
frame   272 :  an opened book +1.00  a closed book +0.43   led 161/  7 h0.81 lvl+0.71   -
frame   273 :  an opened book +1.66*  a closed book +1.21   led 255/  0 h1.00 lvl+1.43   MATCH an opened book (cos -0.104)
frame   274 :  an opened book +0.88  a closed book -0.19   led 121/ 16 h0.71 lvl+0.35   -
frame   275 :  an opened book +0.33  a closed book -0.37   led  14/130 h0.26 lvl-0.02   -
frame   276 :  an opened book +3.24*  a closed book +1.67*   led 255/  0 h1.00 lvl+2.46   MATCH an opened book (cos -0.099)
frame   277 :  an opened book -0.03  a closed book -0.27   led   0/255 h0.00 lvl-0.15   -
frame   278 :  an opened book +1.38*  a closed book +1.18   led 255/  0 h1.00 lvl+1.28   MATCH an opened book (cos -0.105)
frame   279 :  an opened book +0.66  a closed book -0.07   led  65/ 47 h0.54 lvl+0.29   -
frame   280 :  an opened book +1.34*  a closed book +0.08   led 255/  0 h1.00 lvl+0.71   MATCH an opened book (cos -0.105)
frame   281 :  an opened book +1.56*  a closed book +1.41*   led 255/  0 h1.00 lvl+1.48   MATCH an opened book (cos -0.104)
frame   282 :  an opened book +1.55*  a closed book +0.71   led 255/  0 h1.00 lvl+1.13   MATCH an opened book (cos -0.104)
frame   283 :  an opened book +0.75  a closed book +0.46   led  85/ 32 h0.61 lvl+0.61   -
frame   284 :  an opened book +1.11  a closed book -0.11   led 205/  1 h0.91 lvl+0.50   -
frame   285 :  an opened book -0.34  a closed book -0.80   led   0/255 h0.00 lvl-0.57   -
frame   286 :  an opened book +2.76*  a closed book +1.31*   led 255/  0 h1.00 lvl+2.04   MATCH an opened book (cos -0.100)
frame   287 :  an opened book +1.46*  a closed book +1.04   led 255/  0 h1.00 lvl+1.25   MATCH an opened book (cos -0.105)
frame   288 :  an opened book +2.09*  a closed book +0.97   led 255/  0 h1.00 lvl+1.53   MATCH an opened book (cos -0.103)
frame   289 :  an opened book -1.28  a closed book -1.36   led   0/255 h0.00 lvl-1.32   -
frame   290 :  an opened book +1.41*  a closed book +0.29   led 255/  0 h1.00 lvl+0.85   MATCH an opened book (cos -0.105)
frame   291 :  an opened book +1.23*  a closed book +1.09   led 255/  0 h1.00 lvl+1.16   MATCH an opened book (cos -0.106)
frame   292 :  an opened book +1.10  a closed book +0.11   led 200/  2 h0.90 lvl+0.60   -
frame   293 :  an opened book +0.11  a closed book -0.01   led   1/208 h0.09 lvl+0.05   -
frame   294 :  an opened book +1.06  a closed book +0.30   led 184/  3 h0.86 lvl+0.68   -
frame   295 :  an opened book +2.11*  a closed book +1.86*   led 255/  0 h1.00 lvl+1.99   MATCH an opened book (cos -0.103)
frame   296 :  an opened book -0.19  a closed book -0.30   led   0/255 h0.00 lvl-0.25   -
frame   297 :  an opened book +1.22  a closed book +0.11   led 249/  0 h0.99 lvl+0.67   -
frame   298 :  an opened book +1.40*  a closed book -0.52   led 255/  0 h1.00 lvl+0.44   MATCH an opened book (cos -0.105)
frame   299 :  an opened book +0.34  a closed book -0.56   led  15/125 h0.28 lvl-0.11   -
background: after 30 frames (frozen, room spread), this room reads  a closed book -0.095 +-0.0044 (COCO -0.159 +-0.0351)  an opened book -0.110 +-0.0034 (COCO -0.151 +-0.0303)
frame   300 :  an opened book +2.81*  a closed book +1.93*   led 255/  0 h1.00 lvl+2.37   MATCH an opened book (cos -0.100)
frame   301 :  an opened book +0.08  a closed book -1.51   led   1/221 h0.06 lvl-0.72   -
frame   302 :  an opened book +0.58  a closed book -0.53   led  49/ 63 h0.47 lvl+0.03   -
frame   303 :  an opened book +2.65*  a closed book +1.57*   led 255/  0 h1.00 lvl+2.11   MATCH an opened book (cos -0.101)
frame   304 :  a closed book -0.06  an opened book -0.25   led   0/255 h0.00 lvl-0.15   -
frame   305 :  an opened book +0.08  a closed book -0.57   led   1/221 h0.06 lvl-0.25   -
frame   306 :  an opened book +1.84*  a closed book +0.56   led 255/  0 h1.00 lvl+1.20   MATCH an opened book (cos -0.103)
frame   307 :  an opened book +0.38  a closed book -0.15   led  19/113 h0.31 lvl+0.12   -
frame   308 :  an opened book +1.01  a closed book -0.12   led 167/  6 h0.82 lvl+0.45   -
frame   309 :  an opened book -0.14  a closed book -0.74   led   0/255 h0.00 lvl-0.44   -
frame   310 :  a closed book -0.54  an opened book -0.76   led   0/255 h0.00 lvl-0.65   -
frame   311 :  a closed book +1.22  an opened book -0.07   led 249/  0 h0.99 lvl+0.57   -
frame   312 :  an opened book +0.74  a closed book +0.47   led  83/ 34 h0.60 lvl+0.60   -
frame   313 :  an opened book -1.93  a closed book -2.07   led   0/255 h0.00 lvl-2.00   -
frame   314 :  an opened book -0.42  a closed book -1.37   led   0/255 h0.00 lvl-0.90   -
frame   315 :  a closed book -0.98  an opened book -1.45   led   0/255 h0.00 lvl-1.21   -
frame   316 :  an opened book +0.85  a closed book +0.82   led 113/ 19 h0.69 lvl+0.83   -
frame   317 :  an opened book +0.93  a closed book +0.43   led 138/ 12 h0.76 lvl+0.68   -
frame   318 :  an opened book +1.41*  a closed book +0.76   led 255/  0 h1.00 lvl+1.09   MATCH an opened book (cos -0.105)
frame   319 :  an opened book -0.70  a closed book -1.65   led   0/255 h0.00 lvl-1.17   -
frame   320 :  an opened book +1.06  a closed book +0.24   led 183/  3 h0.86 lvl+0.65   -
frame   321 :  an opened book +0.22  a closed book +0.01   led   6/167 h0.18 lvl+0.11   -
frame   322 :  an opened book +0.70  a closed book -0.83   led  73/ 40 h0.57 lvl-0.07   -
frame   323 :  an opened book -0.37  a closed book -0.60   led   0/255 h0.00 lvl-0.49   -
frame   324 :  an opened book +0.46  a closed book +0.21   led  29/ 91 h0.37 lvl+0.33   -
frame   325 :  a closed book +0.04  an opened book +0.01   led   0/237 h0.03 lvl+0.02   -
frame   326 :  a closed book +1.64*  an opened book +1.24*   led 255/  0 h1.00 lvl+1.44   MATCH a closed book (cos -0.088)
frame   327 :  a closed book +1.67*  an opened book +1.18   led 255/  0 h1.00 lvl+1.43   MATCH a closed book (cos -0.088)
frame   328 :  an opened book +0.60  a closed book -0.17   led  53/ 58 h0.49 lvl+0.21   -
frame   329 :  an opened book -0.41  a closed book -0.66   led   0/255 h0.00 lvl-0.54   -
frame   330 :  an opened book +0.51  a closed book -0.31   led  37/ 79 h0.41 lvl+0.10   -
frame   331 :  an opened book -0.63  a closed book -1.14   led   0/255 h0.00 lvl-0.89   -
frame   332 :  an opened book +1.14  a closed book +0.74   led 218/  1 h0.93 lvl+0.94   -
frame   333 :  an opened book +1.94*  a closed book +0.54   led 255/  0 h1.00 lvl+1.24   MATCH an opened book (cos -0.103)
frame   334 :  an opened book +0.38  a closed book -0.90   led  19/113 h0.31 lvl-0.26   -
frame   335 :  an opened book +0.49  a closed book +0.27   led  34/ 83 h0.40 lvl+0.38   -
frame   336 :  an opened book -0.55  a closed book -1.02   led   0/255 h0.00 lvl-0.79   -
frame   337 :  an opened book +0.71  a closed book -0.02   led  75/ 39 h0.57 lvl+0.34   -
frame   338 :  an opened book +1.15  a closed book +0.66   led 222/  1 h0.94 lvl+0.91   -
frame   339 :  an opened book +1.99*  a closed book +1.53*   led 255/  0 h1.00 lvl+1.76   MATCH an opened book (cos -0.103)
frame   340 :  an opened book +2.11*  a closed book +1.25*   led 255/  0 h1.00 lvl+1.68   MATCH an opened book (cos -0.103)
frame   341 :  an opened book +1.95*  a closed book +1.12   led 255/  0 h1.00 lvl+1.54   MATCH an opened book (cos -0.103)
frame   342 :  an opened book +2.87*  a closed book +2.18*   led 255/  0 h1.00 lvl+2.52   MATCH an opened book (cos -0.100)
frame   343 :  an opened book +1.64*  a closed book +0.68   led 255/  0 h1.00 lvl+1.16   MATCH an opened book (cos -0.104)
frame   344 :  an opened book +2.56*  a closed book +2.52*   led 255/  0 h1.00 lvl+2.54   MATCH an opened book (cos -0.101)
frame   345 :  an opened book +1.38*  a closed book +1.16   led 255/  0 h1.00 lvl+1.27   MATCH an opened book (cos -0.105)
frame   346 :  an opened book +2.46*  a closed book +1.16   led 255/  0 h1.00 lvl+1.81   MATCH an opened book (cos -0.101)
frame   347 :  an opened book +1.77*  a closed book +1.05   led 255/  0 h1.00 lvl+1.41   MATCH an opened book (cos -0.104)
frame   348 :  an opened book +0.24  a closed book +0.19   led   7/160 h0.19 lvl+0.21   -
frame   349 :  an opened book -0.04  a closed book -0.70   led   0/255 h0.00 lvl-0.37   -
frame   350 :  a closed book +2.95*  an opened book +2.83*   led 255/  0 h1.00 lvl+2.89   MATCH a closed book (cos -0.082)
frame   351 :  an opened book +1.47*  a closed book +1.34*   led 255/  0 h1.00 lvl+1.40   MATCH an opened book (cos -0.105)
frame   352 :  an opened book +2.44*  a closed book +1.45*   led 255/  0 h1.00 lvl+1.94   MATCH an opened book (cos -0.101)
frame   353 :  an opened book +1.58*  a closed book +1.53*   led 255/  0 h1.00 lvl+1.56   MATCH an opened book (cos -0.104)
frame   354 :  a closed book +1.77*  an opened book +1.24*   led 255/  0 h1.00 lvl+1.50   MATCH a closed book (cos -0.088)
frame   355 :  a closed book +0.99  an opened book +0.29   led 159/  7 h0.81 lvl+0.64   -
frame   356 :  a closed book +1.82*  an opened book +1.68*   led 255/  0 h1.00 lvl+1.75   MATCH a closed book (cos -0.087)
frame   357 :  a closed book +1.74*  an opened book +1.32*   led 255/  0 h1.00 lvl+1.53   MATCH a closed book (cos -0.088)
frame   358 :  a closed book +2.08*  an opened book +1.79*   led 255/  0 h1.00 lvl+1.94   MATCH a closed book (cos -0.086)
frame   359 :  a closed book +1.66*  an opened book +1.05   led 255/  0 h1.00 lvl+1.36   MATCH a closed book (cos -0.088)
frame   360 :  a closed book +1.05  an opened book +0.72   led 179/  4 h0.85 lvl+0.88   -
frame   361 :  an opened book +0.94  a closed book +0.72   led 142/ 10 h0.77 lvl+0.83   -
frame   362 :  a closed book +1.85*  an opened book +0.94   led 255/  0 h1.00 lvl+1.40   MATCH a closed book (cos -0.087)
frame   363 :  a closed book +2.67*  an opened book +2.61*   led 255/  0 h1.00 lvl+2.64   MATCH a closed book (cos -0.084)
frame   364 :  an opened book +1.86*  a closed book +1.42*   led 255/  0 h1.00 lvl+1.64   MATCH an opened book (cos -0.103)
frame   365 :  an opened book +2.06*  a closed book +1.96*   led 255/  0 h1.00 lvl+2.01   MATCH an opened book (cos -0.103)
frame   366 :  an opened book +1.20  a closed book +1.17   led 240/  0 h0.97 lvl+1.18   -
frame   367 :  a closed book +1.97*  an opened book +1.10   led 255/  0 h1.00 lvl+1.54   MATCH a closed book (cos -0.087)
frame   368 :  a closed book +1.58*  an opened book +1.19   led 255/  0 h1.00 lvl+1.38   MATCH a closed book (cos -0.088)
frame   369 :  a closed book -0.06  an opened book -0.92   led   0/255 h0.00 lvl-0.49   -
frame   370 :  an opened book +0.39  a closed book +0.38   led  21/109 h0.32 lvl+0.39   -
frame   371 :  a closed book +1.18  an opened book +1.12   led 232/  0 h0.96 lvl+1.15   -
frame   372 :  a closed book +2.42*  an opened book +1.64*   led 255/  0 h1.00 lvl+2.03   MATCH a closed book (cos -0.085)
frame   373 :  a closed book +2.11*  an opened book +1.80*   led 255/  0 h1.00 lvl+1.96   MATCH a closed book (cos -0.086)
frame   374 :  an opened book -0.45  a closed book -1.06   led   0/255 h0.00 lvl-0.75   -
frame   375 :  a closed book -0.52  an opened book -1.20   led   0/255 h0.00 lvl-0.86   -
frame   376 :  a closed book +1.61*  an opened book +0.93   led 255/  0 h1.00 lvl+1.27   MATCH a closed book (cos -0.088)
frame   377 :  a closed book +1.17  an opened book +0.77   led 227/  0 h0.95 lvl+0.97   -
frame   378 :  an opened book +1.72*  a closed book +1.56*   led 255/  0 h1.00 lvl+1.64   MATCH an opened book (cos -0.104)
frame   379 :  a closed book +1.83*  an opened book +1.57*   led 255/  0 h1.00 lvl+1.70   MATCH a closed book (cos -0.087)
frame   380 :  an opened book +2.41*  a closed book +2.07*   led 255/  0 h1.00 lvl+2.24   MATCH an opened book (cos -0.102)
frame   381 :  a closed book +2.57*  an opened book +2.25*   led 255/  0 h1.00 lvl+2.41   MATCH a closed book (cos -0.084)
frame   382 :  an opened book +0.85  a closed book +0.76   led 113/ 19 h0.69 lvl+0.81   -
frame   383 :  an opened book +3.32*  a closed book +2.60*   led 255/  0 h1.00 lvl+2.96   MATCH an opened book (cos -0.098)
frame   384 :  an opened book +0.46  a closed book +0.34   led  29/ 92 h0.37 lvl+0.40   -
frame   385 :  a closed book +1.65*  an opened book +1.01   led 255/  0 h1.00 lvl+1.33   MATCH a closed book (cos -0.088)
frame   386 :  an opened book +0.28  a closed book +0.15   led  10/145 h0.23 lvl+0.21   -
frame   387 :  a closed book +0.27  an opened book -0.07   led   9/148 h0.22 lvl+0.10   -
frame   388 :  a closed book +0.12  an opened book -0.24   led   1/204 h0.10 lvl-0.06   -
frame   389 :  an opened book +1.73*  a closed book +1.00   led 255/  0 h1.00 lvl+1.37   MATCH an opened book (cos -0.104)
frame   390 :  a closed book +2.17*  an opened book +1.83*   led 255/  0 h1.00 lvl+2.00   MATCH a closed book (cos -0.086)
frame   391 :  an opened book +1.47*  a closed book +1.09   led 255/  0 h1.00 lvl+1.28   MATCH an opened book (cos -0.105)
frame   392 :  an opened book +1.73*  a closed book +1.17   led 255/  0 h1.00 lvl+1.45   MATCH an opened book (cos -0.104)
frame   393 :  a closed book +1.31*  an opened book +0.94   led 255/  0 h1.00 lvl+1.13   MATCH a closed book (cos -0.090)
frame   394 :  an opened book +0.64  a closed book +0.31   led  60/ 51 h0.52 lvl+0.47   -
frame   395 :  an opened book +0.26  a closed book -0.21   led   8/152 h0.21 lvl+0.02   -
frame   396 :  an opened book +0.01  a closed book -0.24   led   0/253 h0.00 lvl-0.12   -
frame   397 :  an opened book +1.77*  a closed book +1.68*   led 255/  0 h1.00 lvl+1.72   MATCH an opened book (cos -0.104)
frame   398 :  an opened book +1.96*  a closed book +1.53*   led 255/  0 h1.00 lvl+1.75   MATCH an opened book (cos -0.103)
frame   399 :  a closed book +1.90*  an opened book +1.74*   led 255/  0 h1.00 lvl+1.82   MATCH a closed book (cos -0.087)
background: after 30 frames (frozen, room spread), this room reads  a closed book -0.095 +-0.0044 (COCO -0.159 +-0.0351)  an opened book -0.110 +-0.0034 (COCO -0.151 +-0.0303)
frame   400 :  an opened book +0.40  a closed book +0.36   led  21/108 h0.32 lvl+0.38   -
frame   401 :  an opened book +0.57  a closed book -0.07   led  47/ 65 h0.46 lvl+0.25   -
frame   402 :  an opened book +0.03  a closed book -0.55   led   0/241 h0.02 lvl-0.26   -
frame   403 :  a closed book +0.90  an opened book +0.24   led 128/ 14 h0.73 lvl+0.57   -
frame   404 :  an opened book +0.89  a closed book +0.48   led 126/ 15 h0.73 lvl+0.68   -
frame   405 :  an opened book +0.15  a closed book +0.08   led   3/190 h0.12 lvl+0.12   -
frame   406 :  a closed book -0.62  an opened book -1.56   led   0/255 h0.00 lvl-1.09   -
frame   407 :  an opened book +1.23*  a closed book +0.43   led 255/  0 h1.00 lvl+0.83   MATCH an opened book (cos -0.106)
frame   408 :  a closed book -0.19  an opened book -0.26   led   0/255 h0.00 lvl-0.23   -
frame   409 :  a closed book +0.53  an opened book -0.10   led  39/ 75 h0.43 lvl+0.21   -
frame   410 :  a closed book +1.28*  an opened book +0.81   led 255/  0 h1.00 lvl+1.04   MATCH a closed book (cos -0.090)
frame   411 :  an opened book +0.57  a closed book +0.35   led  46/ 66 h0.46 lvl+0.46   -
frame   412 :  an opened book +0.91  a closed book +0.36   led 131/ 13 h0.74 lvl+0.63   -
frame   413 :  a closed book -0.31  an opened book -0.34   led   0/255 h0.00 lvl-0.32   -
frame   414 :  a closed book +2.27*  an opened book +0.35   led 255/  0 h1.00 lvl+1.31   MATCH a closed book (cos -0.085)
frame   415 :  an opened book +0.07  a closed book -0.71   led   0/223 h0.06 lvl-0.32   -
frame   416 :  a closed book +1.08  an opened book +0.98   led 191/  3 h0.88 lvl+1.03   -
frame   417 :  an opened book +1.09  a closed book -0.16   led 197/  2 h0.89 lvl+0.47   -
frame   418 :  a closed book +1.47*  an opened book +1.43*   led 255/  0 h1.00 lvl+1.45   MATCH a closed book (cos -0.089)
frame   419 :  a closed book -0.48  an opened book -0.51   led   0/255 h0.00 lvl-0.49   -
frame   420 :  an opened book +0.48  a closed book -0.03   led  33/ 85 h0.39 lvl+0.23   -
frame   421 :  an opened book -0.99  a closed book -1.09   led   0/255 h0.00 lvl-1.04   -
frame   422 :  an opened book -0.39  a closed book -0.93   led   0/255 h0.00 lvl-0.66   -
frame   423 :  an opened book +2.42*  a closed book +2.39*   led 255/  0 h1.00 lvl+2.41   MATCH an opened book (cos -0.102)
frame   424 :  an opened book -0.39  a closed book -0.53   led   0/255 h0.00 lvl-0.46   -
frame   425 :  an opened book +0.87  a closed book +0.11   led 120/ 17 h0.71 lvl+0.49   -
frame   426 :  an opened book -0.34  a closed book -0.69   led   0/255 h0.00 lvl-0.51   -
frame   427 :  a closed book -1.49  an opened book -1.69   led   0/255 h0.00 lvl-1.59   -
frame   428 :  a closed book +1.11  an opened book +0.96   led 202/  2 h0.90 lvl+1.03   -
frame   429 :  a closed book +0.88  an opened book +0.62   led 122/ 16 h0.71 lvl+0.75   -
frame   430 :  a closed book +1.57*  an opened book +1.39*   led 255/  0 h1.00 lvl+1.48   MATCH a closed book (cos -0.089)
frame   431 :  an opened book +0.87  a closed book +0.69   led 120/ 17 h0.71 lvl+0.78   -
frame   432 :  an opened book -0.33  a closed book -0.44   led   0/255 h0.00 lvl-0.38   -
frame   433 :  an opened book +1.13  a closed book +0.49   led 212/  1 h0.92 lvl+0.81   -
frame   434 :  an opened book +0.92  a closed book +0.88   led 133/ 13 h0.74 lvl+0.90   -
frame   435 :  an opened book +0.03  a closed book -0.22   led   0/239 h0.03 lvl-0.09   -
frame   436 :  an opened book +0.29  a closed book +0.19   led  10/142 h0.23 lvl+0.24   -
frame   437 :  a closed book +0.83  an opened book +0.49   led 109/ 21 h0.68 lvl+0.66   -
frame   438 :  an opened book -0.51  a closed book -1.48   led   0/255 h0.00 lvl-1.00   -
frame   439 :  an opened book +1.12  a closed book +0.43   led 209/  1 h0.91 lvl+0.77   -
frame   440 :  an opened book -0.15  a closed book -1.39   led   0/255 h0.00 lvl-0.77   -
frame   441 :  an opened book +0.39  a closed book -0.29   led  21/110 h0.32 lvl+0.05   -
frame   442 :  a closed book +0.14  an opened book +0.09   led   2/195 h0.11 lvl+0.12   -
frame   443 :  a closed book +0.77  an opened book +0.03   led  92/ 29 h0.63 lvl+0.40   -
frame   444 :  an opened book +1.07  a closed book +0.62   led 190/  3 h0.87 lvl+0.85   -
frame   445 :  an opened book -0.01  a closed book -0.31   led   0/255 h0.00 lvl-0.16   -
frame   446 :  an opened book -0.17  a closed book -0.55   led   0/255 h0.00 lvl-0.36   -
frame   447 :  an opened book +0.26  a closed book -0.49   led   8/153 h0.21 lvl-0.12   -
frame   448 :  an opened book +1.26*  a closed book +1.16   led 255/  0 h1.00 lvl+1.21   MATCH an opened book (cos -0.105)
frame   449 :  an opened book +0.68  a closed book +0.09   led  69/ 43 h0.55 lvl+0.38   -
frame   450 :  a closed book +1.83*  an opened book +1.48*   led 255/  0 h1.00 lvl+1.65   MATCH a closed book (cos -0.087)
frame   451 :  an opened book -0.25  a closed book -0.64   led   0/255 h0.00 lvl-0.44   -
frame   452 :  a closed book +2.47*  an opened book +2.18*   led 255/  0 h1.00 lvl+2.32   MATCH a closed book (cos -0.085)
frame   453 :  an opened book +0.73  a closed book +0.59   led  81/ 35 h0.60 lvl+0.66   -
frame   454 :  a closed book -0.19  an opened book -1.31   led   0/255 h0.00 lvl-0.75   -
frame   455 :  a closed book +2.02*  an opened book +1.61*   led 255/  0 h1.00 lvl+1.82   MATCH a closed book (cos -0.087)
frame   456 :  an opened book +0.52  a closed book +0.29   led  39/ 75 h0.43 lvl+0.41   -
frame   457 :  an opened book +0.43  a closed book +0.38   led  25/ 99 h0.35 lvl+0.40   -
frame   458 :  a closed book +0.48  an opened book +0.42   led  32/ 87 h0.39 lvl+0.45   -
frame   459 :  a closed book +1.57*  an opened book +0.37   led 255/  0 h1.00 lvl+0.97   MATCH a closed book (cos -0.089)
frame   460 :  an opened book +0.99  a closed book +0.65   led 158/  7 h0.81 lvl+0.82   -
frame   461 :  a closed book +0.68  an opened book +0.32   led  70/ 43 h0.56 lvl+0.50   -
frame   462 :  a closed book +0.66  an opened book +0.11   led  64/ 48 h0.53 lvl+0.38   -
frame   463 :  an opened book +0.36  a closed book +0.16   led  17/118 h0.30 lvl+0.26   -
frame   464 :  a closed book +2.31*  an opened book +1.27*   led 255/  0 h1.00 lvl+1.79   MATCH a closed book (cos -0.085)
frame   465 :  a closed book +1.15  an opened book +0.93   led 218/  1 h0.93 lvl+1.04   -
frame   466 :  an opened book +1.18  a closed book +0.53   led 231/  0 h0.96 lvl+0.86   -
frame   467 :  an opened book +0.60  a closed book +0.12   led  52/ 59 h0.49 lvl+0.36   -
frame   468 :  an opened book +0.83  a closed book -0.27   led 107/ 22 h0.67 lvl+0.28   -
frame   469 :  an opened book +3.48*  a closed book +2.90*   led 255/  0 h1.00 lvl+3.19   MATCH an opened book (cos -0.098)
frame   470 :  a closed book +3.16*  an opened book +2.81*   led 255/  0 h1.00 lvl+2.98   MATCH a closed book (cos -0.082)
frame   471 :  an opened book -0.09  a closed book -0.29   led   0/255 h0.00 lvl-0.19   -
frame   472 :  a closed book +1.57*  an opened book +1.18   led 255/  0 h1.00 lvl+1.37   MATCH a closed book (cos -0.089)
frame   473 :  an opened book -1.00  a closed book -1.27   led   0/255 h0.00 lvl-1.13   -
frame   474 :  a closed book +1.94*  an opened book +1.60*   led 255/  0 h1.00 lvl+1.77   MATCH a closed book (cos -0.087)
frame   475 :  an opened book +0.03  a closed book -0.03   led   0/243 h0.02 lvl-0.00   -
frame   476 :  a closed book +0.05  an opened book -0.36   led   0/234 h0.04 lvl-0.16   -
frame   477 :  an opened book -0.70  a closed book -1.09   led   0/255 h0.00 lvl-0.89   -
frame   478 :  a closed book +1.60*  an opened book +1.14   led 255/  0 h1.00 lvl+1.37   MATCH a closed book (cos -0.088)
frame   479 :  an opened book +1.06  a closed book +0.26   led 184/  3 h0.86 lvl+0.66   -
frame   480 :  an opened book +1.71*  a closed book +1.56*   led 255/  0 h1.00 lvl+1.64   MATCH an opened book (cos -0.104)
frame   481 :  a closed book -0.04  an opened book -0.40   led   0/255 h0.00 lvl-0.22   -
frame   482 :  a closed book +1.13  an opened book +0.67   led 210/  1 h0.92 lvl+0.90   -
frame   483 :  an opened book +2.02*  a closed book +1.38*   led 255/  0 h1.00 lvl+1.70   MATCH an opened book (cos -0.103)
frame   484 :  a closed book +0.03  an opened book -0.15   led   0/240 h0.03 lvl-0.06   -
frame   485 :  an opened book +2.02*  a closed book +0.77   led 255/  0 h1.00 lvl+1.39   MATCH an opened book (cos -0.103)
frame   486 :  an opened book +0.24  a closed book -0.08   led   7/157 h0.20 lvl+0.08   -
frame   487 :  an opened book +1.25*  a closed book +0.45   led 255/  0 h1.00 lvl+0.85   MATCH an opened book (cos -0.106)
frame   488 :  an opened book +0.20  a closed book -0.94   led   4/174 h0.16 lvl-0.37   -
frame   489 :  an opened book +0.52  a closed book +0.05   led  39/ 76 h0.42 lvl+0.29   -
frame   490 :  an opened book +1.14  a closed book +0.48   led 217/  1 h0.93 lvl+0.81   -
frame   491 :  a closed book -0.78  an opened book -0.89   led   0/255 h0.00 lvl-0.84   -
frame   492 :  an opened book +2.04*  a closed book +1.27*   led 255/  0 h1.00 lvl+1.65   MATCH an opened book (cos -0.103)
frame   493 :  an opened book +0.85  a closed book +0.74   led 114/ 19 h0.69 lvl+0.80   -
frame   494 :  an opened book -1.08  a closed book -1.57   led   0/255 h0.00 lvl-1.32   -
frame   495 :  a closed book -0.67  an opened book -1.03   led   0/255 h0.00 lvl-0.85   -
frame   496 :  an opened book -0.99  a closed book -0.99   led   0/255 h0.00 lvl-0.99   -
frame   497 :  a closed book +0.77  an opened book +0.32   led  92/ 29 h0.63 lvl+0.55   -
frame   498 :  a closed book -1.39  an opened book -1.89   led   0/255 h0.00 lvl-1.64   -
frame   499 :  an opened book +0.73  a closed book +0.11   led  81/ 35 h0.59 lvl+0.42   -
background: after 30 frames (frozen, room spread), this room reads  a closed book -0.095 +-0.0044 (COCO -0.159 +-0.0351)  an opened book -0.110 +-0.0034 (COCO -0.151 +-0.0303)
frame   500 :  an opened book +1.04  a closed book +0.42   led 175/  4 h0.84 lvl+0.73   -
frame   501 :  an opened book +1.96*  a closed book +1.06   led 255/  0 h1.00 lvl+1.51   MATCH an opened book (cos -0.103)
frame   502 :  an opened book +1.13  a closed book +1.03   led 210/  1 h0.92 lvl+1.08   -
frame   503 :  a closed book -0.24  an opened book -0.34   led   0/255 h0.00 lvl-0.29   -
frame   504 :  an opened book -0.34  a closed book -0.99   led   0/255 h0.00 lvl-0.66   -
frame   505 :  an opened book -2.20  a closed book -2.60   led   0/255 h0.00 lvl-2.40   -
frame   506 :  an opened book +0.11  a closed book -0.53   led   1/206 h0.09 lvl-0.21   -
frame   507 :  a closed book -0.55  an opened book -0.63   led   0/255 h0.00 lvl-0.59   -
frame   508 :  an opened book -0.35  a closed book -0.53   led   0/255 h0.00 lvl-0.44   -
frame   509 :  an opened book -0.15  a closed book -1.11   led   0/255 h0.00 lvl-0.63   -
frame   510 :  an opened book -0.71  a closed book -1.44   led   0/255 h0.00 lvl-1.08   -
frame   511 :  a closed book -0.14  an opened book -0.70   led   0/255 h0.00 lvl-0.42   -
frame   512 :  an opened book +0.87  a closed book -0.12   led 119/ 17 h0.71 lvl+0.38   -
frame   513 :  a closed book +0.32  an opened book -0.09   led  13/130 h0.26 lvl+0.12   -
frame   514 :  an opened book -0.15  a closed book -0.35   led   0/255 h0.00 lvl-0.25   -
frame   515 :  an opened book +1.55*  a closed book +0.89   led 255/  0 h1.00 lvl+1.22   MATCH an opened book (cos -0.104)
frame   516 :  a closed book -1.42  an opened book -1.62   led   0/255 h0.00 lvl-1.52   -
frame   517 :  a closed book +0.30  an opened book +0.25   led  11/139 h0.24 lvl+0.27   -
frame   518 :  an opened book +1.89*  a closed book +1.41*   led 255/  0 h1.00 lvl+1.65   MATCH an opened book (cos -0.103)
frame   519 :  an opened book -0.17  a closed book -0.91   led   0/255 h0.00 lvl-0.54   -
frame   520 :  an opened book +0.34  a closed book -0.43   led  15/126 h0.27 lvl-0.05   -
frame   521 :  a closed book +2.48*  an opened book +1.83*   led 255/  0 h1.00 lvl+2.16   MATCH a closed book (cos -0.085)
frame   522 :  an opened book +0.50  a closed book -0.40   led  35/ 81 h0.41 lvl+0.05   -
frame   523 :  a closed book -0.52  an opened book -0.85   led   0/255 h0.00 lvl-0.69   -
frame   524 :  a closed book +0.42  an opened book +0.30   led  24/101 h0.34 lvl+0.36   -
frame   525 :  an opened book +0.48  a closed book +0.41   led  33/ 85 h0.39 lvl+0.44   -
frame   526 :  an opened book +0.21  a closed book +0.16   led   5/167 h0.17 lvl+0.19   -
frame   527 :  an opened book -0.05  a closed book -0.40   led   0/255 h0.00 lvl-0.22   -
frame   528 :  an opened book +1.23*  a closed book +0.72   led 255/  0 h1.00 lvl+0.97   MATCH an opened book (cos -0.106)
frame   529 :  a closed book +0.65  an opened book +0.33   led  63/ 49 h0.53 lvl+0.49   -
frame   530 :  an opened book +1.92*  a closed book +1.65*   led 255/  0 h1.00 lvl+1.79   MATCH an opened book (cos -0.103)
frame   531 :  an opened book +2.32*  a closed book +2.13*   led 255/  0 h1.00 lvl+2.23   MATCH an opened book (cos -0.102)
frame   532 :  an opened book -0.05  a closed book -0.71   led   0/255 h0.00 lvl-0.38   -
frame   533 :  an opened book +1.15  a closed book +0.26   led 221/  1 h0.94 lvl+0.71   -
frame   534 :  an opened book -0.40  a closed book -1.12   led   0/255 h0.00 lvl-0.76   -
frame   535 :  an opened book -0.52  a closed book -1.66   led   0/255 h0.00 lvl-1.09   -
frame   536 :  a closed book +1.65*  an opened book +1.34*   led 255/  0 h1.00 lvl+1.50   MATCH a closed book (cos -0.088)
frame   537 :  an opened book +1.08  a closed book +1.07   led 192/  2 h0.88 lvl+1.08   -
frame   538 :  an opened book -1.12  a closed book -1.33   led   0/255 h0.00 lvl-1.23   -
frame   539 :  an opened book +0.84  a closed book +0.54   led 110/ 21 h0.68 lvl+0.69   -
frame   540 :  a closed book +0.69  an opened book +0.63   led  71/ 42 h0.56 lvl+0.66   -
frame   541 :  an opened book -0.64  a closed book -0.81   led   0/255 h0.00 lvl-0.72   -
frame   542 :  an opened book +1.31*  a closed book +0.22   led 255/  0 h1.00 lvl+0.77   MATCH an opened book (cos -0.105)
frame   543 :  an opened book +0.40  a closed book -0.35   led  21/108 h0.32 lvl+0.03   -
frame   544 :  a closed book +0.40  an opened book +0.34   led  22/107 h0.33 lvl+0.37   -
frame   545 :  a closed book +0.70  an opened book +0.40   led  73/ 41 h0.57 lvl+0.55   -
frame   546 :  a closed book +0.72  an opened book +0.44   led  77/ 37 h0.58 lvl+0.58   -
frame   547 :  an opened book -1.01  a closed book -1.23   led   0/255 h0.00 lvl-1.12   -
frame   548 :  a closed book +0.38  an opened book +0.11   led  19/113 h0.31 lvl+0.25   -
frame   549 :  an opened book -0.97  a closed book -1.02   led   0/255 h0.00 lvl-0.99   -
frame   550 :  an opened book +1.37*  a closed book +0.50   led 255/  0 h1.00 lvl+0.93   MATCH an opened book (cos -0.105)
frame   551 :  an opened book +0.31  a closed book -0.47   led  13/134 h0.25 lvl-0.08   -
frame   552 :  a closed book +0.03  an opened book -0.55   led   0/240 h0.03 lvl-0.26   -
frame   553 :  a closed book +1.44*  an opened book +0.51   led 255/  0 h1.00 lvl+0.97   MATCH a closed book (cos -0.089)
frame   554 :  a closed book -1.16  an opened book -2.17   led   0/255 h0.00 lvl-1.66   -
frame   555 :  a closed book -0.53  an opened book -0.98   led   0/255 h0.00 lvl-0.76   -
frame   556 :  a closed book +0.40  an opened book +0.05   led  22/107 h0.32 lvl+0.22   -
frame   557 :  an opened book +0.09  a closed book -0.30   led   1/216 h0.07 lvl-0.11   -
frame   558 :  an opened book -0.09  a closed book -0.36   led   0/255 h0.00 lvl-0.22   -
frame   559 :  a closed book -1.55  an opened book -1.76   led   0/255 h0.00 lvl-1.66   -
frame   560 :  an opened book +0.78  a closed book -0.17   led  93/ 28 h0.63 lvl+0.30   -
frame   561 :  a closed book -0.46  an opened book -0.57   led   0/255 h0.00 lvl-0.51   -
frame   562 :  a closed book +0.18  an opened book -0.51   led   4/179 h0.15 lvl-0.16   -
frame   563 :  an opened book -0.15  a closed book -0.85   led   0/255 h0.00 lvl-0.50   -
frame   564 :  an opened book -0.41  a closed book -1.20   led   0/255 h0.00 lvl-0.81   -
frame   565 :  a closed book +1.22  an opened book +0.84   led 252/  0 h0.99 lvl+1.03   -
frame   566 :  an opened book -1.16  a closed book -1.32   led   0/255 h0.00 lvl-1.24   -
frame   567 :  an opened book -0.06  a closed book -0.98   led   0/255 h0.00 lvl-0.52   -
frame   568 :  an opened book +0.07  a closed book -0.60   led   0/224 h0.06 lvl-0.27   -
frame   569 :  an opened book +2.87*  a closed book +1.42*   led 255/  0 h1.00 lvl+2.15   MATCH an opened book (cos -0.100)
frame   570 :  an opened book -0.69  a closed book -1.67   led   0/255 h0.00 lvl-1.18   -
frame   571 :  an opened book +0.26  a closed book -0.62   led   9/150 h0.22 lvl-0.18   -
frame   572 :  an opened book +0.39  a closed book -0.96   led  20/110 h0.32 lvl-0.29   -
frame   573 :  an opened book +0.60  a closed book -1.04   led  53/ 58 h0.49 lvl-0.22   -
frame   574 :  an opened book -1.65  a closed book -2.32   led   0/255 h0.00 lvl-1.99   -
frame   575 :  an opened book +0.22  a closed book -1.04   led   6/165 h0.18 lvl-0.41   -
frame   576 :  an opened book +1.34*  a closed book +0.33   led 255/  0 h1.00 lvl+0.84   MATCH an opened book (cos -0.105)
frame   577 :  an opened book +1.03  a closed book -0.70   led 174/  4 h0.84 lvl+0.17   -
frame   578 :  an opened book +0.16  a closed book -0.77   led   3/186 h0.13 lvl-0.30   -
frame   579 :  an opened book -0.66  a closed book -2.38   led   0/255 h0.00 lvl-1.52   -
frame   580 :  an opened book +0.83  a closed book -0.14   led 108/ 21 h0.68 lvl+0.35   -
frame   581 :  an opened book +0.07  a closed book -0.25   led   0/224 h0.06 lvl-0.09   -
frame   582 :  an opened book -1.56  a closed book -1.63   led   0/255 h0.00 lvl-1.60   -
frame   583 :  an opened book +1.74*  a closed book +1.23*   led 255/  0 h1.00 lvl+1.49   MATCH an opened book (cos -0.104)
frame   584 :  an opened book +1.32*  a closed book -0.31   led 255/  0 h1.00 lvl+0.50   MATCH an opened book (cos -0.105)
frame   585 :  an opened book -0.52  a closed book -0.96   led   0/255 h0.00 lvl-0.74   -
frame   586 :  an opened book +0.45  a closed book -0.85   led  28/ 94 h0.37 lvl-0.20   -
frame   587 :  an opened book -0.30  a closed book -1.19   led   0/255 h0.00 lvl-0.75   -
frame   588 :  a closed book +2.13*  an opened book +1.50*   led 255/  0 h1.00 lvl+1.82   MATCH a closed book (cos -0.086)
frame   589 :  a closed book +1.38*  an opened book +1.02   led 255/  0 h1.00 lvl+1.20   MATCH a closed book (cos -0.089)
frame   590 :  a closed book +0.49  an opened book -0.49   led  33/ 84 h0.39 lvl-0.00   -
frame   591 :  a closed book +0.74  an opened book -1.38   led  83/ 34 h0.60 lvl-0.32   -
frame   592 :  a closed book +1.96*  an opened book +0.80   led 255/  0 h1.00 lvl+1.38   MATCH a closed book (cos -0.087)
frame   593 :  a closed book +0.72  an opened book -0.23   led  78/ 37 h0.58 lvl+0.24   -
frame   594 :  a closed book -0.79  an opened book -1.67   led   0/255 h0.00 lvl-1.23   -
frame   595 :  an opened book +1.35*  a closed book +0.84   led 255/  0 h1.00 lvl+1.09   MATCH an opened book (cos -0.105)
frame   596 :  an opened book -0.49  a closed book -0.86   led   0/255 h0.00 lvl-0.67   -
frame   597 :  an opened book +1.31*  a closed book +0.59   led 255/  0 h1.00 lvl+0.95   MATCH an opened book (cos -0.105)
frame   598 :  a closed book +0.30  an opened book +0.17   led  11/138 h0.24 lvl+0.24   -
frame   599 :  a closed book +1.58*  an opened book +0.61   led 255/  0 h1.00 lvl+1.09   MATCH a closed book (cos -0.089)
background: after 30 frames (frozen, room spread), this room reads  a closed book -0.095 +-0.0044 (COCO -0.159 +-0.0351)  an opened book -0.110 +-0.0034 (COCO -0.151 +-0.0303)
frame   600 :  a closed book +0.01  an opened book -0.54   led   0/248 h0.01 lvl-0.26   -
frame   601 :  an opened book +0.36  a closed book +0.23   led  17/119 h0.29 lvl+0.30   -

stopped   : 602 frames, 602 good, capture overlapped with the compute, configuration C
            602 frames timed, 282 ms/frame mean (capture included)
            265 ms encode + 0 ms waiting for the sensor + 16 ms burst; 292 ms/frame by the clock
            376 ms shutter to LED, arming with 88 ms of compute left
            last frame mean RGB 93 90 89
            camera bus: worst gap 21 us against the 2000 us deadline (#12)
            usb: 0 outages, 0 ms off the bus, 0 re-attaches (#9)
