
=== M9: fpga-open-vocab - describe it, the board spots it ===

clock     : 280 MHz requested; BOOTSEL is reachable for 1.5 s
clock     : 280 MHz system, core 1.25 V
reset     : chip_reset 00010000  (scratch was cold: either the always-on domain went away - power, a brown-out - or this boot came through the bootrom, which clears it too)
            new this boot: power-on reset - the supply arrived
waiting for a bitstream on USB CDC (host/demo.py)
bitstream : 173124 bytes announced, crc32 0a2e9953
bitstream : received intact
configure : configured, CDONE high   CDONE=1 nSTATUS=0
crc       : DMA sniffer, calc=1 out_rev=1 out_inv=1
model     : 9 layers, 512-d embedding, 131072 B/buffer
weights   : 780720 B, crc32=0xF368CC6E  (144 ms to hash)

reference : encoder_fast on the flash test vector  (1809 ms)

link      : probing the wire by running the whole test vector over it
probe     : 3 forward data lines -> 512/512 floats exact, 308 ms
link      : configuration C, 3 forward data lines, 140.0 MHz

camera    : exposure ramp 60 61 63 63 65 65 66 66 67 67 67 68 68 68 68 68 68 68 68 68 68 68 68 68 68 68 68 68 68 68 68 68 68 68 68 68 68 68 68 68
camera    : live 128x128 RGB565, id 0x82, 16.0 MHz, expose 59 ms, read 16 ms, exposure settled after 41 frames
            mean RGB 80 66 59  (tuned camera on a neutral scene: about 115 107 105)
            ^ the exposure never moved from its first reading in 41 frames, so the auto-exposure
              either had nothing to correct or never started. The ramp above is the evidence.

queries   : waiting for a query set on USB CDC (host/demo.py)
queries   : 2 accepted, 512-d, crc ok
            scored as z = (cos - background) / std, where the background is this room's
            own mean over its first 30 frames and is then FROZEN - so a thing left in
            shot keeps its score instead of decaying into the furniture. 'N' re-learns
            it, 'H' switches to tracking. The COCO figures below are only the seed for
            frame 0 and the fixed std.
            std is THIS ROOM's, measured over the same 30 frames ('S' switches to COCO's).
            The thresholds below still mean the 90th percentile of a background; the
            background they now mean it against is this room empty, not 5000 COCO photos.
            z is EMA-smoothed at 0.35 (~5 frames) before ranking, so a state has to
            persist for about two seconds to be called.
            an opened book       match above z 1.23   (COCO background -0.151 +- 0.030, so cos -0.114)
            a closed book        match above z 1.23   (COCO background -0.159 +- 0.035, so cos -0.116)

loop      : capture, 8 convs on the T8, pool and head, then one cosine per query. 'B' for BOOTSEL, 'R' to restart,
            'P' to dump the next frame for host/cam.py, 'V' to dump its 512 floats for host/caption.py,
            'E' to provoke a fault so D1 shows its fault display, 'H' to freeze/unfreeze the background,
            'S' to switch the spread between this room's and COCO's, 'W' to hang on purpose and see
            the watchdog name the stage, 'C' to stall the camera bus on purpose and see it cost one frame,
            'U' to drop off USB on purpose and watch it come back, 'I' to drop off and refuse to,
            'N' to forget it and learn it again from now. 'P' and 'V' together describe the same frame.
            'O' closes the timing window, prints it and flips the capture between overlapped and serial;
            'D' does the same and flips the trigger between late and at-the-collect, which is #14's A/B.
            scores are z against this room's background, ranked; '*' means over its threshold.
            '1'..'6' enrol the next 20 frames as that class and '0' as the empty scene. Two
            classes in and the board decides by nearest reference instead of by threshold - see M21.
            The first 30 frames set the baseline and it is then frozen, so anything left in
            shot KEEPS its score. Point the camera at the empty scene for those frames.
            Send a new set at any time to re-query - that resets the baseline too.

frame     0 :  a closed book +1.14  an opened book +0.88   led 218/  1 h0.93 lvl+1.01 d1.10   -
frame     1 :  a closed book +0.63  an opened book +0.46   led  59/ 53 h0.51 lvl+0.54 d0.70   -
frame     2 :  a closed book +0.38  an opened book +0.31   led  20/112 h0.31 lvl+0.35 d0.80   -
frame     3 :  a closed book +0.34  an opened book +0.25   led  16/124 h0.28 lvl+0.30 d0.90   -
frame     4 :  a closed book +0.19  an opened book +0.13   led   4/177 h0.15 lvl+0.16 d1.00   -
frame     5 :  a closed book +0.12  an opened book +0.06   led   1/205 h0.09 lvl+0.09 d1.10   -
frame     6 :  an opened book -0.00  a closed book -0.00   led   0/255 h0.00 lvl-0.00 d0.70   -
frame     7 :  a closed book +0.04  an opened book +0.01   led   0/236 h0.04 lvl+0.03 d0.80   -
background: after 8 frames (warming up, room spread), this room reads  an opened book -0.079 +-0.0035 (COCO -0.151 +-0.0303)  a closed book -0.050 +-0.0057 (COCO -0.159 +-0.0351)
frame     8 :  a closed book +0.03  an opened book -0.12   led   0/242 h0.02 lvl-0.04 d1.00   -
frame     9 :  an opened book +0.33  a closed book +0.16   led  14/128 h0.27 lvl+0.25 d1.10   -
frame    10 :  a closed book +0.64  an opened book +0.47   led  61/ 50 h0.52 lvl+0.56 d0.70   -
frame    11 :  a closed book +0.86  an opened book +0.58   led 115/ 19 h0.70 lvl+0.72 d0.80   -
frame    12 :  a closed book +0.32  an opened book -0.08   led  13/132 h0.26 lvl+0.12 d0.90   -
frame    13 :  a closed book +0.32  an opened book -0.08   led  13/131 h0.26 lvl+0.12 d1.00   -
frame    14 :  a closed book +1.06  an opened book +0.55   led 185/  3 h0.86 lvl+0.80 d1.10   -
frame    15 :  a closed book +1.55*  an opened book +0.99   led 255/  0 h1.00 lvl+1.27 d0.70   MATCH a closed book (cos -0.034)
frame    16 :  a closed book +0.75  an opened book +0.07   led  86/ 32 h0.61 lvl+0.41 d0.80   -
frame    17 :  a closed book +0.31  an opened book +0.03   led  13/134 h0.25 lvl+0.17 d0.90   -
frame    18 :  a closed book +1.01  an opened book +0.72   led 165/  6 h0.82 lvl+0.86 d1.00   -
frame    19 :  a closed book +0.75  an opened book +0.35   led  85/ 33 h0.61 lvl+0.55 d1.10   -
frame    20 :  an opened book +0.40  a closed book +0.26   led  22/106 h0.33 lvl+0.33 d2.80   -
frame    21 :  an opened book -0.27  a closed book -0.51   led   0/255 h0.00 lvl-0.39 d2.60   -
frame    22 :  an opened book +0.24  a closed book +0.23   led   7/159 h0.19 lvl+0.23 d2.70   -
frame    23 :  a closed book +0.35  an opened book +0.02   led  16/123 h0.28 lvl+0.18 d2.80   -
frame    24 :  an opened book +0.12  a closed book -0.18   led   1/205 h0.09 lvl-0.03 d2.60   -
frame    25 :  an opened book -0.27  a closed book -0.30   led   0/255 h0.00 lvl-0.28 d2.70   -
frame    26 :  an opened book +0.09  a closed book -0.01   led   1/217 h0.07 lvl+0.04 d2.80   -
frame    27 :  an opened book -0.16  a closed book -0.59   led   0/255 h0.00 lvl-0.38 d2.60   -
frame    28 :  an opened book -0.55  a closed book -0.80   led   0/255 h0.00 lvl-0.67 d2.70   -
frame    29 :  a closed book -0.74  an opened book -0.74   led   0/255 h0.00 lvl-0.74 d2.80   -
frame    30 :  an opened book +0.48  a closed book +0.05   led  33/ 85 h0.39 lvl+0.26 d2.60   -
frame    31 :  an opened book +0.02  a closed book -0.60   led   0/247 h0.01 lvl-0.29 d2.70   -
frame    32 :  an opened book +0.40  a closed book -0.46   led  21/108 h0.32 lvl-0.03 d0.90   -
frame    33 :  an opened book -0.08  a closed book -0.68   led   0/255 h0.00 lvl-0.38 d1.00   -
frame    34 :  an opened book -0.55  a closed book -0.79   led   0/255 h0.00 lvl-0.67 d1.10   -
frame    35 :  an opened book -0.90  a closed book -1.02   led   0/255 h0.00 lvl-0.96 d0.70   -
frame    36 :  an opened book +0.63  a closed book -0.26   led  59/ 52 h0.51 lvl+0.19 d0.80   -
frame    37 :  an opened book +0.89  a closed book +0.08   led 127/ 15 h0.73 lvl+0.49 d0.90   -
frame    38 :  an opened book +1.52*  a closed book +0.56   led 255/  0 h1.00 lvl+1.04 d1.00   MATCH an opened book (cos -0.069)
frame    39 :  an opened book +0.81  a closed book -0.00   led 101/ 24 h0.66 lvl+0.40 d1.10   -

enrol     : the next 20 frames are the empty scene. They set the presence axis;
            with no class enrolled yet they set nothing else.
frame    40 :  an opened book +0.24  a closed book -0.47   led   7/158 h0.20 lvl-0.12 d1.00   -
frame    41 :  an opened book +0.80  a closed book +0.20   led 100/ 25 h0.65 lvl+0.50 d1.10   -
frame    42 :  an opened book +0.68  a closed book +0.25   led  70/ 43 h0.55 lvl+0.47 d0.70   -
frame    43 :  an opened book +0.12  a closed book -0.34   led   1/205 h0.09 lvl-0.11 d0.80   -
frame    44 :  an opened book +0.02  a closed book -0.67   led   0/246 h0.02 lvl-0.33 d0.90   -
frame    45 :  a closed book -0.91  an opened book -0.94   led   0/255 h0.00 lvl-0.92 d1.00   -
frame    46 :  a closed book -0.81  an opened book -0.91   led   0/255 h0.00 lvl-0.86 d1.10   -
frame    47 :  an opened book -0.92  a closed book -0.93   led   0/255 h0.00 lvl-0.92 d0.70   -
frame    48 :  a closed book -0.55  an opened book -0.82   led   0/255 h0.00 lvl-0.69 d0.80   -
frame    49 :  a closed book -0.71  an opened book -1.18   led   0/255 h0.00 lvl-0.95 d0.90   -
frame    50 :  a closed book -0.56  an opened book -1.11   led   0/255 h0.00 lvl-0.84 d1.00   -
frame    51 :  a closed book -0.81  an opened book -0.96   led   0/255 h0.00 lvl-0.88 d1.10   -
frame    52 :  an opened book +0.28  a closed book +0.03   led  10/145 h0.23 lvl+0.15 d0.70   -
frame    53 :  an opened book +0.58  a closed book +0.25   led  49/ 63 h0.47 lvl+0.42 d0.80   -
frame    54 :  a closed book -0.30  an opened book -0.36   led   0/255 h0.00 lvl-0.33 d0.90   -
frame    55 :  a closed book -0.53  an opened book -0.57   led   0/255 h0.00 lvl-0.55 d1.00   -
frame    56 :  a closed book -0.13  an opened book -0.65   led   0/255 h0.00 lvl-0.39 d1.10   -
frame    57 :  a closed book -0.49  an opened book -1.40   led   0/255 h0.00 lvl-0.94 d2.60   -
frame    58 :  a closed book -0.87  an opened book -1.37   led   0/255 h0.00 lvl-1.12 d2.70   -
enrol     : the empty scene, level -0.46 (20 frames)
frame    59 :  a closed book -0.74  an opened book -0.93   led   0/255 h0.00 lvl-0.84 d2.60   -
frame    60 :  a closed book -0.42  an opened book -0.59   led   0/255 h0.00 lvl-0.51 d2.70   -
frame    61 :  a closed book -0.20  an opened book -0.40   led   0/255 h0.00 lvl-0.30 d2.80   -
frame    62 :  an opened book +0.01  a closed book -0.52   led   0/250 h0.01 lvl-0.26 d2.60   -
frame    63 :  an opened book -0.25  a closed book -0.57   led   0/255 h0.00 lvl-0.41 d2.70   -
frame    64 :  an opened book +0.60  a closed book -0.02   led  53/ 58 h0.49 lvl+0.29 d2.80   -
frame    65 :  an opened book +0.40  a closed book -0.09   led  21/108 h0.32 lvl+0.15 d2.60   -
frame    66 :  an opened book +0.64  a closed book -0.50   led  62/ 50 h0.52 lvl+0.07 d2.70   -
frame    67 :  an opened book +1.10  a closed book -0.20   led 199/  2 h0.89 lvl+0.45 d2.80   -
frame    68 :  an opened book +0.67  a closed book +0.04   led  67/ 45 h0.54 lvl+0.35 d0.90   -
frame    69 :  an opened book -0.64  a closed book -1.09   led   0/255 h0.00 lvl-0.87 d1.00   -
frame    70 :  an opened book -0.68  a closed book -1.48   led   0/255 h0.00 lvl-1.08 d1.10   -
frame    71 :  an opened book -0.75  a closed book -1.31   led   0/255 h0.00 lvl-1.03 d0.70   -
frame    72 :  an opened book -1.11  a closed book -1.32   led   0/255 h0.00 lvl-1.21 d0.80   -
frame    73 :  an opened book -1.06  a closed book -1.64   led   0/255 h0.00 lvl-1.35 d0.90   -

enrol     : the next 20 frames are 'an opened book'. HOLD THE SCENE STILL until it lands.
frame    74 :  an opened book +0.06  a closed book -1.44   led   0/230 h0.05 lvl-0.69 d0.70   -
frame    75 :  an opened book -1.54  a closed book -2.11   led   0/255 h0.00 lvl-1.83 d0.80   -
frame    76 :  a closed book -4.00  an opened book -5.35   led   0/255 h0.00 lvl-4.68 d0.90   -
frame    77 :  a closed book -5.90  an opened book -11.03   led   0/255 h0.00 lvl-8.47 d1.00   -
frame    78 :  a closed book -6.00  an opened book -13.20   led   0/255 h0.00 lvl-9.60 d1.10   -
frame    79 :  a closed book -5.74  an opened book -14.60   led   0/255 h0.00 lvl-10.17 d0.70   -
frame    80 :  a closed book -5.22  an opened book -14.97   led   0/255 h0.00 lvl-10.09 d0.80   -
frame    81 :  a closed book -4.74  an opened book -15.01   led   0/255 h0.00 lvl-9.88 d0.90   -
frame    82 :  a closed book -4.50  an opened book -14.77   led   0/255 h0.00 lvl-9.64 d1.00   -
frame    83 :  a closed book -4.22  an opened book -14.04   led   0/255 h0.00 lvl-9.13 d1.10   -
frame    84 :  a closed book -4.11  an opened book -14.18   led   0/255 h0.00 lvl-9.14 d0.70   -
frame    85 :  a closed book -3.65  an opened book -13.64   led   0/255 h0.00 lvl-8.64 d0.80   -
frame    86 :  a closed book -3.18  an opened book -13.15   led   0/255 h0.00 lvl-8.16 d0.90   -
frame    87 :  a closed book -3.80  an opened book -13.86   led   0/255 h0.00 lvl-8.83 d1.00   -
frame    88 :  a closed book -4.07  an opened book -14.55   led   0/255 h0.00 lvl-9.31 d1.10   -
frame    89 :  a closed book -4.12  an opened book -15.07   led   0/255 h0.00 lvl-9.59 d0.70   -
frame    90 :  a closed book -4.07  an opened book -15.41   led   0/255 h0.00 lvl-9.74 d0.80   -
frame    91 :  a closed book -4.11  an opened book -15.59   led   0/255 h0.00 lvl-9.85 d0.90   -
frame    92 :  a closed book -3.55  an opened book -14.51   led   0/255 h0.00 lvl-9.03 d1.00   -
enrol     : an opened book, level -8.24 (20 frames)
frame    93 :  a closed book -3.10  an opened book -13.74   led   0/255 h0.00 lvl-8.42 d2.70   -
frame    94 :  a closed book -3.20  an opened book -13.68   led   0/255 h0.00 lvl-8.44 d2.80   -
frame    95 :  a closed book -3.13  an opened book -13.73   led   0/255 h0.00 lvl-8.43 d2.60   -
frame    96 :  a closed book -3.53  an opened book -14.30   led   0/255 h0.00 lvl-8.92 d2.70   -
frame    97 :  a closed book -3.75  an opened book -14.61   led   0/255 h0.00 lvl-9.18 d2.80   -
frame    98 :  a closed book -3.83  an opened book -14.69   led   0/255 h0.00 lvl-9.26 d2.60   -
frame    99 :  a closed book -4.36  an opened book -15.58   led   0/255 h0.00 lvl-9.97 d2.70   -
background: after 30 frames (frozen, room spread), this room reads  an opened book -0.079 +-0.0037 (COCO -0.151 +-0.0303)  a closed book -0.048 +-0.0074 (COCO -0.159 +-0.0351)
frame   100 :  a closed book -4.23  an opened book -15.22   led   0/255 h0.00 lvl-9.73 d2.60   -
frame   101 :  a closed book -4.07  an opened book -14.92   led   0/255 h0.00 lvl-9.49 d2.70   -
frame   102 :  a closed book -4.77  an opened book -15.64   led   0/255 h0.00 lvl-10.21 d2.80   -
frame   103 :  a closed book -4.98  an opened book -15.89   led   0/255 h0.00 lvl-10.43 d2.60   -
frame   104 :  a closed book -4.94  an opened book -16.11   led   0/255 h0.00 lvl-10.52 d0.90   -
frame   105 :  a closed book -4.71  an opened book -15.81   led   0/255 h0.00 lvl-10.26 d1.00   -
frame   106 :  a closed book -4.94  an opened book -16.08   led   0/255 h0.00 lvl-10.51 d1.10   -
frame   107 :  a closed book -4.11  an opened book -12.38   led   0/255 h0.00 lvl-8.25 d0.70   -
frame   108 :  a closed book -5.64  an opened book -13.09   led   0/255 h0.00 lvl-9.36 d0.80   -
frame   109 :  a closed book -5.95  an opened book -12.65   led   0/255 h0.00 lvl-9.30 d0.90   -
frame   110 :  a closed book -7.69  an opened book -14.11   led   0/255 h0.00 lvl-10.90 d1.00   -
frame   111 :  a closed book -8.72  an opened book -14.08   led   0/255 h0.00 lvl-11.40 d1.10   -
frame   112 :  a closed book -8.74  an opened book -15.44   led   0/255 h0.00 lvl-12.09 d0.70   -
frame   113 :  a closed book -9.79  an opened book -16.76   led   0/255 h0.00 lvl-13.27 d0.80   -

enrol     : the next 20 frames are 'a closed book'. HOLD THE SCENE STILL until it lands.
frame   114 :  a closed book -11.39  an opened book -18.52   led   0/255 h0.00 lvl-14.95 d1.10   -
frame   115 :  a closed book -11.94  an opened book -17.88   led   0/255 h0.00 lvl-14.91 d0.70   -
frame   116 :  a closed book -11.99  an opened book -18.25   led   0/255 h0.00 lvl-15.12 d0.80   -
frame   117 :  a closed book -12.17  an opened book -19.10   led   0/255 h0.00 lvl-15.63 d0.90   -
frame   118 :  a closed book -12.28  an opened book -19.52   led   0/255 h0.00 lvl-15.90 d1.00   -
frame   119 :  a closed book -12.51  an opened book -19.52   led   0/255 h0.00 lvl-16.01 d1.10   -
frame   120 :  a closed book -12.02  an opened book -18.40   led   0/255 h0.00 lvl-15.21 d0.70   -
frame   121 :  a closed book -12.05  an opened book -18.48   led   0/255 h0.00 lvl-15.26 d0.80   -
frame   122 :  a closed book -12.06  an opened book -18.15   led   0/255 h0.00 lvl-15.10 d0.90   -
frame   123 :  a closed book -11.68  an opened book -17.94   led   0/255 h0.00 lvl-14.81 d1.00   -
frame   124 :  a closed book -11.53  an opened book -17.33   led   0/255 h0.00 lvl-14.43 d1.10   -
frame   125 :  a closed book -11.96  an opened book -18.26   led   0/255 h0.00 lvl-15.11 d0.70   -
frame   126 :  a closed book -11.80  an opened book -17.70   led   0/255 h0.00 lvl-14.75 d0.80   -
frame   127 :  a closed book -11.68  an opened book -17.07   led   0/255 h0.00 lvl-14.38 d0.90   -
frame   128 :  a closed book -11.30  an opened book -15.86   led   0/255 h0.00 lvl-13.58 d1.00   -
frame   129 :  a closed book -11.80  an opened book -17.59   led   0/255 h0.00 lvl-14.69 d1.10   -
frame   130 :  a closed book -11.15  an opened book -17.80   led   0/255 h0.00 lvl-14.47 d2.80   -
frame   131 :  a closed book -11.08  an opened book -17.54   led   0/255 h0.00 lvl-14.31 d2.60   -
frame   132 :  a closed book -11.72  an opened book -18.97   led   0/255 h0.00 lvl-15.35 d2.70   -
enrol     : a closed book, level -14.94 (20 frames)
enrol     : 2 classes, nearest pair 1.41 apart, presence span -11.13
frame   133 :  a closed book -11.41  an opened book -18.16   led   9/149 h0.22 b1.00 lvl-14.78 d2.70   MATCH a closed book (cos -0.129, nearer by 0.80)
frame   134 :  a closed book -10.50  an opened book -17.68   led  39/ 75 h0.43 b1.00 lvl-14.09 d2.80   MATCH a closed book (cos -0.114, nearer by 0.20)
frame   135 :  a closed book -10.19  an opened book -16.98   led  10/142 h0.23 b1.00 lvl-13.59 d2.60   MATCH a closed book (cos -0.120, nearer by 0.75)
frame   136 :  a closed book -10.70  an opened book -18.10   led  65/ 47 h0.54 b1.00 lvl-14.40 d2.70   MATCH an opened book (cos -0.153, nearer by 0.10)
frame   137 :  a closed book -9.94  an opened book -17.36   led  68/ 44 h0.55 b1.00 lvl-13.65 d2.80   MATCH an opened book (cos -0.138, nearer by 0.14)
frame   138 :  a closed book -9.86  an opened book -16.65   led  10/142 h0.23 b1.00 lvl-13.25 d2.60   MATCH a closed book (cos -0.120, nearer by 0.76)
frame   139 :  a closed book -10.32  an opened book -17.01   led   6/166 h0.18 b1.00 lvl-13.67 d2.70   MATCH a closed book (cos -0.131, nearer by 0.91)
frame   140 :  a closed book -10.52  an opened book -18.10   led  92/ 29 h0.63 b1.00 lvl-14.31 d0.90   MATCH an opened book (cos -0.153, nearer by 0.37)
frame   141 :  a closed book -10.61  an opened book -18.29   led 108/ 21 h0.68 b1.00 lvl-14.45 d1.00   MATCH an opened book (cos -0.147, nearer by 0.50)
frame   142 :  a closed book -9.71  an opened book -16.12   led   0/231 h0.04 b1.00 lvl-12.91 d1.10   MATCH a closed book (cos -0.108, nearer by 1.29)
frame   143 :  a closed book -9.84  an opened book -16.37   led   2/201 h0.10 b1.00 lvl-13.11 d0.70   MATCH a closed book (cos -0.123, nearer by 1.13)
frame   144 :  a closed book -10.23  an opened book -17.68   led  71/ 42 h0.56 b1.00 lvl-13.96 d0.80   MATCH an opened book (cos -0.153, nearer by 0.16)
frame   145 :  a closed book -10.58  an opened book -18.46   led 147/  9 h0.78 b1.00 lvl-14.52 d0.90   MATCH an opened book (cos -0.152, nearer by 0.79)
frame   146 :  a closed book -10.76  an opened book -18.09   led  56/ 55 h0.50 b1.00 lvl-14.43 d1.00   MATCH an opened book (cos -0.143, nearer by 0.00)
frame   147 :  a closed book -10.54  an opened book -18.00   led  74/ 40 h0.57 b1.00 lvl-14.27 d1.10   MATCH an opened book (cos -0.145, nearer by 0.20)
frame   148 :  a closed book -11.18  an opened book -19.22   led 182/  4 h0.86 b1.00 lvl-15.20 d0.70   MATCH an opened book (cos -0.158, nearer by 1.01)
frame   149 :  a closed book -10.78  an opened book -18.89   led 200/  2 h0.90 b1.00 lvl-14.84 d0.80   MATCH an opened book (cos -0.146, nearer by 1.12)
frame   150 :  a closed book -10.62  an opened book -17.62   led  24/103 h0.34 b1.00 lvl-14.12 d0.90   MATCH a closed book (cos -0.125, nearer by 0.46)
frame   151 :  a closed book -10.49  an opened book -17.56   led  29/ 91 h0.37 b1.00 lvl-14.03 d1.00   MATCH a closed book (cos -0.124, nearer by 0.36)
frame   152 :  a closed book -11.48  an opened book -19.50   led 179/  4 h0.85 b1.00 lvl-15.49 d1.10   MATCH an opened book (cos -0.164, nearer by 0.99)
frame   153 :  a closed book -8.73  an opened book -13.22   led   0/225 h0.00 b0.94 lvl-10.97 d0.70   MATCH a closed book (cos -0.075, nearer by 1.41)
frame   154 :  a closed book -7.03  an opened book -9.77   led   0/121 h0.00 b0.71 lvl-8.40 d0.80   MATCH a closed book (cos -0.077, nearer by 1.41)
frame   155 :  a closed book -5.69  an opened book -7.27   led   0/ 66 h0.00 b0.54 lvl-6.48 d0.90   MATCH a closed book (cos -0.072, nearer by 1.41)
frame   156 :  a closed book -5.18  an opened book -5.90   led   0/ 45 h0.00 b0.46 lvl-5.54 d1.00   MATCH a closed book (cos -0.080, nearer by 1.41)
frame   157 :  an opened book -4.19  a closed book -4.59   led   0/ 26 h0.00 b0.35 lvl-4.39 d1.10   MATCH a closed book (cos -0.074, nearer by 1.41)
frame   158 :  an opened book -3.45  a closed book -3.82   led   0/ 16 h0.00 b0.28 lvl-3.63 d0.70   MATCH a closed book (cos -0.066, nearer by 1.41)
frame   159 :  an opened book -3.06  a closed book -3.44   led   0/ 12 h0.00 b0.25 lvl-3.25 d0.80   MATCH a closed book (cos -0.068, nearer by 1.41)
frame   160 :  an opened book -3.00  a closed book -3.83   led   0/ 14 h0.00 b0.27 lvl-3.42 d0.90   MATCH a closed book (cos -0.082, nearer by 1.41)
frame   161 :  an opened book -2.29  a closed book -3.92   led   0/ 11 h0.00 b0.24 lvl-3.11 d1.00   MATCH a closed book (cos -0.078, nearer by 1.41)
frame   162 :  an opened book -2.12  a closed book -3.36   led   0/  8 h0.00 b0.20 lvl-2.74 d1.10   MATCH a closed book (cos -0.066, nearer by 1.41)
frame   163 :  an opened book -2.01  a closed book -3.26   led   0/  7 h0.00 b0.20 lvl-2.64 d0.70   MATCH a closed book (cos -0.071, nearer by 1.41)
frame   164 :  an opened book -1.46  a closed book -2.60   led   0/  3 h0.00 b0.14 lvl-2.03 d0.80   - (nothing there)
frame   165 :  an opened book -1.20  a closed book -2.33   led   0/  2 h0.00 b0.12 lvl-1.77 d0.90   - (nothing there)
frame   166 :  an opened book -1.75  a closed book -2.61   led   0/  4 h0.00 b0.15 lvl-2.18 d1.00   - (nothing there)
frame   167 :  an opened book -1.41  a closed book -2.54   led   0/  3 h0.00 b0.14 lvl-1.98 d1.10   - (nothing there)
frame   168 :  an opened book -0.97  a closed book -2.27   led   0/  2 h0.00 b0.10 lvl-1.62 d2.60   - (nothing there)
frame   169 :  an opened book -1.78  a closed book -2.75   led   0/  5 h0.00 b0.16 lvl-2.27 d2.70   - (nothing there)
frame   170 :  an opened book -1.88  a closed book -2.81   led   0/  5 h0.00 b0.17 lvl-2.35 d2.80   - (nothing there)
frame   171 :  an opened book -1.16  a closed book -2.63   led   0/  3 h0.00 b0.13 lvl-1.89 d2.60   - (nothing there)
frame   172 :  an opened book -1.25  a closed book -2.14   led   0/  2 h0.00 b0.11 lvl-1.70 d2.70   - (nothing there)
frame   173 :  an opened book -2.29  a closed book -2.31   led   0/  5 h0.00 b0.17 lvl-2.30 d2.80   - (nothing there)
frame   174 :  an opened book -2.33  a closed book -2.71   led   0/  6 h0.00 b0.19 lvl-2.52 d2.60   - (nothing there)
frame   175 :  an opened book -1.21  a closed book -2.27   led   0/  2 h0.00 b0.11 lvl-1.74 d2.70   - (nothing there)
frame   176 :  an opened book -1.37  a closed book -2.27   led   0/  2 h0.00 b0.12 lvl-1.82 d2.80   - (nothing there)
frame   177 :  an opened book -2.32  a closed book -2.47   led   0/  5 h0.00 b0.17 lvl-2.40 d2.60   - (nothing there)
frame   178 :  an opened book -2.72  a closed book -2.93   led   0/  8 h0.00 b0.21 lvl-2.83 d2.70   - (nothing there)
frame   179 :  an opened book -2.94  a closed book -3.23   led   0/ 11 h0.00 b0.24 lvl-3.08 d2.80   - (nothing there)
frame   180 :  an opened book -2.90  a closed book -2.93   led   0/  9 h0.00 b0.22 lvl-2.92 d0.90   - (nothing there)
frame   181 :  an opened book -2.10  a closed book -2.65   led   0/  5 h0.00 b0.17 lvl-2.37 d1.00   - (nothing there)
frame   182 :  an opened book -2.10  a closed book -2.84   led   0/  6 h0.00 b0.18 lvl-2.47 d1.10   - (nothing there)
frame   183 :  an opened book -2.05  a closed book -2.62   led   0/  5 h0.00 b0.17 lvl-2.34 d0.70   - (nothing there)
frame   184 :  an opened book -1.07  a closed book -1.56   led   0/  1 h0.00 b0.08 lvl-1.32 d0.80   - (nothing there)
frame   185 :  an opened book -1.21  a closed book -1.80   led   0/  1 h0.00 b0.09 lvl-1.50 d0.90   - (nothing there)
frame   186 :  an opened book -1.66  a closed book -2.51   led   0/  4 h0.00 b0.15 lvl-2.08 d1.00   - (nothing there)
frame   187 :  an opened book -1.12  a closed book -2.36   led   0/  2 h0.00 b0.12 lvl-1.74 d1.10   - (nothing there)
frame   188 :  an opened book -1.57  a closed book -2.69   led   0/  4 h0.00 b0.15 lvl-2.13 d0.70   - (nothing there)
frame   189 :  a closed book -4.17  an opened book -4.75   led   0/ 27 h0.00 b0.36 lvl-4.46 d0.80   - (nothing there)
frame   190 :  a closed book -3.90  an opened book -6.04   led   0/ 35 h0.00 b0.40 lvl-4.97 d0.90   - (nothing there)
frame   191 :  a closed book -3.85  an opened book -8.81   led   0/ 62 h0.00 b0.53 lvl-6.33 d1.00   MATCH a closed book (cos -0.076, nearer by 1.41)
frame   192 :  a closed book -4.27  an opened book -10.89   led   1/ 67 h0.15 b0.64 lvl-7.58 d1.10   MATCH a closed book (cos -0.086, nearer by 1.00)
frame   193 :  a closed book -5.04  an opened book -13.73   led 157/  0 h1.00 b0.80 lvl-9.38 d0.70   MATCH an opened book (cos -0.149, nearer by 1.41)
frame   194 :  a closed book -5.28  an opened book -15.04   led 188/  0 h1.00 b0.87 lvl-10.16 d0.80   MATCH an opened book (cos -0.143, nearer by 1.41)
frame   195 :  a closed book -5.41  an opened book -15.77   led 207/  0 h1.00 b0.91 lvl-10.59 d0.90   MATCH an opened book (cos -0.142, nearer by 1.41)
frame   196 :  a closed book -5.51  an opened book -15.89   led 212/  0 h1.00 b0.92 lvl-10.70 d1.00   MATCH an opened book (cos -0.138, nearer by 1.41)
frame   197 :  a closed book -5.80  an opened book -16.61   led 236/  0 h1.00 b0.97 lvl-11.21 d1.10   MATCH an opened book (cos -0.145, nearer by 1.41)
frame   198 :  a closed book -5.78  an opened book -16.80   led 240/  0 h1.00 b0.97 lvl-11.29 d0.70   MATCH an opened book (cos -0.142, nearer by 1.41)
frame   199 :  a closed book -5.66  an opened book -16.59   led 232/  0 h1.00 b0.96 lvl-11.12 d0.80   MATCH an opened book (cos -0.139, nearer by 1.41)
background: after 30 frames (frozen, room spread), this room reads  an opened book -0.079 +-0.0037 (COCO -0.151 +-0.0303)  a closed book -0.048 +-0.0074 (COCO -0.159 +-0.0351)
frame   200 :  a closed book -5.84  an opened book -16.78   led 241/  0 h1.00 b0.97 lvl-11.31 d1.00   MATCH an opened book (cos -0.142, nearer by 1.41)
frame   201 :  a closed book -5.68  an opened book -17.08   led 244/  0 h1.00 b0.98 lvl-11.38 d1.10   MATCH an opened book (cos -0.144, nearer by 1.41)
frame   202 :  a closed book -5.84  an opened book -17.56   led 255/  0 h1.00 b1.00 lvl-11.70 d0.70   MATCH an opened book (cos -0.147, nearer by 1.41)
frame   203 :  a closed book -5.69  an opened book -17.10   led 245/  0 h1.00 b0.98 lvl-11.39 d0.80   MATCH an opened book (cos -0.139, nearer by 1.41)
frame   204 :  a closed book -5.85  an opened book -17.46   led 255/  0 h1.00 b1.00 lvl-11.66 d0.90   MATCH an opened book (cos -0.146, nearer by 1.41)
frame   205 :  a closed book -5.81  an opened book -17.54   led 255/  0 h1.00 b1.00 lvl-11.67 d1.00   MATCH an opened book (cos -0.144, nearer by 1.41)
frame   206 :  a closed book -5.95  an opened book -17.81   led 255/  0 h1.00 b1.00 lvl-11.88 d1.10   MATCH an opened book (cos -0.146, nearer by 1.41)
frame   207 :  a closed book -5.97  an opened book -17.71   led 255/  0 h1.00 b1.00 lvl-11.84 d2.70   MATCH an opened book (cos -0.143, nearer by 1.41)
frame   208 :  a closed book -6.35  an opened book -18.13   led 255/  0 h1.00 b1.00 lvl-12.24 d2.80   MATCH an opened book (cos -0.149, nearer by 1.41)
frame   209 :  a closed book -6.30  an opened book -18.26   led 255/  0 h1.00 b1.00 lvl-12.28 d2.60   MATCH an opened book (cos -0.147, nearer by 1.41)
frame   210 :  a closed book -6.20  an opened book -18.00   led 255/  0 h1.00 b1.00 lvl-12.10 d2.70   MATCH an opened book (cos -0.143, nearer by 1.41)
frame   211 :  a closed book -6.06  an opened book -17.88   led 255/  0 h1.00 b1.00 lvl-11.97 d2.80   MATCH an opened book (cos -0.144, nearer by 1.41)
frame   212 :  a closed book -5.93  an opened book -17.37   led 255/  0 h1.00 b1.00 lvl-11.65 d2.60   MATCH an opened book (cos -0.139, nearer by 1.41)
frame   213 :  a closed book -5.62  an opened book -16.79   led 236/  0 h1.00 b0.97 lvl-11.20 d2.70   MATCH an opened book (cos -0.137, nearer by 1.41)
frame   214 :  a closed book -5.69  an opened book -16.90   led 240/  0 h1.00 b0.97 lvl-11.30 d2.80   MATCH an opened book (cos -0.142, nearer by 1.41)
frame   215 :  a closed book -5.55  an opened book -16.76   led 233/  0 h1.00 b0.96 lvl-11.15 d2.60   MATCH an opened book (cos -0.140, nearer by 1.41)
frame   216 :  a closed book -5.43  an opened book -16.74   led 230/  0 h1.00 b0.95 lvl-11.08 d2.70   MATCH an opened book (cos -0.140, nearer by 1.41)
frame   217 :  a closed book -5.30  an opened book -16.49   led 221/  0 h1.00 b0.94 lvl-10.90 d2.80   MATCH an opened book (cos -0.138, nearer by 1.41)
frame   218 :  a closed book -5.30  an opened book -16.20   led 214/  0 h1.00 b0.92 lvl-10.75 d2.60   MATCH an opened book (cos -0.136, nearer by 1.41)
frame   219 :  a closed book -5.36  an opened book -16.26   led 217/  0 h1.00 b0.93 lvl-10.81 d0.90   MATCH an opened book (cos -0.139, nearer by 1.41)
frame   220 :  a closed book -5.84  an opened book -16.88   led 243/  0 h1.00 b0.98 lvl-11.36 d1.00   MATCH an opened book (cos -0.145, nearer by 1.41)
frame   221 :  a closed book -5.57  an opened book -16.84   led 236/  0 h1.00 b0.97 lvl-11.21 d1.10   MATCH an opened book (cos -0.141, nearer by 1.41)
frame   222 :  a closed book -5.89  an opened book -17.81   led 255/  0 h1.00 b1.00 lvl-11.85 d0.70   MATCH an opened book (cos -0.151, nearer by 1.41)
frame   223 :  a closed book -5.44  an opened book -17.44   led 247/  0 h1.00 b0.99 lvl-11.44 d0.80   MATCH an opened book (cos -0.141, nearer by 1.41)
frame   224 :  a closed book -5.30  an opened book -17.79   led 253/  0 h1.00 b1.00 lvl-11.55 d0.90   MATCH an opened book (cos -0.147, nearer by 1.41)
frame   225 :  a closed book -4.46  an opened book -16.80   led 209/  0 h1.00 b0.91 lvl-10.63 d1.00   MATCH an opened book (cos -0.134, nearer by 1.41)
frame   226 :  a closed book -4.98  an opened book -17.52   led 238/  0 h1.00 b0.97 lvl-11.25 d1.10   MATCH an opened book (cos -0.148, nearer by 1.41)
frame   227 :  a closed book -5.82  an opened book -14.80   led 195/  0 h1.00 b0.88 lvl-10.31 d0.70   MATCH an opened book (cos -0.115, nearer by 1.41)
frame   228 :  a closed book -5.98  an opened book -13.28   led  34/ 38 h0.49 b0.82 lvl-9.63 d0.80   MATCH a closed book (cos -0.095, nearer by 0.04)
frame   229 :  a closed book -6.60  an opened book -14.11   led  62/ 27 h0.59 b0.89 lvl-10.36 d0.90   MATCH an opened book (cos -0.137, nearer by 0.26)
frame   230 :  a closed book -8.00  an opened book -15.07   led  28/ 92 h0.37 b0.99 lvl-11.54 d1.00   MATCH a closed book (cos -0.127, nearer by 0.37)
frame   231 :  a closed book -9.09  an opened book -16.87   led 127/ 14 h0.73 b1.00 lvl-12.98 d1.10   MATCH an opened book (cos -0.153, nearer by 0.65)
frame   232 :  a closed book -9.18  an opened book -16.69   led  80/ 36 h0.59 b1.00 lvl-12.93 d0.70   MATCH an opened book (cos -0.139, nearer by 0.26)
frame   233 :  a closed book -9.08  an opened book -18.62   led 255/  0 h1.00 b1.00 lvl-13.85 d0.80   MATCH an opened book (cos -0.161, nearer by 1.41)
frame   234 :  a closed book -8.82  an opened book -19.05   led 255/  0 h1.00 b1.00 lvl-13.94 d0.90   MATCH an opened book (cos -0.152, nearer by 1.41)
frame   235 :  a closed book -8.42  an opened book -18.09   led 255/  0 h1.00 b1.00 lvl-13.26 d1.00   MATCH an opened book (cos -0.139, nearer by 1.41)
frame   236 :  a closed book -7.43  an opened book -15.63   led 217/  1 h0.93 b0.99 lvl-11.53 d1.10   MATCH an opened book (cos -0.120, nearer by 1.23)
frame   237 :  a closed book -7.04  an opened book -15.54   led 240/  0 h1.00 b0.97 lvl-11.29 d0.70   MATCH an opened book (cos -0.135, nearer by 1.41)
frame   238 :  a closed book -6.94  an opened book -14.47   led  70/ 28 h0.60 b0.92 lvl-10.70 d0.80   MATCH an opened book (cos -0.125, nearer by 0.29)
frame   239 :  a closed book -6.61  an opened book -13.70   led  22/ 66 h0.38 b0.87 lvl-10.16 d0.90   MATCH a closed book (cos -0.093, nearer by 0.34)
frame   240 :  a closed book -6.46  an opened book -13.18   led   5/107 h0.20 b0.84 lvl-9.82 d1.00   MATCH a closed book (cos -0.094, nearer by 0.86)
frame   241 :  a closed book -6.50  an opened book -13.52   led  17/ 72 h0.34 b0.86 lvl-10.01 d1.10   MATCH a closed book (cos -0.097, nearer by 0.44)
frame   242 :  a closed book -6.74  an opened book -14.36   led  78/ 21 h0.65 b0.91 lvl-10.55 d0.70   MATCH an opened book (cos -0.137, nearer by 0.41)
frame   243 :  a closed book -6.69  an opened book -14.04   led  45/ 41 h0.51 b0.89 lvl-10.37 d0.80   MATCH an opened book (cos -0.128, nearer by 0.03)
frame   244 :  a closed book -6.58  an opened book -13.87   led  38/ 46 h0.48 b0.88 lvl-10.22 d0.90   MATCH a closed book (cos -0.096, nearer by 0.06)
frame   245 :  a closed book -6.39  an opened book -13.91   led  61/ 25 h0.60 b0.87 lvl-10.15 d1.00   MATCH an opened book (cos -0.130, nearer by 0.28)
frame   246 :  a closed book -6.66  an opened book -14.64   led 139/  4 h0.83 b0.92 lvl-10.65 d1.10   MATCH an opened book (cos -0.138, nearer by 0.93)
frame   247 :  a closed book -6.41  an opened book -13.97   led  65/ 23 h0.62 b0.87 lvl-10.19 d2.80   MATCH an opened book (cos -0.126, nearer by 0.33)
frame   248 :  a closed book -6.36  an opened book -13.46   led  22/ 61 h0.39 b0.85 lvl-9.91 d2.60   MATCH a closed book (cos -0.095, nearer by 0.32)
frame   249 :  a closed book -6.28  an opened book -14.49   led 173/  0 h0.94 b0.89 lvl-10.39 d2.70   MATCH an opened book (cos -0.139, nearer by 1.25)
frame   250 :  a closed book -5.91  an opened book -13.58   led  71/ 15 h0.67 b0.83 lvl-9.74 d2.80   MATCH an opened book (cos -0.123, nearer by 0.48)
frame   251 :  a closed book -5.80  an opened book -13.62   led  89/  8 h0.75 b0.83 lvl-9.71 d2.60   MATCH an opened book (cos -0.129, nearer by 0.69)
frame   252 :  a closed book -6.32  an opened book -14.57   led 183/  0 h0.96 b0.90 lvl-10.44 d2.70   MATCH an opened book (cos -0.139, nearer by 1.30)
frame   253 :  a closed book -5.96  an opened book -14.04   led 136/  2 h0.88 b0.86 lvl-10.00 d2.80   MATCH an opened book (cos -0.127, nearer by 1.06)
frame   254 :  a closed book -5.70  an opened book -12.95   led  29/ 39 h0.47 b0.80 lvl-9.33 d2.60   MATCH a closed book (cos -0.087, nearer by 0.10)
frame   255 :  a closed book -5.75  an opened book -12.91   led  23/ 47 h0.42 b0.80 lvl-9.33 d2.70   MATCH a closed book (cos -0.092, nearer by 0.23)
frame   256 :  a closed book -5.83  an opened book -12.95   led  21/ 52 h0.40 b0.80 lvl-9.39 d2.80   MATCH a closed book (cos -0.093, nearer by 0.29)
frame   257 :  a closed book -5.64  an opened book -12.35   led   4/ 88 h0.20 b0.77 lvl-9.00 d2.60   MATCH a closed book (cos -0.087, nearer by 0.86)
frame   258 :  a closed book -5.32  an opened book -11.73   led   0/114 h0.04 b0.72 lvl-8.52 d2.70   MATCH a closed book (cos -0.083, nearer by 1.30)
frame   259 :  a closed book -5.05  an opened book -11.86   led   5/ 67 h0.24 b0.72 lvl-8.46 d0.90   MATCH a closed book (cos -0.082, nearer by 0.73)
frame   260 :  a closed book -5.50  an opened book -12.56   led  16/ 52 h0.37 b0.77 lvl-9.03 d1.00   MATCH a closed book (cos -0.095, nearer by 0.37)
frame   261 :  a closed book -5.18  an opened book -12.07   led   8/ 63 h0.28 b0.73 lvl-8.63 d1.10   MATCH a closed book (cos -0.082, nearer by 0.63)
frame   262 :  a closed book -5.08  an opened book -11.29   led   0/114 h0.00 b0.69 lvl-8.19 d0.70   MATCH a closed book (cos -0.085, nearer by 1.41)
frame   263 :  a closed book -5.29  an opened book -12.02   led   4/ 79 h0.20 b0.74 lvl-8.65 d0.80   MATCH a closed book (cos -0.090, nearer by 0.84)
frame   264 :  a closed book -5.76  an opened book -12.90   led  21/ 50 h0.40 b0.80 lvl-9.33 d0.90   MATCH a closed book (cos -0.098, nearer by 0.27)
frame   265 :  a closed book -5.47  an opened book -12.49   led  14/ 55 h0.35 b0.76 lvl-8.98 d1.00   MATCH a closed book (cos -0.085, nearer by 0.43)
frame   266 :  a closed book -5.52  an opened book -11.95   led   0/119 h0.05 b0.74 lvl-8.74 d1.10   MATCH a closed book (cos -0.090, nearer by 1.28)
frame   267 :  a closed book -5.78  an opened book -12.23   led   0/124 h0.06 b0.77 lvl-9.01 d0.70   MATCH a closed book (cos -0.095, nearer by 1.24)
frame   268 :  a closed book -7.24  an opened book -15.89   led 254/  0 h1.00 b1.00 lvl-11.57 d0.80   MATCH an opened book (cos -0.162, nearer by 1.41)
frame   269 :  a closed book -6.65  an opened book -11.77   led   0/150 h0.00 b0.79 lvl-9.21 d0.90   MATCH a closed book (cos -0.089, nearer by 1.41)
frame   270 :  a closed book -6.12  an opened book -9.41   led   0/101 h0.00 b0.66 lvl-7.76 d1.00   MATCH a closed book (cos -0.086, nearer by 1.41)
frame   271 :  a closed book -5.50  an opened book -7.01   led   0/ 61 h0.00 b0.52 lvl-6.26 d1.10   MATCH a closed book (cos -0.081, nearer by 1.41)
frame   272 :  a closed book -5.08  an opened book -5.40   led   0/ 40 h0.00 b0.43 lvl-5.24 d0.70   MATCH a closed book (cos -0.080, nearer by 1.41)
frame   273 :  an opened book -4.11  a closed book -4.91   led   0/ 28 h0.00 b0.36 lvl-4.51 d0.80   MATCH a closed book (cos -0.082, nearer by 1.41)
frame   274 :  an opened book -3.85  a closed book -4.75   led   0/ 24 h0.00 b0.34 lvl-4.30 d0.90   MATCH a closed book (cos -0.081, nearer by 1.41)
frame   275 :  an opened book -3.44  a closed book -4.80   led   0/ 22 h0.00 b0.33 lvl-4.12 d1.00   MATCH a closed book (cos -0.085, nearer by 1.41)
frame   276 :  an opened book -2.27  a closed book -4.08   led   0/ 11 h0.00 b0.24 lvl-3.17 d1.10   MATCH a closed book (cos -0.068, nearer by 1.41)
frame   277 :  an opened book -2.49  a closed book -4.50   led   0/ 15 h0.00 b0.27 lvl-3.49 d0.70   MATCH a closed book (cos -0.087, nearer by 1.41)
frame   278 :  an opened book -3.00  a closed book -4.56   led   0/ 18 h0.00 b0.30 lvl-3.78 d0.80   MATCH a closed book (cos -0.083, nearer by 1.41)
frame   279 :  an opened book -2.97  a closed book -4.54   led   0/ 17 h0.00 b0.30 lvl-3.75 d0.90   MATCH a closed book (cos -0.082, nearer by 1.41)
frame   280 :  an opened book -2.37  a closed book -3.62   led   0/ 10 h0.00 b0.23 lvl-2.99 d1.00   MATCH a closed book (cos -0.062, nearer by 1.41)
frame   281 :  an opened book -2.81  a closed book -3.75   led   0/ 12 h0.00 b0.25 lvl-3.28 d1.10   MATCH a closed book (cos -0.078, nearer by 1.41)
frame   282 :  an opened book -2.83  a closed book -3.86   led   0/ 13 h0.00 b0.26 lvl-3.34 d0.70   MATCH a closed book (cos -0.078, nearer by 1.41)
frame   283 :  an opened book -2.68  a closed book -3.79   led   0/ 12 h0.00 b0.25 lvl-3.23 d0.80   MATCH a closed book (cos -0.075, nearer by 1.41)
frame   284 :  an opened book -2.93  a closed book -3.77   led   0/ 13 h0.00 b0.26 lvl-3.35 d0.90   MATCH a closed book (cos -0.076, nearer by 1.41)
frame   285 :  an opened book -2.68  a closed book -3.43   led   0/ 10 h0.00 b0.23 lvl-3.06 d1.00   MATCH a closed book (cos -0.069, nearer by 1.41)
frame   286 :  an opened book -3.38  a closed book -4.24   led   0/ 18 h0.00 b0.30 lvl-3.81 d1.10   MATCH a closed book (cos -0.091, nearer by 1.41)
frame   287 :  an opened book -3.32  a closed book -4.35   led   0/ 18 h0.00 b0.30 lvl-3.83 d2.60   MATCH a closed book (cos -0.082, nearer by 1.41)
frame   288 :  an opened book -2.99  a closed book -3.55   led   0/ 12 h0.00 b0.25 lvl-3.27 d2.70   MATCH a closed book (cos -0.064, nearer by 1.41)
frame   289 :  an opened book -2.83  a closed book -3.52   led   0/ 11 h0.00 b0.24 lvl-3.18 d2.80   MATCH a closed book (cos -0.074, nearer by 1.41)
frame   290 :  an opened book -3.05  a closed book -3.67   led   0/ 13 h0.00 b0.26 lvl-3.36 d2.60   MATCH a closed book (cos -0.078, nearer by 1.41)
frame   291 :  an opened book -3.37  a closed book -4.14   led   0/ 17 h0.00 b0.30 lvl-3.75 d2.70   MATCH a closed book (cos -0.085, nearer by 1.41)
frame   292 :  an opened book -3.34  a closed book -3.91   led   0/ 16 h0.00 b0.28 lvl-3.63 d2.80   MATCH a closed book (cos -0.074, nearer by 1.41)
frame   293 :  an opened book -2.94  a closed book -3.30   led   0/ 11 h0.00 b0.24 lvl-3.12 d2.60   MATCH a closed book (cos -0.064, nearer by 1.41)
frame   294 :  an opened book -3.41  a closed book -3.71   led   0/ 15 h0.00 b0.28 lvl-3.56 d2.70   MATCH a closed book (cos -0.081, nearer by 1.41)
frame   295 :  an opened book -3.72  a closed book -4.16   led   0/ 20 h0.00 b0.31 lvl-3.94 d2.80   MATCH a closed book (cos -0.085, nearer by 1.41)
frame   296 :  an opened book -3.56  a closed book -3.88   led   0/ 17 h0.00 b0.29 lvl-3.72 d2.60   MATCH a closed book (cos -0.073, nearer by 1.41)
frame   297 :  an opened book -3.45  a closed book -3.53   led   0/ 15 h0.00 b0.27 lvl-3.49 d2.70   MATCH a closed book (cos -0.069, nearer by 1.41)
frame   298 :  an opened book -3.12  a closed book -3.59   led   0/ 13 h0.00 b0.26 lvl-3.35 d2.80   MATCH a closed book (cos -0.076, nearer by 1.41)
frame   299 :  an opened book -2.38  a closed book -3.43   led   0/  9 h0.00 b0.22 lvl-2.90 d0.90   MATCH a closed book (cos -0.071, nearer by 1.41)
background: after 30 frames (frozen, room spread), this room reads  an opened book -0.079 +-0.0037 (COCO -0.151 +-0.0303)  a closed book -0.048 +-0.0074 (COCO -0.159 +-0.0351)
frame   300 :  an opened book -2.94  a closed book -3.49   led   0/ 12 h0.00 b0.25 lvl-3.22 d1.10   MATCH a closed book (cos -0.075, nearer by 1.41)
frame   301 :  an opened book -2.35  a closed book -3.28   led   0/  8 h0.00 b0.21 lvl-2.81 d0.70   MATCH a closed book (cos -0.070, nearer by 1.41)
frame   302 :  an opened book -2.29  a closed book -3.46   led   0/  9 h0.00 b0.22 lvl-2.88 d0.80   MATCH a closed book (cos -0.076, nearer by 1.41)
frame   303 :  an opened book -2.70  a closed book -3.71   led   0/ 12 h0.00 b0.25 lvl-3.21 d0.90   MATCH a closed book (cos -0.079, nearer by 1.41)
frame   304 :  an opened book -3.20  a closed book -4.36   led   0/ 18 h0.00 b0.30 lvl-3.78 d1.00   MATCH a closed book (cos -0.090, nearer by 1.41)
frame   305 :  an opened book -3.47  a closed book -4.44   led   0/ 20 h0.00 b0.31 lvl-3.95 d1.10   MATCH a closed book (cos -0.082, nearer by 1.41)
frame   306 :  an opened book -3.90  a closed book -4.83   led   0/ 25 h0.00 b0.35 lvl-4.37 d0.70   MATCH a closed book (cos -0.089, nearer by 1.41)
frame   307 :  an opened book -3.88  a closed book -4.96   led   0/ 26 h0.00 b0.36 lvl-4.42 d0.80   MATCH a closed book (cos -0.087, nearer by 1.41)
frame   308 :  an opened book -3.89  a closed book -5.20   led   0/ 28 h0.00 b0.37 lvl-4.54 d0.90   MATCH a closed book (cos -0.090, nearer by 1.41)
frame   309 :  an opened book -3.62  a closed book -5.05   led   0/ 25 h0.00 b0.35 lvl-4.34 d1.00   MATCH a closed book (cos -0.084, nearer by 1.41)
frame   310 :  an opened book -4.15  a closed book -4.25   led   0/ 23 h0.00 b0.34 lvl-4.20 d1.10   MATCH a closed book (cos -0.069, nearer by 1.41)
frame   311 :  a closed book -4.15  an opened book -7.68   led   0/ 53 h0.00 b0.49 lvl-5.91 d0.70   MATCH a closed book (cos -0.078, nearer by 1.41)
frame   312 :  a closed book -3.83  an opened book -9.32   led   0/ 68 h0.00 b0.55 lvl-6.57 d0.80   MATCH a closed book (cos -0.072, nearer by 1.41)
frame   313 :  a closed book -4.04  an opened book -11.62   led  37/ 12 h0.63 b0.66 lvl-7.83 d0.90   MATCH an opened book (cos -0.137, nearer by 0.36)
frame   314 :  a closed book -4.05  an opened book -12.64   led 120/  0 h1.00 b0.71 lvl-8.35 d1.00   MATCH an opened book (cos -0.132, nearer by 1.41)
frame   315 :  a closed book -3.42  an opened book -13.06   led 116/  0 h1.00 b0.70 lvl-8.24 d1.10   MATCH an opened book (cos -0.130, nearer by 1.41)
frame   316 :  a closed book -3.85  an opened book -14.13   led 142/  0 h1.00 b0.77 lvl-8.99 d0.70   MATCH an opened book (cos -0.138, nearer by 1.41)
frame   317 :  a closed book -4.41  an opened book -15.31   led 176/  0 h1.00 b0.84 lvl-9.86 d0.80   MATCH an opened book (cos -0.143, nearer by 1.41)
frame   318 :  a closed book -4.12  an opened book -15.15   led 167/  0 h1.00 b0.82 lvl-9.63 d0.90   MATCH an opened book (cos -0.134, nearer by 1.41)
frame   319 :  a closed book -4.40  an opened book -15.62   led 182/  0 h1.00 b0.86 lvl-10.01 d1.00   MATCH an opened book (cos -0.140, nearer by 1.41)
frame   320 :  a closed book -4.60  an opened book -16.23   led 199/  0 h1.00 b0.89 lvl-10.42 d1.10   MATCH an opened book (cos -0.143, nearer by 1.41)
frame   321 :  a closed book -4.75  an opened book -16.43   led 207/  0 h1.00 b0.91 lvl-10.59 d0.70   MATCH an opened book (cos -0.141, nearer by 1.41)
frame   322 :  a closed book -5.29  an opened book -16.66   led 225/  0 h1.00 b0.94 lvl-10.98 d0.80   MATCH an opened book (cos -0.142, nearer by 1.41)
frame   323 :  a closed book -5.10  an opened book -15.77   led 200/  0 h1.00 b0.90 lvl-10.43 d0.90   MATCH an opened book (cos -0.131, nearer by 1.41)
frame   324 :  a closed book -5.45  an opened book -15.96   led 212/  0 h1.00 b0.92 lvl-10.70 d1.00   MATCH an opened book (cos -0.139, nearer by 1.41)
frame   325 :  a closed book -6.01  an opened book -16.64   led 242/  0 h1.00 b0.98 lvl-11.32 d1.10   MATCH an opened book (cos -0.145, nearer by 1.41)
frame   326 :  a closed book -6.16  an opened book -16.65   led 246/  0 h1.00 b0.98 lvl-11.41 d2.70   MATCH an opened book (cos -0.140, nearer by 1.41)
frame   327 :  a closed book -6.62  an opened book -17.09   led 255/  0 h1.00 b1.00 lvl-11.86 d2.80   MATCH an opened book (cos -0.145, nearer by 1.41)
frame   328 :  a closed book -6.11  an opened book -16.15   led 232/  0 h1.00 b0.96 lvl-11.13 d2.60   MATCH an opened book (cos -0.132, nearer by 1.41)
frame   329 :  a closed book -5.94  an opened book -16.09   led 227/  0 h1.00 b0.95 lvl-11.02 d2.70   MATCH an opened book (cos -0.138, nearer by 1.41)
frame   330 :  a closed book -4.91  an opened book -14.53   led 170/  0 h1.00 b0.83 lvl-9.72 d2.80   MATCH an opened book (cos -0.122, nearer by 1.41)
frame   331 :  a closed book -5.20  an opened book -15.24   led 191/  0 h1.00 b0.88 lvl-10.22 d2.60   MATCH an opened book (cos -0.140, nearer by 1.41)
frame   332 :  a closed book -4.71  an opened book -14.51   led 166/  0 h1.00 b0.82 lvl-9.61 d2.70   MATCH an opened book (cos -0.127, nearer by 1.41)
frame   333 :  a closed book -4.79  an opened book -14.64   led 170/  0 h1.00 b0.83 lvl-9.72 d2.80   MATCH an opened book (cos -0.134, nearer by 1.41)
frame   334 :  a closed book -4.56  an opened book -14.55   led 164/  0 h1.00 b0.82 lvl-9.56 d2.60   MATCH an opened book (cos -0.132, nearer by 1.41)
frame   335 :  a closed book -4.92  an opened book -15.13   led 183/  0 h1.00 b0.86 lvl-10.02 d2.70   MATCH an opened book (cos -0.138, nearer by 1.41)
frame   336 :  a closed book -5.40  an opened book -15.75   led 207/  0 h1.00 b0.91 lvl-10.58 d2.80   MATCH an opened book (cos -0.141, nearer by 1.41)
frame   337 :  a closed book -5.98  an opened book -16.49   led 237/  0 h1.00 b0.97 lvl-11.23 d2.60   MATCH an opened book (cos -0.145, nearer by 1.41)
frame   338 :  a closed book -5.45  an opened book -15.47   led 201/  0 h1.00 b0.90 lvl-10.46 d0.90   MATCH an opened book (cos -0.129, nearer by 1.41)
frame   339 :  a closed book -5.57  an opened book -15.63   led 208/  0 h1.00 b0.91 lvl-10.60 d1.00   MATCH an opened book (cos -0.138, nearer by 1.41)
frame   340 :  a closed book -5.42  an opened book -15.55   led 203/  0 h1.00 b0.90 lvl-10.49 d1.10   MATCH an opened book (cos -0.136, nearer by 1.41)
frame   341 :  a closed book -4.97  an opened book -14.81   led 177/  0 h1.00 b0.85 lvl-9.89 d0.70   MATCH an opened book (cos -0.128, nearer by 1.41)
frame   342 :  a closed book -4.96  an opened book -14.79   led 176/  0 h1.00 b0.85 lvl-9.87 d0.80   MATCH an opened book (cos -0.133, nearer by 1.41)
frame   343 :  a closed book -4.44  an opened book -14.34   led 157/  0 h1.00 b0.80 lvl-9.39 d0.90   MATCH an opened book (cos -0.129, nearer by 1.41)
frame   344 :  a closed book -4.25  an opened book -14.49   led 156/  0 h1.00 b0.80 lvl-9.37 d1.00   MATCH an opened book (cos -0.133, nearer by 1.41)
frame   345 :  a closed book -4.62  an opened book -14.51   led 164/  0 h1.00 b0.82 lvl-9.57 d1.10   MATCH an opened book (cos -0.132, nearer by 1.41)
frame   346 :  a closed book -4.62  an opened book -14.54   led 165/  0 h1.00 b0.82 lvl-9.58 d0.70   MATCH an opened book (cos -0.133, nearer by 1.41)
frame   347 :  a closed book -4.52  an opened book -14.60   led 164/  0 h1.00 b0.82 lvl-9.56 d0.80   MATCH an opened book (cos -0.133, nearer by 1.41)
frame   348 :  a closed book -4.65  an opened book -13.87   led 152/  0 h1.00 b0.79 lvl-9.26 d0.90   MATCH an opened book (cos -0.125, nearer by 1.41)
frame   349 :  a closed book -5.16  an opened book -12.30   led  18/ 42 h0.41 b0.74 lvl-8.73 d1.00   MATCH a closed book (cos -0.094, nearer by 0.26)
frame   350 :  a closed book -5.00  an opened book -10.46   led   0/100 h0.00 b0.65 lvl-7.73 d1.10   MATCH a closed book (cos -0.083, nearer by 1.41)
frame   351 :  a closed book -5.85  an opened book -11.64   led   0/133 h0.00 b0.74 lvl-8.75 d0.70   MATCH a closed book (cos -0.103, nearer by 1.41)
frame   352 :  a closed book -8.03  an opened book -15.12   led  31/ 88 h0.38 b1.00 lvl-11.58 d0.80   MATCH a closed book (cos -0.138, nearer by 0.33)
frame   353 :  a closed book -8.85  an opened book -15.63   led  10/145 h0.23 b1.00 lvl-12.24 d0.90   MATCH a closed book (cos -0.125, nearer by 0.77)
frame   354 :  a closed book -8.15  an opened book -16.45   led 248/  0 h0.99 b1.00 lvl-12.30 d1.00   MATCH an opened book (cos -0.145, nearer by 1.38)
frame   355 :  a closed book -7.72  an opened book -15.71   led 170/  5 h0.83 b1.00 lvl-11.71 d1.10   MATCH an opened book (cos -0.132, nearer by 0.94)
frame   356 :  a closed book -6.83  an opened book -14.39   led  72/ 25 h0.62 b0.91 lvl-10.61 d0.70   MATCH an opened book (cos -0.123, nearer by 0.33)
frame   357 :  a closed book -6.32  an opened book -14.50   led 170/  1 h0.93 b0.89 lvl-10.41 d0.80   MATCH an opened book (cos -0.133, nearer by 1.21)
frame   358 :  a closed book -6.21  an opened book -13.75   led  61/ 23 h0.61 b0.86 lvl-9.98 d0.90   MATCH an opened book (cos -0.124, nearer by 0.31)
frame   359 :  a closed book -5.99  an opened book -13.76   led  86/ 10 h0.72 b0.85 lvl-9.87 d1.00   MATCH an opened book (cos -0.130, nearer by 0.63)
frame   360 :  a closed book -5.88  an opened book -13.86   led 115/  4 h0.82 b0.85 lvl-9.87 d1.10   MATCH an opened book (cos -0.131, nearer by 0.92)
frame   361 :  a closed book -5.97  an opened book -14.37   led 189/  0 h1.00 b0.87 lvl-10.17 d0.70   MATCH an opened book (cos -0.135, nearer by 1.41)
frame   362 :  a closed book -6.02  an opened book -14.37   led 190/  0 h1.00 b0.87 lvl-10.19 d0.80   MATCH an opened book (cos -0.132, nearer by 1.41)
frame   363 :  a closed book -6.21  an opened book -14.99   led 208/  0 h1.00 b0.91 lvl-10.60 d0.90   MATCH an opened book (cos -0.138, nearer by 1.41)
frame   364 :  a closed book -7.01  an opened book -15.98   led 250/  0 h1.00 b0.99 lvl-11.49 d1.00   MATCH an opened book (cos -0.144, nearer by 1.41)
frame   365 :  a closed book -6.51  an opened book -15.20   led 219/  0 h1.00 b0.93 lvl-10.86 d1.10   MATCH an opened book (cos -0.129, nearer by 1.41)
frame   366 :  a closed book -6.33  an opened book -14.65   led 201/  0 h1.00 b0.90 lvl-10.49 d2.80   MATCH an opened book (cos -0.129, nearer by 1.40)
frame   367 :  a closed book -6.48  an opened book -15.09   led 216/  0 h1.00 b0.93 lvl-10.78 d2.60   MATCH an opened book (cos -0.137, nearer by 1.41)
frame   368 :  a closed book -6.94  an opened book -15.76   led 243/  0 h1.00 b0.98 lvl-11.35 d2.70   MATCH an opened book (cos -0.142, nearer by 1.41)
frame   369 :  a closed book -6.86  an opened book -15.81   led 242/  0 h1.00 b0.98 lvl-11.33 d2.80   MATCH an opened book (cos -0.137, nearer by 1.41)
frame   370 :  a closed book -6.57  an opened book -16.17   led 244/  0 h1.00 b0.98 lvl-11.37 d2.60   MATCH an opened book (cos -0.141, nearer by 1.41)
frame   371 :  a closed book -6.36  an opened book -16.03   led 235/  0 h1.00 b0.96 lvl-11.19 d2.70   MATCH an opened book (cos -0.137, nearer by 1.41)
frame   372 :  a closed book -7.01  an opened book -16.62   led 255/  0 h1.00 b1.00 lvl-11.81 d2.80   MATCH an opened book (cos -0.144, nearer by 1.41)
frame   373 :  a closed book -6.44  an opened book -15.79   led 231/  0 h1.00 b0.96 lvl-11.11 d2.60   MATCH an opened book (cos -0.131, nearer by 1.41)
frame   374 :  a closed book -6.16  an opened book -15.85   led 226/  0 h1.00 b0.95 lvl-11.00 d2.70   MATCH an opened book (cos -0.138, nearer by 1.41)
frame   375 :  a closed book -6.06  an opened book -16.10   led 230/  0 h1.00 b0.95 lvl-11.08 d2.80   MATCH an opened book (cos -0.140, nearer by 1.41)
frame   376 :  a closed book -6.59  an opened book -16.50   led 253/  0 h1.00 b1.00 lvl-11.55 d2.60   MATCH an opened book (cos -0.142, nearer by 1.41)
frame   377 :  a closed book -5.85  an opened book -15.54   led 212/  0 h1.00 b0.92 lvl-10.69 d2.70   MATCH an opened book (cos -0.129, nearer by 1.41)
frame   378 :  a closed book -6.13  an opened book -15.95   led 228/  0 h1.00 b0.95 lvl-11.04 d0.90   MATCH an opened book (cos -0.140, nearer by 1.41)
frame   379 :  a closed book -6.39  an opened book -16.14   led 239/  0 h1.00 b0.97 lvl-11.26 d1.00   MATCH an opened book (cos -0.140, nearer by 1.41)
frame   380 :  a closed book -6.64  an opened book -16.41   led 252/  0 h1.00 b0.99 lvl-11.52 d1.10   MATCH an opened book (cos -0.141, nearer by 1.41)
frame   381 :  a closed book -6.08  an opened book -15.67   led 220/  0 h1.00 b0.94 lvl-10.87 d0.70   MATCH an opened book (cos -0.131, nearer by 1.41)
frame   382 :  a closed book -5.93  an opened book -15.59   led 215/  0 h1.00 b0.93 lvl-10.76 d0.80   MATCH an opened book (cos -0.136, nearer by 1.41)
frame   383 :  a closed book -6.18  an opened book -15.97   led 230/  0 h1.00 b0.95 lvl-11.08 d0.90   MATCH an opened book (cos -0.140, nearer by 1.41)
frame   384 :  a closed book -6.46  an opened book -15.78   led 232/  0 h1.00 b0.96 lvl-11.12 d1.00   MATCH an opened book (cos -0.136, nearer by 1.41)
frame   385 :  a closed book -5.71  an opened book -15.18   led 201/  0 h1.00 b0.90 lvl-10.44 d1.10   MATCH an opened book (cos -0.131, nearer by 1.41)
frame   386 :  a closed book -5.34  an opened book -14.91   led 187/  0 h1.00 b0.87 lvl-10.12 d0.70   MATCH an opened book (cos -0.132, nearer by 1.41)
frame   387 :  a closed book -5.54  an opened book -15.65   led 208/  0 h1.00 b0.91 lvl-10.60 d0.80   MATCH an opened book (cos -0.142, nearer by 1.41)
frame   388 :  a closed book -5.58  an opened book -14.59   led 185/  0 h1.00 b0.86 lvl-10.08 d0.90   MATCH an opened book (cos -0.125, nearer by 1.41)
frame   389 :  a closed book -7.47  an opened book -16.61   led 255/  0 h1.00 b1.00 lvl-12.04 d1.00   MATCH an opened book (cos -0.154, nearer by 1.41)
frame   390 :  a closed book -7.70  an opened book -13.60   led   0/210 h0.00 b0.92 lvl-10.65 d1.10   MATCH a closed book (cos -0.109, nearer by 1.41)
frame   391 :  a closed book -7.23  an opened book -10.64   led   0/140 h0.00 b0.76 lvl-8.94 d0.70   MATCH a closed book (cos -0.095, nearer by 1.41)
frame   392 :  a closed book -6.39  an opened book -8.92   led   0/ 98 h0.00 b0.65 lvl-7.65 d0.80   MATCH a closed book (cos -0.084, nearer by 1.41)
frame   393 :  a closed book -5.65  an opened book -7.78   led   0/ 72 h0.00 b0.56 lvl-6.71 d0.90   MATCH a closed book (cos -0.080, nearer by 1.41)
frame   394 :  a closed book -5.18  an opened book -6.25   led   0/ 49 h0.00 b0.47 lvl-5.72 d1.00   MATCH a closed book (cos -0.080, nearer by 1.41)
frame   395 :  a closed book -5.39  an opened book -5.53   led   0/ 44 h0.00 b0.45 lvl-5.46 d1.10   MATCH a closed book (cos -0.091, nearer by 1.41)
frame   396 :  a closed book -5.67  an opened book -6.11   led   0/ 53 h0.00 b0.49 lvl-5.89 d0.70   MATCH a closed book (cos -0.094, nearer by 1.41)
frame   397 :  a closed book -5.57  an opened book -5.75   led   0/ 48 h0.00 b0.47 lvl-5.66 d0.80   MATCH a closed book (cos -0.088, nearer by 1.41)
frame   398 :  a closed book -5.80  an opened book -5.93   led   0/ 52 h0.00 b0.49 lvl-5.86 d0.90   MATCH a closed book (cos -0.094, nearer by 1.41)
frame   399 :  an opened book -5.67  a closed book -5.98   led   0/ 51 h0.00 b0.48 lvl-5.82 d1.00   MATCH a closed book (cos -0.095, nearer by 1.41)
background: after 30 frames (frozen, room spread), this room reads  an opened book -0.079 +-0.0037 (COCO -0.151 +-0.0303)  a closed book -0.048 +-0.0074 (COCO -0.159 +-0.0351)
frame   400 :  a closed book -5.96  an opened book -6.03   led   0/ 55 h0.00 b0.50 lvl-5.99 d0.70   MATCH a closed book (cos -0.092, nearer by 1.41)
frame   401 :  an opened book -5.38  a closed book -5.48   led   0/ 43 h0.00 b0.45 lvl-5.43 d0.80   MATCH a closed book (cos -0.082, nearer by 1.41)
frame   402 :  an opened book -5.15  a closed book -5.45   led   0/ 41 h0.00 b0.43 lvl-5.30 d0.90   MATCH a closed book (cos -0.088, nearer by 1.41)
frame   403 :  an opened book -5.75  a closed book -6.29   led   0/ 55 h0.00 b0.50 lvl-6.02 d1.00   MATCH a closed book (cos -0.106, nearer by 1.41)
frame   404 :  an opened book -5.68  a closed book -6.30   led   0/ 55 h0.00 b0.50 lvl-5.99 d1.10   MATCH a closed book (cos -0.095, nearer by 1.41)
frame   405 :  an opened book -5.20  a closed book -5.74   led   0/ 44 h0.00 b0.45 lvl-5.47 d2.60   MATCH a closed book (cos -0.083, nearer by 1.41)
frame   406 :  an opened book -4.90  a closed book -5.70   led   0/ 41 h0.00 b0.43 lvl-5.30 d2.70   MATCH a closed book (cos -0.090, nearer by 1.41)
frame   407 :  an opened book -5.08  a closed book -5.63   led   0/ 42 h0.00 b0.44 lvl-5.36 d2.80   MATCH a closed book (cos -0.089, nearer by 1.41)
frame   408 :  an opened book -5.41  a closed book -6.16   led   0/ 50 h0.00 b0.48 lvl-5.78 d2.60   MATCH a closed book (cos -0.101, nearer by 1.41)
frame   409 :  an opened book -5.26  a closed book -5.76   led   0/ 45 h0.00 b0.45 lvl-5.51 d2.70   MATCH a closed book (cos -0.086, nearer by 1.41)
frame   410 :  an opened book -4.59  a closed book -5.43   led   0/ 36 h0.00 b0.41 lvl-5.01 d2.80   MATCH a closed book (cos -0.084, nearer by 1.41)
frame   411 :  an opened book -4.48  a closed book -5.42   led   0/ 35 h0.00 b0.40 lvl-4.95 d2.60   MATCH a closed book (cos -0.088, nearer by 1.41)
frame   412 :  an opened book -4.71  a closed book -5.60   led   0/ 38 h0.00 b0.42 lvl-5.16 d2.70   MATCH a closed book (cos -0.092, nearer by 1.41)
frame   413 :  an opened book -4.94  a closed book -5.45   led   0/ 39 h0.00 b0.43 lvl-5.19 d2.80   MATCH a closed book (cos -0.087, nearer by 1.41)
frame   414 :  an opened book -4.19  a closed book -5.33   led   0/ 31 h0.00 b0.39 lvl-4.76 d2.60   MATCH a closed book (cos -0.086, nearer by 1.41)
frame   415 :  an opened book -4.91  a closed book -5.40   led   0/ 38 h0.00 b0.42 lvl-5.15 d2.70   MATCH a closed book (cos -0.089, nearer by 1.41)
frame   416 :  a closed book -5.93  an opened book -6.02   led   0/ 54 h0.00 b0.50 lvl-5.97 d2.80   MATCH a closed book (cos -0.100, nearer by 1.41)
frame   417 :  a closed book -5.64  an opened book -5.66   led   0/ 48 h0.00 b0.47 lvl-5.65 d0.90   MATCH a closed book (cos -0.086, nearer by 1.41)
frame   418 :  an opened book -5.45  a closed book -5.65   led   0/ 46 h0.00 b0.46 lvl-5.55 d1.00   MATCH a closed book (cos -0.090, nearer by 1.41)
frame   419 :  an opened book -6.09  a closed book -6.13   led   0/ 57 h0.00 b0.51 lvl-6.11 d1.10   MATCH a closed book (cos -0.100, nearer by 1.41)
frame   420 :  an opened book -6.21  a closed book -6.39   led   0/ 62 h0.00 b0.52 lvl-6.30 d0.70   MATCH a closed book (cos -0.099, nearer by 1.41)
frame   421 :  an opened book -5.83  a closed book -5.87   led   0/ 52 h0.00 b0.48 lvl-5.85 d0.80   MATCH a closed book (cos -0.085, nearer by 1.41)
frame   422 :  an opened book -4.92  a closed book -5.15   led   0/ 36 h0.00 b0.41 lvl-5.04 d0.90   MATCH a closed book (cos -0.077, nearer by 1.41)
frame   423 :  an opened book -5.27  a closed book -5.62   led   0/ 43 h0.00 b0.45 lvl-5.44 d1.00   MATCH a closed book (cos -0.096, nearer by 1.41)
frame   424 :  an opened book -5.83  a closed book -6.18   led   0/ 55 h0.00 b0.50 lvl-6.01 d1.10   MATCH a closed book (cos -0.102, nearer by 1.41)
frame   425 :  an opened book -5.38  a closed book -6.11   led   0/ 49 h0.00 b0.47 lvl-5.74 d0.70   MATCH a closed book (cos -0.093, nearer by 1.41)
frame   426 :  an opened book -4.76  a closed book -5.55   led   0/ 38 h0.00 b0.42 lvl-5.15 d0.80   MATCH a closed book (cos -0.082, nearer by 1.41)

stopped   : 427 frames, 427 good, capture overlapped with the compute, configuration C
            427 frames timed, 321 ms/frame mean (capture included)
            304 ms encode + 0 ms waiting for the sensor + 16 ms burst; 332 ms/frame by the clock
            408 ms shutter to LED, arming with 71 ms of compute left
            last frame mean RGB 72 59 61
            camera bus: worst gap 24 us against the 2000 us deadline (#12)
            usb: 0 outages, 0 ms off the bus, 0 re-attaches (#9)
