frame   837 :  an opened book -0.87  a closed book -1.09   led   0/255 h0.00 lvl-0.98   -
frame   838 :  an opened book -1.06  a closed book -1.20   led   0/255 h0.00 lvl-1.13   -
frame   839 :  an opened book -0.97  a closed book -1.10   led   0/255 h0.00 lvl-1.04   -
frame   840 :  an opened book -0.49  a closed book -0.55   led   0/255 h0.00 lvl-0.52   -
frame   841 :  an opened book -0.97  a closed book -1.09   led   0/255 h0.00 lvl-1.03   -
frame   842 :  an opened book -0.60  a closed book -0.99   led   0/255 h0.00 lvl-0.79   -
frame   843 :  an opened book -0.75  a closed book -1.22   led   0/255 h0.00 lvl-0.98   -
frame   844 :  an opened book -1.15  a closed book -1.40   led   0/255 h0.00 lvl-1.27   -
frame   845 :  an opened book -0.79  a closed book -1.11   led   0/255 h0.00 lvl-0.95   -
frame   846 :  an opened book -1.02  a closed book -1.35   led   0/255 h0.00 lvl-1.19   -
frame   847 :  an opened book -0.88  a closed book -1.28   led   0/255 h0.00 lvl-1.08   -
frame   848 :  an opened book -1.28  a closed book -1.42   led   0/255 h0.00 lvl-1.35   -
frame   849 :  an opened book -1.43  a closed book -1.49   led   0/255 h0.00 lvl-1.46   -
frame   850 :  an opened book -1.09  a closed book -1.28   led   0/255 h0.00 lvl-1.19   -
frame   851 :  an opened book -0.86  a closed book -1.14   led   0/255 h0.00 lvl-1.00   -
frame   852 :  an opened book -0.48  a closed book -0.83   led   0/255 h0.00 lvl-0.65   -
frame   853 :  an opened book -0.62  a closed book -1.09   led   0/255 h0.00 lvl-0.86   -
frame   854 :  an opened book -1.34  a closed book -1.59   led   0/255 h0.00 lvl-1.47   -
frame   855 :  an opened book -1.04  a closed book -1.41   led   0/255 h0.00 lvl-1.23   -
frame   856 :  an opened book -1.03  a closed book -1.63   led   0/255 h0.00 lvl-1.33   -
frame   857 :  an opened book -0.84  a closed book -1.20   led   0/255 h0.00 lvl-1.02   -
frame   858 :  an opened book -0.96  a closed book -1.22   led   0/255 h0.00 lvl-1.09   -
frame   859 :  a closed book -1.29  an opened book -1.32   led   0/255 h0.00 lvl-1.30   -
frame   860 :  an opened book -1.18  a closed book -1.28   led   0/255 h0.00 lvl-1.23   -
frame   861 :  a closed book -1.10  an opened book -1.13   led   0/255 h0.00 lvl-1.11   -
frame   862 :  an opened book -1.02  a closed book -1.33   led   0/255 h0.00 lvl-1.17   -
frame   863 :  an opened book -0.93  a closed book -1.22   led   0/255 h0.00 lvl-1.08   -
frame   864 :  an opened book -0.81  a closed book -1.20   led   0/255 h0.00 lvl-1.00   -
frame   865 :  an opened book -1.17  a closed book -1.64   led   0/255 h0.00 lvl-1.40   -
frame   866 :  an opened book -0.73  a closed book -1.45   led   0/255 h0.00 lvl-1.09   -
frame   867 :  an opened book -1.28  a closed book -1.67   led   0/255 h0.00 lvl-1.47   -
frame   868 :  an opened book -1.53  a closed book -1.84   led   0/255 h0.00 lvl-1.69   -
frame   869 :  an opened book -1.24  a closed book -1.52   led   0/255 h0.00 lvl-1.38   -
frame   870 :  an opened book -1.46  a closed book -1.77   led   0/255 h0.00 lvl-1.61   -

[host] /dev/cu.usbmodem21101 vanished mid-run. That is what m9's watchdog reboot looks like from this end; the board should come back in a few seconds and say why. Following it.
[host] reattached on /dev/cu.usbmodem21101, DTR raised.

=== M9: fpga-open-vocab - describe it, the board spots it ===

clock     : 320 MHz requested; BOOTSEL is reachable for 1.5 s
clock     : 320 MHz system, core 1.25 V
reset     : chip_reset 00010000
            nothing new since the last banner - whatever reset the core left powman alone.
waiting for a bitstream on USB CDC (host/demo.py)
bitstream : 173124 bytes announced, crc32 0a2e9953
bitstream : received intact
configure : configured, CDONE high   CDONE=1 nSTATUS=0
crc       : DMA sniffer, calc=1 out_rev=1 out_inv=1
model     : 9 layers, 512-d embedding, 131072 B/buffer
weights   : 780720 B, crc32=0xF368CC6E  (126 ms to hash)

reference : encoder_fast on the flash test vector  (1585 ms)

link      : probing the wire by running the whole test vector over it
probe     : 3 forward data lines -> 512/512 floats exact, 269 ms
link      : configuration C, 3 forward data lines, 160.0 MHz

camera    : exposure ramp 91 92 93 92 92 91 92 93 92 90 87 83 79 77 72 68 68 67 71 85 102 110 112 113 114
camera    : live 128x128 RGB565, id 0x82, 16.0 MHz, expose 37 ms, read 16 ms, exposure settled after 25 frames
            mean RGB 116 113 116  (tuned camera on a neutral scene: about 115 107 105)

queries   : waiting for a query set on USB CDC (host/demo.py)
queries   : 2 accepted, 512-d, crc ok
            scored as z = (cos - background) / std, where the background is this room's
            own mean over its first 30 frames and is then FROZEN - so a thing left in
            shot keeps its score instead of decaying into the furniture. 'N' re-learns
            it, 'H' switches to tracking. The COCO figures below are only the seed for
            frame 0 and the fixed std.
            std is THIS ROOM's, measured over the same 30 frames ('S' switches to COCO's).
            The thresholds below still mean the 90th percentile of a background; the
            background they now mean it against is this room empty, not 5000 COCO photos.
            z is EMA-smoothed at 0.35 (~5 frames) before ranking, so a state has to
            persist for about two seconds to be called.
            an opened book       match above z 1.23   (COCO background -0.151 +- 0.030, so cos -0.114)
            a closed book        match above z 1.23   (COCO background -0.159 +- 0.035, so cos -0.116)

loop      : capture, 8 convs on the T8, pool and head, then one cosine per query. 'B' for BOOTSEL, 'R' to restart,
            'P' to dump the next frame for host/cam.py, 'V' to dump its 512 floats for host/caption.py,
            'E' to provoke a fault so D1 shows its fault display, 'H' to freeze/unfreeze the background,
            'S' to switch the spread between this room's and COCO's, 'W' to hang on purpose and see
            the watchdog name the stage, 'C' to stall the camera bus on purpose and see it cost one frame,
            'U' to drop off USB on purpose and watch it come back, 'I' to drop off and refuse to,
            'N' to forget it and learn it again from now. 'P' and 'V' together describe the same frame.
            'O' closes the timing window, prints it and flips the capture between overlapped and serial;
            'D' does the same and flips the trigger between late and at-the-collect, which is #14's A/B.
            scores are z against this room's background, ranked; '*' means over its threshold.
            '1'..'6' enrol the next 20 frames as that class, and press again on a LATER visit
            to fold a second one in - 2 visits is what makes the enrolment guard mean
            something. Two classes in and the board decides by nearest reference instead of
            by threshold, and calls a frame absent when it is further than 2.0 sep from every
            one of them - see M21. The empty scene is not enrolled and '0' does nothing; see #18.
            The first 30 frames set the baseline and it is then frozen, so anything left in
            shot KEEPS its score. Point the camera at the empty scene for those frames.
            Send a new set at any time to re-query - that resets the baseline too.

frame     0 :  a closed book +0.57  an opened book +0.53   led  48/ 64 h0.47 lvl+0.55   -
frame     1 :  a closed book +0.39  an opened book +0.33   led  20/110 h0.32 lvl+0.36   -
frame     2 :  a closed book +0.31  an opened book +0.28   led  12/135 h0.25 lvl+0.30   -
frame     3 :  a closed book +0.31  an opened book +0.28   led  12/135 h0.25 lvl+0.29   -
frame     4 :  a closed book +0.32  an opened book +0.24   led  13/131 h0.26 lvl+0.28   -
frame     5 :  a closed book +0.18  an opened book +0.11   led   4/181 h0.14 lvl+0.14   -
frame     6 :  a closed book +0.10  an opened book +0.04   led   1/213 h0.08 lvl+0.07   -
frame     7 :  a closed book +0.07  an opened book -0.01   led   0/225 h0.06 lvl+0.03   -
background: after 8 frames (warming up, room spread), this room reads  an opened book -0.102 +-0.0043 (COCO -0.151 +-0.0303)  a closed book -0.095 +-0.0058 (COCO -0.159 +-0.0351)
frame     8 :  a closed book +0.05  an opened book -0.04   led   0/234 h0.04 lvl+0.00   -
frame     9 :  a closed book -0.32  an opened book -0.33   led   0/255 h0.00 lvl-0.33   -
frame    10 :  a closed book -0.40  an opened book -0.57   led   0/255 h0.00 lvl-0.48   -
frame    11 :  a closed book -0.15  an opened book -0.50   led   0/255 h0.00 lvl-0.33   -
frame    12 :  a closed book -0.15  an opened book -0.39   led   0/255 h0.00 lvl-0.27   -
frame    13 :  an opened book +0.13  a closed book +0.03   led   2/201 h0.10 lvl+0.08   -
frame    14 :  a closed book +0.15  an opened book -0.29   led   2/193 h0.12 lvl-0.07   -
frame    15 :  a closed book -0.25  an opened book -0.37   led   0/255 h0.00 lvl-0.31   -
frame    16 :  a closed book -0.05  an opened book -0.19   led   0/255 h0.00 lvl-0.12   -
frame    17 :  a closed book -0.21  an opened book -0.46   led   0/255 h0.00 lvl-0.34   -
frame    18 :  a closed book -0.04  an opened book -0.30   led   0/255 h0.00 lvl-0.17   -
frame    19 :  a closed book -0.06  an opened book -0.20   led   0/255 h0.00 lvl-0.13   -
frame    20 :  a closed book -0.26  an opened book -0.39   led   0/255 h0.00 lvl-0.32   -
frame    21 :  a closed book -0.07  an opened book -0.37   led   0/255 h0.00 lvl-0.22   -
frame    22 :  a closed book +0.39  an opened book -0.42   led  20/111 h0.31 lvl-0.02   -
frame    23 :  a closed book +0.69  an opened book -0.29   led  72/ 41 h0.56 lvl+0.20   -
frame    24 :  a closed book +0.39  an opened book +0.06   led  20/110 h0.32 lvl+0.23   -
frame    25 :  a closed book +0.35  an opened book -0.16   led  16/123 h0.28 lvl+0.09   -
frame    26 :  a closed book +0.94  an opened book +0.93   led 142/ 10 h0.77 lvl+0.94   -
frame    27 :  an opened book +0.69  a closed book +0.52   led  71/ 42 h0.56 lvl+0.60   -
frame    28 :  an opened book +0.48  a closed book +0.31   led  33/ 85 h0.39 lvl+0.40   -
frame    29 :  an opened book +0.61  a closed book +0.52   led  55/ 56 h0.50 lvl+0.57   -
frame    30 :  a closed book +0.10  an opened book -0.10   led   1/213 h0.08 lvl-0.00   -
frame    31 :  a closed book +0.24  an opened book -0.00   led   7/159 h0.19 lvl+0.12   -
frame    32 :  a closed book +0.05  an opened book -0.09   led   0/232 h0.04 lvl-0.02   -
frame    33 :  an opened book +0.68  a closed book +0.54   led  70/ 43 h0.56 lvl+0.61   -
frame    34 :  a closed book +0.07  an opened book +0.04   led   0/224 h0.06 lvl+0.05   -
frame    35 :  an opened book +0.10  a closed book -0.08   led   1/212 h0.08 lvl+0.01   -
frame    36 :  an opened book -0.37  a closed book -0.56   led   0/255 h0.00 lvl-0.47   -
frame    37 :  an opened book -0.72  a closed book -0.84   led   0/255 h0.00 lvl-0.78   -
frame    38 :  an opened book -0.61  a closed book -0.63   led   0/255 h0.00 lvl-0.62   -
frame    39 :  a closed book -0.18  an opened book -0.26   led   0/255 h0.00 lvl-0.22   -
frame    40 :  an opened book -0.13  a closed book -0.17   led   0/255 h0.00 lvl-0.15   -
frame    41 :  a closed book -0.37  an opened book -0.72   led   0/255 h0.00 lvl-0.54   -
frame    42 :  a closed book +0.04  an opened book -0.46   led   0/239 h0.03 lvl-0.21   -
frame    43 :  a closed book -0.16  an opened book -0.49   led   0/255 h0.00 lvl-0.32   -
frame    44 :  a closed book -0.24  an opened book -0.64   led   0/255 h0.00 lvl-0.44   -
frame    45 :  a closed book -0.44  an opened book -0.52   led   0/255 h0.00 lvl-0.48   -
frame    46 :  a closed book -0.61  an opened book -0.85   led   0/255 h0.00 lvl-0.73   -
frame    47 :  a closed book -1.11  an opened book -1.51   led   0/255 h0.00 lvl-1.31   -
frame    48 :  a closed book -0.48  an opened book -0.98   led   0/255 h0.00 lvl-0.73   -
frame    49 :  a closed book -0.32  an opened book -0.78   led   0/255 h0.00 lvl-0.55   -
frame    50 :  a closed book +0.32  an opened book -0.16   led  13/133 h0.26 lvl+0.08   -
frame    51 :  a closed book +0.15  an opened book -0.35   led   3/191 h0.12 lvl-0.10   -
frame    52 :  a closed book +0.36  an opened book +0.31   led  18/118 h0.30 lvl+0.34   -
frame    53 :  a closed book +0.19  an opened book +0.11   led   4/177 h0.15 lvl+0.15   -
frame    54 :  an opened book +0.54  a closed book +0.50   led  42/ 72 h0.44 lvl+0.52   -
frame    55 :  a closed book +0.50  an opened book +0.42   led  35/ 81 h0.41 lvl+0.46   -
frame    56 :  a closed book +0.03  an opened book -0.09   led   0/239 h0.03 lvl-0.03   -
frame    57 :  a closed book -0.42  an opened book -0.56   led   0/255 h0.00 lvl-0.49   -
frame    58 :  a closed book -0.05  an opened book -0.39   led   0/255 h0.00 lvl-0.22   -
frame    59 :  a closed book -0.14  an opened book -0.61   led   0/255 h0.00 lvl-0.38   -
frame    60 :  a closed book -0.31  an opened book -0.52   led   0/255 h0.00 lvl-0.41   -
frame    61 :  an opened book +0.21  a closed book -0.13   led   5/169 h0.17 lvl+0.04   -
frame    62 :  an opened book +0.14  a closed book +0.00   led   2/196 h0.11 lvl+0.07   -
frame    63 :  an opened book -0.14  a closed book -0.24   led   0/255 h0.00 lvl-0.19   -
frame    64 :  a closed book +0.04  an opened book -0.22   led   0/235 h0.04 lvl-0.09   -
frame    65 :  a closed book -0.05  an opened book -0.44   led   0/255 h0.00 lvl-0.24   -
frame    66 :  a closed book +0.46  an opened book -0.26   led  30/ 90 h0.38 lvl+0.10   -
frame    67 :  a closed book +0.20  an opened book -0.41   led   5/172 h0.16 lvl-0.11   -
frame    68 :  a closed book +0.25  an opened book -0.11   led   8/155 h0.20 lvl+0.07   -
frame    69 :  an opened book -0.11  a closed book -0.15   led   0/255 h0.00 lvl-0.13   -
frame    70 :  an opened book -0.00  a closed book -0.17   led   0/255 h0.00 lvl-0.09   -
frame    71 :  an opened book +0.60  a closed book +0.33   led  52/ 59 h0.49 lvl+0.46   -
frame    72 :  an opened book +0.18  a closed book -0.09   led   4/180 h0.15 lvl+0.04   -
frame    73 :  an opened book -0.48  a closed book -0.57   led   0/255 h0.00 lvl-0.53   -
frame    74 :  an opened book +0.16  a closed book -0.18   led   3/187 h0.13 lvl-0.01   -
frame    75 :  an opened book +0.12  a closed book -0.24   led   1/205 h0.09 lvl-0.06   -
frame    76 :  an opened book +0.34  a closed book -0.09   led  15/125 h0.28 lvl+0.13   -
frame    77 :  an opened book +0.26  a closed book +0.25   led   8/152 h0.21 lvl+0.25   -
frame    78 :  an opened book +0.46  a closed book +0.36   led  29/ 92 h0.37 lvl+0.41   -
frame    79 :  a closed book -0.04  an opened book -0.18   led   0/255 h0.00 lvl-0.11   -
frame    80 :  a closed book +0.04  an opened book -0.24   led   0/237 h0.03 lvl-0.10   -
frame    81 :  a closed book -0.47  an opened book -0.77   led   0/255 h0.00 lvl-0.62   -
frame    82 :  a closed book -0.55  an opened book -0.85   led   0/255 h0.00 lvl-0.70   -
frame    83 :  a closed book -0.14  an opened book -0.41   led   0/255 h0.00 lvl-0.27   -
frame    84 :  an opened book -0.19  a closed book -0.23   led   0/255 h0.00 lvl-0.21   -
frame    85 :  an opened book -0.04  a closed book -0.22   led   0/255 h0.00 lvl-0.13   -
frame    86 :  an opened book +0.31  a closed book -0.13   led  13/134 h0.25 lvl+0.09   -
frame    87 :  an opened book +0.54  a closed book +0.20   led  42/ 71 h0.44 lvl+0.37   -
frame    88 :  an opened book +0.41  a closed book -0.07   led  23/104 h0.33 lvl+0.17   -
frame    89 :  an opened book +0.52  a closed book +0.16   led  38/ 76 h0.42 lvl+0.34   -
frame    90 :  an opened book +0.11  a closed book -0.22   led   1/209 h0.09 lvl-0.06   -
frame    91 :  an opened book +0.67  a closed book +0.45   led  66/ 46 h0.54 lvl+0.56   -
frame    92 :  an opened book +0.44  a closed book +0.25   led  27/ 96 h0.36 lvl+0.35   -
frame    93 :  an opened book -0.10  a closed book -0.19   led   0/255 h0.00 lvl-0.15   -
frame    94 :  a closed book -0.19  an opened book -0.23   led   0/255 h0.00 lvl-0.21   -
frame    95 :  a closed book -0.39  an opened book -0.61   led   0/255 h0.00 lvl-0.50   -
frame    96 :  a closed book -0.13  an opened book -0.39   led   0/255 h0.00 lvl-0.26   -
frame    97 :  a closed book +0.28  an opened book -0.16   led  10/143 h0.23 lvl+0.06   -
frame    98 :  a closed book -0.24  an opened book -0.62   led   0/255 h0.00 lvl-0.43   -
frame    99 :  a closed book +0.13  an opened book -0.33   led   2/201 h0.10 lvl-0.10   -
background: after 30 frames (frozen, room spread), this room reads  an opened book -0.103 +-0.0032 (COCO -0.151 +-0.0303)  a closed book -0.095 +-0.0039 (COCO -0.159 +-0.0351)
frame   100 :  a closed book +0.19  an opened book -0.15   led   4/175 h0.16 lvl+0.02   -
frame   101 :  a closed book +0.19  an opened book -0.14   led   4/175 h0.16 lvl+0.03   -
frame   102 :  a closed book +0.05  an opened book -0.21   led   0/232 h0.04 lvl-0.08   -
frame   103 :  a closed book +0.37  an opened book +0.14   led  19/115 h0.30 lvl+0.26   -
