
=== Does 0x07 bit 0 fire an I2C read, or clear a FIFO id? (#33) ===

clock     : 320 MHz sys
sensor id : 0x82

-- bring-up --
  sensor id : 0x82  (legacy table)
  firmware  : 2023-03-03, fpga rev 32
  luma before anything is fired: 64

-- the space at rest, three dumps, nothing fired --
  registers that moved on their own: none

-- stage A: fire a read at 12 addresses, three visits, up down up --
  visit 0 done
  visit 1 done
  visit 2 done

  reg    per-address means, all 12              spread   scatter  retrace
  0b^    00 00 00 00 00 00 00 30 30 30 30 31    49       0        yes   (the probe writes this one)
  0c^    00 01 02 03 0a 1c 1d 00 02 0a 0b 00    29       0        yes   (the probe writes this one)
  48     00 00 00 00 00 00 00 00 00 36 4c 02    76       0        yes   <- A1 and A2

  the space is 7 bits: 0x80-0xff mirrored 0x00-0x7f in all of 4608 reads

-- did firing it break the capture path? --
  luma after 36 fires: 89

  stage A names register 0x48.

-- stage B: does anything read through it track an exposure we control? --
  exposure 0x00010 -> luma 97,  0x00200 -> luma 100

  512 addresses swept from 0x3400. Only the ones that moved:

  sensor   at low exp     at high exp    verdict

  0 tracked, 0 unstable, 512 unchanged and not listed.

RESULT : stage A named 0x48 and stage B found NOTHING that tracks a value this
         board controls. That is an artefact, not a readback. Do not adopt
         0x48, and THE AWB ARM STAYS BLOCKED.
