
=== M9: fpga-open-vocab - describe it, the board spots it ===

clock     : 320 MHz requested; BOOTSEL is reachable for 1.5 s
clock     : 320 MHz system, core 1.25 V
reset     : chip_reset 00010000
            nothing new since the last banner - whatever reset the core left powman alone.
waiting for a bitstream on USB CDC (host/demo.py)
bitstream : 173124 bytes announced, crc32 0a2e9953
bitstream : received intact
configure : configured, CDONE high   CDONE=1 nSTATUS=0
crc       : DMA sniffer, calc=1 out_rev=1 out_inv=1
model     : 9 layers, 512-d embedding, 131072 B/buffer
weights   : 780720 B, crc32=0xF368CC6E  (126 ms to hash)

reference : encoder_fast on the flash test vector  (1583 ms)

link      : probing the wire by running the whole test vector over it
probe     : 3 forward data lines -> 512/512 floats exact, 272 ms
link      : configuration C, 3 forward data lines, 160.0 MHz

camera    : exposure ramp 82 94 104 114 122 131 132 133 134 134 135 136
camera    : live 128x128 RGB565, id 0x82, 16.0 MHz, expose 37 ms, read 16 ms, exposure settled after 12 frames
            mean RGB 135 137 137  (tuned camera on a neutral scene: about 115 107 105)

queries   : waiting for a query set on USB CDC (host/demo.py)
queries   : 2 accepted, 512-d, crc ok
            level axis carries 0.95 of one query's swing; most opposed pair +0.810
            scored as z = (cos - background) / std, where the background is this room's
            own mean over its first 30 frames and is then FROZEN - so a thing left in
            shot keeps its score instead of decaying into the furniture. 'N' re-learns
            it, 'H' switches to tracking. The COCO figures below are only the seed for
            frame 0 and the fixed std.
            std is THIS ROOM's, measured over the same 30 frames ('S' switches to COCO's).
            The thresholds below still mean the 90th percentile of a background; the
            background they now mean it against is this room empty, not 5000 COCO photos.
            a closed book        match above z 1.23   (COCO background -0.159 +- 0.035, so cos -0.116)
            an opened book       match above z 1.23   (COCO background -0.151 +- 0.030, so cos -0.114)

loop      : capture, 8 convs on the T8, pool and head, then one cosine per query. 'B' for BOOTSEL, 'R' to restart,
            'P' to dump the next frame for host/cam.py, 'V' to dump its 512 floats for host/caption.py,
            'E' to provoke a fault so D1 shows its fault display, 'H' to freeze/unfreeze the background,
            'S' to switch the spread between this room's and COCO's, 'W' to hang on purpose and see
            the watchdog name the stage, 'C' to stall the camera bus on purpose and see it cost one frame,
            'U' to drop off USB on purpose and watch it come back, 'I' to drop off and refuse to,
            'N' to forget it and learn it again from now. 'P' and 'V' together describe the same frame.
            'O' closes the timing window, prints it and flips the capture between overlapped and serial;
            'D' does the same and flips the trigger between late and at-the-collect, which is #14's A/B.
            'L' freezes exposure and gain, then on a second press the white balance too - which goes green,
            and is the control. A third restores all three. Issue #30, and the one hotkey whose answer depends on when you press it.
            scores are z against this room's background, ranked; '*' means over its threshold.
            '1'..'6' enrol the next 20 frames as that class, and press again on a LATER visit
            to fold a second one in - 2 visits is what makes the enrolment guard mean
            something. Two classes in and the board decides by nearest reference instead of
            by threshold - see M21.
            '0' ENROLS THE EMPTY SCENE the same way, and it is worth a visit: with one, a frame
            is absent when the empty reference is the nearest of the three and no radius is
            involved. Without one the board falls back to the band - absent beyond 2.0 sep
            from every class - which scores 54.6% over 28 benches against the third reference's
            79.1%, because with two queries that band is an interval the empty scene can sit
            inside. #18.
            The first 30 frames set the baseline and it is then frozen, so anything left in
            shot KEEPS its score. Point the camera at the empty scene for those frames.
            Send a new set at any time to re-query - that resets the baseline too.

frame     0 :  a closed book +1.17  an opened book +0.91   led 227/  0 h0.95 lvl+1.04   -
frame     1 :  a closed book +0.02  an opened book -0.08   led   0/244 h0.02 lvl-0.03   -
frame     2 :  a closed book +0.32  an opened book +0.20   led  13/131 h0.26 lvl+0.26   -
frame     3 :  a closed book -0.08  an opened book -0.11   led   0/255 h0.00 lvl-0.09   -
frame     4 :  an opened book -0.28  a closed book -0.32   led   0/255 h0.00 lvl-0.30   -
frame     5 :  a closed book +0.20  an opened book +0.05   led   5/173 h0.16 lvl+0.12   -
frame     6 :  an opened book +0.04  a closed book +0.01   led   0/237 h0.03 lvl+0.02   -
frame     7 :  a closed book -0.15  an opened book -0.17   led   0/255 h0.00 lvl-0.16   -
background: after 8 frames (warming up, room spread), this room reads  a closed book -0.117 +-0.0061 (COCO -0.159 +-0.0351)  an opened book -0.125 +-0.0042 (COCO -0.151 +-0.0303)
frame     8 :  a closed book -0.17  an opened book -1.54   led   0/255 h0.00 lvl-0.85   -
frame     9 :  a closed book -0.96  an opened book -0.98   led   0/255 h0.00 lvl-0.97   -
frame    10 :  a closed book +0.08  an opened book -0.85   led   1/221 h0.06 lvl-0.39   -
frame    11 :  a closed book -0.39  an opened book -1.46   led   0/255 h0.00 lvl-0.93   -
frame    12 :  an opened book +0.63  a closed book +0.51   led  59/ 52 h0.51 lvl+0.57   -
frame    13 :  a closed book +0.90  an opened book -0.42   led 129/ 14 h0.73 lvl+0.24   -
frame    14 :  an opened book +1.51*  a closed book +0.49   led 255/  0 h1.00 lvl+1.00   MATCH an opened book (cos -0.121)
frame    15 :  an opened book +1.13  a closed book +0.36   led 211/  1 h0.92 lvl+0.74   -
frame    16 :  an opened book +1.42*  a closed book +1.39*   led 255/  0 h1.00 lvl+1.41   MATCH an opened book (cos -0.120)
frame    17 :  a closed book +1.34*  an opened book +1.26*   led 255/  0 h1.00 lvl+1.30   MATCH a closed book (cos -0.110)
frame    18 :  a closed book -1.19  an opened book -1.26   led   0/255 h0.00 lvl-1.22   -
frame    19 :  an opened book +0.01  a closed book -0.31   led   0/249 h0.01 lvl-0.15   -
frame    20 :  an opened book +0.65  a closed book +0.42   led  64/ 48 h0.53 lvl+0.54   -
frame    21 :  an opened book -0.67  a closed book -0.76   led   0/255 h0.00 lvl-0.71   -
frame    22 :  a closed book -0.20  an opened book -0.35   led   0/255 h0.00 lvl-0.28   -
frame    23 :  an opened book +0.32  a closed book +0.11   led  13/132 h0.26 lvl+0.21   -
frame    24 :  an opened book +0.84  a closed book +0.42   led 111/ 20 h0.69 lvl+0.63   -
frame    25 :  a closed book -0.38  an opened book -0.77   led   0/255 h0.00 lvl-0.57   -
frame    26 :  an opened book -1.31  a closed book -1.61   led   0/255 h0.00 lvl-1.46   -
frame    27 :  an opened book -0.38  a closed book -0.48   led   0/255 h0.00 lvl-0.43   -
frame    28 :  a closed book +2.27*  an opened book +1.93*   led 255/  0 h1.00 lvl+2.10   MATCH a closed book (cos -0.107)
frame    29 :  an opened book -0.32  a closed book -0.41   led   0/255 h0.00 lvl-0.36   -
frame    30 :  a closed book +0.19  an opened book -0.15   led   4/177 h0.15 lvl+0.02   -
frame    31 :  a closed book +0.87  an opened book +0.21   led 121/ 17 h0.71 lvl+0.54   -
frame    32 :  an opened book +0.39  a closed book +0.07   led  21/109 h0.32 lvl+0.23   -
frame    33 :  an opened book +0.50  a closed book +0.10   led  35/ 81 h0.41 lvl+0.30   -
frame    34 :  a closed book +0.28  an opened book +0.07   led  10/144 h0.23 lvl+0.17   -
frame    35 :  a closed book +0.02  an opened book -0.43   led   0/246 h0.02 lvl-0.20   -
frame    36 :  a closed book -0.29  an opened book -0.90   led   0/255 h0.00 lvl-0.59   -
frame    37 :  an opened book -0.72  a closed book -1.04   led   0/255 h0.00 lvl-0.88   -
frame    38 :  a closed book +1.11  an opened book +0.76   led 203/  2 h0.90 lvl+0.93   -
frame    39 :  a closed book -0.17  an opened book -0.54   led   0/255 h0.00 lvl-0.36   -
frame    40 :  a closed book -0.68  an opened book -1.30   led   0/255 h0.00 lvl-0.99   -
frame    41 :  a closed book -0.04  an opened book -1.00   led   0/255 h0.00 lvl-0.52   -
frame    42 :  a closed book -0.59  an opened book -1.06   led   0/255 h0.00 lvl-0.82   -
frame    43 :  a closed book +0.52  an opened book +0.35   led  39/ 76 h0.42 lvl+0.44   -
frame    44 :  an opened book -2.52  a closed book -2.63   led   0/255 h0.00 lvl-2.58   -
frame    45 :  a closed book +0.44  an opened book -0.51   led  27/ 96 h0.36 lvl-0.03   -
frame    46 :  an opened book +0.38  a closed book +0.30   led  19/113 h0.31 lvl+0.34   -
frame    47 :  a closed book +0.29  an opened book +0.03   led  11/141 h0.24 lvl+0.16   -
frame    48 :  an opened book +1.08  a closed book +1.05   led 192/  2 h0.88 lvl+1.07   -
frame    49 :  a closed book +0.74  an opened book +0.15   led  82/ 34 h0.60 lvl+0.44   -
frame    50 :  a closed book +0.15  an opened book -0.67   led   2/193 h0.12 lvl-0.26   -
frame    51 :  an opened book -0.09  a closed book -0.69   led   0/255 h0.00 lvl-0.39   -
frame    52 :  an opened book +0.04  a closed book -0.79   led   0/239 h0.03 lvl-0.38   -
frame    53 :  a closed book +1.34*  an opened book +0.93   led 255/  0 h1.00 lvl+1.13   MATCH a closed book (cos -0.110)
frame    54 :  a closed book +1.10  an opened book +0.67   led 198/  2 h0.89 lvl+0.88   -
frame    55 :  a closed book -0.64  an opened book -1.00   led   0/255 h0.00 lvl-0.82   -
frame    56 :  a closed book -0.30  an opened book -0.70   led   0/255 h0.00 lvl-0.50   -
frame    57 :  an opened book +1.06  a closed book +1.05   led 183/  3 h0.86 lvl+1.06   -
frame    58 :  a closed book -1.09  an opened book -1.35   led   0/255 h0.00 lvl-1.22   -
frame    59 :  a closed book -0.63  an opened book -1.24   led   0/255 h0.00 lvl-0.93   -
frame    60 :  an opened book +2.07*  a closed book +1.15   led 255/  0 h1.00 lvl+1.61   MATCH an opened book (cos -0.117)
frame    61 :  a closed book +0.41  an opened book +0.07   led  23/104 h0.33 lvl+0.24   -
frame    62 :  an opened book +1.30*  a closed book +0.98   led 255/  0 h1.00 lvl+1.14   MATCH an opened book (cos -0.120)
frame    63 :  a closed book +0.04  an opened book -0.47   led   0/237 h0.03 lvl-0.21   -
frame    64 :  a closed book -1.61  an opened book -1.86   led   0/255 h0.00 lvl-1.74   -
frame    65 :  a closed book +0.16  an opened book -1.32   led   3/186 h0.13 lvl-0.58   -
frame    66 :  an opened book +0.48  a closed book -0.38   led  33/ 85 h0.39 lvl+0.05   -
frame    67 :  a closed book +1.56*  an opened book +1.19   led 255/  0 h1.00 lvl+1.38   MATCH a closed book (cos -0.109)
frame    68 :  an opened book -0.08  a closed book -0.10   led   0/255 h0.00 lvl-0.09   -
frame    69 :  a closed book -1.07  an opened book -1.20   led   0/255 h0.00 lvl-1.13   -
frame    70 :  a closed book +2.10*  an opened book +1.72*   led 255/  0 h1.00 lvl+1.91   MATCH a closed book (cos -0.107)
frame    71 :  a closed book -0.47  an opened book -0.70   led   0/255 h0.00 lvl-0.59   -
frame    72 :  an opened book -0.43  a closed book -0.43   led   0/255 h0.00 lvl-0.43   -
frame    73 :  a closed book +0.68  an opened book +0.20   led  69/ 44 h0.55 lvl+0.44   -
frame    74 :  an opened book +0.65  a closed book -0.02   led  63/ 48 h0.53 lvl+0.32   -
frame    75 :  an opened book +0.66  a closed book +0.63   led  64/ 47 h0.53 lvl+0.64   -
frame    76 :  a closed book +1.19  an opened book +0.61   led 236/  0 h0.97 lvl+0.90   -
frame    77 :  an opened book +0.08  a closed book -0.70   led   1/220 h0.06 lvl-0.31   -
frame    78 :  a closed book -0.76  an opened book -0.81   led   0/255 h0.00 lvl-0.78   -
frame    79 :  an opened book -0.03  a closed book -0.11   led   0/255 h0.00 lvl-0.07   -
frame    80 :  a closed book +0.39  an opened book +0.17   led  20/110 h0.32 lvl+0.28   -
frame    81 :  an opened book -0.26  a closed book -0.81   led   0/255 h0.00 lvl-0.53   -
frame    82 :  a closed book +0.16  an opened book -0.40   led   3/186 h0.13 lvl-0.12   -
frame    83 :  a closed book -0.45  an opened book -0.60   led   0/255 h0.00 lvl-0.53   -
frame    84 :  a closed book -0.49  an opened book -0.83   led   0/255 h0.00 lvl-0.66   -
frame    85 :  a closed book +1.90*  an opened book +1.25*   led 255/  0 h1.00 lvl+1.58   MATCH a closed book (cos -0.108)
frame    86 :  a closed book +0.14  an opened book -0.15   led   2/196 h0.11 lvl-0.01   -
frame    87 :  an opened book -0.17  a closed book -0.66   led   0/255 h0.00 lvl-0.42   -
frame    88 :  an opened book +0.23  a closed book -0.18   led   6/162 h0.19 lvl+0.03   -
frame    89 :  a closed book +0.51  an opened book +0.22   led  37/ 78 h0.41 lvl+0.37   -
frame    90 :  a closed book -1.11  an opened book -1.50   led   0/255 h0.00 lvl-1.31   -
frame    91 :  an opened book +0.27  a closed book +0.08   led   9/149 h0.22 lvl+0.18   -
frame    92 :  a closed book -0.55  an opened book -1.01   led   0/255 h0.00 lvl-0.78   -
frame    93 :  a closed book +0.17  an opened book -0.27   led   3/183 h0.14 lvl-0.05   -
frame    94 :  a closed book +0.86  an opened book +0.66   led 116/ 18 h0.70 lvl+0.76   -
frame    95 :  an opened book -1.06  a closed book -1.86   led   0/255 h0.00 lvl-1.46   -
frame    96 :  an opened book +0.53  a closed book +0.49   led  39/ 75 h0.43 lvl+0.51   -
frame    97 :  a closed book -1.01  an opened book -1.33   led   0/255 h0.00 lvl-1.17   -
frame    98 :  a closed book -1.23  an opened book -1.81   led   0/255 h0.00 lvl-1.52   -
frame    99 :  an opened book -0.83  a closed book -1.11   led   0/255 h0.00 lvl-0.97   -
background: after 30 frames (frozen, room spread), this room reads  a closed book -0.116 +-0.0046 (COCO -0.159 +-0.0351)  an opened book -0.126 +-0.0043 (COCO -0.151 +-0.0303)
frame   100 :  a closed book +0.92  an opened book +0.64   led 135/ 12 h0.75 lvl+0.78   -
frame   101 :  a closed book +0.61  an opened book +0.08   led  54/ 57 h0.49 lvl+0.34   -
frame   102 :  a closed book -0.72  an opened book -1.01   led   0/255 h0.00 lvl-0.86   -
frame   103 :  an opened book -0.65  a closed book -0.66   led   0/255 h0.00 lvl-0.66   -
frame   104 :  an opened book +0.82  a closed book +0.15   led 105/ 23 h0.67 lvl+0.48   -
frame   105 :  a closed book +0.61  an opened book +0.02   led  54/ 57 h0.49 lvl+0.31   -
frame   106 :  a closed book +0.30  an opened book +0.07   led  12/136 h0.25 lvl+0.18   -
frame   107 :  a closed book -0.79  an opened book -1.04   led   0/255 h0.00 lvl-0.91   -
frame   108 :  a closed book -0.75  an opened book -1.03   led   0/255 h0.00 lvl-0.89   -
frame   109 :  a closed book +0.41  an opened book -0.53   led  22/105 h0.33 lvl-0.06   -
frame   110 :  a closed book +1.16  an opened book +0.32   led 223/  1 h0.94 lvl+0.74   -
frame   111 :  a closed book -0.31  an opened book -0.34   led   0/255 h0.00 lvl-0.33   -
frame   112 :  a closed book +1.44*  an opened book +0.63   led 255/  0 h1.00 lvl+1.04   MATCH a closed book (cos -0.110)
frame   113 :  a closed book -0.16  an opened book -0.63   led   0/255 h0.00 lvl-0.40   -
frame   114 :  an opened book +0.75  a closed book +0.67   led  87/ 32 h0.61 lvl+0.71   -
frame   115 :  a closed book +1.14  an opened book +0.89   led 215/  1 h0.92 lvl+1.01   -
frame   116 :  a closed book -1.03  an opened book -1.48   led   0/255 h0.00 lvl-1.25   -
frame   117 :  an opened book -0.83  a closed book -0.89   led   0/255 h0.00 lvl-0.86   -
frame   118 :  a closed book -0.67  an opened book -1.27   led   0/255 h0.00 lvl-0.97   -
frame   119 :  an opened book +1.17  a closed book +0.46   led 227/  0 h0.95 lvl+0.81   -
frame   120 :  an opened book +0.78  a closed book +0.51   led  94/ 28 h0.64 lvl+0.64   -
frame   121 :  a closed book -1.71  an opened book -2.08   led   0/255 h0.00 lvl-1.90   -
frame   122 :  a closed book -1.17  an opened book -1.65   led   0/255 h0.00 lvl-1.41   -
frame   123 :  a closed book -0.14  an opened book -0.81   led   0/255 h0.00 lvl-0.48   -
frame   124 :  an opened book +0.18  a closed book +0.04   led   4/180 h0.15 lvl+0.11   -
frame   125 :  an opened book -0.26  a closed book -0.49   led   0/255 h0.00 lvl-0.37   -
frame   126 :  an opened book -1.10  a closed book -1.43   led   0/255 h0.00 lvl-1.26   -
frame   127 :  an opened book -1.29  a closed book -1.33   led   0/255 h0.00 lvl-1.31   -
frame   128 :  an opened book +1.02  a closed book +0.72   led 170/  5 h0.83 lvl+0.87   -
frame   129 :  a closed book -0.05  an opened book -0.10   led   0/255 h0.00 lvl-0.07   -
frame   130 :  a closed book +0.20  an opened book -0.15   led   5/171 h0.17 lvl+0.03   -
frame   131 :  a closed book +0.09  an opened book -0.33   led   1/215 h0.07 lvl-0.12   -
frame   132 :  a closed book -0.22  an opened book -0.48   led   0/255 h0.00 lvl-0.35   -
frame   133 :  a closed book -0.73  an opened book -1.48   led   0/255 h0.00 lvl-1.10   -
frame   134 :  a closed book -0.90  an opened book -1.16   led   0/255 h0.00 lvl-1.03   -
frame   135 :  a closed book -0.08  an opened book -0.30   led   0/255 h0.00 lvl-0.19   -
frame   136 :  a closed book -0.30  an opened book -1.15   led   0/255 h0.00 lvl-0.73   -
frame   137 :  a closed book +2.51*  an opened book +1.67*   led 255/  0 h1.00 lvl+2.09   MATCH a closed book (cos -0.105)
frame   138 :  a closed book -0.59  an opened book -1.16   led   0/255 h0.00 lvl-0.87   -
frame   139 :  a closed book +0.24  an opened book -0.58   led   7/158 h0.20 lvl-0.17   -
frame   140 :  a closed book +0.42  an opened book +0.25   led  24/101 h0.34 lvl+0.34   -
frame   141 :  an opened book +0.22  a closed book +0.18   led   6/165 h0.18 lvl+0.20   -
frame   142 :  a closed book -0.35  an opened book -0.69   led   0/255 h0.00 lvl-0.52   -
frame   143 :  a closed book -1.03  an opened book -1.13   led   0/255 h0.00 lvl-1.08   -
frame   144 :  a closed book -1.11  an opened book -1.44   led   0/255 h0.00 lvl-1.28   -
frame   145 :  an opened book +0.86  a closed book +0.33   led 117/ 18 h0.70 lvl+0.60   -
frame   146 :  a closed book +0.76  an opened book -0.16   led  88/ 31 h0.62 lvl+0.30   -
frame   147 :  a closed book +0.25  an opened book -0.07   led   8/155 h0.20 lvl+0.09   -
frame   148 :  an opened book -0.29  a closed book -0.34   led   0/255 h0.00 lvl-0.31   -
frame   149 :  an opened book -0.18  a closed book -0.27   led   0/255 h0.00 lvl-0.22   -
frame   150 :  a closed book -0.90  an opened book -1.04   led   0/255 h0.00 lvl-0.97   -
frame   151 :  an opened book +1.98*  a closed book +1.59*   led 255/  0 h1.00 lvl+1.78   MATCH an opened book (cos -0.117)
frame   152 :  a closed book -0.01  an opened book -0.27   led   0/255 h0.00 lvl-0.14   -
frame   153 :  a closed book -1.07  an opened book -1.12   led   0/255 h0.00 lvl-1.09   -
frame   154 :  a closed book +0.05  an opened book -0.23   led   0/232 h0.04 lvl-0.09   -
frame   155 :  an opened book -1.03  a closed book -1.08   led   0/255 h0.00 lvl-1.06   -
frame   156 :  an opened book +0.61  a closed book +0.07   led  55/ 56 h0.50 lvl+0.34   -
frame   157 :  a closed book -0.25  an opened book -0.32   led   0/255 h0.00 lvl-0.29   -
frame   158 :  a closed book -0.53  an opened book -1.22   led   0/255 h0.00 lvl-0.87   -
frame   159 :  an opened book +1.16  a closed book +1.13   led 223/  0 h0.94 lvl+1.14   -
frame   160 :  a closed book +0.30  an opened book -0.28   led  12/137 h0.25 lvl+0.01   -
frame   161 :  an opened book -1.92  a closed book -2.20   led   0/255 h0.00 lvl-2.06   -
frame   162 :  a closed book -0.71  an opened book -0.80   led   0/255 h0.00 lvl-0.76   -
frame   163 :  a closed book +0.28  an opened book -0.69   led  10/146 h0.22 lvl-0.21   -
frame   164 :  a closed book -0.65  an opened book -0.97   led   0/255 h0.00 lvl-0.81   -
frame   165 :  an opened book +0.18  a closed book +0.09   led   4/180 h0.15 lvl+0.13   -
frame   166 :  an opened book -0.86  a closed book -1.01   led   0/255 h0.00 lvl-0.93   -
frame   167 :  an opened book -0.38  a closed book -0.62   led   0/255 h0.00 lvl-0.50   -
frame   168 :  an opened book +0.46  a closed book +0.31   led  29/ 92 h0.37 lvl+0.38   -
frame   169 :  a closed book -0.36  an opened book -0.65   led   0/255 h0.00 lvl-0.51   -
frame   170 :  an opened book -1.54  a closed book -1.55   led   0/255 h0.00 lvl-1.54   -
frame   171 :  a closed book -0.19  an opened book -0.21   led   0/255 h0.00 lvl-0.20   -
frame   172 :  an opened book +0.38  a closed book -0.30   led  19/113 h0.31 lvl+0.04   -
frame   173 :  an opened book -0.33  a closed book -0.37   led   0/255 h0.00 lvl-0.35   -
frame   174 :  an opened book +1.12  a closed book +0.98   led 209/  1 h0.91 lvl+1.05   -
frame   175 :  an opened book +0.70  a closed book +0.34   led  73/ 41 h0.57 lvl+0.52   -
frame   176 :  an opened book +0.41  a closed book -0.43   led  22/105 h0.33 lvl-0.01   -
frame   177 :  a closed book +0.19  an opened book -0.03   led   4/177 h0.15 lvl+0.08   -
frame   178 :  an opened book +0.19  a closed book -0.60   led   4/174 h0.16 lvl-0.20   -
frame   179 :  an opened book -0.03  a closed book -0.42   led   0/255 h0.00 lvl-0.22   -
frame   180 :  a closed book +0.47  an opened book +0.25   led  31/ 89 h0.38 lvl+0.36   -
frame   181 :  an opened book -0.23  a closed book -0.61   led   0/255 h0.00 lvl-0.42   -
frame   182 :  a closed book +0.47  an opened book -0.06   led  31/ 88 h0.38 lvl+0.20   -
frame   183 :  a closed book +0.90  an opened book +0.63   led 129/ 14 h0.73 lvl+0.76   -
frame   184 :  an opened book +0.53  a closed book +0.22   led  40/ 74 h0.43 lvl+0.38   -
frame   185 :  an opened book -0.84  a closed book -1.27   led   0/255 h0.00 lvl-1.05   -
frame   186 :  an opened book -0.66  a closed book -0.90   led   0/255 h0.00 lvl-0.78   -
frame   187 :  an opened book -1.01  a closed book -1.35   led   0/255 h0.00 lvl-1.18   -
frame   188 :  a closed book +1.80*  an opened book +1.63*   led 255/  0 h1.00 lvl+1.71   MATCH a closed book (cos -0.108)
frame   189 :  a closed book +0.48  an opened book +0.26   led  32/ 85 h0.39 lvl+0.37   -
frame   190 :  an opened book -0.29  a closed book -0.73   led   0/255 h0.00 lvl-0.51   -
frame   191 :  a closed book +0.53  an opened book +0.31   led  40/ 74 h0.43 lvl+0.42   -
frame   192 :  an opened book -0.20  a closed book -0.34   led   0/255 h0.00 lvl-0.27   -
frame   193 :  a closed book +0.06  an opened book +0.05   led   0/229 h0.05 lvl+0.05   -
frame   194 :  an opened book +0.34  a closed book -0.68   led  15/126 h0.27 lvl-0.17   -
frame   195 :  a closed book -0.12  an opened book -0.18   led   0/255 h0.00 lvl-0.15   -
frame   196 :  a closed book -1.09  an opened book -1.10   led   0/255 h0.00 lvl-1.09   -
frame   197 :  an opened book +0.07  a closed book -0.67   led   0/225 h0.05 lvl-0.30   -
frame   198 :  an opened book +0.25  a closed book +0.13   led   8/155 h0.20 lvl+0.19   -
frame   199 :  a closed book -0.88  an opened book -1.08   led   0/255 h0.00 lvl-0.98   -
background: after 30 frames (frozen, room spread), this room reads  a closed book -0.116 +-0.0046 (COCO -0.159 +-0.0351)  an opened book -0.126 +-0.0043 (COCO -0.151 +-0.0303)
frame   200 :  a closed book +2.09*  an opened book +1.85*   led 255/  0 h1.00 lvl+1.97   MATCH a closed book (cos -0.107)
frame   201 :  an opened book +0.48  a closed book +0.40   led  32/ 87 h0.39 lvl+0.44   -
frame   202 :  an opened book +0.13  a closed book -0.09   led   2/199 h0.11 lvl+0.02   -
frame   203 :  an opened book -0.28  a closed book -0.33   led   0/255 h0.00 lvl-0.31   -
frame   204 :  a closed book +0.37  an opened book -0.20   led  19/115 h0.30 lvl+0.09   -
frame   205 :  an opened book -1.02  a closed book -1.06   led   0/255 h0.00 lvl-1.04   -
frame   206 :  a closed book +2.83*  an opened book +2.73*   led 255/  0 h1.00 lvl+2.78   MATCH a closed book (cos -0.104)
frame   207 :  a closed book +1.14  an opened book +1.01   led 215/  1 h0.93 lvl+1.07   -
frame   208 :  an opened book +1.33*  a closed book +0.94   led 255/  0 h1.00 lvl+1.13   MATCH an opened book (cos -0.120)
frame   209 :  a closed book -0.49  an opened book -0.54   led   0/255 h0.00 lvl-0.51   -
frame   210 :  an opened book +0.81  a closed book +0.55   led 103/ 23 h0.66 lvl+0.68   -
frame   211 :  a closed book -0.28  an opened book -0.48   led   0/255 h0.00 lvl-0.38   -
frame   212 :  a closed book +0.51  an opened book +0.42   led  36/ 79 h0.41 lvl+0.46   -
frame   213 :  a closed book -0.12  an opened book -0.88   led   0/255 h0.00 lvl-0.50   -
frame   214 :  an opened book +0.18  a closed book +0.03   led   4/179 h0.15 lvl+0.11   -
frame   215 :  an opened book -0.06  a closed book -0.28   led   0/255 h0.00 lvl-0.17   -
frame   216 :  an opened book -0.04  a closed book -0.11   led   0/255 h0.00 lvl-0.08   -
frame   217 :  a closed book +1.05  an opened book +0.54   led 180/  4 h0.85 lvl+0.79   -
frame   218 :  a closed book +0.58  an opened book -0.05   led  48/ 63 h0.47 lvl+0.26   -
frame   219 :  an opened book +0.49  a closed book -0.08   led  33/ 84 h0.40 lvl+0.20   -
frame   220 :  an opened book -1.30  a closed book -1.63   led   0/255 h0.00 lvl-1.47   -
frame   221 :  a closed book +0.90  an opened book -0.13   led 129/ 14 h0.73 lvl+0.38   -
frame   222 :  an opened book +2.14*  a closed book +2.08*   led 255/  0 h1.00 lvl+2.11   MATCH an opened book (cos -0.117)
frame   223 :  a closed book +0.83  an opened book +0.62   led 109/ 21 h0.68 lvl+0.73   -
frame   224 :  a closed book +0.59  an opened book +0.28   led  50/ 61 h0.48 lvl+0.43   -
frame   225 :  an opened book -0.01  a closed book -0.05   led   0/255 h0.00 lvl-0.03   -
frame   226 :  an opened book -1.08  a closed book -1.09   led   0/255 h0.00 lvl-1.08   -
frame   227 :  a closed book -0.69  an opened book -1.33   led   0/255 h0.00 lvl-1.01   -
frame   228 :  a closed book -1.07  an opened book -1.17   led   0/255 h0.00 lvl-1.12   -
frame   229 :  an opened book +1.06  a closed book +0.63   led 185/  3 h0.87 lvl+0.85   -
frame   230 :  a closed book -0.74  an opened book -0.83   led   0/255 h0.00 lvl-0.79   -
frame   231 :  a closed book -1.19  an opened book -1.64   led   0/255 h0.00 lvl-1.42   -
frame   232 :  a closed book +0.78  an opened book +0.49   led  93/ 28 h0.63 lvl+0.64   -
frame   233 :  a closed book -0.30  an opened book -0.31   led   0/255 h0.00 lvl-0.31   -
frame   234 :  an opened book -0.49  a closed book -0.55   led   0/255 h0.00 lvl-0.52   -
frame   235 :  a closed book +0.30  an opened book -0.07   led  11/138 h0.24 lvl+0.12   -
frame   236 :  a closed book -0.26  an opened book -1.28   led   0/255 h0.00 lvl-0.77   -
frame   237 :  an opened book -0.99  a closed book -1.06   led   0/255 h0.00 lvl-1.03   -
frame   238 :  an opened book -0.95  a closed book -1.10   led   0/255 h0.00 lvl-1.03   -
frame   239 :  an opened book -1.99  a closed book -2.09   led   0/255 h0.00 lvl-2.04   -
frame   240 :  a closed book -0.89  an opened book -1.25   led   0/255 h0.00 lvl-1.07   -
frame   241 :  a closed book +0.60  an opened book -0.50   led  53/ 58 h0.49 lvl+0.05   -
frame   242 :  a closed book +0.91  an opened book +0.01   led 132/ 13 h0.74 lvl+0.46   -
frame   243 :  a closed book +0.43  an opened book -0.20   led  25/ 99 h0.35 lvl+0.11   -
frame   244 :  a closed book +0.17  an opened book +0.05   led   3/182 h0.14 lvl+0.11   -
frame   245 :  a closed book +0.03  an opened book -0.56   led   0/243 h0.02 lvl-0.27   -
frame   246 :  a closed book -1.05  an opened book -1.32   led   0/255 h0.00 lvl-1.19   -
frame   247 :  a closed book -0.72  an opened book -1.92   led   0/255 h0.00 lvl-1.32   -
frame   248 :  an opened book -0.62  a closed book -0.71   led   0/255 h0.00 lvl-0.67   -
frame   249 :  an opened book -1.15  a closed book -1.23   led   0/255 h0.00 lvl-1.19   -
frame   250 :  a closed book +1.10  an opened book +0.88   led 201/  2 h0.90 lvl+0.99   -
frame   251 :  a closed book +0.14  an opened book +0.10   led   2/197 h0.11 lvl+0.12   -
frame   252 :  a closed book +1.86*  an opened book +1.21   led 255/  0 h1.00 lvl+1.53   MATCH a closed book (cos -0.108)
frame   253 :  a closed book -1.54  an opened book -1.76   led   0/255 h0.00 lvl-1.65   -
frame   254 :  a closed book +0.71  an opened book -0.07   led  77/ 38 h0.58 lvl+0.32   -
frame   255 :  a closed book -1.79  an opened book -2.12   led   0/255 h0.00 lvl-1.95   -
frame   256 :  an opened book -1.03  a closed book -1.20   led   0/255 h0.00 lvl-1.11   -
frame   257 :  an opened book -1.25  a closed book -1.38   led   0/255 h0.00 lvl-1.31   -
frame   258 :  a closed book +0.82  an opened book +0.79   led 106/ 22 h0.67 lvl+0.81   -
frame   259 :  a closed book -0.51  an opened book -0.52   led   0/255 h0.00 lvl-0.52   -
frame   260 :  an opened book +1.39*  a closed book +0.70   led 255/  0 h1.00 lvl+1.04   MATCH an opened book (cos -0.120)
frame   261 :  an opened book -0.08  a closed book -0.08   led   0/255 h0.00 lvl-0.08   -
frame   262 :  a closed book -0.82  an opened book -1.45   led   0/255 h0.00 lvl-1.13   -
frame   263 :  an opened book +0.31  a closed book +0.19   led  12/136 h0.25 lvl+0.25   -
frame   264 :  an opened book +0.19  a closed book +0.11   led   4/177 h0.15 lvl+0.15   -
frame   265 :  an opened book +0.53  a closed book +0.30   led  41/ 73 h0.43 lvl+0.42   -
frame   266 :  an opened book +0.64  a closed book -0.06   led  60/ 51 h0.52 lvl+0.29   -
frame   267 :  an opened book +1.77*  a closed book +1.08   led 255/  0 h1.00 lvl+1.43   MATCH an opened book (cos -0.118)
frame   268 :  a closed book +0.44  an opened book +0.42   led  26/ 97 h0.35 lvl+0.43   -
frame   269 :  an opened book +0.31  a closed book +0.10   led  12/135 h0.25 lvl+0.21   -
frame   270 :  a closed book +0.47  an opened book +0.27   led  31/ 87 h0.39 lvl+0.37   -
frame   271 :  a closed book -0.93  an opened book -0.96   led   0/255 h0.00 lvl-0.94   -
frame   272 :  a closed book -0.34  an opened book -0.52   led   0/255 h0.00 lvl-0.43   -
frame   273 :  a closed book -0.22  an opened book -0.57   led   0/255 h0.00 lvl-0.40   -
frame   274 :  a closed book +1.38*  an opened book +1.34*   led 255/  0 h1.00 lvl+1.36   MATCH a closed book (cos -0.110)
frame   275 :  an opened book +0.37  a closed book -0.03   led  18/115 h0.30 lvl+0.17   -
frame   276 :  a closed book -0.15  an opened book -0.51   led   0/255 h0.00 lvl-0.33   -
frame   277 :  a closed book -0.48  an opened book -0.94   led   0/255 h0.00 lvl-0.71   -
frame   278 :  a closed book -0.30  an opened book -0.57   led   0/255 h0.00 lvl-0.44   -
frame   279 :  an opened book +0.08  a closed book -0.13   led   1/221 h0.06 lvl-0.03   -
frame   280 :  a closed book +0.13  an opened book -0.78   led   2/200 h0.10 lvl-0.32   -
frame   281 :  a closed book -1.16  an opened book -1.94   led   0/255 h0.00 lvl-1.55   -
frame   282 :  a closed book +0.01  an opened book -0.17   led   0/249 h0.01 lvl-0.08   -
frame   283 :  an opened book -0.25  a closed book -1.02   led   0/255 h0.00 lvl-0.64   -
frame   284 :  a closed book +0.29  an opened book -0.39   led  11/140 h0.24 lvl-0.05   -
frame   285 :  a closed book -0.29  an opened book -0.36   led   0/255 h0.00 lvl-0.32   -
frame   286 :  a closed book +0.72  an opened book +0.29   led  79/ 36 h0.59 lvl+0.50   -
frame   287 :  a closed book -0.40  an opened book -0.50   led   0/255 h0.00 lvl-0.45   -
frame   288 :  a closed book -0.75  an opened book -1.06   led   0/255 h0.00 lvl-0.91   -
frame   289 :  a closed book +0.04  an opened book -0.24   led   0/239 h0.03 lvl-0.10   -
frame   290 :  a closed book -1.08  an opened book -1.09   led   0/255 h0.00 lvl-1.09   -
frame   291 :  an opened book -0.72  a closed book -1.20   led   0/255 h0.00 lvl-0.96   -
frame   292 :  an opened book -0.47  a closed book -0.72   led   0/255 h0.00 lvl-0.59   -
frame   293 :  a closed book -0.49  an opened book -0.73   led   0/255 h0.00 lvl-0.61   -
frame   294 :  a closed book -0.23  an opened book -0.74   led   0/255 h0.00 lvl-0.49   -
frame   295 :  a closed book -0.18  an opened book -0.48   led   0/255 h0.00 lvl-0.33   -
frame   296 :  a closed book +0.42  an opened book -0.19   led  24/102 h0.34 lvl+0.11   -
frame   297 :  a closed book +0.02  an opened book -0.16   led   0/247 h0.01 lvl-0.07   -
frame   298 :  a closed book +0.26  an opened book -0.36   led   8/151 h0.21 lvl-0.05   -
frame   299 :  a closed book +0.52  an opened book -0.02   led  38/ 77 h0.42 lvl+0.25   -
background: after 30 frames (frozen, room spread), this room reads  a closed book -0.116 +-0.0046 (COCO -0.159 +-0.0351)  an opened book -0.126 +-0.0043 (COCO -0.151 +-0.0303)
frame   300 :  an opened book +0.35  a closed book +0.18   led  16/123 h0.28 lvl+0.26   -
frame   301 :  an opened book +1.83*  a closed book +1.38*   led 255/  0 h1.00 lvl+1.61   MATCH an opened book (cos -0.118)
frame   302 :  a closed book +0.55  an opened book +0.29   led  44/ 69 h0.45 lvl+0.42   -
frame   303 :  a closed book +0.77  an opened book +0.73   led  91/ 29 h0.63 lvl+0.75   -
frame   304 :  an opened book +0.20  a closed book -0.57   led   4/174 h0.16 lvl-0.19   -
frame   305 :  a closed book -0.20  an opened book -0.95   led   0/255 h0.00 lvl-0.58   -
frame   306 :  a closed book -0.72  an opened book -1.68   led   0/255 h0.00 lvl-1.20   -
frame   307 :  a closed book -0.29  an opened book -0.40   led   0/255 h0.00 lvl-0.35   -
frame   308 :  a closed book -0.89  an opened book -1.22   led   0/255 h0.00 lvl-1.05   -
frame   309 :  an opened book -0.00  a closed book -0.48   led   0/255 h0.00 lvl-0.24   -
frame   310 :  an opened book -1.04  a closed book -1.42   led   0/255 h0.00 lvl-1.23   -
frame   311 :  a closed book +0.02  an opened book -0.63   led   0/245 h0.02 lvl-0.31   -
frame   312 :  an opened book +0.37  a closed book +0.31   led  18/115 h0.30 lvl+0.34   -
frame   313 :  a closed book -0.80  an opened book -0.87   led   0/255 h0.00 lvl-0.84   -
frame   314 :  a closed book -0.88  an opened book -1.16   led   0/255 h0.00 lvl-1.02   -
frame   315 :  a closed book -0.01  an opened book -0.56   led   0/255 h0.00 lvl-0.29   -
frame   316 :  a closed book -0.10  an opened book -0.48   led   0/255 h0.00 lvl-0.29   -
frame   317 :  a closed book -0.09  an opened book -0.61   led   0/255 h0.00 lvl-0.35   -
frame   318 :  a closed book -0.06  an opened book -0.29   led   0/255 h0.00 lvl-0.18   -
frame   319 :  a closed book -0.74  an opened book -1.29   led   0/255 h0.00 lvl-1.02   -
frame   320 :  an opened book +1.59*  a closed book +1.56*   led 255/  0 h1.00 lvl+1.57   MATCH an opened book (cos -0.119)
frame   321 :  a closed book +1.71*  an opened book +1.58*   led 255/  0 h1.00 lvl+1.64   MATCH a closed book (cos -0.109)
frame   322 :  a closed book +0.18  an opened book -1.15   led   4/179 h0.15 lvl-0.48   -
frame   323 :  a closed book -0.31  an opened book -0.48   led   0/255 h0.00 lvl-0.40   -
frame   324 :  a closed book +0.46  an opened book +0.29   led  29/ 92 h0.37 lvl+0.37   -
frame   325 :  an opened book -1.45  a closed book -1.70   led   0/255 h0.00 lvl-1.58   -
frame   326 :  an opened book -0.92  a closed book -1.59   led   0/255 h0.00 lvl-1.26   -
frame   327 :  a closed book +0.07  an opened book -0.61   led   0/225 h0.06 lvl-0.27   -
frame   328 :  a closed book -1.38  an opened book -1.68   led   0/255 h0.00 lvl-1.53   -
frame   329 :  an opened book -0.02  a closed book -0.43   led   0/255 h0.00 lvl-0.23   -
frame   330 :  an opened book +0.43  a closed book +0.14   led  25/100 h0.35 lvl+0.28   -
frame   331 :  a closed book -0.50  an opened book -1.27   led   0/255 h0.00 lvl-0.89   -
frame   332 :  a closed book -0.66  an opened book -0.83   led   0/255 h0.00 lvl-0.74   -
frame   333 :  an opened book -0.51  a closed book -0.73   led   0/255 h0.00 lvl-0.62   -
frame   334 :  a closed book +0.03  an opened book -0.09   led   0/243 h0.02 lvl-0.03   -
frame   335 :  a closed book -0.16  an opened book -0.28   led   0/255 h0.00 lvl-0.22   -
frame   336 :  an opened book -1.40  a closed book -1.45   led   0/255 h0.00 lvl-1.43   -
frame   337 :  a closed book -0.95  an opened book -1.17   led   0/255 h0.00 lvl-1.06   -
frame   338 :  an opened book -1.33  a closed book -1.77   led   0/255 h0.00 lvl-1.55   -
frame   339 :  an opened book -0.88  a closed book -0.96   led   0/255 h0.00 lvl-0.92   -
frame   340 :  an opened book -1.00  a closed book -1.07   led   0/255 h0.00 lvl-1.04   -
frame   341 :  a closed book -2.28  an opened book -2.65   led   0/255 h0.00 lvl-2.47   -
frame   342 :  a closed book -0.32  an opened book -1.57   led   0/255 h0.00 lvl-0.94   -
frame   343 :  a closed book -0.52  an opened book -1.33   led   0/255 h0.00 lvl-0.93   -
frame   344 :  a closed book +0.44  an opened book -0.42   led  27/ 96 h0.36 lvl+0.01   -
frame   345 :  a closed book -0.74  an opened book -1.47   led   0/255 h0.00 lvl-1.11   -
frame   346 :  a closed book -0.77  an opened book -0.86   led   0/255 h0.00 lvl-0.81   -
frame   347 :  an opened book -0.40  a closed book -0.43   led   0/255 h0.00 lvl-0.41   -
frame   348 :  a closed book -1.04  an opened book -1.33   led   0/255 h0.00 lvl-1.19   -
frame   349 :  an opened book -1.22  a closed book -1.60   led   0/255 h0.00 lvl-1.41   -
frame   350 :  a closed book -0.47  an opened book -1.32   led   0/255 h0.00 lvl-0.90   -
frame   351 :  a closed book -0.99  an opened book -1.20   led   0/255 h0.00 lvl-1.10   -
frame   352 :  a closed book -0.41  an opened book -1.50   led   0/255 h0.00 lvl-0.96   -
frame   353 :  a closed book -0.19  an opened book -0.96   led   0/255 h0.00 lvl-0.58   -
frame   354 :  an opened book -0.23  a closed book -0.39   led   0/255 h0.00 lvl-0.31   -
frame   355 :  a closed book -1.30  an opened book -2.37   led   0/255 h0.00 lvl-1.83   -
frame   356 :  a closed book -0.12  an opened book -0.76   led   0/255 h0.00 lvl-0.44   -
frame   357 :  a closed book -0.46  an opened book -0.77   led   0/255 h0.00 lvl-0.61   -
frame   358 :  a closed book +0.58  an opened book -0.18   led  49/ 62 h0.47 lvl+0.20   -
frame   359 :  a closed book -2.36  an opened book -3.18   led   0/255 h0.00 lvl-2.77   -
frame   360 :  a closed book +0.27  an opened book -0.73   led   9/148 h0.22 lvl-0.23   -
frame   361 :  a closed book +0.91  an opened book -0.46   led 131/ 13 h0.74 lvl+0.23   -
frame   362 :  a closed book +0.72  an opened book -0.63   led  79/ 37 h0.59 lvl+0.05   -
frame   363 :  a closed book -0.44  an opened book -1.37   led   0/255 h0.00 lvl-0.90   -
frame   364 :  a closed book -1.53  an opened book -2.45   led   0/255 h0.00 lvl-1.99   -
frame   365 :  a closed book +0.79  an opened book -0.19   led  97/ 26 h0.64 lvl+0.30   -
frame   366 :  a closed book -0.69  an opened book -1.99   led   0/255 h0.00 lvl-1.34   -
frame   367 :  a closed book +0.60  an opened book +0.44   led  53/ 58 h0.49 lvl+0.52   -
frame   368 :  a closed book -1.31  an opened book -3.33   led   0/255 h0.00 lvl-2.32   -
frame   369 :  a closed book -0.69  an opened book -1.44   led   0/255 h0.00 lvl-1.07   -
frame   370 :  a closed book -0.67  an opened book -1.32   led   0/255 h0.00 lvl-1.00   -
frame   371 :  a closed book -1.21  an opened book -1.79   led   0/255 h0.00 lvl-1.50   -
frame   372 :  a closed book -0.58  an opened book -1.95   led   0/255 h0.00 lvl-1.26   -
frame   373 :  a closed book -2.34  an opened book -2.86   led   0/255 h0.00 lvl-2.60   -
frame   374 :  a closed book -1.18  an opened book -1.76   led   0/255 h0.00 lvl-1.47   -
frame   375 :  a closed book -3.19  an opened book -3.46   led   0/255 h0.00 lvl-3.32   -
frame   376 :  a closed book -0.13  an opened book -0.61   led   0/255 h0.00 lvl-0.37   -
frame   377 :  a closed book -1.97  an opened book -2.57   led   0/255 h0.00 lvl-2.27   -
frame   378 :  an opened book -1.35  a closed book -1.54   led   0/255 h0.00 lvl-1.44   -
frame   379 :  a closed book -0.69  an opened book -1.04   led   0/255 h0.00 lvl-0.86   -
frame   380 :  a closed book -1.39  an opened book -1.94   led   0/255 h0.00 lvl-1.66   -
frame   381 :  a closed book -0.87  an opened book -1.11   led   0/255 h0.00 lvl-0.99   -
frame   382 :  a closed book -0.70  an opened book -1.01   led   0/255 h0.00 lvl-0.86   -
frame   383 :  a closed book +0.72  an opened book +0.29   led  78/ 37 h0.58 lvl+0.50   -
frame   384 :  a closed book +0.43  an opened book +0.29   led  26/ 98 h0.35 lvl+0.36   -
frame   385 :  a closed book -0.57  an opened book -0.98   led   0/255 h0.00 lvl-0.77   -
frame   386 :  a closed book -0.21  an opened book -0.65   led   0/255 h0.00 lvl-0.43   -
frame   387 :  an opened book -0.06  a closed book -0.66   led   0/255 h0.00 lvl-0.36   -
frame   388 :  a closed book -0.41  an opened book -1.05   led   0/255 h0.00 lvl-0.73   -
frame   389 :  a closed book +1.05  an opened book +0.17   led 179/  4 h0.85 lvl+0.61   -
frame   390 :  a closed book -0.26  an opened book -0.62   led   0/255 h0.00 lvl-0.44   -
frame   391 :  an opened book -0.05  a closed book -0.13   led   0/255 h0.00 lvl-0.09   -
frame   392 :  a closed book +0.91  an opened book +0.90   led 132/ 13 h0.74 lvl+0.91   -
frame   393 :  an opened book +0.74  a closed book +0.47   led  83/ 34 h0.60 lvl+0.60   -
frame   394 :  an opened book +1.69*  a closed book +1.19   led 255/  0 h1.00 lvl+1.44   MATCH an opened book (cos -0.119)
frame   395 :  a closed book +0.68  an opened book +0.17   led  69/ 44 h0.55 lvl+0.42   -
frame   396 :  a closed book +0.14  an opened book -0.16   led   2/196 h0.11 lvl-0.01   -
frame   397 :  a closed book +1.95*  an opened book +0.79   led 255/  0 h1.00 lvl+1.37   MATCH a closed book (cos -0.108)
frame   398 :  a closed book +0.70  an opened book +0.48   led  73/ 40 h0.57 lvl+0.59   -
frame   399 :  a closed book +0.05  an opened book -0.58   led   0/233 h0.04 lvl-0.26   -
background: after 30 frames (frozen, room spread), this room reads  a closed book -0.116 +-0.0046 (COCO -0.159 +-0.0351)  an opened book -0.126 +-0.0043 (COCO -0.151 +-0.0303)
frame   400 :  a closed book +0.37  an opened book -0.08   led  18/116 h0.30 lvl+0.14   -
frame   401 :  an opened book -0.90  a closed book -1.53   led   0/255 h0.00 lvl-1.22   -
frame   402 :  an opened book +1.46*  a closed book +1.41*   led 255/  0 h1.00 lvl+1.44   MATCH an opened book (cos -0.120)
frame   403 :  a closed book +0.53  an opened book -0.00   led  39/ 75 h0.43 lvl+0.26   -
frame   404 :  a closed book -0.94  an opened book -1.46   led   0/255 h0.00 lvl-1.20   -
frame   405 :  a closed book +0.34  an opened book -0.98   led  15/127 h0.27 lvl-0.32   -
frame   406 :  a closed book -0.97  an opened book -2.10   led   0/255 h0.00 lvl-1.54   -
frame   407 :  a closed book -2.42  an opened book -2.46   led   0/255 h0.00 lvl-2.44   -
frame   408 :  a closed book -1.16  an opened book -1.78   led   0/255 h0.00 lvl-1.47   -
frame   409 :  a closed book -2.66  an opened book -3.14   led   0/255 h0.00 lvl-2.90   -
frame   410 :  a closed book -1.59  an opened book -1.79   led   0/255 h0.00 lvl-1.69   -
frame   411 :  a closed book -2.33  an opened book -2.97   led   0/255 h0.00 lvl-2.65   -
frame   412 :  an opened book -0.36  a closed book -0.92   led   0/255 h0.00 lvl-0.64   -
frame   413 :  an opened book -0.91  a closed book -1.13   led   0/255 h0.00 lvl-1.02   -
frame   414 :  a closed book -1.45  an opened book -1.98   led   0/255 h0.00 lvl-1.71   -
frame   415 :  a closed book -0.99  an opened book -2.03   led   0/255 h0.00 lvl-1.51   -
frame   416 :  a closed book -1.31  an opened book -2.47   led   0/255 h0.00 lvl-1.89   -
frame   417 :  a closed book -0.56  an opened book -1.42   led   0/255 h0.00 lvl-0.99   -
frame   418 :  an opened book +0.01  a closed book -0.13   led   0/253 h0.00 lvl-0.06   -
frame   419 :  a closed book -1.09  an opened book -1.66   led   0/255 h0.00 lvl-1.38   -
frame   420 :  a closed book -1.18  an opened book -2.35   led   0/255 h0.00 lvl-1.76   -
frame   421 :  a closed book -0.13  an opened book -0.19   led   0/255 h0.00 lvl-0.16   -
frame   422 :  a closed book -0.38  an opened book -0.97   led   0/255 h0.00 lvl-0.68   -
frame   423 :  a closed book +0.76  an opened book -0.44   led  88/ 31 h0.62 lvl+0.16   -
frame   424 :  a closed book -0.67  an opened book -1.72   led   0/255 h0.00 lvl-1.19   -
frame   425 :  an opened book -1.29  a closed book -2.56   led   0/255 h0.00 lvl-1.93   -
frame   426 :  a closed book -0.40  an opened book -0.63   led   0/255 h0.00 lvl-0.52   -
frame   427 :  a closed book -0.21  an opened book -0.58   led   0/255 h0.00 lvl-0.40   -
frame   428 :  a closed book -2.17  an opened book -2.49   led   0/255 h0.00 lvl-2.33   -
frame   429 :  a closed book -0.48  an opened book -0.75   led   0/255 h0.00 lvl-0.62   -
frame   430 :  a closed book -0.83  an opened book -1.35   led   0/255 h0.00 lvl-1.09   -
frame   431 :  a closed book +0.15  an opened book -1.33   led   2/192 h0.12 lvl-0.59   -
frame   432 :  an opened book -1.60  a closed book -1.84   led   0/255 h0.00 lvl-1.72   -
frame   433 :  an opened book -0.61  a closed book -0.68   led   0/255 h0.00 lvl-0.64   -
frame   434 :  an opened book -2.76  a closed book -2.78   led   0/255 h0.00 lvl-2.77   -
frame   435 :  a closed book -1.15  an opened book -1.89   led   0/255 h0.00 lvl-1.52   -
frame   436 :  a closed book -1.86  an opened book -2.08   led   0/255 h0.00 lvl-1.97   -
frame   437 :  an opened book -0.95  a closed book -1.66   led   0/255 h0.00 lvl-1.31   -
frame   438 :  a closed book -0.04  an opened book -0.09   led   0/255 h0.00 lvl-0.07   -
frame   439 :  a closed book -2.10  an opened book -2.51   led   0/255 h0.00 lvl-2.30   -
frame   440 :  a closed book -0.63  an opened book -1.94   led   0/255 h0.00 lvl-1.28   -
frame   441 :  a closed book -2.06  an opened book -2.86   led   0/255 h0.00 lvl-2.46   -
frame   442 :  an opened book -0.81  a closed book -1.65   led   0/255 h0.00 lvl-1.23   -
frame   443 :  a closed book -1.49  an opened book -2.29   led   0/255 h0.00 lvl-1.89   -
frame   444 :  an opened book -2.04  a closed book -2.11   led   0/255 h0.00 lvl-2.07   -
frame   445 :  a closed book -0.32  an opened book -1.19   led   0/255 h0.00 lvl-0.75   -
frame   446 :  a closed book +0.62  an opened book +0.05   led  56/ 55 h0.50 lvl+0.34   -
frame   447 :  a closed book -0.70  an opened book -1.10   led   0/255 h0.00 lvl-0.90   -
frame   448 :  a closed book -0.91  an opened book -1.04   led   0/255 h0.00 lvl-0.97   -
frame   449 :  a closed book +0.01  an opened book -0.29   led   0/252 h0.00 lvl-0.14   -
frame   450 :  a closed book +0.50  an opened book +0.48   led  35/ 82 h0.40 lvl+0.49   -
frame   451 :  a closed book -1.50  an opened book -1.84   led   0/255 h0.00 lvl-1.67   -
frame   452 :  a closed book -0.20  an opened book -0.95   led   0/255 h0.00 lvl-0.58   -
frame   453 :  a closed book +0.31  an opened book +0.23   led  13/133 h0.26 lvl+0.27   -
frame   454 :  a closed book -0.76  an opened book -1.55   led   0/255 h0.00 lvl-1.16   -
frame   455 :  a closed book -0.78  an opened book -1.29   led   0/255 h0.00 lvl-1.04   -
frame   456 :  a closed book -0.70  an opened book -2.01   led   0/255 h0.00 lvl-1.36   -
frame   457 :  an opened book -0.72  a closed book -0.85   led   0/255 h0.00 lvl-0.79   -
frame   458 :  a closed book -1.19  an opened book -2.50   led   0/255 h0.00 lvl-1.84   -
frame   459 :  a closed book +0.84  an opened book +0.13   led 109/ 21 h0.68 lvl+0.48   -
frame   460 :  a closed book -2.64  an opened book -3.69   led   0/255 h0.00 lvl-3.17   -
frame   461 :  an opened book -0.84  a closed book -1.16   led   0/255 h0.00 lvl-1.00   -
frame   462 :  a closed book -2.40  an opened book -2.76   led   0/255 h0.00 lvl-2.58   -
frame   463 :  a closed book -1.48  an opened book -1.83   led   0/255 h0.00 lvl-1.66   -
frame   464 :  a closed book -1.78  an opened book -2.25   led   0/255 h0.00 lvl-2.01   -
frame   465 :  an opened book -2.81  a closed book -3.12   led   0/255 h0.00 lvl-2.96   -
frame   466 :  a closed book -0.84  an opened book -1.37   led   0/255 h0.00 lvl-1.10   -
frame   467 :  a closed book +0.38  an opened book -2.03   led  19/113 h0.31 lvl-0.83   -
frame   468 :  a closed book -1.48  an opened book -2.83   led   0/255 h0.00 lvl-2.15   -
frame   469 :  a closed book -1.01  an opened book -1.34   led   0/255 h0.00 lvl-1.18   -
frame   470 :  a closed book +1.89*  an opened book -0.73   led 255/  0 h1.00 lvl+0.58   MATCH a closed book (cos -0.108)
frame   471 :  a closed book +1.05  an opened book -1.04   led 180/  4 h0.85 lvl+0.00   -
frame   472 :  a closed book -1.38  an opened book -1.57   led   0/255 h0.00 lvl-1.48   -
frame   473 :  an opened book +0.82  a closed book -0.82   led 105/ 23 h0.67 lvl+0.00   -
frame   474 :  an opened book +1.61*  a closed book +0.31   led 255/  0 h1.00 lvl+0.96   MATCH an opened book (cos -0.119)
frame   475 :  a closed book +0.62  an opened book +0.07   led  56/ 55 h0.50 lvl+0.35   -
frame   476 :  a closed book +2.34*  an opened book +0.69   led 255/  0 h1.00 lvl+1.51   MATCH a closed book (cos -0.106)
frame   477 :  an opened book -0.73  a closed book -1.29   led   0/255 h0.00 lvl-1.01   -
frame   478 :  a closed book +0.13  an opened book +0.03   led   2/201 h0.10 lvl+0.08   -
frame   479 :  a closed book +1.20  an opened book +0.54   led 243/  0 h0.98 lvl+0.87   -
frame   480 :  a closed book +1.76*  an opened book +1.24*   led 255/  0 h1.00 lvl+1.50   MATCH a closed book (cos -0.108)
frame   481 :  an opened book +0.47  a closed book -0.32   led  31/ 87 h0.39 lvl+0.08   -
frame   482 :  an opened book -0.50  a closed book -1.14   led   0/255 h0.00 lvl-0.82   -
frame   483 :  an opened book -1.05  a closed book -2.10   led   0/255 h0.00 lvl-1.58   -
frame   484 :  an opened book -0.58  a closed book -1.69   led   0/255 h0.00 lvl-1.14   -
frame   485 :  an opened book -0.17  a closed book -1.34   led   0/255 h0.00 lvl-0.76   -
frame   486 :  an opened book -0.98  a closed book -2.12   led   0/255 h0.00 lvl-1.55   -
frame   487 :  an opened book -0.16  a closed book -0.96   led   0/255 h0.00 lvl-0.56   -
frame   488 :  an opened book -0.60  a closed book -1.38   led   0/255 h0.00 lvl-0.99   -
frame   489 :  an opened book -1.02  a closed book -2.07   led   0/255 h0.00 lvl-1.54   -
frame   490 :  an opened book -0.39  a closed book -1.29   led   0/255 h0.00 lvl-0.84   -
frame   491 :  an opened book -0.69  a closed book -2.14   led   0/255 h0.00 lvl-1.42   -
frame   492 :  an opened book +0.19  a closed book -1.03   led   4/177 h0.15 lvl-0.42   -
frame   493 :  an opened book -0.03  a closed book -1.23   led   0/255 h0.00 lvl-0.63   -
frame   494 :  an opened book +0.52  a closed book -0.77   led  38/ 77 h0.42 lvl-0.13   -
frame   495 :  an opened book -0.79  a closed book -1.57   led   0/255 h0.00 lvl-1.18   -
frame   496 :  an opened book -1.49  a closed book -3.63   led   0/255 h0.00 lvl-2.56   -
frame   497 :  a closed book -0.16  an opened book -0.18   led   0/255 h0.00 lvl-0.17   -
frame   498 :  an opened book -0.90  a closed book -2.87   led   0/255 h0.00 lvl-1.88   -
frame   499 :  an opened book +0.07  a closed book -1.36   led   0/226 h0.05 lvl-0.65   -
background: after 30 frames (frozen, room spread), this room reads  a closed book -0.116 +-0.0046 (COCO -0.159 +-0.0351)  an opened book -0.126 +-0.0043 (COCO -0.151 +-0.0303)
frame   500 :  an opened book -0.84  a closed book -2.53   led   0/255 h0.00 lvl-1.69   -
frame   501 :  an opened book +0.09  a closed book -1.29   led   1/216 h0.07 lvl-0.60   -
frame   502 :  an opened book -0.23  a closed book -1.21   led   0/255 h0.00 lvl-0.72   -
frame   503 :  an opened book +0.93  a closed book +0.15   led 139/ 11 h0.76 lvl+0.54   -
frame   504 :  an opened book +0.14  a closed book -0.81   led   2/194 h0.12 lvl-0.33   -
frame   505 :  an opened book -0.01  a closed book -1.63   led   0/255 h0.00 lvl-0.82   -
frame   506 :  an opened book -0.03  a closed book -0.98   led   0/255 h0.00 lvl-0.51   -
frame   507 :  an opened book -0.60  a closed book -1.66   led   0/255 h0.00 lvl-1.13   -
frame   508 :  an opened book -0.17  a closed book -1.35   led   0/255 h0.00 lvl-0.76   -
frame   509 :  an opened book +0.91  a closed book -0.18   led 131/ 13 h0.74 lvl+0.37   -
frame   510 :  an opened book -0.46  a closed book -1.72   led   0/255 h0.00 lvl-1.09   -
frame   511 :  an opened book +0.50  a closed book -0.85   led  35/ 82 h0.40 lvl-0.18   -
frame   512 :  an opened book +0.61  a closed book -0.74   led  55/ 56 h0.50 lvl-0.07   -
frame   513 :  an opened book +0.74  a closed book -0.72   led  83/ 34 h0.60 lvl+0.01   -
frame   514 :  an opened book -1.85  a closed book -2.69   led   0/255 h0.00 lvl-2.27   -
frame   515 :  an opened book -0.17  a closed book -0.42   led   0/255 h0.00 lvl-0.29   -
frame   516 :  an opened book +1.72*  a closed book +0.24   led 255/  0 h1.00 lvl+0.98   MATCH an opened book (cos -0.118)
frame   517 :  an opened book +0.74  a closed book -0.47   led  83/ 34 h0.60 lvl+0.13   -
frame   518 :  an opened book +1.82*  a closed book +0.14   led 255/  0 h1.00 lvl+0.98   MATCH an opened book (cos -0.118)
frame   519 :  an opened book +1.08  a closed book +0.02   led 190/  3 h0.87 lvl+0.55   -
frame   520 :  an opened book -0.25  a closed book -1.94   led   0/255 h0.00 lvl-1.10   -
frame   521 :  an opened book +0.80  a closed book +0.20   led  99/ 25 h0.65 lvl+0.50   -
frame   522 :  an opened book +0.69  a closed book -1.44   led  72/ 41 h0.56 lvl-0.37   -
frame   523 :  an opened book -0.05  a closed book -0.91   led   0/255 h0.00 lvl-0.48   -
frame   524 :  an opened book +0.48  a closed book -1.40   led  32/ 85 h0.39 lvl-0.46   -
frame   525 :  an opened book -0.79  a closed book -2.22   led   0/255 h0.00 lvl-1.50   -
frame   526 :  an opened book -0.26  a closed book -1.78   led   0/255 h0.00 lvl-1.02   -
frame   527 :  an opened book +0.43  a closed book -0.91   led  25/ 99 h0.35 lvl-0.24   -
frame   528 :  an opened book -0.70  a closed book -2.48   led   0/255 h0.00 lvl-1.59   -
frame   529 :  an opened book -0.49  a closed book -1.07   led   0/255 h0.00 lvl-0.78   -
frame   530 :  an opened book -1.21  a closed book -2.13   led   0/255 h0.00 lvl-1.67   -
frame   531 :  an opened book -1.64  a closed book -2.33   led   0/255 h0.00 lvl-1.98   -
frame   532 :  an opened book -0.68  a closed book -1.43   led   0/255 h0.00 lvl-1.06   -
frame   533 :  an opened book -0.67  a closed book -2.84   led   0/255 h0.00 lvl-1.76   -
frame   534 :  an opened book -1.41  a closed book -3.35   led   0/255 h0.00 lvl-2.38   -
frame   535 :  an opened book +0.02  a closed book -1.96   led   0/246 h0.02 lvl-0.97   -
frame   536 :  an opened book -1.49  a closed book -3.14   led   0/255 h0.00 lvl-2.31   -
frame   537 :  an opened book -1.19  a closed book -2.96   led   0/255 h0.00 lvl-2.08   -
frame   538 :  an opened book -0.15  a closed book -1.94   led   0/255 h0.00 lvl-1.04   -
frame   539 :  an opened book -1.34  a closed book -1.84   led   0/255 h0.00 lvl-1.59   -
frame   540 :  an opened book -1.07  a closed book -1.46   led   0/255 h0.00 lvl-1.27   -
frame   541 :  an opened book -0.70  a closed book -4.33   led   0/255 h0.00 lvl-2.51   -
frame   542 :  an opened book +0.68  a closed book -3.35   led  69/ 44 h0.55 lvl-1.34   -
frame   543 :  an opened book -0.40  a closed book -2.19   led   0/255 h0.00 lvl-1.30   -
frame   544 :  a closed book +1.11  an opened book -0.41   led 205/  1 h0.91 lvl+0.35   -
frame   545 :  a closed book +5.41*  an opened book +0.39   led 255/  0 h1.00 lvl+2.90   MATCH a closed book (cos -0.092)
frame   546 :  a closed book +4.54*  an opened book +1.64*   led 255/  0 h1.00 lvl+3.09   MATCH a closed book (cos -0.096)
frame   547 :  a closed book +3.41*  an opened book +1.06   led 255/  0 h1.00 lvl+2.24   MATCH a closed book (cos -0.101)
frame   548 :  a closed book +6.42*  an opened book +3.33*   led 255/  0 h1.00 lvl+4.88   MATCH a closed book (cos -0.087)
frame   549 :  a closed book +6.50*  an opened book +1.09   led 255/  0 h1.00 lvl+3.80   MATCH a closed book (cos -0.087)
frame   550 :  a closed book +6.44*  an opened book +1.21   led 255/  0 h1.00 lvl+3.82   MATCH a closed book (cos -0.087)
frame   551 :  a closed book +4.89*  an opened book +1.11   led 255/  0 h1.00 lvl+3.00   MATCH a closed book (cos -0.094)
frame   552 :  a closed book +6.88*  an opened book +2.21*   led 255/  0 h1.00 lvl+4.55   MATCH a closed book (cos -0.085)
frame   553 :  a closed book +5.46*  an opened book +1.79*   led 255/  0 h1.00 lvl+3.62   MATCH a closed book (cos -0.091)
frame   554 :  a closed book +5.95*  an opened book +1.30*   led 255/  0 h1.00 lvl+3.62   MATCH a closed book (cos -0.089)
frame   555 :  a closed book +7.39*  an opened book +2.40*   led 255/  0 h1.00 lvl+4.90   MATCH a closed book (cos -0.083)
frame   556 :  a closed book +8.54*  an opened book +3.26*   led 255/  0 h1.00 lvl+5.90   MATCH a closed book (cos -0.077)
frame   557 :  a closed book +7.66*  an opened book +3.41*   led 255/  0 h1.00 lvl+5.54   MATCH a closed book (cos -0.081)
frame   558 :  a closed book +6.07*  an opened book +2.50*   led 255/  0 h1.00 lvl+4.29   MATCH a closed book (cos -0.089)
frame   559 :  a closed book +9.08*  an opened book +4.39*   led 255/  0 h1.00 lvl+6.74   MATCH a closed book (cos -0.075)
frame   560 :  a closed book +9.17*  an opened book +4.47*   led 255/  0 h1.00 lvl+6.82   MATCH a closed book (cos -0.075)
frame   561 :  a closed book +8.12*  an opened book +3.46*   led 255/  0 h1.00 lvl+5.79   MATCH a closed book (cos -0.079)
frame   562 :  a closed book +7.02*  an opened book +2.53*   led 255/  0 h1.00 lvl+4.78   MATCH a closed book (cos -0.084)
frame   563 :  a closed book +7.27*  an opened book +2.63*   led 255/  0 h1.00 lvl+4.95   MATCH a closed book (cos -0.083)
frame   564 :  a closed book +6.70*  an opened book +2.84*   led 255/  0 h1.00 lvl+4.77   MATCH a closed book (cos -0.086)
frame   565 :  a closed book +5.24*  an opened book +0.96   led 255/  0 h1.00 lvl+3.10   MATCH a closed book (cos -0.092)
frame   566 :  a closed book +5.86*  an opened book +1.72*   led 255/  0 h1.00 lvl+3.79   MATCH a closed book (cos -0.090)
frame   567 :  a closed book +6.50*  an opened book +2.46*   led 255/  0 h1.00 lvl+4.48   MATCH a closed book (cos -0.087)
frame   568 :  a closed book +5.35*  an opened book +1.39*   led 255/  0 h1.00 lvl+3.37   MATCH a closed book (cos -0.092)
frame   569 :  a closed book +6.91*  an opened book +2.46*   led 255/  0 h1.00 lvl+4.68   MATCH a closed book (cos -0.085)
frame   570 :  a closed book +4.34*  an opened book +0.68   led 255/  0 h1.00 lvl+2.51   MATCH a closed book (cos -0.097)
frame   571 :  a closed book +6.63*  an opened book +2.06*   led 255/  0 h1.00 lvl+4.34   MATCH a closed book (cos -0.086)
frame   572 :  a closed book +4.47*  an opened book +1.10   led 255/  0 h1.00 lvl+2.79   MATCH a closed book (cos -0.096)
frame   573 :  a closed book +3.77*  an opened book +0.63   led 255/  0 h1.00 lvl+2.20   MATCH a closed book (cos -0.099)
frame   574 :  a closed book +7.14*  an opened book +2.97*   led 255/  0 h1.00 lvl+5.05   MATCH a closed book (cos -0.084)
frame   575 :  a closed book +8.44*  an opened book +3.65*   led 255/  0 h1.00 lvl+6.04   MATCH a closed book (cos -0.078)
frame   576 :  a closed book +8.22*  an opened book +3.48*   led 255/  0 h1.00 lvl+5.85   MATCH a closed book (cos -0.079)
frame   577 :  a closed book +4.85*  an opened book +0.05   led 255/  0 h1.00 lvl+2.45   MATCH a closed book (cos -0.094)
frame   578 :  a closed book +3.78*  an opened book +0.60   led 255/  0 h1.00 lvl+2.19   MATCH a closed book (cos -0.099)
frame   579 :  a closed book +7.66*  an opened book +3.06*   led 255/  0 h1.00 lvl+5.36   MATCH a closed book (cos -0.081)
frame   580 :  a closed book +5.43*  an opened book +1.16   led 255/  0 h1.00 lvl+3.29   MATCH a closed book (cos -0.092)
frame   581 :  a closed book +6.36*  an opened book +1.32*   led 255/  0 h1.00 lvl+3.84   MATCH a closed book (cos -0.087)
frame   582 :  a closed book +4.57*  an opened book +1.62*   led 255/  0 h1.00 lvl+3.10   MATCH a closed book (cos -0.096)
frame   583 :  a closed book +6.57*  an opened book +2.09*   led 255/  0 h1.00 lvl+4.33   MATCH a closed book (cos -0.086)
frame   584 :  a closed book +5.27*  an opened book +1.84*   led 255/  0 h1.00 lvl+3.56   MATCH a closed book (cos -0.092)
frame   585 :  a closed book +6.81*  an opened book +2.54*   led 255/  0 h1.00 lvl+4.68   MATCH a closed book (cos -0.085)
frame   586 :  a closed book +5.55*  an opened book +1.15   led 255/  0 h1.00 lvl+3.35   MATCH a closed book (cos -0.091)
frame   587 :  a closed book +5.13*  an opened book +0.88   led 255/  0 h1.00 lvl+3.00   MATCH a closed book (cos -0.093)
frame   588 :  a closed book +4.86*  an opened book +0.13   led 255/  0 h1.00 lvl+2.49   MATCH a closed book (cos -0.094)
frame   589 :  a closed book +5.41*  an opened book +1.60*   led 255/  0 h1.00 lvl+3.51   MATCH a closed book (cos -0.092)
frame   590 :  a closed book +5.95*  an opened book +1.63*   led 255/  0 h1.00 lvl+3.79   MATCH a closed book (cos -0.089)
frame   591 :  a closed book +5.34*  an opened book +0.88   led 255/  0 h1.00 lvl+3.11   MATCH a closed book (cos -0.092)
frame   592 :  a closed book +6.48*  an opened book +2.62*   led 255/  0 h1.00 lvl+4.55   MATCH a closed book (cos -0.087)
frame   593 :  a closed book +6.30*  an opened book +2.86*   led 255/  0 h1.00 lvl+4.58   MATCH a closed book (cos -0.088)
frame   594 :  a closed book +7.13*  an opened book +2.77*   led 255/  0 h1.00 lvl+4.95   MATCH a closed book (cos -0.084)
frame   595 :  a closed book +7.69*  an opened book +3.70*   led 255/  0 h1.00 lvl+5.69   MATCH a closed book (cos -0.081)
frame   596 :  a closed book +8.06*  an opened book +3.99*   led 255/  0 h1.00 lvl+6.03   MATCH a closed book (cos -0.080)
frame   597 :  a closed book +9.10*  an opened book +4.01*   led 255/  0 h1.00 lvl+6.55   MATCH a closed book (cos -0.075)
frame   598 :  a closed book +7.60*  an opened book +3.40*   led 255/  0 h1.00 lvl+5.50   MATCH a closed book (cos -0.082)
frame   599 :  a closed book +6.65*  an opened book +2.99*   led 255/  0 h1.00 lvl+4.82   MATCH a closed book (cos -0.086)
background: after 30 frames (frozen, room spread), this room reads  a closed book -0.116 +-0.0046 (COCO -0.159 +-0.0351)  an opened book -0.126 +-0.0043 (COCO -0.151 +-0.0303)
frame   600 :  a closed book +8.61*  an opened book +4.37*   led 255/  0 h1.00 lvl+6.49   MATCH a closed book (cos -0.077)
frame   601 :  a closed book +9.00*  an opened book +4.77*   led 255/  0 h1.00 lvl+6.88   MATCH a closed book (cos -0.075)

stopped   : 602 frames, 602 good, capture overlapped with the compute, configuration C
            602 frames timed, 286 ms/frame mean (capture included)
            269 ms encode + 0 ms waiting for the sensor + 16 ms burst; 296 ms/frame by the clock
            382 ms shutter to LED, arming with 84 ms of compute left
            last frame mean RGB 130 128 141
            camera bus: worst gap 18 us against the 2000 us deadline (#12)
            usb: 0 outages, 0 ms off the bus, 0 re-attaches (#9)
