
=== M9: fpga-open-vocab - describe it, the board spots it ===

clock     : 320 MHz requested; BOOTSEL is reachable for 1.5 s
clock     : 320 MHz system, core 1.25 V
reset     : chip_reset 00010000
            nothing new since the last banner - whatever reset the core left powman alone.
waiting for a bitstream on USB CDC (host/demo.py)
bitstream : 173124 bytes announced, crc32 0a2e9953
bitstream : received intact
configure : configured, CDONE high   CDONE=1 nSTATUS=0
crc       : DMA sniffer, calc=1 out_rev=1 out_inv=1
model     : 9 layers, 512-d embedding, 131072 B/buffer
weights   : 780720 B, crc32=0xF368CC6E  (126 ms to hash)

reference : encoder_fast on the flash test vector  (1583 ms)

link      : probing the wire by running the whole test vector over it
probe     : 3 forward data lines -> 512/512 floats exact, 272 ms
link      : configuration C, 3 forward data lines, 160.0 MHz

camera    : exposure ramp 79 81 83 86 87 89 89 90 91 91 92
camera    : live 128x128 RGB565, id 0x82, 16.0 MHz, expose 37 ms, read 16 ms, exposure settled after 11 frames
            mean RGB 90 97 91  (tuned camera on a neutral scene: about 115 107 105)

queries   : waiting for a query set on USB CDC (host/demo.py)
queries   : 2 accepted, 512-d, crc ok
            level axis carries 0.95 of one query's swing; most opposed pair +0.810
            scored as z = (cos - background) / std, where the background is this room's
            own mean over its first 30 frames and is then FROZEN - so a thing left in
            shot keeps its score instead of decaying into the furniture. 'N' re-learns
            it, 'H' switches to tracking. The COCO figures below are only the seed for
            frame 0 and the fixed std.
            std is THIS ROOM's, measured over the same 30 frames ('S' switches to COCO's).
            The thresholds below still mean the 90th percentile of a background; the
            background they now mean it against is this room empty, not 5000 COCO photos.
            a closed book        match above z 1.23   (COCO background -0.159 +- 0.035, so cos -0.116)
            an opened book       match above z 1.23   (COCO background -0.151 +- 0.030, so cos -0.114)

loop      : capture, 8 convs on the T8, pool and head, then one cosine per query. 'B' for BOOTSEL, 'R' to restart,
            'P' to dump the next frame for host/cam.py, 'V' to dump its 512 floats for host/caption.py,
            'E' to provoke a fault so D1 shows its fault display, 'H' to freeze/unfreeze the background,
            'S' to switch the spread between this room's and COCO's, 'W' to hang on purpose and see
            the watchdog name the stage, 'C' to stall the camera bus on purpose and see it cost one frame,
            'U' to drop off USB on purpose and watch it come back, 'I' to drop off and refuse to,
            'N' to forget it and learn it again from now. 'P' and 'V' together describe the same frame.
            'O' closes the timing window, prints it and flips the capture between overlapped and serial;
            'D' does the same and flips the trigger between late and at-the-collect, which is #14's A/B.
            'L' freezes exposure and gain, then on a second press the white balance too - which goes green,
            and is the control. A third restores all three. Issue #30, and the one hotkey whose answer depends on when you press it.
            scores are z against this room's background, ranked; '*' means over its threshold.
            '1'..'6' enrol the next 20 frames as that class, and press again on a LATER visit
            to fold a second one in - 2 visits is what makes the enrolment guard mean
            something. Two classes in and the board decides by nearest reference instead of
            by threshold - see M21.
            '0' ENROLS THE EMPTY SCENE the same way, and it is worth a visit: with one, a frame
            is absent when the empty reference is the nearest of the three and no radius is
            involved. Without one the board falls back to the band - absent beyond 2.0 sep
            from every class - which scores 54.6% over 28 benches against the third reference's
            79.1%, because with two queries that band is an interval the empty scene can sit
            inside. #18.
            The first 30 frames set the baseline and it is then frozen, so anything left in
            shot KEEPS its score. Point the camera at the empty scene for those frames.
            Send a new set at any time to re-query - that resets the baseline too.

frame     0 :  a closed book +1.32*  an opened book +0.99   led 255/  0 h1.00 lvl+1.16   MATCH a closed book (cos -0.113)
frame     1 :  an opened book -0.13  a closed book -0.15   led   0/255 h0.00 lvl-0.14   -
frame     2 :  an opened book +0.20  a closed book +0.16   led   5/173 h0.16 lvl+0.18   -
frame     3 :  an opened book -0.05  a closed book -0.09   led   0/255 h0.00 lvl-0.07   -
frame     4 :  an opened book +0.23  a closed book +0.12   led   6/163 h0.18 lvl+0.17   -
frame     5 :  a closed book +0.17  an opened book +0.06   led   3/184 h0.14 lvl+0.11   -
frame     6 :  an opened book +0.23  a closed book +0.09   led   7/160 h0.19 lvl+0.16   -
frame     7 :  an opened book +0.07  a closed book +0.00   led   1/223 h0.06 lvl+0.04   -
background: after 8 frames (warming up, room spread), this room reads  a closed book -0.112 +-0.0037 (COCO -0.159 +-0.0351)  an opened book -0.118 +-0.0042 (COCO -0.151 +-0.0303)
frame     8 :  an opened book -0.07  a closed book -0.82   led   0/255 h0.00 lvl-0.45   -
frame     9 :  a closed book +1.57*  an opened book +1.43*   led 255/  0 h1.00 lvl+1.50   MATCH a closed book (cos -0.107)
frame    10 :  a closed book +0.64  an opened book +0.45   led  61/ 50 h0.52 lvl+0.55   -
frame    11 :  an opened book +1.31*  a closed book +1.14   led 255/  0 h1.00 lvl+1.22   MATCH an opened book (cos -0.112)
frame    12 :  an opened book +0.41  a closed book -0.03   led  23/104 h0.34 lvl+0.19   -
frame    13 :  an opened book -0.49  a closed book -0.93   led   0/255 h0.00 lvl-0.71   -
frame    14 :  an opened book +0.56  a closed book -0.63   led  45/ 67 h0.46 lvl-0.03   -
frame    15 :  a closed book +0.54  an opened book +0.19   led  41/ 72 h0.44 lvl+0.36   -
frame    16 :  a closed book +2.43*  an opened book +1.14   led 255/  0 h1.00 lvl+1.78   MATCH a closed book (cos -0.104)
frame    17 :  a closed book +0.18  an opened book +0.13   led   4/178 h0.15 lvl+0.16   -
frame    18 :  an opened book +0.26  a closed book -0.38   led   8/151 h0.21 lvl-0.06   -
frame    19 :  a closed book +0.19  an opened book +0.09   led   4/177 h0.15 lvl+0.14   -
frame    20 :  an opened book +0.65  a closed book -0.15   led  63/ 48 h0.53 lvl+0.25   -
frame    21 :  a closed book -0.67  an opened book -1.81   led   0/255 h0.00 lvl-1.24   -
frame    22 :  an opened book +1.07  a closed book -0.15   led 186/  3 h0.87 lvl+0.46   -
frame    23 :  a closed book -0.75  an opened book -0.85   led   0/255 h0.00 lvl-0.80   -
frame    24 :  a closed book -0.44  an opened book -0.50   led   0/255 h0.00 lvl-0.47   -
frame    25 :  an opened book +1.50*  a closed book +1.07   led 255/  0 h1.00 lvl+1.29   MATCH an opened book (cos -0.112)
frame    26 :  a closed book +3.39*  an opened book +3.01*   led 255/  0 h1.00 lvl+3.20   MATCH a closed book (cos -0.100)
frame    27 :  an opened book -1.09  a closed book -1.18   led   0/255 h0.00 lvl-1.13   -
frame    28 :  an opened book +0.16  a closed book -1.03   led   3/187 h0.13 lvl-0.43   -
frame    29 :  an opened book +1.44*  a closed book +1.07   led 255/  0 h1.00 lvl+1.26   MATCH an opened book (cos -0.111)
frame    30 :  an opened book +2.24*  a closed book +1.30*   led 255/  0 h1.00 lvl+1.77   MATCH an opened book (cos -0.108)
frame    31 :  a closed book -0.10  an opened book -0.39   led   0/255 h0.00 lvl-0.24   -
frame    32 :  an opened book +1.72*  a closed book +0.85   led 255/  0 h1.00 lvl+1.29   MATCH an opened book (cos -0.110)
frame    33 :  a closed book +1.53*  an opened book +1.07   led 255/  0 h1.00 lvl+1.30   MATCH a closed book (cos -0.105)
frame    34 :  an opened book -0.75  a closed book -1.51   led   0/255 h0.00 lvl-1.13   -
frame    35 :  an opened book +1.22  a closed book +0.13   led 250/  0 h0.99 lvl+0.67   -
frame    36 :  a closed book -0.76  an opened book -0.98   led   0/255 h0.00 lvl-0.87   -
frame    37 :  a closed book +0.76  an opened book +0.52   led  89/ 31 h0.62 lvl+0.64   -
frame    38 :  an opened book +1.50*  a closed book +0.15   led 255/  0 h1.00 lvl+0.83   MATCH an opened book (cos -0.110)
frame    39 :  an opened book -0.12  a closed book -1.69   led   0/255 h0.00 lvl-0.91   -
frame    40 :  an opened book +1.68*  a closed book -0.39   led 255/  0 h1.00 lvl+0.64   MATCH an opened book (cos -0.110)
frame    41 :  an opened book +1.62*  a closed book +0.37   led 255/  0 h1.00 lvl+0.99   MATCH an opened book (cos -0.110)
frame    42 :  an opened book +1.52*  a closed book +0.81   led 255/  0 h1.00 lvl+1.16   MATCH an opened book (cos -0.110)
frame    43 :  an opened book +0.00  a closed book -1.03   led   0/253 h0.00 lvl-0.51   -
frame    44 :  an opened book -0.28  a closed book -0.57   led   0/255 h0.00 lvl-0.43   -
frame    45 :  an opened book -0.26  a closed book -0.63   led   0/255 h0.00 lvl-0.45   -
frame    46 :  an opened book +1.52*  a closed book +0.65   led 255/  0 h1.00 lvl+1.08   MATCH an opened book (cos -0.110)
frame    47 :  an opened book +1.09  a closed book +0.31   led 194/  2 h0.88 lvl+0.70   -
frame    48 :  an opened book +0.02  a closed book -0.92   led   0/245 h0.02 lvl-0.45   -
frame    49 :  an opened book +2.27*  a closed book +1.65*   led 255/  0 h1.00 lvl+1.96   MATCH an opened book (cos -0.107)
frame    50 :  an opened book +1.61*  a closed book +0.58   led 255/  0 h1.00 lvl+1.10   MATCH an opened book (cos -0.110)
frame    51 :  an opened book +0.39  a closed book +0.23   led  20/111 h0.32 lvl+0.31   -
frame    52 :  an opened book +1.01  a closed book +0.04   led 167/  6 h0.82 lvl+0.53   -
frame    53 :  an opened book +0.39  a closed book -0.86   led  20/110 h0.32 lvl-0.23   -
frame    54 :  an opened book -1.25  a closed book -2.55   led   0/255 h0.00 lvl-1.90   -
frame    55 :  an opened book +0.91  a closed book -0.15   led 131/ 13 h0.74 lvl+0.38   -
frame    56 :  an opened book +0.60  a closed book -0.76   led  53/ 59 h0.49 lvl-0.08   -
frame    57 :  an opened book +1.53*  a closed book +0.94   led 255/  0 h1.00 lvl+1.23   MATCH an opened book (cos -0.110)
frame    58 :  an opened book +0.74  a closed book +0.15   led  84/ 34 h0.60 lvl+0.45   -
frame    59 :  a closed book +2.34*  an opened book +2.33*   led 255/  0 h1.00 lvl+2.34   MATCH a closed book (cos -0.102)
frame    60 :  an opened book -1.31  a closed book -2.33   led   0/255 h0.00 lvl-1.82   -
frame    61 :  an opened book +0.31  a closed book -0.35   led  13/134 h0.25 lvl-0.02   -
frame    62 :  an opened book +2.01*  a closed book +1.10   led 255/  0 h1.00 lvl+1.56   MATCH an opened book (cos -0.108)
frame    63 :  an opened book -2.24  a closed book -2.89   led   0/255 h0.00 lvl-2.56   -
frame    64 :  an opened book -0.15  a closed book -0.55   led   0/255 h0.00 lvl-0.35   -
frame    65 :  an opened book +1.00  a closed book -0.84   led 161/  6 h0.81 lvl+0.08   -
frame    66 :  an opened book +1.52*  a closed book +0.40   led 255/  0 h1.00 lvl+0.96   MATCH an opened book (cos -0.110)
frame    67 :  an opened book +1.48*  a closed book +0.51   led 255/  0 h1.00 lvl+0.99   MATCH an opened book (cos -0.111)
frame    68 :  an opened book -0.08  a closed book -0.64   led   0/255 h0.00 lvl-0.36   -
frame    69 :  a closed book +0.81  an opened book +0.71   led 100/ 25 h0.65 lvl+0.76   -
frame    70 :  an opened book +0.66  a closed book +0.34   led  65/ 47 h0.54 lvl+0.50   -
frame    71 :  a closed book +1.98*  an opened book +1.70*   led 255/  0 h1.00 lvl+1.84   MATCH a closed book (cos -0.104)
frame    72 :  an opened book +2.22*  a closed book +1.05   led 255/  0 h1.00 lvl+1.64   MATCH an opened book (cos -0.108)
frame    73 :  an opened book +1.82*  a closed book +0.73   led 255/  0 h1.00 lvl+1.28   MATCH an opened book (cos -0.109)
frame    74 :  an opened book +0.97  a closed book +0.24   led 151/  8 h0.79 lvl+0.60   -
frame    75 :  an opened book +1.23*  a closed book +0.44   led 255/  0 h1.00 lvl+0.84   MATCH an opened book (cos -0.111)
frame    76 :  an opened book +1.17  a closed book +0.54   led 230/  0 h0.95 lvl+0.86   -
frame    77 :  a closed book +1.90*  an opened book +1.86*   led 255/  0 h1.00 lvl+1.88   MATCH a closed book (cos -0.104)
frame    78 :  an opened book +0.88  a closed book +0.09   led 122/ 16 h0.71 lvl+0.48   -
frame    79 :  an opened book +2.09*  a closed book +1.29*   led 255/  0 h1.00 lvl+1.69   MATCH an opened book (cos -0.108)
frame    80 :  an opened book +1.66*  a closed book +0.52   led 255/  0 h1.00 lvl+1.09   MATCH an opened book (cos -0.110)
frame    81 :  an opened book +2.84*  a closed book +2.04*   led 255/  0 h1.00 lvl+2.44   MATCH an opened book (cos -0.105)
frame    82 :  an opened book +3.49*  a closed book +2.73*   led 255/  0 h1.00 lvl+3.11   MATCH an opened book (cos -0.103)
frame    83 :  a closed book +1.49*  an opened book +1.13   led 255/  0 h1.00 lvl+1.31   MATCH a closed book (cos -0.105)
frame    84 :  an opened book +0.74  a closed book -0.26   led  84/ 33 h0.60 lvl+0.24   -
frame    85 :  an opened book +1.54*  a closed book +0.77   led 255/  0 h1.00 lvl+1.16   MATCH an opened book (cos -0.110)
frame    86 :  an opened book +0.37  a closed book -0.55   led  18/115 h0.30 lvl-0.09   -
frame    87 :  an opened book +0.34  a closed book -0.01   led  15/124 h0.28 lvl+0.16   -
frame    88 :  an opened book +2.27*  a closed book +1.90*   led 255/  0 h1.00 lvl+2.08   MATCH an opened book (cos -0.107)
frame    89 :  an opened book +3.13*  a closed book +2.81*   led 255/  0 h1.00 lvl+2.97   MATCH an opened book (cos -0.104)
frame    90 :  an opened book +2.59*  a closed book +2.40*   led 255/  0 h1.00 lvl+2.49   MATCH an opened book (cos -0.106)
frame    91 :  an opened book +2.33*  a closed book +2.24*   led 255/  0 h1.00 lvl+2.28   MATCH an opened book (cos -0.107)
frame    92 :  an opened book +2.75*  a closed book +2.24*   led 255/  0 h1.00 lvl+2.49   MATCH an opened book (cos -0.106)
frame    93 :  a closed book +3.38*  an opened book +3.00*   led 255/  0 h1.00 lvl+3.19   MATCH a closed book (cos -0.098)
frame    94 :  an opened book +1.31*  a closed book +1.26*   led 255/  0 h1.00 lvl+1.29   MATCH an opened book (cos -0.111)
frame    95 :  an opened book -0.06  a closed book -0.16   led   0/255 h0.00 lvl-0.11   -
frame    96 :  an opened book +4.12*  a closed book +3.28*   led 255/  0 h1.00 lvl+3.70   MATCH an opened book (cos -0.100)
frame    97 :  a closed book +1.15  an opened book +1.00   led 218/  1 h0.93 lvl+1.07   -
frame    98 :  an opened book +2.15*  a closed book +1.19   led 255/  0 h1.00 lvl+1.67   MATCH an opened book (cos -0.108)
frame    99 :  a closed book +1.96*  an opened book +1.09   led 255/  0 h1.00 lvl+1.52   MATCH a closed book (cos -0.104)
background: after 30 frames (frozen, room spread), this room reads  a closed book -0.111 +-0.0038 (COCO -0.159 +-0.0351)  an opened book -0.116 +-0.0039 (COCO -0.151 +-0.0303)
frame   100 :  an opened book +3.06*  a closed book +2.66*   led 255/  0 h1.00 lvl+2.86   MATCH an opened book (cos -0.104)
frame   101 :  an opened book +1.78*  a closed book +1.48*   led 255/  0 h1.00 lvl+1.63   MATCH an opened book (cos -0.109)
frame   102 :  a closed book +1.62*  an opened book +0.54   led 255/  0 h1.00 lvl+1.08   MATCH a closed book (cos -0.105)
frame   103 :  an opened book +1.45*  a closed book +0.27   led 255/  0 h1.00 lvl+0.86   MATCH an opened book (cos -0.111)
frame   104 :  an opened book +2.93*  a closed book +2.10*   led 255/  0 h1.00 lvl+2.52   MATCH an opened book (cos -0.105)
frame   105 :  an opened book +1.39*  a closed book +1.30*   led 255/  0 h1.00 lvl+1.35   MATCH an opened book (cos -0.111)
frame   106 :  an opened book +2.89*  a closed book +2.77*   led 255/  0 h1.00 lvl+2.83   MATCH an opened book (cos -0.105)
frame   107 :  an opened book +2.92*  a closed book +2.69*   led 255/  0 h1.00 lvl+2.81   MATCH an opened book (cos -0.105)
frame   108 :  a closed book +3.16*  an opened book +2.63*   led 255/  0 h1.00 lvl+2.90   MATCH a closed book (cos -0.099)
frame   109 :  a closed book +3.20*  an opened book +2.66*   led 255/  0 h1.00 lvl+2.93   MATCH a closed book (cos -0.099)
frame   110 :  a closed book +2.07*  an opened book +1.54*   led 255/  0 h1.00 lvl+1.80   MATCH a closed book (cos -0.103)
frame   111 :  an opened book +0.84  a closed book +0.21   led 109/ 21 h0.68 lvl+0.53   -
frame   112 :  an opened book +2.23*  a closed book +2.02*   led 255/  0 h1.00 lvl+2.13   MATCH an opened book (cos -0.108)
frame   113 :  an opened book +2.74*  a closed book +2.45*   led 255/  0 h1.00 lvl+2.59   MATCH an opened book (cos -0.106)
frame   114 :  a closed book +4.73*  an opened book +4.23*   led 255/  0 h1.00 lvl+4.48   MATCH a closed book (cos -0.093)
frame   115 :  an opened book +3.49*  a closed book +2.93*   led 255/  0 h1.00 lvl+3.21   MATCH an opened book (cos -0.103)
frame   116 :  an opened book +2.32*  a closed book +2.17*   led 255/  0 h1.00 lvl+2.25   MATCH an opened book (cos -0.107)
frame   117 :  a closed book +3.02*  an opened book +2.19*   led 255/  0 h1.00 lvl+2.60   MATCH a closed book (cos -0.100)
frame   118 :  a closed book +2.50*  an opened book +1.92*   led 255/  0 h1.00 lvl+2.21   MATCH a closed book (cos -0.102)
frame   119 :  an opened book +4.02*  a closed book +3.34*   led 255/  0 h1.00 lvl+3.68   MATCH an opened book (cos -0.101)
frame   120 :  a closed book +0.61  an opened book +0.40   led  54/ 57 h0.49 lvl+0.51   -
frame   121 :  a closed book +3.02*  an opened book +2.57*   led 255/  0 h1.00 lvl+2.79   MATCH a closed book (cos -0.100)
frame   122 :  a closed book +1.15  an opened book +0.92   led 220/  1 h0.93 lvl+1.03   -
frame   123 :  an opened book +1.57*  a closed book +1.44*   led 255/  0 h1.00 lvl+1.50   MATCH an opened book (cos -0.110)
frame   124 :  an opened book +0.91  a closed book +0.51   led 132/ 13 h0.74 lvl+0.71   -
frame   125 :  a closed book +1.52*  an opened book -0.15   led 255/  0 h1.00 lvl+0.68   MATCH a closed book (cos -0.105)
frame   126 :  an opened book +1.83*  a closed book +1.60*   led 255/  0 h1.00 lvl+1.72   MATCH an opened book (cos -0.109)
frame   127 :  a closed book +2.37*  an opened book +2.36*   led 255/  0 h1.00 lvl+2.36   MATCH a closed book (cos -0.102)
frame   128 :  an opened book +2.93*  a closed book +2.28*   led 255/  0 h1.00 lvl+2.60   MATCH an opened book (cos -0.105)
frame   129 :  an opened book +3.85*  a closed book +3.73*   led 255/  0 h1.00 lvl+3.79   MATCH an opened book (cos -0.101)
frame   130 :  a closed book +3.27*  an opened book +2.81*   led 255/  0 h1.00 lvl+3.04   MATCH a closed book (cos -0.099)
frame   131 :  a closed book +3.28*  an opened book +3.05*   led 255/  0 h1.00 lvl+3.17   MATCH a closed book (cos -0.099)
frame   132 :  a closed book +1.94*  an opened book +1.74*   led 255/  0 h1.00 lvl+1.84   MATCH a closed book (cos -0.104)
frame   133 :  an opened book +3.59*  a closed book +3.40*   led 255/  0 h1.00 lvl+3.49   MATCH an opened book (cos -0.102)
frame   134 :  an opened book +2.60*  a closed book +2.34*   led 255/  0 h1.00 lvl+2.47   MATCH an opened book (cos -0.106)
frame   135 :  an opened book +3.27*  a closed book +2.59*   led 255/  0 h1.00 lvl+2.93   MATCH an opened book (cos -0.104)
frame   136 :  an opened book +2.57*  a closed book +2.39*   led 255/  0 h1.00 lvl+2.48   MATCH an opened book (cos -0.106)
frame   137 :  a closed book +4.11*  an opened book +3.60*   led 255/  0 h1.00 lvl+3.86   MATCH a closed book (cos -0.095)
frame   138 :  a closed book +2.47*  an opened book +1.72*   led 255/  0 h1.00 lvl+2.10   MATCH a closed book (cos -0.102)
frame   139 :  a closed book +1.00  an opened book +0.88   led 162/  6 h0.81 lvl+0.94   -
frame   140 :  an opened book +2.13*  a closed book +1.93*   led 255/  0 h1.00 lvl+2.03   MATCH an opened book (cos -0.108)
frame   141 :  a closed book +2.72*  an opened book +2.36*   led 255/  0 h1.00 lvl+2.54   MATCH a closed book (cos -0.101)
frame   142 :  an opened book +2.61*  a closed book +2.07*   led 255/  0 h1.00 lvl+2.34   MATCH an opened book (cos -0.106)
frame   143 :  an opened book +2.47*  a closed book +2.21*   led 255/  0 h1.00 lvl+2.34   MATCH an opened book (cos -0.107)
frame   144 :  an opened book +1.60*  a closed book +0.54   led 255/  0 h1.00 lvl+1.07   MATCH an opened book (cos -0.110)
frame   145 :  a closed book +2.63*  an opened book +2.41*   led 255/  0 h1.00 lvl+2.52   MATCH a closed book (cos -0.101)
frame   146 :  an opened book +3.21*  a closed book +2.32*   led 255/  0 h1.00 lvl+2.76   MATCH an opened book (cos -0.104)
frame   147 :  a closed book +2.98*  an opened book +2.97*   led 255/  0 h1.00 lvl+2.97   MATCH a closed book (cos -0.100)
frame   148 :  a closed book +2.41*  an opened book +1.64*   led 255/  0 h1.00 lvl+2.02   MATCH a closed book (cos -0.102)
frame   149 :  a closed book +2.81*  an opened book +1.58*   led 255/  0 h1.00 lvl+2.20   MATCH a closed book (cos -0.100)
frame   150 :  an opened book +0.61  a closed book +0.39   led  54/ 57 h0.49 lvl+0.50   -
frame   151 :  a closed book +1.82*  an opened book +1.64*   led 255/  0 h1.00 lvl+1.73   MATCH a closed book (cos -0.104)
frame   152 :  an opened book +2.25*  a closed book +1.75*   led 255/  0 h1.00 lvl+2.00   MATCH an opened book (cos -0.108)
frame   153 :  a closed book +4.26*  an opened book +3.18*   led 255/  0 h1.00 lvl+3.72   MATCH a closed book (cos -0.095)
frame   154 :  an opened book +1.20  a closed book +1.04   led 243/  0 h0.98 lvl+1.12   -
frame   155 :  a closed book +1.44*  an opened book +1.30*   led 255/  0 h1.00 lvl+1.37   MATCH a closed book (cos -0.106)
frame   156 :  a closed book -0.27  an opened book -0.95   led   0/255 h0.00 lvl-0.61   -
frame   157 :  a closed book +0.81  an opened book -0.06   led 102/ 24 h0.66 lvl+0.37   -
frame   158 :  an opened book +3.62*  a closed book +2.74*   led 255/  0 h1.00 lvl+3.18   MATCH an opened book (cos -0.102)
frame   159 :  an opened book +3.33*  a closed book +3.08*   led 255/  0 h1.00 lvl+3.20   MATCH an opened book (cos -0.103)
frame   160 :  an opened book +4.28*  a closed book +3.87*   led 255/  0 h1.00 lvl+4.07   MATCH an opened book (cos -0.100)
frame   161 :  an opened book +2.43*  a closed book +2.04*   led 255/  0 h1.00 lvl+2.24   MATCH an opened book (cos -0.107)
frame   162 :  a closed book +2.85*  an opened book +2.47*   led 255/  0 h1.00 lvl+2.66   MATCH a closed book (cos -0.100)
frame   163 :  a closed book +0.96  an opened book +0.93   led 148/  9 h0.78 lvl+0.94   -
frame   164 :  a closed book +3.11*  an opened book +2.67*   led 255/  0 h1.00 lvl+2.89   MATCH a closed book (cos -0.099)
frame   165 :  an opened book +3.35*  a closed book +2.75*   led 255/  0 h1.00 lvl+3.05   MATCH an opened book (cos -0.103)
frame   166 :  an opened book +2.40*  a closed book +2.03*   led 255/  0 h1.00 lvl+2.22   MATCH an opened book (cos -0.107)
frame   167 :  a closed book +1.35*  an opened book +1.17   led 255/  0 h1.00 lvl+1.26   MATCH a closed book (cos -0.106)
frame   168 :  an opened book +0.48  a closed book +0.07   led  32/ 86 h0.39 lvl+0.27   -
frame   169 :  an opened book +1.60*  a closed book +0.64   led 255/  0 h1.00 lvl+1.12   MATCH an opened book (cos -0.110)
frame   170 :  an opened book +1.23  a closed book +0.18   led 254/  0 h1.00 lvl+0.70   -
frame   171 :  an opened book -0.08  a closed book -0.11   led   0/255 h0.00 lvl-0.10   -
frame   172 :  an opened book +0.69  a closed book +0.22   led  72/ 41 h0.56 lvl+0.46   -
frame   173 :  an opened book +0.44  a closed book -0.28   led  27/ 95 h0.36 lvl+0.08   -
frame   174 :  an opened book +0.08  a closed book -0.12   led   1/221 h0.06 lvl-0.02   -
frame   175 :  an opened book +0.86  a closed book +0.68   led 115/ 19 h0.70 lvl+0.77   -
frame   176 :  an opened book -0.07  a closed book -1.20   led   0/255 h0.00 lvl-0.63   -
frame   177 :  an opened book -0.33  a closed book -2.20   led   0/255 h0.00 lvl-1.26   -
frame   178 :  an opened book +0.96  a closed book +0.57   led 148/  9 h0.78 lvl+0.77   -
frame   179 :  an opened book +1.15  a closed book +0.09   led 219/  1 h0.93 lvl+0.62   -
frame   180 :  an opened book +2.61*  a closed book +1.56*   led 255/  0 h1.00 lvl+2.08   MATCH an opened book (cos -0.106)
frame   181 :  an opened book -0.10  a closed book -1.23   led   0/255 h0.00 lvl-0.66   -
frame   182 :  an opened book -1.25  a closed book -1.77   led   0/255 h0.00 lvl-1.51   -
frame   183 :  an opened book +0.86  a closed book +0.66   led 115/ 19 h0.70 lvl+0.76   -
frame   184 :  a closed book -1.81  an opened book -1.84   led   0/255 h0.00 lvl-1.83   -
frame   185 :  an opened book +0.63  a closed book -0.66   led  58/ 53 h0.51 lvl-0.02   -
frame   186 :  an opened book +1.72*  a closed book +0.51   led 255/  0 h1.00 lvl+1.12   MATCH an opened book (cos -0.110)
frame   187 :  an opened book +0.38  a closed book -0.86   led  19/113 h0.31 lvl-0.24   -
frame   188 :  an opened book +1.38*  a closed book +0.67   led 255/  0 h1.00 lvl+1.03   MATCH an opened book (cos -0.111)
frame   189 :  an opened book -0.07  a closed book -0.11   led   0/255 h0.00 lvl-0.09   -
frame   190 :  an opened book +1.65*  a closed book +0.41   led 255/  0 h1.00 lvl+1.03   MATCH an opened book (cos -0.110)
frame   191 :  an opened book +0.70  a closed book +0.19   led  73/ 40 h0.57 lvl+0.44   -
frame   192 :  an opened book +0.50  a closed book +0.33   led  35/ 81 h0.41 lvl+0.41   -
frame   193 :  an opened book +0.05  a closed book -0.46   led   0/235 h0.04 lvl-0.21   -
frame   194 :  an opened book +0.23  a closed book -0.69   led   6/162 h0.19 lvl-0.23   -
frame   195 :  an opened book +2.05*  a closed book +1.51*   led 255/  0 h1.00 lvl+1.78   MATCH an opened book (cos -0.108)
frame   196 :  an opened book -0.45  a closed book -1.71   led   0/255 h0.00 lvl-1.08   -
frame   197 :  a closed book +0.21  an opened book -0.05   led   5/170 h0.17 lvl+0.08   -
frame   198 :  an opened book +1.66*  a closed book +0.09   led 255/  0 h1.00 lvl+0.87   MATCH an opened book (cos -0.110)
frame   199 :  an opened book +1.13  a closed book +0.23   led 213/  1 h0.92 lvl+0.68   -
background: after 30 frames (frozen, room spread), this room reads  a closed book -0.111 +-0.0038 (COCO -0.159 +-0.0351)  an opened book -0.116 +-0.0039 (COCO -0.151 +-0.0303)
frame   200 :  an opened book +1.00  a closed book +0.02   led 162/  6 h0.81 lvl+0.51   -
frame   201 :  an opened book +0.01  a closed book -1.02   led   0/251 h0.01 lvl-0.51   -
frame   202 :  an opened book +0.37  a closed book -0.35   led  19/115 h0.30 lvl+0.01   -
frame   203 :  an opened book +0.99  a closed book +0.37   led 159/  7 h0.81 lvl+0.68   -
frame   204 :  an opened book +0.25  a closed book -0.41   led   7/156 h0.20 lvl-0.08   -
frame   205 :  an opened book -0.53  a closed book -1.58   led   0/255 h0.00 lvl-1.06   -
frame   206 :  an opened book +0.05  a closed book -0.69   led   0/234 h0.04 lvl-0.32   -
frame   207 :  an opened book -1.27  a closed book -2.12   led   0/255 h0.00 lvl-1.69   -
frame   208 :  an opened book -1.51  a closed book -2.31   led   0/255 h0.00 lvl-1.91   -
frame   209 :  an opened book +0.33  a closed book +0.27   led  15/127 h0.27 lvl+0.30   -
frame   210 :  an opened book -0.54  a closed book -1.21   led   0/255 h0.00 lvl-0.87   -
frame   211 :  an opened book -0.64  a closed book -2.20   led   0/255 h0.00 lvl-1.42   -
frame   212 :  an opened book -0.14  a closed book -1.18   led   0/255 h0.00 lvl-0.66   -
frame   213 :  an opened book -0.57  a closed book -1.10   led   0/255 h0.00 lvl-0.83   -
frame   214 :  an opened book +0.93  a closed book -0.20   led 138/ 11 h0.76 lvl+0.36   -
frame   215 :  an opened book -0.13  a closed book -1.22   led   0/255 h0.00 lvl-0.68   -
frame   216 :  an opened book -0.70  a closed book -0.90   led   0/255 h0.00 lvl-0.80   -
frame   217 :  an opened book -0.28  a closed book -1.05   led   0/255 h0.00 lvl-0.67   -
frame   218 :  an opened book -0.13  a closed book -1.57   led   0/255 h0.00 lvl-0.85   -
frame   219 :  a closed book +0.99  an opened book +0.95   led 160/  7 h0.81 lvl+0.97   -
frame   220 :  an opened book +0.06  a closed book -0.35   led   0/230 h0.05 lvl-0.15   -
frame   221 :  an opened book -0.67  a closed book -1.82   led   0/255 h0.00 lvl-1.25   -
frame   222 :  an opened book +2.48*  a closed book +2.24*   led 255/  0 h1.00 lvl+2.36   MATCH an opened book (cos -0.107)
frame   223 :  a closed book +1.99*  an opened book +1.98*   led 255/  0 h1.00 lvl+1.98   MATCH a closed book (cos -0.104)
frame   224 :  an opened book +0.45  a closed book -0.24   led  28/ 93 h0.37 lvl+0.10   -
frame   225 :  an opened book -0.05  a closed book -1.13   led   0/255 h0.00 lvl-0.59   -
frame   226 :  an opened book +0.29  a closed book -1.00   led  10/142 h0.23 lvl-0.35   -
frame   227 :  a closed book +0.91  an opened book +0.49   led 133/ 13 h0.74 lvl+0.70   -
frame   228 :  an opened book -1.21  a closed book -1.96   led   0/255 h0.00 lvl-1.59   -
frame   229 :  an opened book +1.24*  a closed book +0.16   led 255/  0 h1.00 lvl+0.70   MATCH an opened book (cos -0.111)
frame   230 :  an opened book +1.17  a closed book +0.57   led 230/  0 h0.95 lvl+0.87   -
frame   231 :  an opened book -1.10  a closed book -1.79   led   0/255 h0.00 lvl-1.44   -
frame   232 :  an opened book +0.87  a closed book -0.24   led 119/ 17 h0.71 lvl+0.31   -
frame   233 :  an opened book +0.18  a closed book -0.01   led   4/181 h0.14 lvl+0.08   -
frame   234 :  an opened book +0.73  a closed book -0.39   led  80/ 36 h0.59 lvl+0.17   -
frame   235 :  an opened book +1.17  a closed book +1.08   led 227/  0 h0.95 lvl+1.12   -
frame   236 :  an opened book +0.38  a closed book -0.20   led  19/115 h0.30 lvl+0.09   -
frame   237 :  an opened book +1.16  a closed book -1.10   led 226/  0 h0.95 lvl+0.03   -
frame   238 :  an opened book +1.21  a closed book +1.00   led 244/  0 h0.98 lvl+1.10   -
frame   239 :  an opened book +0.15  a closed book -0.64   led   2/192 h0.12 lvl-0.25   -
frame   240 :  an opened book +0.83  a closed book -0.37   led 107/ 22 h0.67 lvl+0.23   -
frame   241 :  an opened book +0.69  a closed book -1.20   led  71/ 42 h0.56 lvl-0.26   -
frame   242 :  an opened book -0.37  a closed book -0.61   led   0/255 h0.00 lvl-0.49   -
frame   243 :  an opened book +0.92  a closed book +0.34   led 134/ 12 h0.75 lvl+0.63   -
frame   244 :  an opened book +1.19  a closed book -0.56   led 236/  0 h0.97 lvl+0.31   -
frame   245 :  an opened book +0.46  a closed book -0.02   led  29/ 91 h0.37 lvl+0.22   -
frame   246 :  an opened book -1.29  a closed book -2.37   led   0/255 h0.00 lvl-1.83   -
frame   247 :  an opened book -0.28  a closed book -0.68   led   0/255 h0.00 lvl-0.48   -
frame   248 :  an opened book -0.29  a closed book -1.20   led   0/255 h0.00 lvl-0.74   -
frame   249 :  an opened book -1.30  a closed book -2.53   led   0/255 h0.00 lvl-1.92   -
frame   250 :  an opened book +1.76*  a closed book +0.67   led 255/  0 h1.00 lvl+1.21   MATCH an opened book (cos -0.109)
frame   251 :  an opened book -0.19  a closed book -0.36   led   0/255 h0.00 lvl-0.28   -
frame   252 :  an opened book +1.04  a closed book +0.38   led 177/  4 h0.85 lvl+0.71   -
frame   253 :  an opened book +0.07  a closed book +0.01   led   0/223 h0.06 lvl+0.04   -
frame   254 :  an opened book +1.58*  a closed book +1.38*   led 255/  0 h1.00 lvl+1.48   MATCH an opened book (cos -0.110)
frame   255 :  an opened book +1.83*  a closed book +0.67   led 255/  0 h1.00 lvl+1.25   MATCH an opened book (cos -0.109)
frame   256 :  a closed book -1.42  an opened book -1.53   led   0/255 h0.00 lvl-1.47   -
frame   257 :  an opened book -0.33  a closed book -1.23   led   0/255 h0.00 lvl-0.78   -
frame   258 :  an opened book +1.42*  a closed book -0.04   led 255/  0 h1.00 lvl+0.69   MATCH an opened book (cos -0.111)
frame   259 :  an opened book +1.63*  a closed book +1.20   led 255/  0 h1.00 lvl+1.42   MATCH an opened book (cos -0.110)
frame   260 :  an opened book -0.45  a closed book -1.04   led   0/255 h0.00 lvl-0.75   -
frame   261 :  an opened book -0.90  a closed book -1.52   led   0/255 h0.00 lvl-1.21   -
frame   262 :  an opened book -0.62  a closed book -0.76   led   0/255 h0.00 lvl-0.69   -
frame   263 :  an opened book +1.19  a closed book +0.62   led 239/  0 h0.97 lvl+0.91   -
frame   264 :  an opened book -0.73  a closed book -1.45   led   0/255 h0.00 lvl-1.09   -
frame   265 :  an opened book +0.86  a closed book -0.28   led 115/ 19 h0.70 lvl+0.29   -
frame   266 :  an opened book +0.83  a closed book -0.25   led 107/ 22 h0.67 lvl+0.29   -
frame   267 :  an opened book -0.29  a closed book -1.98   led   0/255 h0.00 lvl-1.14   -
frame   268 :  an opened book +0.76  a closed book -0.63   led  88/ 31 h0.62 lvl+0.06   -
frame   269 :  an opened book +1.03  a closed book -0.97   led 171/  5 h0.83 lvl+0.03   -
frame   270 :  an opened book +0.98  a closed book +0.21   led 155/  8 h0.80 lvl+0.60   -
frame   271 :  an opened book +2.83*  a closed book +1.07   led 255/  0 h1.00 lvl+1.95   MATCH an opened book (cos -0.105)
frame   272 :  an opened book +0.95  a closed book +0.54   led 144/ 10 h0.77 lvl+0.74   -
frame   273 :  an opened book +2.54*  a closed book +1.57*   led 255/  0 h1.00 lvl+2.05   MATCH an opened book (cos -0.106)
frame   274 :  a closed book +2.02*  an opened book +1.04   led 255/  0 h1.00 lvl+1.53   MATCH a closed book (cos -0.103)
frame   275 :  a closed book +1.50*  an opened book +1.29*   led 255/  0 h1.00 lvl+1.39   MATCH a closed book (cos -0.105)
frame   276 :  an opened book +1.41*  a closed book +1.19   led 255/  0 h1.00 lvl+1.30   MATCH an opened book (cos -0.111)
frame   277 :  a closed book +1.92*  an opened book +0.04   led 255/  0 h1.00 lvl+0.98   MATCH a closed book (cos -0.104)
frame   278 :  a closed book +2.47*  an opened book +1.91*   led 255/  0 h1.00 lvl+2.19   MATCH a closed book (cos -0.102)
frame   279 :  a closed book +2.97*  an opened book +2.69*   led 255/  0 h1.00 lvl+2.83   MATCH a closed book (cos -0.100)
frame   280 :  an opened book -0.09  a closed book -0.40   led   0/255 h0.00 lvl-0.25   -
frame   281 :  a closed book +2.24*  an opened book +1.46*   led 255/  0 h1.00 lvl+1.85   MATCH a closed book (cos -0.103)
frame   282 :  an opened book +0.33  a closed book +0.26   led  15/127 h0.27 lvl+0.29   -
frame   283 :  an opened book +0.28  a closed book -0.29   led  10/145 h0.23 lvl-0.00   -
frame   284 :  a closed book +1.91*  an opened book +1.37*   led 255/  0 h1.00 lvl+1.64   MATCH a closed book (cos -0.104)
frame   285 :  a closed book +2.23*  an opened book +1.54*   led 255/  0 h1.00 lvl+1.88   MATCH a closed book (cos -0.103)
frame   286 :  a closed book +1.01  an opened book +0.80   led 167/  6 h0.82 lvl+0.91   -
frame   287 :  a closed book +1.18  an opened book +0.06   led 233/  0 h0.96 lvl+0.62   -
frame   288 :  a closed book +1.79*  an opened book +1.06   led 255/  0 h1.00 lvl+1.42   MATCH a closed book (cos -0.104)
frame   289 :  a closed book +1.65*  an opened book +0.42   led 255/  0 h1.00 lvl+1.03   MATCH a closed book (cos -0.105)
frame   290 :  a closed book +2.12*  an opened book +1.59*   led 255/  0 h1.00 lvl+1.85   MATCH a closed book (cos -0.103)
frame   291 :  a closed book +1.67*  an opened book +0.47   led 255/  0 h1.00 lvl+1.07   MATCH a closed book (cos -0.105)
frame   292 :  a closed book +1.14  an opened book -0.10   led 215/  1 h0.93 lvl+0.52   -
frame   293 :  a closed book +2.23*  an opened book +2.08*   led 255/  0 h1.00 lvl+2.15   MATCH a closed book (cos -0.103)
frame   294 :  a closed book +2.69*  an opened book +1.86*   led 255/  0 h1.00 lvl+2.28   MATCH a closed book (cos -0.101)
frame   295 :  an opened book +1.70*  a closed book +1.36*   led 255/  0 h1.00 lvl+1.53   MATCH an opened book (cos -0.110)
frame   296 :  a closed book +3.48*  an opened book +1.70*   led 255/  0 h1.00 lvl+2.59   MATCH a closed book (cos -0.098)
frame   297 :  a closed book +1.67*  an opened book +1.54*   led 255/  0 h1.00 lvl+1.60   MATCH a closed book (cos -0.105)
frame   298 :  an opened book +0.15  a closed book +0.07   led   2/192 h0.12 lvl+0.11   -
frame   299 :  a closed book +1.93*  an opened book +1.24*   led 255/  0 h1.00 lvl+1.58   MATCH a closed book (cos -0.104)
background: after 30 frames (frozen, room spread), this room reads  a closed book -0.111 +-0.0038 (COCO -0.159 +-0.0351)  an opened book -0.116 +-0.0039 (COCO -0.151 +-0.0303)
frame   300 :  a closed book +0.65  an opened book -0.39   led  62/ 49 h0.53 lvl+0.13   -
frame   301 :  a closed book +2.08*  an opened book +1.57*   led 255/  0 h1.00 lvl+1.83   MATCH a closed book (cos -0.103)
frame   302 :  a closed book +2.19*  an opened book +1.02   led 255/  0 h1.00 lvl+1.60   MATCH a closed book (cos -0.103)
frame   303 :  a closed book +2.15*  an opened book +1.46*   led 255/  0 h1.00 lvl+1.81   MATCH a closed book (cos -0.103)
frame   304 :  a closed book +2.55*  an opened book +2.32*   led 255/  0 h1.00 lvl+2.43   MATCH a closed book (cos -0.101)
frame   305 :  a closed book +1.86*  an opened book +1.36*   led 255/  0 h1.00 lvl+1.61   MATCH a closed book (cos -0.104)
frame   306 :  a closed book +0.91  an opened book +0.41   led 131/ 13 h0.74 lvl+0.66   -
frame   307 :  an opened book +0.98  a closed book +0.74   led 154/  8 h0.80 lvl+0.86   -
frame   308 :  a closed book +1.70*  an opened book +0.36   led 255/  0 h1.00 lvl+1.03   MATCH a closed book (cos -0.105)
frame   309 :  a closed book +1.23  an opened book +0.23   led 255/  0 h1.00 lvl+0.73   -
frame   310 :  a closed book +1.76*  an opened book +0.97   led 255/  0 h1.00 lvl+1.37   MATCH a closed book (cos -0.104)
frame   311 :  a closed book +1.34*  an opened book -0.23   led 255/  0 h1.00 lvl+0.55   MATCH a closed book (cos -0.106)
frame   312 :  a closed book +1.11  an opened book +0.28   led 204/  1 h0.90 lvl+0.70   -
frame   313 :  a closed book -0.35  an opened book -0.57   led   0/255 h0.00 lvl-0.46   -
frame   314 :  a closed book +1.83*  an opened book +0.92   led 255/  0 h1.00 lvl+1.38   MATCH a closed book (cos -0.104)
frame   315 :  a closed book +1.48*  an opened book +1.02   led 255/  0 h1.00 lvl+1.25   MATCH a closed book (cos -0.105)
frame   316 :  a closed book +1.25*  an opened book +1.02   led 255/  0 h1.00 lvl+1.14   MATCH a closed book (cos -0.106)
frame   317 :  a closed book +0.06  an opened book -0.34   led   0/228 h0.05 lvl-0.14   -
frame   318 :  a closed book +3.53*  an opened book +2.13*   led 255/  0 h1.00 lvl+2.83   MATCH a closed book (cos -0.098)
frame   319 :  a closed book +2.05*  an opened book +1.17   led 255/  0 h1.00 lvl+1.61   MATCH a closed book (cos -0.103)
frame   320 :  a closed book +2.06*  an opened book +1.11   led 255/  0 h1.00 lvl+1.58   MATCH a closed book (cos -0.103)
frame   321 :  a closed book -0.87  an opened book -1.24   led   0/255 h0.00 lvl-1.05   -
frame   322 :  a closed book +1.49*  an opened book +0.71   led 255/  0 h1.00 lvl+1.10   MATCH a closed book (cos -0.105)
frame   323 :  a closed book +1.64*  an opened book +1.33*   led 255/  0 h1.00 lvl+1.48   MATCH a closed book (cos -0.105)
frame   324 :  a closed book +0.28  an opened book +0.26   led  10/145 h0.23 lvl+0.27   -
frame   325 :  an opened book +1.39*  a closed book +1.38*   led 255/  0 h1.00 lvl+1.39   MATCH an opened book (cos -0.111)
frame   326 :  a closed book -1.17  an opened book -1.64   led   0/255 h0.00 lvl-1.41   -
frame   327 :  a closed book +0.68  an opened book +0.30   led  69/ 43 h0.55 lvl+0.49   -
frame   328 :  a closed book +2.76*  an opened book +1.71*   led 255/  0 h1.00 lvl+2.24   MATCH a closed book (cos -0.101)
frame   329 :  a closed book -0.05  an opened book -1.06   led   0/255 h0.00 lvl-0.56   -
frame   330 :  a closed book +1.65*  an opened book +1.30*   led 255/  0 h1.00 lvl+1.48   MATCH a closed book (cos -0.105)
frame   331 :  a closed book +1.44*  an opened book +0.70   led 255/  0 h1.00 lvl+1.07   MATCH a closed book (cos -0.106)
frame   332 :  a closed book +0.95  an opened book +0.72   led 143/ 10 h0.77 lvl+0.83   -
frame   333 :  a closed book +1.75*  an opened book +1.02   led 255/  0 h1.00 lvl+1.38   MATCH a closed book (cos -0.104)
frame   334 :  a closed book +3.65*  an opened book +2.74*   led 255/  0 h1.00 lvl+3.20   MATCH a closed book (cos -0.097)
frame   335 :  a closed book +1.96*  an opened book +1.69*   led 255/  0 h1.00 lvl+1.83   MATCH a closed book (cos -0.104)
frame   336 :  a closed book +1.90*  an opened book +1.35*   led 255/  0 h1.00 lvl+1.63   MATCH a closed book (cos -0.104)
frame   337 :  a closed book +1.37*  an opened book +0.62   led 255/  0 h1.00 lvl+1.00   MATCH a closed book (cos -0.106)
frame   338 :  a closed book +1.29*  an opened book +0.49   led 255/  0 h1.00 lvl+0.89   MATCH a closed book (cos -0.106)
frame   339 :  a closed book +2.53*  an opened book +2.11*   led 255/  0 h1.00 lvl+2.32   MATCH a closed book (cos -0.101)
frame   340 :  a closed book +2.42*  an opened book +2.05*   led 255/  0 h1.00 lvl+2.23   MATCH a closed book (cos -0.102)
frame   341 :  an opened book +0.03  a closed book -0.31   led   0/242 h0.02 lvl-0.14   -
frame   342 :  a closed book +2.32*  an opened book +1.95*   led 255/  0 h1.00 lvl+2.14   MATCH a closed book (cos -0.102)
frame   343 :  a closed book +1.72*  an opened book +1.38*   led 255/  0 h1.00 lvl+1.55   MATCH a closed book (cos -0.105)
frame   344 :  a closed book +2.68*  an opened book +1.53*   led 255/  0 h1.00 lvl+2.11   MATCH a closed book (cos -0.101)
frame   345 :  a closed book +1.25*  an opened book +0.40   led 255/  0 h1.00 lvl+0.83   MATCH a closed book (cos -0.106)
frame   346 :  a closed book +2.85*  an opened book +1.89*   led 255/  0 h1.00 lvl+2.37   MATCH a closed book (cos -0.100)
frame   347 :  a closed book +0.20  an opened book +0.14   led   5/174 h0.16 lvl+0.17   -
frame   348 :  a closed book +0.62  an opened book -0.49   led  57/ 54 h0.51 lvl+0.06   -
frame   349 :  an opened book +0.91  a closed book +0.40   led 131/ 13 h0.74 lvl+0.66   -
frame   350 :  a closed book +1.52*  an opened book +0.42   led 255/  0 h1.00 lvl+0.97   MATCH a closed book (cos -0.105)
frame   351 :  a closed book -0.20  an opened book -0.77   led   0/255 h0.00 lvl-0.49   -
frame   352 :  a closed book +3.57*  an opened book +2.58*   led 255/  0 h1.00 lvl+3.07   MATCH a closed book (cos -0.097)
frame   353 :  a closed book +3.56*  an opened book +2.89*   led 255/  0 h1.00 lvl+3.23   MATCH a closed book (cos -0.098)
frame   354 :  a closed book +0.95  an opened book +0.01   led 145/ 10 h0.77 lvl+0.48   -
frame   355 :  a closed book +0.98  an opened book +0.73   led 153/  8 h0.79 lvl+0.85   -
frame   356 :  a closed book +2.60*  an opened book +1.85*   led 255/  0 h1.00 lvl+2.22   MATCH a closed book (cos -0.101)
frame   357 :  a closed book +1.71*  an opened book +1.58*   led 255/  0 h1.00 lvl+1.64   MATCH a closed book (cos -0.105)
frame   358 :  a closed book +1.44*  an opened book -0.18   led 255/  0 h1.00 lvl+0.63   MATCH a closed book (cos -0.106)
frame   359 :  a closed book +1.53*  an opened book +0.56   led 255/  0 h1.00 lvl+1.04   MATCH a closed book (cos -0.105)
frame   360 :  a closed book +1.69*  an opened book +1.40*   led 255/  0 h1.00 lvl+1.54   MATCH a closed book (cos -0.105)
frame   361 :  a closed book +1.65*  an opened book +0.42   led 255/  0 h1.00 lvl+1.03   MATCH a closed book (cos -0.105)
frame   362 :  a closed book +1.29*  an opened book +1.11   led 255/  0 h1.00 lvl+1.20   MATCH a closed book (cos -0.106)
frame   363 :  a closed book -0.02  an opened book -0.17   led   0/255 h0.00 lvl-0.10   -
frame   364 :  a closed book +1.32*  an opened book +0.07   led 255/  0 h1.00 lvl+0.70   MATCH a closed book (cos -0.106)
frame   365 :  a closed book +1.46*  an opened book +0.40   led 255/  0 h1.00 lvl+0.93   MATCH a closed book (cos -0.106)
frame   366 :  a closed book -0.39  an opened book -0.62   led   0/255 h0.00 lvl-0.50   -
frame   367 :  a closed book +1.01  an opened book +0.06   led 164/  6 h0.82 lvl+0.53   -
frame   368 :  a closed book -0.54  an opened book -0.73   led   0/255 h0.00 lvl-0.64   -
frame   369 :  a closed book +1.34*  an opened book +0.20   led 255/  0 h1.00 lvl+0.77   MATCH a closed book (cos -0.106)
frame   370 :  a closed book +1.57*  an opened book +1.41*   led 255/  0 h1.00 lvl+1.49   MATCH a closed book (cos -0.105)
frame   371 :  a closed book +0.40  an opened book -0.23   led  22/107 h0.33 lvl+0.09   -
frame   372 :  a closed book +2.38*  an opened book +1.33*   led 255/  0 h1.00 lvl+1.85   MATCH a closed book (cos -0.102)
frame   373 :  a closed book +0.85  an opened book +0.06   led 112/ 20 h0.69 lvl+0.46   -
frame   374 :  a closed book +1.13  an opened book +0.14   led 212/  1 h0.92 lvl+0.63   -
frame   375 :  an opened book +1.38*  a closed book +1.27*   led 255/  0 h1.00 lvl+1.32   MATCH an opened book (cos -0.111)
frame   376 :  an opened book +2.68*  a closed book +2.52*   led 255/  0 h1.00 lvl+2.60   MATCH an opened book (cos -0.106)
frame   377 :  an opened book -0.22  a closed book -0.23   led   0/255 h0.00 lvl-0.22   -
frame   378 :  a closed book -0.38  an opened book -1.58   led   0/255 h0.00 lvl-0.98   -
frame   379 :  a closed book +1.75*  an opened book +1.60*   led 255/  0 h1.00 lvl+1.68   MATCH a closed book (cos -0.104)
frame   380 :  a closed book +1.55*  an opened book +0.84   led 255/  0 h1.00 lvl+1.19   MATCH a closed book (cos -0.105)
frame   381 :  a closed book +1.99*  an opened book +0.85   led 255/  0 h1.00 lvl+1.42   MATCH a closed book (cos -0.104)
frame   382 :  a closed book +2.29*  an opened book +1.45*   led 255/  0 h1.00 lvl+1.87   MATCH a closed book (cos -0.102)
frame   383 :  a closed book +1.30*  an opened book +0.27   led 255/  0 h1.00 lvl+0.79   MATCH a closed book (cos -0.106)
frame   384 :  a closed book +2.33*  an opened book +1.08   led 255/  0 h1.00 lvl+1.71   MATCH a closed book (cos -0.102)
frame   385 :  an opened book +0.64  a closed book +0.60   led  60/ 51 h0.52 lvl+0.62   -
frame   386 :  a closed book +1.66*  an opened book +1.40*   led 255/  0 h1.00 lvl+1.53   MATCH a closed book (cos -0.105)
frame   387 :  a closed book -0.06  an opened book -1.08   led   0/255 h0.00 lvl-0.57   -
frame   388 :  a closed book +1.22  an opened book +1.12   led 251/  0 h0.99 lvl+1.17   -
frame   389 :  a closed book +2.74*  an opened book +2.74*   led 255/  0 h1.00 lvl+2.74   MATCH a closed book (cos -0.101)
frame   390 :  a closed book +1.51*  an opened book +0.26   led 255/  0 h1.00 lvl+0.88   MATCH a closed book (cos -0.105)
frame   391 :  a closed book +2.77*  an opened book +2.06*   led 255/  0 h1.00 lvl+2.41   MATCH a closed book (cos -0.101)
frame   392 :  a closed book +2.04*  an opened book +1.86*   led 255/  0 h1.00 lvl+1.95   MATCH a closed book (cos -0.103)
frame   393 :  a closed book +0.87  an opened book -0.13   led 119/ 17 h0.71 lvl+0.37   -
frame   394 :  a closed book -0.78  an opened book -1.45   led   0/255 h0.00 lvl-1.12   -
frame   395 :  a closed book +1.07  an opened book +0.20   led 189/  3 h0.87 lvl+0.64   -
frame   396 :  an opened book +1.44*  a closed book +1.26*   led 255/  0 h1.00 lvl+1.35   MATCH an opened book (cos -0.111)
frame   397 :  a closed book +1.77*  an opened book -0.01   led 255/  0 h1.00 lvl+0.88   MATCH a closed book (cos -0.104)
frame   398 :  a closed book +0.97  an opened book +0.22   led 151/  8 h0.79 lvl+0.60   -
frame   399 :  an opened book +0.29  a closed book +0.03   led  11/141 h0.24 lvl+0.16   -
background: after 30 frames (frozen, room spread), this room reads  a closed book -0.111 +-0.0038 (COCO -0.159 +-0.0351)  an opened book -0.116 +-0.0039 (COCO -0.151 +-0.0303)
frame   400 :  a closed book +1.20  an opened book +0.32   led 243/  0 h0.98 lvl+0.76   -
frame   401 :  an opened book +0.49  a closed book -0.02   led  33/ 84 h0.40 lvl+0.23   -
frame   402 :  an opened book +1.02  a closed book +0.90   led 167/  5 h0.83 lvl+0.96   -
frame   403 :  a closed book -0.98  an opened book -0.99   led   0/255 h0.00 lvl-0.98   -
frame   404 :  a closed book +2.02*  an opened book +1.16   led 255/  0 h1.00 lvl+1.59   MATCH a closed book (cos -0.103)
frame   405 :  a closed book +1.01  an opened book +0.41   led 167/  6 h0.82 lvl+0.71   -
frame   406 :  an opened book +0.98  a closed book +0.43   led 156/  7 h0.80 lvl+0.71   -
frame   407 :  a closed book +1.69*  an opened book +1.38*   led 255/  0 h1.00 lvl+1.53   MATCH a closed book (cos -0.105)
frame   408 :  a closed book +0.93  an opened book +0.85   led 138/ 12 h0.76 lvl+0.89   -
frame   409 :  a closed book +2.07*  an opened book +1.46*   led 255/  0 h1.00 lvl+1.76   MATCH a closed book (cos -0.103)
frame   410 :  an opened book +0.55  a closed book +0.51   led  43/ 70 h0.45 lvl+0.53   -
frame   411 :  a closed book +2.39*  an opened book +1.65*   led 255/  0 h1.00 lvl+2.02   MATCH a closed book (cos -0.102)
frame   412 :  a closed book +1.86*  an opened book +0.52   led 255/  0 h1.00 lvl+1.19   MATCH a closed book (cos -0.104)
frame   413 :  a closed book +1.78*  an opened book +0.06   led 255/  0 h1.00 lvl+0.92   MATCH a closed book (cos -0.104)
frame   414 :  a closed book +0.68  an opened book +0.38   led  69/ 43 h0.55 lvl+0.53   -
frame   415 :  a closed book +1.76*  an opened book +0.86   led 255/  0 h1.00 lvl+1.31   MATCH a closed book (cos -0.104)
frame   416 :  a closed book +0.48  an opened book +0.16   led  32/ 86 h0.39 lvl+0.32   -
frame   417 :  a closed book +0.79  an opened book +0.03   led  97/ 26 h0.65 lvl+0.41   -
frame   418 :  a closed book +1.56*  an opened book +1.33*   led 255/  0 h1.00 lvl+1.45   MATCH a closed book (cos -0.105)
frame   419 :  a closed book +2.73*  an opened book +2.37*   led 255/  0 h1.00 lvl+2.55   MATCH a closed book (cos -0.101)
frame   420 :  a closed book +1.60*  an opened book +1.22   led 255/  0 h1.00 lvl+1.41   MATCH a closed book (cos -0.105)
frame   421 :  a closed book +2.59*  an opened book +1.54*   led 255/  0 h1.00 lvl+2.07   MATCH a closed book (cos -0.101)
frame   422 :  a closed book +0.87  an opened book +0.29   led 120/ 17 h0.71 lvl+0.58   -
frame   423 :  a closed book +0.96  an opened book +0.10   led 149/  9 h0.78 lvl+0.53   -
frame   424 :  a closed book +2.29*  an opened book +1.72*   led 255/  0 h1.00 lvl+2.01   MATCH a closed book (cos -0.102)
frame   425 :  a closed book +1.52*  an opened book +1.02   led 255/  0 h1.00 lvl+1.27   MATCH a closed book (cos -0.105)
frame   426 :  a closed book +0.71  an opened book -0.06   led  76/ 39 h0.58 lvl+0.32   -
frame   427 :  a closed book +1.58*  an opened book +1.48*   led 255/  0 h1.00 lvl+1.53   MATCH a closed book (cos -0.105)
frame   428 :  a closed book +2.79*  an opened book +2.34*   led 255/  0 h1.00 lvl+2.57   MATCH a closed book (cos -0.100)
frame   429 :  a closed book -0.10  an opened book -0.60   led   0/255 h0.00 lvl-0.35   -
frame   430 :  a closed book +0.57  an opened book -0.05   led  47/ 65 h0.46 lvl+0.26   -
frame   431 :  a closed book -0.06  an opened book -0.51   led   0/255 h0.00 lvl-0.28   -
frame   432 :  a closed book +2.77*  an opened book +1.67*   led 255/  0 h1.00 lvl+2.22   MATCH a closed book (cos -0.101)
frame   433 :  a closed book +2.23*  an opened book +0.96   led 255/  0 h1.00 lvl+1.59   MATCH a closed book (cos -0.103)
frame   434 :  a closed book +1.26*  an opened book +1.01   led 255/  0 h1.00 lvl+1.13   MATCH a closed book (cos -0.106)
frame   435 :  a closed book +1.55*  an opened book +0.80   led 255/  0 h1.00 lvl+1.17   MATCH a closed book (cos -0.105)
frame   436 :  a closed book +0.86  an opened book +0.76   led 117/ 18 h0.70 lvl+0.81   -
frame   437 :  a closed book +2.74*  an opened book +1.18   led 255/  0 h1.00 lvl+1.96   MATCH a closed book (cos -0.101)
frame   438 :  a closed book -0.22  an opened book -0.94   led   0/255 h0.00 lvl-0.58   -
frame   439 :  a closed book +1.68*  an opened book +1.00   led 255/  0 h1.00 lvl+1.34   MATCH a closed book (cos -0.105)
frame   440 :  a closed book -1.47  an opened book -1.80   led   0/255 h0.00 lvl-1.64   -
frame   441 :  a closed book +1.23  an opened book +0.74   led 255/  0 h1.00 lvl+0.98   -
frame   442 :  a closed book +2.20*  an opened book +1.16   led 255/  0 h1.00 lvl+1.68   MATCH a closed book (cos -0.103)
frame   443 :  an opened book +1.63*  a closed book +1.20   led 255/  0 h1.00 lvl+1.41   MATCH an opened book (cos -0.110)
frame   444 :  a closed book +1.57*  an opened book +1.12   led 255/  0 h1.00 lvl+1.35   MATCH a closed book (cos -0.105)
frame   445 :  an opened book +1.81*  a closed book +0.77   led 255/  0 h1.00 lvl+1.29   MATCH an opened book (cos -0.109)
frame   446 :  a closed book +1.08  an opened book +0.70   led 193/  2 h0.88 lvl+0.89   -
frame   447 :  an opened book +1.67*  a closed book +0.67   led 255/  0 h1.00 lvl+1.17   MATCH an opened book (cos -0.110)
frame   448 :  an opened book -0.88  a closed book -1.72   led   0/255 h0.00 lvl-1.30   -
frame   449 :  an opened book -2.00  a closed book -3.31   led   0/255 h0.00 lvl-2.66   -
frame   450 :  an opened book +1.38*  a closed book +1.36*   led 255/  0 h1.00 lvl+1.37   MATCH an opened book (cos -0.111)
frame   451 :  an opened book +1.55*  a closed book +0.25   led 255/  0 h1.00 lvl+0.90   MATCH an opened book (cos -0.110)
frame   452 :  an opened book +1.09  a closed book +0.20   led 195/  2 h0.89 lvl+0.64   -
frame   453 :  an opened book +1.65*  a closed book -0.43   led 255/  0 h1.00 lvl+0.61   MATCH an opened book (cos -0.110)
frame   454 :  an opened book +1.80*  a closed book +0.75   led 255/  0 h1.00 lvl+1.27   MATCH an opened book (cos -0.109)
frame   455 :  a closed book -0.10  an opened book -0.13   led   0/255 h0.00 lvl-0.12   -
frame   456 :  an opened book +1.75*  a closed book -0.25   led 255/  0 h1.00 lvl+0.75   MATCH an opened book (cos -0.109)
frame   457 :  an opened book +1.56*  a closed book +0.79   led 255/  0 h1.00 lvl+1.18   MATCH an opened book (cos -0.110)
frame   458 :  an opened book +2.42*  a closed book +1.76*   led 255/  0 h1.00 lvl+2.09   MATCH an opened book (cos -0.107)
frame   459 :  an opened book +1.18  a closed book -0.38   led 233/  0 h0.96 lvl+0.40   -
frame   460 :  an opened book +1.91*  a closed book +0.04   led 255/  0 h1.00 lvl+0.98   MATCH an opened book (cos -0.109)
frame   461 :  an opened book +2.02*  a closed book +0.84   led 255/  0 h1.00 lvl+1.43   MATCH an opened book (cos -0.108)
frame   462 :  an opened book +2.70*  a closed book +1.05   led 255/  0 h1.00 lvl+1.87   MATCH an opened book (cos -0.106)
frame   463 :  an opened book +2.52*  a closed book +2.02*   led 255/  0 h1.00 lvl+2.27   MATCH an opened book (cos -0.106)
frame   464 :  an opened book +2.39*  a closed book +1.36*   led 255/  0 h1.00 lvl+1.88   MATCH an opened book (cos -0.107)
frame   465 :  an opened book +1.84*  a closed book +1.15   led 255/  0 h1.00 lvl+1.49   MATCH an opened book (cos -0.109)
frame   466 :  an opened book +1.35*  a closed book +0.07   led 255/  0 h1.00 lvl+0.71   MATCH an opened book (cos -0.111)
frame   467 :  an opened book +1.94*  a closed book +0.17   led 255/  0 h1.00 lvl+1.06   MATCH an opened book (cos -0.109)
frame   468 :  an opened book +2.36*  a closed book +1.73*   led 255/  0 h1.00 lvl+2.04   MATCH an opened book (cos -0.107)
frame   469 :  an opened book +2.05*  a closed book +0.74   led 255/  0 h1.00 lvl+1.39   MATCH an opened book (cos -0.108)
frame   470 :  an opened book +0.31  a closed book -0.06   led  12/134 h0.25 lvl+0.13   -
frame   471 :  an opened book +3.92*  a closed book +2.52*   led 255/  0 h1.00 lvl+3.22   MATCH an opened book (cos -0.101)
frame   472 :  an opened book +0.99  a closed book +0.12   led 159/  7 h0.81 lvl+0.56   -
frame   473 :  an opened book +2.36*  a closed book +0.73   led 255/  0 h1.00 lvl+1.54   MATCH an opened book (cos -0.107)
frame   474 :  an opened book +1.39*  a closed book -0.28   led 255/  0 h1.00 lvl+0.55   MATCH an opened book (cos -0.111)
frame   475 :  an opened book +2.27*  a closed book +0.46   led 255/  0 h1.00 lvl+1.36   MATCH an opened book (cos -0.107)
frame   476 :  an opened book +2.83*  a closed book +1.93*   led 255/  0 h1.00 lvl+2.38   MATCH an opened book (cos -0.105)
frame   477 :  an opened book +1.31*  a closed book +0.25   led 255/  0 h1.00 lvl+0.78   MATCH an opened book (cos -0.111)
frame   478 :  an opened book +2.88*  a closed book +1.08   led 255/  0 h1.00 lvl+1.98   MATCH an opened book (cos -0.105)
frame   479 :  an opened book +2.20*  a closed book +0.98   led 255/  0 h1.00 lvl+1.59   MATCH an opened book (cos -0.108)
frame   480 :  an opened book +1.05  a closed book -0.22   led 179/  4 h0.85 lvl+0.41   -
frame   481 :  an opened book +1.37*  a closed book +0.94   led 255/  0 h1.00 lvl+1.15   MATCH an opened book (cos -0.111)
frame   482 :  an opened book +1.23*  a closed book -0.74   led 255/  0 h1.00 lvl+0.25   MATCH an opened book (cos -0.111)
frame   483 :  an opened book +2.96*  a closed book +1.32*   led 255/  0 h1.00 lvl+2.14   MATCH an opened book (cos -0.105)
frame   484 :  an opened book +1.56*  a closed book +1.33*   led 255/  0 h1.00 lvl+1.45   MATCH an opened book (cos -0.110)
frame   485 :  an opened book +0.81  a closed book -0.21   led 101/ 24 h0.66 lvl+0.30   -
frame   486 :  an opened book +2.68*  a closed book +1.14   led 255/  0 h1.00 lvl+1.91   MATCH an opened book (cos -0.106)
frame   487 :  an opened book +0.85  a closed book +0.75   led 113/ 19 h0.69 lvl+0.80   -
frame   488 :  an opened book +1.62*  a closed book +0.80   led 255/  0 h1.00 lvl+1.21   MATCH an opened book (cos -0.110)
frame   489 :  an opened book -0.17  a closed book -1.53   led   0/255 h0.00 lvl-0.85   -
frame   490 :  an opened book +2.61*  a closed book +1.82*   led 255/  0 h1.00 lvl+2.21   MATCH an opened book (cos -0.106)
frame   491 :  an opened book +4.05*  a closed book +3.90*   led 255/  0 h1.00 lvl+3.97   MATCH an opened book (cos -0.101)
frame   492 :  a closed book +3.00*  an opened book +2.69*   led 255/  0 h1.00 lvl+2.84   MATCH a closed book (cos -0.100)
frame   493 :  an opened book +0.47  a closed book -1.10   led  31/ 88 h0.38 lvl-0.31   -
frame   494 :  an opened book +3.31*  a closed book +2.70*   led 255/  0 h1.00 lvl+3.00   MATCH an opened book (cos -0.103)
frame   495 :  an opened book +2.12*  a closed book +1.10   led 255/  0 h1.00 lvl+1.61   MATCH an opened book (cos -0.108)
frame   496 :  an opened book +1.52*  a closed book +0.21   led 255/  0 h1.00 lvl+0.87   MATCH an opened book (cos -0.110)
frame   497 :  an opened book +2.45*  a closed book +1.11   led 255/  0 h1.00 lvl+1.78   MATCH an opened book (cos -0.107)
frame   498 :  an opened book +2.23*  a closed book +1.40*   led 255/  0 h1.00 lvl+1.81   MATCH an opened book (cos -0.108)
frame   499 :  an opened book +1.37*  a closed book +1.25*   led 255/  0 h1.00 lvl+1.31   MATCH an opened book (cos -0.111)
background: after 30 frames (frozen, room spread), this room reads  a closed book -0.111 +-0.0038 (COCO -0.159 +-0.0351)  an opened book -0.116 +-0.0039 (COCO -0.151 +-0.0303)
frame   500 :  an opened book +1.16  a closed book +0.15   led 226/  0 h0.95 lvl+0.66   -
frame   501 :  an opened book +0.69  a closed book -0.74   led  72/ 41 h0.56 lvl-0.03   -
frame   502 :  an opened book +3.44*  a closed book +2.76*   led 255/  0 h1.00 lvl+3.10   MATCH an opened book (cos -0.103)
frame   503 :  an opened book +3.19*  a closed book +3.01*   led 255/  0 h1.00 lvl+3.10   MATCH an opened book (cos -0.104)
frame   504 :  an opened book +2.42*  a closed book +1.12   led 255/  0 h1.00 lvl+1.77   MATCH an opened book (cos -0.107)
frame   505 :  an opened book +2.72*  a closed book +1.69*   led 255/  0 h1.00 lvl+2.21   MATCH an opened book (cos -0.106)
frame   506 :  an opened book +3.39*  a closed book +3.10*   led 255/  0 h1.00 lvl+3.24   MATCH an opened book (cos -0.103)
frame   507 :  an opened book +1.94*  a closed book +1.10   led 255/  0 h1.00 lvl+1.52   MATCH an opened book (cos -0.109)
frame   508 :  an opened book +1.23*  a closed book -1.23   led 255/  0 h1.00 lvl-0.00   MATCH an opened book (cos -0.111)
frame   509 :  an opened book +1.08  a closed book +0.56   led 191/  3 h0.88 lvl+0.82   -
frame   510 :  an opened book +1.32*  a closed book +0.37   led 255/  0 h1.00 lvl+0.85   MATCH an opened book (cos -0.111)
frame   511 :  an opened book +1.90*  a closed book +1.19   led 255/  0 h1.00 lvl+1.55   MATCH an opened book (cos -0.109)
frame   512 :  an opened book +3.88*  a closed book +3.30*   led 255/  0 h1.00 lvl+3.59   MATCH an opened book (cos -0.101)
frame   513 :  an opened book +0.79  a closed book -1.21   led  96/ 27 h0.64 lvl-0.21   -
frame   514 :  an opened book +2.59*  a closed book +1.26*   led 255/  0 h1.00 lvl+1.92   MATCH an opened book (cos -0.106)
frame   515 :  an opened book +0.51  a closed book -0.01   led  36/ 79 h0.41 lvl+0.25   -
frame   516 :  an opened book +2.42*  a closed book +1.97*   led 255/  0 h1.00 lvl+2.19   MATCH an opened book (cos -0.107)
frame   517 :  an opened book +2.06*  a closed book +1.40*   led 255/  0 h1.00 lvl+1.73   MATCH an opened book (cos -0.108)
frame   518 :  an opened book +1.50*  a closed book +0.00   led 255/  0 h1.00 lvl+0.75   MATCH an opened book (cos -0.110)
frame   519 :  an opened book +0.81  a closed book -0.40   led 102/ 24 h0.66 lvl+0.21   -
frame   520 :  an opened book +2.22*  a closed book +1.35*   led 255/  0 h1.00 lvl+1.78   MATCH an opened book (cos -0.108)
frame   521 :  an opened book +0.40  a closed book -1.42   led  22/107 h0.32 lvl-0.51   -
frame   522 :  an opened book +1.24*  a closed book +0.56   led 255/  0 h1.00 lvl+0.90   MATCH an opened book (cos -0.111)
frame   523 :  an opened book +0.25  a closed book -2.00   led   7/156 h0.20 lvl-0.88   -
frame   524 :  an opened book +0.59  a closed book +0.00   led  51/ 60 h0.48 lvl+0.30   -
frame   525 :  an opened book +0.66  a closed book -0.33   led  65/ 47 h0.54 lvl+0.16   -
frame   526 :  an opened book +0.72  a closed book -1.06   led  78/ 37 h0.58 lvl-0.17   -
frame   527 :  an opened book +1.36*  a closed book -0.15   led 255/  0 h1.00 lvl+0.61   MATCH an opened book (cos -0.111)
frame   528 :  an opened book +2.14*  a closed book +1.10   led 255/  0 h1.00 lvl+1.62   MATCH an opened book (cos -0.108)
frame   529 :  an opened book +0.87  a closed book -1.13   led 120/ 17 h0.71 lvl-0.13   -
frame   530 :  an opened book +2.83*  a closed book +1.32*   led 255/  0 h1.00 lvl+2.07   MATCH an opened book (cos -0.105)
frame   531 :  an opened book +0.45  a closed book -0.23   led  28/ 93 h0.37 lvl+0.11   -
frame   532 :  an opened book +1.75*  a closed book +0.45   led 255/  0 h1.00 lvl+1.10   MATCH an opened book (cos -0.109)
frame   533 :  an opened book +2.34*  a closed book +1.29*   led 255/  0 h1.00 lvl+1.82   MATCH an opened book (cos -0.107)
frame   534 :  an opened book +1.68*  a closed book +0.07   led 255/  0 h1.00 lvl+0.88   MATCH an opened book (cos -0.110)
frame   535 :  an opened book +2.01*  a closed book +1.09   led 255/  0 h1.00 lvl+1.55   MATCH an opened book (cos -0.108)
frame   536 :  an opened book +2.93*  a closed book +2.30*   led 255/  0 h1.00 lvl+2.61   MATCH an opened book (cos -0.105)
frame   537 :  an opened book +0.53  a closed book +0.29   led  39/ 75 h0.43 lvl+0.41   -
frame   538 :  an opened book +1.04  a closed book +0.39   led 178/  4 h0.85 lvl+0.72   -
frame   539 :  an opened book +0.49  a closed book -0.81   led  34/ 83 h0.40 lvl-0.16   -
frame   540 :  an opened book +2.09*  a closed book +0.82   led 255/  0 h1.00 lvl+1.46   MATCH an opened book (cos -0.108)
frame   541 :  an opened book +1.24*  a closed book -0.83   led 255/  0 h1.00 lvl+0.21   MATCH an opened book (cos -0.111)
frame   542 :  an opened book +1.32*  a closed book +0.52   led 255/  0 h1.00 lvl+0.92   MATCH an opened book (cos -0.111)
frame   543 :  an opened book +1.25*  a closed book -0.20   led 255/  0 h1.00 lvl+0.53   MATCH an opened book (cos -0.111)
frame   544 :  an opened book +2.29*  a closed book +2.20*   led 255/  0 h1.00 lvl+2.25   MATCH an opened book (cos -0.107)
frame   545 :  an opened book +2.20*  a closed book +0.93   led 255/  0 h1.00 lvl+1.56   MATCH an opened book (cos -0.108)
frame   546 :  an opened book +0.93  a closed book -0.11   led 137/ 12 h0.76 lvl+0.41   -
frame   547 :  an opened book +1.13  a closed book +0.67   led 214/  1 h0.92 lvl+0.90   -
frame   548 :  an opened book +0.34  a closed book -0.41   led  16/124 h0.28 lvl-0.03   -
frame   549 :  an opened book +0.62  a closed book +0.16   led  57/ 54 h0.51 lvl+0.39   -
frame   550 :  an opened book +1.69*  a closed book +0.24   led 255/  0 h1.00 lvl+0.96   MATCH an opened book (cos -0.110)
frame   551 :  an opened book +1.75*  a closed book +0.77   led 255/  0 h1.00 lvl+1.26   MATCH an opened book (cos -0.109)
frame   552 :  an opened book +1.23  a closed book +0.45   led 253/  0 h1.00 lvl+0.84   -
frame   553 :  an opened book +1.93*  a closed book +1.16   led 255/  0 h1.00 lvl+1.54   MATCH an opened book (cos -0.109)
frame   554 :  an opened book +0.46  a closed book -0.91   led  29/ 91 h0.37 lvl-0.23   -
frame   555 :  an opened book +1.65*  a closed book +1.07   led 255/  0 h1.00 lvl+1.36   MATCH an opened book (cos -0.110)
frame   556 :  an opened book +1.27*  a closed book +0.57   led 255/  0 h1.00 lvl+0.92   MATCH an opened book (cos -0.111)
frame   557 :  an opened book +2.06*  a closed book +0.05   led 255/  0 h1.00 lvl+1.06   MATCH an opened book (cos -0.108)
frame   558 :  an opened book +1.52*  a closed book +0.34   led 255/  0 h1.00 lvl+0.93   MATCH an opened book (cos -0.110)
frame   559 :  an opened book +0.20  a closed book -0.63   led   5/173 h0.16 lvl-0.22   -
frame   560 :  an opened book +1.54*  a closed book +0.75   led 255/  0 h1.00 lvl+1.14   MATCH an opened book (cos -0.110)
frame   561 :  an opened book +0.59  a closed book -0.07   led  51/ 60 h0.48 lvl+0.26   -
frame   562 :  an opened book +1.64*  a closed book +1.42*   led 255/  0 h1.00 lvl+1.53   MATCH an opened book (cos -0.110)
frame   563 :  a closed book +2.41*  an opened book +2.34*   led 255/  0 h1.00 lvl+2.38   MATCH a closed book (cos -0.102)
frame   564 :  an opened book +0.61  a closed book -0.18   led  54/ 57 h0.49 lvl+0.21   -
frame   565 :  an opened book +0.56  a closed book -1.21   led  45/ 67 h0.46 lvl-0.32   -
frame   566 :  an opened book +0.79  a closed book -0.23   led  96/ 27 h0.64 lvl+0.28   -
frame   567 :  an opened book +1.13  a closed book +0.42   led 214/  1 h0.92 lvl+0.78   -
frame   568 :  an opened book +0.04  a closed book -1.16   led   0/235 h0.04 lvl-0.56   -
frame   569 :  an opened book +2.09*  a closed book +0.77   led 255/  0 h1.00 lvl+1.43   MATCH an opened book (cos -0.108)
frame   570 :  an opened book +0.96  a closed book +0.39   led 147/  9 h0.78 lvl+0.67   -
frame   571 :  an opened book +2.31*  a closed book +1.69*   led 255/  0 h1.00 lvl+2.00   MATCH an opened book (cos -0.107)
frame   572 :  an opened book -0.47  a closed book -0.92   led   0/255 h0.00 lvl-0.70   -
frame   573 :  an opened book +1.43*  a closed book -0.22   led 255/  0 h1.00 lvl+0.60   MATCH an opened book (cos -0.111)
frame   574 :  an opened book -0.79  a closed book -1.92   led   0/255 h0.00 lvl-1.35   -
frame   575 :  an opened book +1.48*  a closed book +0.04   led 255/  0 h1.00 lvl+0.76   MATCH an opened book (cos -0.110)
frame   576 :  an opened book +1.00  a closed book -0.15   led 160/  7 h0.81 lvl+0.42   -
frame   577 :  an opened book +3.36*  a closed book +2.77*   led 255/  0 h1.00 lvl+3.07   MATCH an opened book (cos -0.103)
frame   578 :  an opened book +1.86*  a closed book +0.85   led 255/  0 h1.00 lvl+1.35   MATCH an opened book (cos -0.109)
frame   579 :  an opened book +3.19*  a closed book +1.88*   led 255/  0 h1.00 lvl+2.53   MATCH an opened book (cos -0.104)
frame   580 :  an opened book +2.08*  a closed book +0.55   led 255/  0 h1.00 lvl+1.31   MATCH an opened book (cos -0.108)
frame   581 :  an opened book +2.12*  a closed book +0.74   led 255/  0 h1.00 lvl+1.43   MATCH an opened book (cos -0.108)
frame   582 :  an opened book +0.85  a closed book -1.37   led 112/ 20 h0.69 lvl-0.26   -
frame   583 :  an opened book +1.84*  a closed book -0.34   led 255/  0 h1.00 lvl+0.75   MATCH an opened book (cos -0.109)
frame   584 :  an opened book +0.12  a closed book -2.19   led   2/203 h0.10 lvl-1.03   -
frame   585 :  an opened book +1.43*  a closed book +1.00   led 255/  0 h1.00 lvl+1.21   MATCH an opened book (cos -0.111)
frame   586 :  an opened book +2.03*  a closed book +0.99   led 255/  0 h1.00 lvl+1.51   MATCH an opened book (cos -0.108)
frame   587 :  an opened book +1.12  a closed book +0.22   led 210/  1 h0.91 lvl+0.67   -
frame   588 :  an opened book +0.45  a closed book +0.16   led  28/ 94 h0.37 lvl+0.31   -
frame   589 :  an opened book +1.69*  a closed book +1.17   led 255/  0 h1.00 lvl+1.43   MATCH an opened book (cos -0.110)
frame   590 :  an opened book +1.06  a closed book -0.57   led 183/  3 h0.86 lvl+0.25   -
frame   591 :  an opened book +0.58  a closed book +0.04   led  48/ 64 h0.47 lvl+0.31   -
frame   592 :  an opened book +1.62*  a closed book +0.76   led 255/  0 h1.00 lvl+1.19   MATCH an opened book (cos -0.110)
frame   593 :  an opened book +0.25  a closed book -0.54   led   7/156 h0.20 lvl-0.15   -
frame   594 :  an opened book -0.25  a closed book -1.84   led   0/255 h0.00 lvl-1.05   -
frame   595 :  an opened book -0.61  a closed book -1.58   led   0/255 h0.00 lvl-1.10   -
frame   596 :  an opened book +3.01*  a closed book +1.69*   led 255/  0 h1.00 lvl+2.35   MATCH an opened book (cos -0.105)
frame   597 :  an opened book +0.83  a closed book +0.41   led 108/ 21 h0.68 lvl+0.62   -
frame   598 :  an opened book +1.14  a closed book +0.87   led 214/  1 h0.92 lvl+1.00   -
frame   599 :  an opened book +1.04  a closed book -0.15   led 176/  4 h0.84 lvl+0.44   -
background: after 30 frames (frozen, room spread), this room reads  a closed book -0.111 +-0.0038 (COCO -0.159 +-0.0351)  an opened book -0.116 +-0.0039 (COCO -0.151 +-0.0303)
frame   600 :  an opened book +0.48  a closed book -0.81   led  32/ 86 h0.39 lvl-0.17   -
frame   601 :  an opened book +0.64  a closed book -1.13   led  60/ 52 h0.52 lvl-0.25   -

stopped   : 602 frames, 602 good, capture overlapped with the compute, configuration C
            602 frames timed, 286 ms/frame mean (capture included)
            269 ms encode + 0 ms waiting for the sensor + 16 ms burst; 296 ms/frame by the clock
            383 ms shutter to LED, arming with 86 ms of compute left
            last frame mean RGB 97 99 99
            camera bus: worst gap 20 us against the 2000 us deadline (#12)
            usb: 0 outages, 0 ms off the bus, 0 re-attaches (#9)
