
=== M9: fpga-open-vocab - describe it, the board spots it ===

clock     : 320 MHz requested; BOOTSEL is reachable for 1.5 s
clock     : 320 MHz system, core 1.25 V
reset     : chip_reset 00010000
            nothing new since the last banner - whatever reset the core left powman alone.
waiting for a bitstream on USB CDC (host/demo.py)
bitstream : 173124 bytes announced, crc32 0a2e9953
bitstream : received intact
configure : configured, CDONE high   CDONE=1 nSTATUS=0
crc       : DMA sniffer, calc=1 out_rev=1 out_inv=1
model     : 9 layers, 512-d embedding, 131072 B/buffer
weights   : 780720 B, crc32=0xF368CC6E  (126 ms to hash)

reference : encoder_fast on the flash test vector  (1583 ms)

link      : probing the wire by running the whole test vector over it
probe     : 3 forward data lines -> 512/512 floats exact, 272 ms
link      : configuration C, 3 forward data lines, 160.0 MHz

camera    : exposure ramp 81 93 104 113 121 130 134 135 136 136 137 137
camera    : live 128x128 RGB565, id 0x82, 16.0 MHz, expose 37 ms, read 16 ms, exposure settled after 12 frames
            mean RGB 134 136 136  (tuned camera on a neutral scene: about 115 107 105)

queries   : waiting for a query set on USB CDC (host/demo.py)
queries   : 2 accepted, 512-d, crc ok
            level axis carries 0.95 of one query's swing; most opposed pair +0.810
            scored as z = (cos - background) / std, where the background is this room's
            own mean over its first 30 frames and is then FROZEN - so a thing left in
            shot keeps its score instead of decaying into the furniture. 'N' re-learns
            it, 'H' switches to tracking. The COCO figures below are only the seed for
            frame 0 and the fixed std.
            std is THIS ROOM's, measured over the same 30 frames ('S' switches to COCO's).
            The thresholds below still mean the 90th percentile of a background; the
            background they now mean it against is this room empty, not 5000 COCO photos.
            a closed book        match above z 1.23   (COCO background -0.159 +- 0.035, so cos -0.116)
            an opened book       match above z 1.23   (COCO background -0.151 +- 0.030, so cos -0.114)

loop      : capture, 8 convs on the T8, pool and head, then one cosine per query. 'B' for BOOTSEL, 'R' to restart,
            'P' to dump the next frame for host/cam.py, 'V' to dump its 512 floats for host/caption.py,
            'E' to provoke a fault so D1 shows its fault display, 'H' to freeze/unfreeze the background,
            'S' to switch the spread between this room's and COCO's, 'W' to hang on purpose and see
            the watchdog name the stage, 'C' to stall the camera bus on purpose and see it cost one frame,
            'U' to drop off USB on purpose and watch it come back, 'I' to drop off and refuse to,
            'N' to forget it and learn it again from now. 'P' and 'V' together describe the same frame.
            'O' closes the timing window, prints it and flips the capture between overlapped and serial;
            'D' does the same and flips the trigger between late and at-the-collect, which is #14's A/B.
            'L' freezes exposure and gain, then on a second press the white balance too - which goes green,
            and is the control. A third restores all three. Issue #30, and the one hotkey whose answer depends on when you press it.
            scores are z against this room's background, ranked; '*' means over its threshold.
            '1'..'6' enrol the next 20 frames as that class, and press again on a LATER visit
            to fold a second one in - 2 visits is what makes the enrolment guard mean
            something. Two classes in and the board decides by nearest reference instead of
            by threshold - see M21.
            '0' ENROLS THE EMPTY SCENE the same way, and it is worth a visit: with one, a frame
            is absent when the empty reference is the nearest of the three and no radius is
            involved. Without one the board falls back to the band - absent beyond 2.0 sep
            from every class - which scores 54.6% over 28 benches against the third reference's
            79.1%, because with two queries that band is an interval the empty scene can sit
            inside. #18.
            The first 30 frames set the baseline and it is then frozen, so anything left in
            shot KEEPS its score. Point the camera at the empty scene for those frames.
            Send a new set at any time to re-query - that resets the baseline too.

frame     0 :  a closed book +1.62*  an opened book +1.26*   led 255/  0 h1.00 lvl+1.44   MATCH a closed book (cos -0.103)
frame     1 :  an opened book -0.52  a closed book -0.54   led   0/255 h0.00 lvl-0.53   -
frame     2 :  a closed book +0.22  an opened book +0.17   led   6/165 h0.18 lvl+0.20   -
frame     3 :  a closed book -0.02  an opened book -0.17   led   0/255 h0.00 lvl-0.09   -
frame     4 :  an opened book -0.00  a closed book -0.05   led   0/255 h0.00 lvl-0.03   -
frame     5 :  a closed book -0.14  an opened book -0.19   led   0/255 h0.00 lvl-0.17   -
frame     6 :  an opened book -0.10  a closed book -0.13   led   0/255 h0.00 lvl-0.11   -
frame     7 :  a closed book +0.03  an opened book -0.05   led   0/243 h0.02 lvl-0.01   -
background: after 8 frames (warming up, room spread), this room reads  a closed book -0.111 +-0.0061 (COCO -0.159 +-0.0351)  an opened book -0.122 +-0.0053 (COCO -0.151 +-0.0303)
frame     8 :  a closed book -0.42  an opened book -0.66   led   0/255 h0.00 lvl-0.54   -
frame     9 :  an opened book -0.07  a closed book -0.44   led   0/255 h0.00 lvl-0.26   -
frame    10 :  an opened book +0.31  a closed book -0.09   led  13/133 h0.26 lvl+0.11   -
frame    11 :  an opened book +0.64  a closed book -0.12   led  61/ 50 h0.52 lvl+0.26   -
frame    12 :  an opened book -0.89  a closed book -1.04   led   0/255 h0.00 lvl-0.96   -
frame    13 :  a closed book +0.65  an opened book +0.21   led  62/ 49 h0.53 lvl+0.43   -
frame    14 :  an opened book +0.46  a closed book +0.34   led  29/ 92 h0.37 lvl+0.40   -
frame    15 :  a closed book +1.15  an opened book +1.04   led 219/  1 h0.93 lvl+1.09   -
frame    16 :  a closed book -1.08  an opened book -1.35   led   0/255 h0.00 lvl-1.21   -
frame    17 :  an opened book -0.17  a closed book -0.86   led   0/255 h0.00 lvl-0.51   -
frame    18 :  a closed book -0.04  an opened book -0.07   led   0/255 h0.00 lvl-0.05   -
frame    19 :  an opened book +1.59*  a closed book +0.88   led 255/  0 h1.00 lvl+1.24   MATCH an opened book (cos -0.115)
frame    20 :  an opened book +0.01  a closed book -0.57   led   0/251 h0.01 lvl-0.28   -
frame    21 :  an opened book +0.19  a closed book +0.09   led   4/175 h0.16 lvl+0.14   -
frame    22 :  an opened book +0.91  a closed book +0.73   led 131/ 13 h0.74 lvl+0.82   -
frame    23 :  a closed book -0.94  an opened book -1.09   led   0/255 h0.00 lvl-1.01   -
frame    24 :  an opened book -1.11  a closed book -1.45   led   0/255 h0.00 lvl-1.28   -
frame    25 :  an opened book -0.73  a closed book -1.15   led   0/255 h0.00 lvl-0.94   -
frame    26 :  a closed book -1.76  an opened book -2.26   led   0/255 h0.00 lvl-2.01   -
frame    27 :  an opened book -0.21  a closed book -0.46   led   0/255 h0.00 lvl-0.33   -
frame    28 :  a closed book -0.03  an opened book -0.15   led   0/255 h0.00 lvl-0.09   -
frame    29 :  a closed book +1.81*  an opened book +1.77*   led 255/  0 h1.00 lvl+1.79   MATCH a closed book (cos -0.105)
frame    30 :  an opened book -1.08  a closed book -1.31   led   0/255 h0.00 lvl-1.19   -
frame    31 :  a closed book -1.42  an opened book -1.49   led   0/255 h0.00 lvl-1.45   -
frame    32 :  a closed book -0.83  an opened book -0.87   led   0/255 h0.00 lvl-0.85   -
frame    33 :  a closed book -1.41  an opened book -1.93   led   0/255 h0.00 lvl-1.67   -
frame    34 :  a closed book -1.40  an opened book -1.60   led   0/255 h0.00 lvl-1.50   -
frame    35 :  a closed book -0.33  an opened book -0.81   led   0/255 h0.00 lvl-0.57   -
frame    36 :  a closed book -0.15  an opened book -0.83   led   0/255 h0.00 lvl-0.49   -
frame    37 :  an opened book -0.59  a closed book -0.71   led   0/255 h0.00 lvl-0.65   -
frame    38 :  a closed book -1.07  an opened book -1.50   led   0/255 h0.00 lvl-1.29   -
frame    39 :  an opened book -0.32  a closed book -0.60   led   0/255 h0.00 lvl-0.46   -
frame    40 :  a closed book -0.33  an opened book -0.51   led   0/255 h0.00 lvl-0.42   -
frame    41 :  a closed book -1.20  an opened book -2.03   led   0/255 h0.00 lvl-1.62   -
frame    42 :  a closed book -1.20  an opened book -1.54   led   0/255 h0.00 lvl-1.37   -
frame    43 :  a closed book -0.06  an opened book -1.25   led   0/255 h0.00 lvl-0.66   -
frame    44 :  an opened book -1.45  a closed book -1.91   led   0/255 h0.00 lvl-1.68   -
frame    45 :  a closed book -0.88  an opened book -1.56   led   0/255 h0.00 lvl-1.22   -
frame    46 :  a closed book -2.05  an opened book -2.60   led   0/255 h0.00 lvl-2.33   -
frame    47 :  a closed book -0.08  an opened book -0.69   led   0/255 h0.00 lvl-0.38   -
frame    48 :  a closed book -1.31  an opened book -2.55   led   0/255 h0.00 lvl-1.93   -
frame    49 :  an opened book -1.31  a closed book -1.77   led   0/255 h0.00 lvl-1.54   -
frame    50 :  a closed book -1.34  an opened book -2.05   led   0/255 h0.00 lvl-1.69   -
frame    51 :  a closed book -1.68  an opened book -2.49   led   0/255 h0.00 lvl-2.09   -
frame    52 :  a closed book +0.21  an opened book -0.90   led   5/168 h0.17 lvl-0.34   -
frame    53 :  a closed book +0.49  an opened book +0.45   led  34/ 82 h0.40 lvl+0.47   -
frame    54 :  a closed book -0.35  an opened book -0.53   led   0/255 h0.00 lvl-0.44   -
frame    55 :  an opened book -0.74  a closed book -0.94   led   0/255 h0.00 lvl-0.84   -
frame    56 :  a closed book -0.43  an opened book -1.30   led   0/255 h0.00 lvl-0.87   -
frame    57 :  a closed book -1.33  an opened book -1.62   led   0/255 h0.00 lvl-1.47   -
frame    58 :  a closed book -0.94  an opened book -1.26   led   0/255 h0.00 lvl-1.10   -
frame    59 :  a closed book -1.21  an opened book -1.38   led   0/255 h0.00 lvl-1.29   -
frame    60 :  a closed book -1.32  an opened book -1.83   led   0/255 h0.00 lvl-1.58   -
frame    61 :  a closed book -0.91  an opened book -1.75   led   0/255 h0.00 lvl-1.33   -
frame    62 :  a closed book -2.28  an opened book -2.58   led   0/255 h0.00 lvl-2.43   -
frame    63 :  a closed book -1.52  an opened book -2.12   led   0/255 h0.00 lvl-1.82   -
frame    64 :  a closed book -0.07  an opened book -0.35   led   0/255 h0.00 lvl-0.21   -
frame    65 :  a closed book -0.77  an opened book -1.14   led   0/255 h0.00 lvl-0.96   -
frame    66 :  an opened book -2.18  a closed book -2.42   led   0/255 h0.00 lvl-2.30   -
frame    67 :  a closed book +0.30  an opened book -0.79   led  11/139 h0.24 lvl-0.25   -
frame    68 :  a closed book -0.05  an opened book -0.09   led   0/255 h0.00 lvl-0.07   -
frame    69 :  an opened book -1.46  a closed book -1.65   led   0/255 h0.00 lvl-1.56   -
frame    70 :  a closed book -0.82  an opened book -1.20   led   0/255 h0.00 lvl-1.01   -
frame    71 :  a closed book -0.55  an opened book -0.74   led   0/255 h0.00 lvl-0.65   -
frame    72 :  an opened book -0.08  a closed book -0.24   led   0/255 h0.00 lvl-0.16   -
frame    73 :  a closed book -0.37  an opened book -1.03   led   0/255 h0.00 lvl-0.70   -
frame    74 :  a closed book -0.90  an opened book -1.24   led   0/255 h0.00 lvl-1.07   -
frame    75 :  an opened book -0.18  a closed book -0.41   led   0/255 h0.00 lvl-0.30   -
frame    76 :  an opened book -0.65  a closed book -1.12   led   0/255 h0.00 lvl-0.88   -
frame    77 :  an opened book -0.82  a closed book -1.40   led   0/255 h0.00 lvl-1.11   -
frame    78 :  a closed book -0.08  an opened book -0.20   led   0/255 h0.00 lvl-0.14   -
frame    79 :  a closed book -1.71  an opened book -2.35   led   0/255 h0.00 lvl-2.03   -
frame    80 :  a closed book -1.24  an opened book -1.65   led   0/255 h0.00 lvl-1.44   -
frame    81 :  an opened book -0.35  a closed book -0.95   led   0/255 h0.00 lvl-0.65   -
frame    82 :  a closed book +2.10*  an opened book +0.99   led 255/  0 h1.00 lvl+1.54   MATCH a closed book (cos -0.103)
frame    83 :  a closed book -1.85  an opened book -2.33   led   0/255 h0.00 lvl-2.09   -
frame    84 :  a closed book -0.70  an opened book -1.15   led   0/255 h0.00 lvl-0.92   -
frame    85 :  a closed book +0.01  an opened book -0.48   led   0/250 h0.01 lvl-0.24   -
frame    86 :  a closed book -0.50  an opened book -1.09   led   0/255 h0.00 lvl-0.79   -
frame    87 :  a closed book -0.44  an opened book -1.49   led   0/255 h0.00 lvl-0.96   -
frame    88 :  an opened book +0.15  a closed book -0.03   led   2/193 h0.12 lvl+0.06   -
frame    89 :  a closed book -1.51  an opened book -1.89   led   0/255 h0.00 lvl-1.70   -
frame    90 :  a closed book -0.81  an opened book -1.42   led   0/255 h0.00 lvl-1.12   -
frame    91 :  an opened book -0.64  a closed book -0.73   led   0/255 h0.00 lvl-0.69   -
frame    92 :  an opened book -2.16  a closed book -2.59   led   0/255 h0.00 lvl-2.37   -
frame    93 :  a closed book -0.71  an opened book -0.99   led   0/255 h0.00 lvl-0.85   -
frame    94 :  a closed book -2.15  an opened book -3.02   led   0/255 h0.00 lvl-2.58   -
frame    95 :  a closed book -0.82  an opened book -1.23   led   0/255 h0.00 lvl-1.03   -
frame    96 :  a closed book +0.11  an opened book -0.47   led   1/208 h0.09 lvl-0.18   -
frame    97 :  a closed book +0.04  an opened book -0.09   led   0/236 h0.03 lvl-0.02   -
frame    98 :  a closed book +0.80  an opened book -0.42   led  98/ 26 h0.65 lvl+0.19   -
frame    99 :  a closed book -1.08  an opened book -1.52   led   0/255 h0.00 lvl-1.30   -
background: after 30 frames (frozen, room spread), this room reads  a closed book -0.113 +-0.0046 (COCO -0.159 +-0.0351)  an opened book -0.122 +-0.0042 (COCO -0.151 +-0.0303)
frame   100 :  a closed book -1.80  an opened book -2.75   led   0/255 h0.00 lvl-2.28   -
frame   101 :  a closed book -0.45  an opened book -0.51   led   0/255 h0.00 lvl-0.48   -
frame   102 :  a closed book -0.24  an opened book -0.97   led   0/255 h0.00 lvl-0.60   -
frame   103 :  a closed book -1.72  an opened book -1.80   led   0/255 h0.00 lvl-1.76   -
frame   104 :  an opened book -3.00  a closed book -3.06   led   0/255 h0.00 lvl-3.03   -
frame   105 :  a closed book -0.61  an opened book -0.86   led   0/255 h0.00 lvl-0.73   -
frame   106 :  a closed book +0.43  an opened book -0.51   led  25/ 99 h0.35 lvl-0.04   -
frame   107 :  a closed book +0.25  an opened book -0.36   led   8/154 h0.20 lvl-0.05   -
frame   108 :  a closed book -0.49  an opened book -1.16   led   0/255 h0.00 lvl-0.82   -
frame   109 :  a closed book -0.53  an opened book -2.11   led   0/255 h0.00 lvl-1.32   -
frame   110 :  a closed book -1.31  an opened book -1.71   led   0/255 h0.00 lvl-1.51   -
frame   111 :  a closed book +0.40  an opened book -0.04   led  22/106 h0.33 lvl+0.18   -
frame   112 :  a closed book +0.01  an opened book -1.29   led   0/251 h0.01 lvl-0.64   -
frame   113 :  a closed book -1.14  an opened book -1.42   led   0/255 h0.00 lvl-1.28   -
frame   114 :  an opened book -0.64  a closed book -0.79   led   0/255 h0.00 lvl-0.71   -
frame   115 :  an opened book +0.08  a closed book +0.04   led   1/221 h0.06 lvl+0.06   -
frame   116 :  a closed book +0.21  an opened book -0.40   led   5/168 h0.17 lvl-0.10   -
frame   117 :  a closed book -1.32  an opened book -2.09   led   0/255 h0.00 lvl-1.71   -
frame   118 :  a closed book -1.55  an opened book -2.14   led   0/255 h0.00 lvl-1.85   -
frame   119 :  a closed book -0.68  an opened book -1.46   led   0/255 h0.00 lvl-1.07   -
frame   120 :  an opened book -1.05  a closed book -1.28   led   0/255 h0.00 lvl-1.16   -
frame   121 :  a closed book +0.00  an opened book -0.90   led   0/254 h0.00 lvl-0.45   -
frame   122 :  a closed book -1.59  an opened book -2.05   led   0/255 h0.00 lvl-1.82   -
frame   123 :  a closed book -1.26  an opened book -1.66   led   0/255 h0.00 lvl-1.46   -
frame   124 :  a closed book -0.39  an opened book -0.45   led   0/255 h0.00 lvl-0.42   -
frame   125 :  a closed book +0.03  an opened book -0.17   led   0/242 h0.02 lvl-0.07   -
frame   126 :  an opened book -1.05  a closed book -1.33   led   0/255 h0.00 lvl-1.19   -
frame   127 :  an opened book -1.20  a closed book -1.24   led   0/255 h0.00 lvl-1.22   -
frame   128 :  a closed book -0.80  an opened book -1.49   led   0/255 h0.00 lvl-1.14   -
frame   129 :  a closed book -1.78  an opened book -3.02   led   0/255 h0.00 lvl-2.40   -
frame   130 :  a closed book -1.40  an opened book -1.71   led   0/255 h0.00 lvl-1.55   -
frame   131 :  a closed book -0.15  an opened book -0.88   led   0/255 h0.00 lvl-0.52   -
frame   132 :  a closed book -1.51  an opened book -1.53   led   0/255 h0.00 lvl-1.52   -
frame   133 :  a closed book -0.90  an opened book -1.13   led   0/255 h0.00 lvl-1.02   -
frame   134 :  a closed book -1.56  an opened book -2.22   led   0/255 h0.00 lvl-1.89   -
frame   135 :  a closed book -0.20  an opened book -1.31   led   0/255 h0.00 lvl-0.76   -
frame   136 :  an opened book -1.24  a closed book -1.26   led   0/255 h0.00 lvl-1.25   -
frame   137 :  a closed book -0.99  an opened book -1.28   led   0/255 h0.00 lvl-1.13   -
frame   138 :  a closed book +0.77  an opened book -0.03   led  92/ 29 h0.63 lvl+0.37   -
frame   139 :  a closed book -1.18  an opened book -2.10   led   0/255 h0.00 lvl-1.64   -
frame   140 :  an opened book +0.00  a closed book -0.10   led   0/255 h0.00 lvl-0.05   -
frame   141 :  a closed book -0.35  an opened book -0.41   led   0/255 h0.00 lvl-0.38   -
frame   142 :  an opened book -0.33  a closed book -0.81   led   0/255 h0.00 lvl-0.57   -
frame   143 :  a closed book -1.83  an opened book -2.10   led   0/255 h0.00 lvl-1.96   -
frame   144 :  a closed book -2.54  an opened book -2.68   led   0/255 h0.00 lvl-2.61   -
frame   145 :  an opened book -0.43  a closed book -0.53   led   0/255 h0.00 lvl-0.48   -
frame   146 :  a closed book +0.10  an opened book -0.43   led   1/213 h0.08 lvl-0.17   -
frame   147 :  a closed book -0.85  an opened book -1.40   led   0/255 h0.00 lvl-1.13   -
frame   148 :  a closed book -0.37  an opened book -1.17   led   0/255 h0.00 lvl-0.77   -
frame   149 :  a closed book -0.52  an opened book -0.78   led   0/255 h0.00 lvl-0.65   -
frame   150 :  a closed book -1.45  an opened book -2.21   led   0/255 h0.00 lvl-1.83   -
frame   151 :  a closed book -1.95  an opened book -3.05   led   0/255 h0.00 lvl-2.50   -
frame   152 :  a closed book +0.10  an opened book -0.06   led   1/210 h0.08 lvl+0.02   -
frame   153 :  a closed book -0.96  an opened book -1.97   led   0/255 h0.00 lvl-1.47   -
frame   154 :  an opened book -0.93  a closed book -0.97   led   0/255 h0.00 lvl-0.95   -
frame   155 :  a closed book -0.64  an opened book -0.89   led   0/255 h0.00 lvl-0.77   -
frame   156 :  a closed book -0.02  an opened book -0.49   led   0/255 h0.00 lvl-0.26   -
frame   157 :  a closed book +0.19  an opened book -0.28   led   4/177 h0.15 lvl-0.05   -
frame   158 :  an opened book -0.57  a closed book -0.69   led   0/255 h0.00 lvl-0.63   -
frame   159 :  a closed book -0.79  an opened book -1.10   led   0/255 h0.00 lvl-0.95   -
frame   160 :  a closed book +0.52  an opened book -0.12   led  38/ 77 h0.42 lvl+0.20   -
frame   161 :  a closed book -0.55  an opened book -0.74   led   0/255 h0.00 lvl-0.64   -
frame   162 :  a closed book -0.21  an opened book -1.30   led   0/255 h0.00 lvl-0.75   -
frame   163 :  a closed book -0.76  an opened book -1.27   led   0/255 h0.00 lvl-1.01   -
frame   164 :  a closed book -0.94  an opened book -2.32   led   0/255 h0.00 lvl-1.63   -
frame   165 :  a closed book -1.32  an opened book -2.51   led   0/255 h0.00 lvl-1.91   -
frame   166 :  a closed book -0.35  an opened book -1.39   led   0/255 h0.00 lvl-0.87   -
frame   167 :  a closed book -2.17  an opened book -3.18   led   0/255 h0.00 lvl-2.67   -
frame   168 :  a closed book -0.30  an opened book -1.83   led   0/255 h0.00 lvl-1.07   -
frame   169 :  a closed book -1.46  an opened book -1.89   led   0/255 h0.00 lvl-1.67   -
frame   170 :  a closed book -1.30  an opened book -1.38   led   0/255 h0.00 lvl-1.34   -
frame   171 :  a closed book -1.60  an opened book -2.01   led   0/255 h0.00 lvl-1.80   -
frame   172 :  a closed book -1.26  an opened book -1.61   led   0/255 h0.00 lvl-1.44   -
frame   173 :  a closed book -1.12  an opened book -1.22   led   0/255 h0.00 lvl-1.17   -
frame   174 :  a closed book -0.93  an opened book -1.84   led   0/255 h0.00 lvl-1.39   -
frame   175 :  a closed book -1.95  an opened book -2.68   led   0/255 h0.00 lvl-2.32   -
frame   176 :  a closed book -1.12  an opened book -1.60   led   0/255 h0.00 lvl-1.36   -
frame   177 :  a closed book -1.14  an opened book -1.80   led   0/255 h0.00 lvl-1.47   -
frame   178 :  a closed book -0.76  an opened book -1.96   led   0/255 h0.00 lvl-1.36   -
frame   179 :  a closed book -0.77  an opened book -1.77   led   0/255 h0.00 lvl-1.27   -
frame   180 :  an opened book -0.33  a closed book -0.45   led   0/255 h0.00 lvl-0.39   -
frame   181 :  a closed book -1.49  an opened book -2.08   led   0/255 h0.00 lvl-1.78   -
frame   182 :  a closed book -0.29  an opened book -0.67   led   0/255 h0.00 lvl-0.48   -
frame   183 :  a closed book -0.42  an opened book -1.99   led   0/255 h0.00 lvl-1.20   -
frame   184 :  a closed book -1.09  an opened book -2.01   led   0/255 h0.00 lvl-1.55   -
frame   185 :  a closed book +0.01  an opened book -1.02   led   0/249 h0.01 lvl-0.50   -
frame   186 :  an opened book -1.11  a closed book -1.22   led   0/255 h0.00 lvl-1.17   -
frame   187 :  a closed book -0.73  an opened book -1.05   led   0/255 h0.00 lvl-0.89   -
frame   188 :  a closed book -1.45  an opened book -2.70   led   0/255 h0.00 lvl-2.08   -
frame   189 :  a closed book -1.37  an opened book -1.62   led   0/255 h0.00 lvl-1.49   -
frame   190 :  a closed book -1.34  an opened book -2.92   led   0/255 h0.00 lvl-2.13   -
frame   191 :  a closed book -1.18  an opened book -1.83   led   0/255 h0.00 lvl-1.51   -
frame   192 :  a closed book -0.23  an opened book -0.27   led   0/255 h0.00 lvl-0.25   -
frame   193 :  a closed book -0.05  an opened book -0.49   led   0/255 h0.00 lvl-0.27   -
frame   194 :  an opened book -0.10  a closed book -0.24   led   0/255 h0.00 lvl-0.17   -
frame   195 :  a closed book -0.52  an opened book -0.95   led   0/255 h0.00 lvl-0.74   -
frame   196 :  a closed book -0.84  an opened book -2.05   led   0/255 h0.00 lvl-1.45   -
frame   197 :  a closed book -0.98  an opened book -1.92   led   0/255 h0.00 lvl-1.45   -
frame   198 :  a closed book -1.77  an opened book -2.84   led   0/255 h0.00 lvl-2.31   -
frame   199 :  a closed book -0.75  an opened book -2.01   led   0/255 h0.00 lvl-1.38   -
background: after 30 frames (frozen, room spread), this room reads  a closed book -0.113 +-0.0046 (COCO -0.159 +-0.0351)  an opened book -0.122 +-0.0042 (COCO -0.151 +-0.0303)
frame   200 :  a closed book -1.79  an opened book -2.47   led   0/255 h0.00 lvl-2.13   -
frame   201 :  an opened book +0.05  a closed book -0.89   led   0/231 h0.04 lvl-0.42   -
frame   202 :  a closed book +0.04  an opened book -1.39   led   0/236 h0.03 lvl-0.67   -
frame   203 :  a closed book -1.84  an opened book -3.38   led   0/255 h0.00 lvl-2.61   -
frame   204 :  an opened book -0.44  a closed book -0.46   led   0/255 h0.00 lvl-0.45   -
frame   205 :  a closed book -0.02  an opened book -0.97   led   0/255 h0.00 lvl-0.50   -
frame   206 :  a closed book -0.39  an opened book -1.27   led   0/255 h0.00 lvl-0.83   -
frame   207 :  a closed book -0.22  an opened book -1.51   led   0/255 h0.00 lvl-0.86   -
frame   208 :  a closed book -1.72  an opened book -3.06   led   0/255 h0.00 lvl-2.39   -
frame   209 :  a closed book +0.09  an opened book -0.85   led   1/218 h0.07 lvl-0.38   -
frame   210 :  a closed book -0.43  an opened book -1.60   led   0/255 h0.00 lvl-1.02   -
frame   211 :  a closed book -1.98  an opened book -2.02   led   0/255 h0.00 lvl-2.00   -
frame   212 :  a closed book -1.72  an opened book -2.00   led   0/255 h0.00 lvl-1.86   -
frame   213 :  a closed book -0.95  an opened book -1.50   led   0/255 h0.00 lvl-1.22   -
frame   214 :  a closed book -0.93  an opened book -1.39   led   0/255 h0.00 lvl-1.16   -
frame   215 :  a closed book -0.75  an opened book -2.00   led   0/255 h0.00 lvl-1.38   -
frame   216 :  a closed book -0.91  an opened book -1.34   led   0/255 h0.00 lvl-1.12   -
frame   217 :  an opened book -1.51  a closed book -1.53   led   0/255 h0.00 lvl-1.52   -
frame   218 :  a closed book -1.91  an opened book -2.11   led   0/255 h0.00 lvl-2.01   -
frame   219 :  an opened book -0.61  a closed book -0.72   led   0/255 h0.00 lvl-0.66   -
frame   220 :  a closed book +0.55  an opened book +0.08   led  43/ 70 h0.45 lvl+0.31   -
frame   221 :  a closed book +0.05  an opened book -0.07   led   0/233 h0.04 lvl-0.01   -
frame   222 :  a closed book -0.58  an opened book -1.24   led   0/255 h0.00 lvl-0.91   -
frame   223 :  a closed book -0.60  an opened book -0.84   led   0/255 h0.00 lvl-0.72   -
frame   224 :  a closed book -1.02  an opened book -1.72   led   0/255 h0.00 lvl-1.37   -
frame   225 :  a closed book -0.20  an opened book -0.87   led   0/255 h0.00 lvl-0.54   -
frame   226 :  a closed book -1.62  an opened book -2.49   led   0/255 h0.00 lvl-2.06   -
frame   227 :  an opened book -0.34  a closed book -0.81   led   0/255 h0.00 lvl-0.57   -
frame   228 :  a closed book -1.95  an opened book -2.70   led   0/255 h0.00 lvl-2.33   -
frame   229 :  an opened book -0.69  a closed book -1.01   led   0/255 h0.00 lvl-0.85   -
frame   230 :  an opened book +0.84  a closed book +0.69   led 110/ 20 h0.68 lvl+0.77   -
frame   231 :  an opened book +0.40  a closed book +0.15   led  22/106 h0.33 lvl+0.28   -
frame   232 :  a closed book +0.12  an opened book -0.25   led   1/205 h0.09 lvl-0.06   -
frame   233 :  an opened book +0.90  a closed book +0.78   led 127/ 15 h0.73 lvl+0.84   -
frame   234 :  a closed book -2.04  an opened book -2.73   led   0/255 h0.00 lvl-2.39   -
frame   235 :  an opened book -0.25  a closed book -0.27   led   0/255 h0.00 lvl-0.26   -
frame   236 :  a closed book -1.18  an opened book -1.75   led   0/255 h0.00 lvl-1.47   -
frame   237 :  an opened book -2.25  a closed book -2.38   led   0/255 h0.00 lvl-2.32   -
frame   238 :  an opened book -1.50  a closed book -2.41   led   0/255 h0.00 lvl-1.95   -
frame   239 :  a closed book -0.78  an opened book -1.77   led   0/255 h0.00 lvl-1.27   -
frame   240 :  a closed book -0.50  an opened book -1.39   led   0/255 h0.00 lvl-0.95   -
frame   241 :  a closed book -1.77  an opened book -2.09   led   0/255 h0.00 lvl-1.93   -
frame   242 :  a closed book -1.33  an opened book -2.34   led   0/255 h0.00 lvl-1.84   -
frame   243 :  a closed book -0.78  an opened book -0.97   led   0/255 h0.00 lvl-0.88   -
frame   244 :  an opened book -1.17  a closed book -1.30   led   0/255 h0.00 lvl-1.24   -
frame   245 :  a closed book +0.01  an opened book -1.07   led   0/252 h0.00 lvl-0.53   -
frame   246 :  a closed book -1.95  an opened book -2.92   led   0/255 h0.00 lvl-2.43   -
frame   247 :  a closed book -1.54  an opened book -1.66   led   0/255 h0.00 lvl-1.60   -
frame   248 :  a closed book +0.08  an opened book -0.22   led   1/221 h0.06 lvl-0.07   -
frame   249 :  a closed book -0.71  an opened book -0.79   led   0/255 h0.00 lvl-0.75   -
frame   250 :  a closed book -0.87  an opened book -1.28   led   0/255 h0.00 lvl-1.07   -
frame   251 :  a closed book -1.41  an opened book -1.85   led   0/255 h0.00 lvl-1.63   -
frame   252 :  a closed book +0.03  an opened book -0.35   led   0/240 h0.03 lvl-0.16   -
frame   253 :  an opened book +0.97  a closed book +0.52   led 151/  8 h0.79 lvl+0.74   -
frame   254 :  a closed book -1.64  an opened book -2.80   led   0/255 h0.00 lvl-2.22   -
frame   255 :  an opened book -0.85  a closed book -1.10   led   0/255 h0.00 lvl-0.98   -
frame   256 :  an opened book -0.91  a closed book -1.12   led   0/255 h0.00 lvl-1.02   -
frame   257 :  a closed book -0.32  an opened book -0.68   led   0/255 h0.00 lvl-0.50   -
frame   258 :  a closed book -1.90  an opened book -2.48   led   0/255 h0.00 lvl-2.19   -
frame   259 :  a closed book +1.03  an opened book +0.73   led 174/  4 h0.84 lvl+0.88   -
frame   260 :  an opened book -0.04  a closed book -0.25   led   0/255 h0.00 lvl-0.15   -
frame   261 :  a closed book -0.45  an opened book -1.44   led   0/255 h0.00 lvl-0.95   -
frame   262 :  a closed book -0.98  an opened book -1.42   led   0/255 h0.00 lvl-1.20   -
frame   263 :  a closed book -1.37  an opened book -1.62   led   0/255 h0.00 lvl-1.49   -
frame   264 :  a closed book -1.63  an opened book -2.20   led   0/255 h0.00 lvl-1.91   -
frame   265 :  a closed book -0.26  an opened book -0.69   led   0/255 h0.00 lvl-0.47   -
frame   266 :  a closed book -1.35  an opened book -1.92   led   0/255 h0.00 lvl-1.64   -
frame   267 :  an opened book -1.97  a closed book -1.99   led   0/255 h0.00 lvl-1.98   -
frame   268 :  an opened book -0.35  a closed book -0.57   led   0/255 h0.00 lvl-0.46   -
frame   269 :  a closed book -1.56  an opened book -1.63   led   0/255 h0.00 lvl-1.59   -
frame   270 :  a closed book -0.35  an opened book -0.64   led   0/255 h0.00 lvl-0.50   -
frame   271 :  a closed book +0.16  an opened book +0.02   led   3/190 h0.13 lvl+0.09   -
frame   272 :  an opened book -1.10  a closed book -1.10   led   0/255 h0.00 lvl-1.10   -
frame   273 :  an opened book -0.74  a closed book -0.90   led   0/255 h0.00 lvl-0.82   -
frame   274 :  a closed book -0.05  an opened book -0.70   led   0/255 h0.00 lvl-0.38   -
frame   275 :  a closed book -0.08  an opened book -0.76   led   0/255 h0.00 lvl-0.42   -
frame   276 :  a closed book -1.37  an opened book -2.63   led   0/255 h0.00 lvl-2.00   -
frame   277 :  a closed book -0.44  an opened book -0.90   led   0/255 h0.00 lvl-0.67   -
frame   278 :  a closed book -1.66  an opened book -2.65   led   0/255 h0.00 lvl-2.15   -
frame   279 :  a closed book -1.99  an opened book -2.31   led   0/255 h0.00 lvl-2.15   -
frame   280 :  an opened book +0.53  a closed book +0.49   led  40/ 74 h0.43 lvl+0.51   -
frame   281 :  an opened book -1.47  a closed book -1.82   led   0/255 h0.00 lvl-1.64   -
frame   282 :  a closed book +0.59  an opened book +0.53   led  52/ 60 h0.48 lvl+0.56   -
frame   283 :  a closed book -2.22  an opened book -3.29   led   0/255 h0.00 lvl-2.75   -
frame   284 :  an opened book -1.34  a closed book -1.79   led   0/255 h0.00 lvl-1.57   -
frame   285 :  a closed book -1.25  an opened book -1.27   led   0/255 h0.00 lvl-1.26   -
frame   286 :  a closed book -1.35  an opened book -1.70   led   0/255 h0.00 lvl-1.53   -
frame   287 :  a closed book -1.93  an opened book -2.40   led   0/255 h0.00 lvl-2.17   -
frame   288 :  an opened book +0.11  a closed book -0.55   led   1/208 h0.09 lvl-0.22   -
frame   289 :  a closed book -1.39  an opened book -1.45   led   0/255 h0.00 lvl-1.42   -
frame   290 :  a closed book -1.07  an opened book -1.14   led   0/255 h0.00 lvl-1.11   -
frame   291 :  an opened book -0.30  a closed book -0.36   led   0/255 h0.00 lvl-0.33   -
frame   292 :  a closed book -1.33  an opened book -2.22   led   0/255 h0.00 lvl-1.77   -
frame   293 :  a closed book +0.49  an opened book +0.20   led  33/ 84 h0.40 lvl+0.34   -
frame   294 :  a closed book +0.32  an opened book -0.23   led  13/130 h0.26 lvl+0.05   -
frame   295 :  a closed book -1.74  an opened book -1.94   led   0/255 h0.00 lvl-1.84   -
frame   296 :  a closed book +0.20  an opened book -0.66   led   5/174 h0.16 lvl-0.23   -
frame   297 :  a closed book +0.08  an opened book -0.22   led   1/221 h0.06 lvl-0.07   -
frame   298 :  an opened book -0.17  a closed book -0.63   led   0/255 h0.00 lvl-0.40   -
frame   299 :  a closed book -1.00  an opened book -2.12   led   0/255 h0.00 lvl-1.56   -
background: after 30 frames (frozen, room spread), this room reads  a closed book -0.113 +-0.0046 (COCO -0.159 +-0.0351)  an opened book -0.122 +-0.0042 (COCO -0.151 +-0.0303)
frame   300 :  a closed book -0.81  an opened book -1.13   led   0/255 h0.00 lvl-0.97   -
frame   301 :  a closed book -0.84  an opened book -1.62   led   0/255 h0.00 lvl-1.23   -
frame   302 :  a closed book -0.53  an opened book -0.58   led   0/255 h0.00 lvl-0.56   -
frame   303 :  a closed book +0.37  an opened book -0.42   led  18/116 h0.30 lvl-0.02   -
frame   304 :  a closed book -1.79  an opened book -1.90   led   0/255 h0.00 lvl-1.85   -
frame   305 :  a closed book -1.55  an opened book -1.90   led   0/255 h0.00 lvl-1.73   -
frame   306 :  a closed book -1.37  an opened book -1.79   led   0/255 h0.00 lvl-1.58   -
frame   307 :  a closed book -1.04  an opened book -1.83   led   0/255 h0.00 lvl-1.44   -
frame   308 :  a closed book +0.77  an opened book -0.07   led  91/ 29 h0.63 lvl+0.35   -
frame   309 :  a closed book -0.88  an opened book -1.29   led   0/255 h0.00 lvl-1.08   -
frame   310 :  an opened book -0.62  a closed book -0.69   led   0/255 h0.00 lvl-0.66   -
frame   311 :  a closed book -1.28  an opened book -2.38   led   0/255 h0.00 lvl-1.83   -
frame   312 :  a closed book -1.74  an opened book -2.21   led   0/255 h0.00 lvl-1.98   -
frame   313 :  a closed book -2.48  an opened book -2.99   led   0/255 h0.00 lvl-2.73   -
frame   314 :  a closed book -0.45  an opened book -0.92   led   0/255 h0.00 lvl-0.69   -
frame   315 :  a closed book +0.06  an opened book -1.13   led   0/227 h0.05 lvl-0.54   -
frame   316 :  a closed book +1.41*  an opened book +0.88   led 255/  0 h1.00 lvl+1.14   MATCH a closed book (cos -0.106)
frame   317 :  a closed book -1.93  an opened book -2.49   led   0/255 h0.00 lvl-2.21   -
frame   318 :  a closed book -1.55  an opened book -2.38   led   0/255 h0.00 lvl-1.97   -
frame   319 :  a closed book -0.31  an opened book -0.43   led   0/255 h0.00 lvl-0.37   -
frame   320 :  a closed book -1.06  an opened book -1.18   led   0/255 h0.00 lvl-1.12   -
frame   321 :  a closed book -1.03  an opened book -1.90   led   0/255 h0.00 lvl-1.47   -
frame   322 :  an opened book -0.04  a closed book -0.32   led   0/255 h0.00 lvl-0.18   -
frame   323 :  a closed book -1.55  an opened book -1.92   led   0/255 h0.00 lvl-1.73   -
frame   324 :  an opened book +0.06  a closed book +0.03   led   0/227 h0.05 lvl+0.05   -
frame   325 :  a closed book -1.39  an opened book -1.98   led   0/255 h0.00 lvl-1.68   -
frame   326 :  a closed book -0.40  an opened book -1.17   led   0/255 h0.00 lvl-0.78   -
frame   327 :  a closed book +0.36  an opened book -1.06   led  17/120 h0.29 lvl-0.35   -
frame   328 :  a closed book -0.82  an opened book -2.17   led   0/255 h0.00 lvl-1.49   -
frame   329 :  a closed book -1.44  an opened book -2.40   led   0/255 h0.00 lvl-1.92   -
frame   330 :  a closed book -0.29  an opened book -2.09   led   0/255 h0.00 lvl-1.19   -
frame   331 :  an opened book -0.64  a closed book -1.05   led   0/255 h0.00 lvl-0.84   -
frame   332 :  a closed book -1.73  an opened book -2.76   led   0/255 h0.00 lvl-2.25   -
frame   333 :  an opened book -0.74  a closed book -0.96   led   0/255 h0.00 lvl-0.85   -
frame   334 :  a closed book -1.01  an opened book -1.45   led   0/255 h0.00 lvl-1.23   -
frame   335 :  a closed book -2.00  an opened book -2.11   led   0/255 h0.00 lvl-2.05   -
frame   336 :  a closed book +0.44  an opened book +0.03   led  27/ 95 h0.36 lvl+0.24   -
frame   337 :  an opened book -0.42  a closed book -0.44   led   0/255 h0.00 lvl-0.43   -
frame   338 :  a closed book -1.55  an opened book -1.70   led   0/255 h0.00 lvl-1.62   -
frame   339 :  a closed book -1.10  an opened book -1.76   led   0/255 h0.00 lvl-1.43   -
frame   340 :  a closed book +0.17  an opened book -0.24   led   3/185 h0.13 lvl-0.04   -
frame   341 :  a closed book +0.13  an opened book -0.58   led   2/198 h0.11 lvl-0.22   -
frame   342 :  an opened book -1.19  a closed book -1.36   led   0/255 h0.00 lvl-1.27   -
frame   343 :  a closed book -1.29  an opened book -2.47   led   0/255 h0.00 lvl-1.88   -
frame   344 :  a closed book -0.62  an opened book -0.95   led   0/255 h0.00 lvl-0.78   -
frame   345 :  a closed book -2.34  an opened book -3.23   led   0/255 h0.00 lvl-2.79   -
frame   346 :  a closed book +1.05  an opened book +0.16   led 180/  4 h0.85 lvl+0.60   -
frame   347 :  a closed book -0.92  an opened book -1.60   led   0/255 h0.00 lvl-1.26   -
frame   348 :  an opened book +0.49  a closed book +0.19   led  34/ 83 h0.40 lvl+0.34   -
frame   349 :  a closed book -1.83  an opened book -1.98   led   0/255 h0.00 lvl-1.90   -
frame   350 :  a closed book -0.50  an opened book -1.91   led   0/255 h0.00 lvl-1.21   -
frame   351 :  an opened book -1.52  a closed book -1.96   led   0/255 h0.00 lvl-1.74   -
frame   352 :  a closed book -0.45  an opened book -1.54   led   0/255 h0.00 lvl-0.99   -
frame   353 :  a closed book +1.14  an opened book +0.21   led 217/  1 h0.93 lvl+0.68   -
frame   354 :  an opened book -0.70  a closed book -1.52   led   0/255 h0.00 lvl-1.11   -
frame   355 :  a closed book -2.37  an opened book -2.37   led   0/255 h0.00 lvl-2.37   -
frame   356 :  a closed book -1.58  an opened book -2.16   led   0/255 h0.00 lvl-1.87   -
frame   357 :  an opened book -1.00  a closed book -1.10   led   0/255 h0.00 lvl-1.05   -
frame   358 :  a closed book +0.46  an opened book +0.44   led  30/ 90 h0.38 lvl+0.45   -
frame   359 :  a closed book -1.38  an opened book -1.84   led   0/255 h0.00 lvl-1.61   -
frame   360 :  an opened book -1.22  a closed book -1.36   led   0/255 h0.00 lvl-1.29   -
frame   361 :  a closed book -2.98  an opened book -3.02   led   0/255 h0.00 lvl-3.00   -
frame   362 :  a closed book -1.20  an opened book -2.39   led   0/255 h0.00 lvl-1.80   -
frame   363 :  an opened book +0.28  a closed book -0.84   led  10/145 h0.23 lvl-0.28   -
frame   364 :  a closed book -1.48  an opened book -1.54   led   0/255 h0.00 lvl-1.51   -
frame   365 :  a closed book -2.83  an opened book -3.47   led   0/255 h0.00 lvl-3.15   -
frame   366 :  a closed book -1.78  an opened book -2.45   led   0/255 h0.00 lvl-2.11   -
frame   367 :  a closed book -1.22  an opened book -2.19   led   0/255 h0.00 lvl-1.70   -
frame   368 :  a closed book -1.54  an opened book -2.07   led   0/255 h0.00 lvl-1.80   -
frame   369 :  a closed book -0.24  an opened book -0.82   led   0/255 h0.00 lvl-0.53   -
frame   370 :  a closed book -1.73  an opened book -2.31   led   0/255 h0.00 lvl-2.02   -
frame   371 :  a closed book -1.40  an opened book -2.51   led   0/255 h0.00 lvl-1.95   -
frame   372 :  a closed book -0.78  an opened book -1.42   led   0/255 h0.00 lvl-1.10   -
frame   373 :  a closed book -1.44  an opened book -1.84   led   0/255 h0.00 lvl-1.64   -
frame   374 :  a closed book -1.63  an opened book -2.01   led   0/255 h0.00 lvl-1.82   -
frame   375 :  a closed book -0.20  an opened book -1.36   led   0/255 h0.00 lvl-0.78   -
frame   376 :  a closed book -0.45  an opened book -0.86   led   0/255 h0.00 lvl-0.65   -
frame   377 :  a closed book -1.86  an opened book -2.56   led   0/255 h0.00 lvl-2.21   -
frame   378 :  a closed book -0.62  an opened book -1.08   led   0/255 h0.00 lvl-0.85   -
frame   379 :  an opened book +0.21  a closed book -0.04   led   5/168 h0.17 lvl+0.09   -
frame   380 :  an opened book -1.01  a closed book -1.07   led   0/255 h0.00 lvl-1.04   -
frame   381 :  a closed book -0.35  an opened book -0.79   led   0/255 h0.00 lvl-0.57   -
frame   382 :  a closed book -1.32  an opened book -1.59   led   0/255 h0.00 lvl-1.46   -
frame   383 :  an opened book -0.61  a closed book -0.98   led   0/255 h0.00 lvl-0.80   -
frame   384 :  a closed book -0.92  an opened book -1.16   led   0/255 h0.00 lvl-1.04   -
frame   385 :  a closed book -1.55  an opened book -2.19   led   0/255 h0.00 lvl-1.87   -
frame   386 :  a closed book -0.92  an opened book -1.99   led   0/255 h0.00 lvl-1.45   -
frame   387 :  a closed book -0.65  an opened book -1.07   led   0/255 h0.00 lvl-0.86   -
frame   388 :  an opened book -0.20  a closed book -0.39   led   0/255 h0.00 lvl-0.29   -
frame   389 :  a closed book +0.09  an opened book -0.19   led   1/217 h0.07 lvl-0.05   -
frame   390 :  a closed book -0.23  an opened book -0.89   led   0/255 h0.00 lvl-0.56   -
frame   391 :  an opened book -1.73  a closed book -2.02   led   0/255 h0.00 lvl-1.88   -
frame   392 :  a closed book -0.68  an opened book -0.82   led   0/255 h0.00 lvl-0.75   -
frame   393 :  a closed book -0.35  an opened book -1.55   led   0/255 h0.00 lvl-0.95   -
frame   394 :  an opened book -0.36  a closed book -0.37   led   0/255 h0.00 lvl-0.36   -
frame   395 :  a closed book -0.86  an opened book -1.53   led   0/255 h0.00 lvl-1.20   -
frame   396 :  a closed book -1.02  an opened book -1.73   led   0/255 h0.00 lvl-1.37   -
frame   397 :  an opened book +0.30  a closed book -0.51   led  12/137 h0.25 lvl-0.11   -
frame   398 :  an opened book -1.17  a closed book -1.35   led   0/255 h0.00 lvl-1.26   -
frame   399 :  an opened book -1.33  a closed book -1.56   led   0/255 h0.00 lvl-1.45   -
background: after 30 frames (frozen, room spread), this room reads  a closed book -0.113 +-0.0046 (COCO -0.159 +-0.0351)  an opened book -0.122 +-0.0042 (COCO -0.151 +-0.0303)
frame   400 :  a closed book -1.87  an opened book -2.37   led   0/255 h0.00 lvl-2.12   -
frame   401 :  a closed book -1.76  an opened book -1.83   led   0/255 h0.00 lvl-1.80   -
frame   402 :  an opened book -0.04  a closed book -0.24   led   0/255 h0.00 lvl-0.14   -
frame   403 :  a closed book -2.65  an opened book -3.16   led   0/255 h0.00 lvl-2.90   -
frame   404 :  a closed book +0.31  an opened book -0.03   led  12/134 h0.25 lvl+0.14   -
frame   405 :  a closed book -1.77  an opened book -2.68   led   0/255 h0.00 lvl-2.23   -
frame   406 :  a closed book -2.11  an opened book -2.18   led   0/255 h0.00 lvl-2.15   -
frame   407 :  a closed book -0.95  an opened book -1.05   led   0/255 h0.00 lvl-1.00   -
frame   408 :  an opened book -0.38  a closed book -0.46   led   0/255 h0.00 lvl-0.42   -
frame   409 :  an opened book -0.14  a closed book -0.33   led   0/255 h0.00 lvl-0.23   -
frame   410 :  an opened book -0.64  a closed book -0.73   led   0/255 h0.00 lvl-0.68   -
frame   411 :  an opened book -1.78  a closed book -1.96   led   0/255 h0.00 lvl-1.87   -
frame   412 :  an opened book -1.04  a closed book -1.25   led   0/255 h0.00 lvl-1.14   -
frame   413 :  a closed book -1.90  an opened book -2.78   led   0/255 h0.00 lvl-2.34   -
frame   414 :  a closed book -1.34  an opened book -1.85   led   0/255 h0.00 lvl-1.60   -
frame   415 :  a closed book -1.96  an opened book -2.82   led   0/255 h0.00 lvl-2.39   -
frame   416 :  a closed book -0.82  an opened book -0.94   led   0/255 h0.00 lvl-0.88   -
frame   417 :  a closed book -0.30  an opened book -1.41   led   0/255 h0.00 lvl-0.86   -
frame   418 :  a closed book -0.57  an opened book -0.86   led   0/255 h0.00 lvl-0.72   -
frame   419 :  a closed book +0.21  an opened book -0.61   led   5/167 h0.17 lvl-0.20   -
frame   420 :  an opened book -0.93  a closed book -1.47   led   0/255 h0.00 lvl-1.20   -
frame   421 :  a closed book -1.31  an opened book -2.39   led   0/255 h0.00 lvl-1.85   -
frame   422 :  an opened book -1.43  a closed book -1.98   led   0/255 h0.00 lvl-1.71   -
frame   423 :  a closed book -1.22  an opened book -1.87   led   0/255 h0.00 lvl-1.55   -
frame   424 :  an opened book -0.27  a closed book -0.69   led   0/255 h0.00 lvl-0.48   -
frame   425 :  a closed book -0.39  an opened book -0.45   led   0/255 h0.00 lvl-0.42   -
frame   426 :  a closed book -1.11  an opened book -1.22   led   0/255 h0.00 lvl-1.16   -
frame   427 :  a closed book +0.48  an opened book -0.34   led  32/ 87 h0.39 lvl+0.07   -
frame   428 :  a closed book +0.19  an opened book +0.18   led   4/176 h0.15 lvl+0.19   -
frame   429 :  a closed book -1.09  an opened book -1.87   led   0/255 h0.00 lvl-1.48   -
frame   430 :  a closed book -1.16  an opened book -1.91   led   0/255 h0.00 lvl-1.54   -
frame   431 :  a closed book -1.23  an opened book -1.29   led   0/255 h0.00 lvl-1.26   -
frame   432 :  a closed book -0.31  an opened book -0.53   led   0/255 h0.00 lvl-0.42   -
frame   433 :  a closed book -0.27  an opened book -0.59   led   0/255 h0.00 lvl-0.43   -
frame   434 :  a closed book +0.38  an opened book -0.08   led  19/113 h0.31 lvl+0.15   -
frame   435 :  a closed book -1.85  an opened book -2.83   led   0/255 h0.00 lvl-2.34   -
frame   436 :  a closed book -1.93  an opened book -2.37   led   0/255 h0.00 lvl-2.15   -
frame   437 :  a closed book -0.79  an opened book -0.95   led   0/255 h0.00 lvl-0.87   -
frame   438 :  an opened book -0.61  a closed book -1.10   led   0/255 h0.00 lvl-0.85   -
frame   439 :  a closed book +0.37  an opened book +0.24   led  18/116 h0.30 lvl+0.30   -
frame   440 :  a closed book -0.82  an opened book -1.36   led   0/255 h0.00 lvl-1.09   -
frame   441 :  a closed book -0.91  an opened book -1.05   led   0/255 h0.00 lvl-0.98   -
frame   442 :  a closed book +0.08  an opened book -0.08   led   1/221 h0.06 lvl+0.00   -
frame   443 :  a closed book -1.46  an opened book -1.59   led   0/255 h0.00 lvl-1.52   -
frame   444 :  an opened book -0.76  a closed book -0.76   led   0/255 h0.00 lvl-0.76   -
frame   445 :  a closed book -2.14  an opened book -2.44   led   0/255 h0.00 lvl-2.29   -
frame   446 :  a closed book -2.24  an opened book -3.29   led   0/255 h0.00 lvl-2.76   -
frame   447 :  an opened book -1.12  a closed book -1.63   led   0/255 h0.00 lvl-1.38   -
frame   448 :  a closed book -1.80  an opened book -2.31   led   0/255 h0.00 lvl-2.06   -
frame   449 :  a closed book +0.08  an opened book -0.53   led   1/221 h0.06 lvl-0.23   -
frame   450 :  an opened book +0.09  a closed book +0.02   led   1/216 h0.07 lvl+0.06   -
frame   451 :  an opened book -2.62  a closed book -2.63   led   0/255 h0.00 lvl-2.63   -
frame   452 :  a closed book -1.98  an opened book -2.54   led   0/255 h0.00 lvl-2.26   -
frame   453 :  an opened book -0.27  a closed book -0.64   led   0/255 h0.00 lvl-0.45   -
frame   454 :  a closed book -1.17  an opened book -1.85   led   0/255 h0.00 lvl-1.51   -
frame   455 :  an opened book -1.29  a closed book -1.36   led   0/255 h0.00 lvl-1.33   -
frame   456 :  an opened book +0.20  a closed book +0.04   led   5/171 h0.17 lvl+0.12   -
frame   457 :  a closed book -1.37  an opened book -2.50   led   0/255 h0.00 lvl-1.93   -
frame   458 :  a closed book -2.08  an opened book -3.45   led   0/255 h0.00 lvl-2.76   -
frame   459 :  a closed book -0.02  an opened book -0.20   led   0/255 h0.00 lvl-0.11   -
frame   460 :  an opened book -1.17  a closed book -1.22   led   0/255 h0.00 lvl-1.20   -
frame   461 :  an opened book -0.07  a closed book -0.25   led   0/255 h0.00 lvl-0.16   -
frame   462 :  an opened book -1.03  a closed book -1.19   led   0/255 h0.00 lvl-1.11   -
frame   463 :  a closed book +0.54  an opened book -0.56   led  42/ 72 h0.44 lvl-0.01   -
frame   464 :  a closed book -0.98  an opened book -1.01   led   0/255 h0.00 lvl-1.00   -
frame   465 :  a closed book -1.59  an opened book -2.06   led   0/255 h0.00 lvl-1.83   -
frame   466 :  an opened book -2.91  a closed book -3.27   led   0/255 h0.00 lvl-3.09   -
frame   467 :  a closed book -0.95  an opened book -0.97   led   0/255 h0.00 lvl-0.96   -
frame   468 :  a closed book +0.34  an opened book -0.08   led  15/125 h0.28 lvl+0.13   -
frame   469 :  an opened book -0.36  a closed book -0.48   led   0/255 h0.00 lvl-0.42   -
frame   470 :  a closed book -0.06  an opened book -0.45   led   0/255 h0.00 lvl-0.25   -
frame   471 :  a closed book -0.84  an opened book -1.08   led   0/255 h0.00 lvl-0.96   -
frame   472 :  a closed book -1.48  an opened book -2.19   led   0/255 h0.00 lvl-1.84   -
frame   473 :  a closed book -0.69  an opened book -0.74   led   0/255 h0.00 lvl-0.71   -
frame   474 :  a closed book -1.64  an opened book -2.03   led   0/255 h0.00 lvl-1.83   -
frame   475 :  a closed book -0.85  an opened book -1.74   led   0/255 h0.00 lvl-1.29   -
frame   476 :  a closed book -0.92  an opened book -1.52   led   0/255 h0.00 lvl-1.22   -
frame   477 :  an opened book -0.41  a closed book -0.77   led   0/255 h0.00 lvl-0.59   -
frame   478 :  a closed book -0.79  an opened book -1.48   led   0/255 h0.00 lvl-1.13   -
frame   479 :  an opened book -0.37  a closed book -0.73   led   0/255 h0.00 lvl-0.55   -
frame   480 :  an opened book -0.67  a closed book -0.87   led   0/255 h0.00 lvl-0.77   -
frame   481 :  a closed book -1.74  an opened book -2.25   led   0/255 h0.00 lvl-1.99   -
frame   482 :  a closed book +0.24  an opened book -0.02   led   7/157 h0.20 lvl+0.11   -
frame   483 :  a closed book -1.77  an opened book -1.93   led   0/255 h0.00 lvl-1.85   -
frame   484 :  a closed book +1.13  an opened book +0.04   led 213/  1 h0.92 lvl+0.59   -
frame   485 :  an opened book -0.39  a closed book -0.66   led   0/255 h0.00 lvl-0.53   -
frame   486 :  a closed book -0.25  an opened book -0.81   led   0/255 h0.00 lvl-0.53   -
frame   487 :  an opened book -0.72  a closed book -1.28   led   0/255 h0.00 lvl-1.00   -
frame   488 :  an opened book -1.86  a closed book -2.01   led   0/255 h0.00 lvl-1.94   -
frame   489 :  an opened book -0.49  a closed book -1.23   led   0/255 h0.00 lvl-0.86   -
frame   490 :  an opened book -0.82  a closed book -1.15   led   0/255 h0.00 lvl-0.98   -
frame   491 :  a closed book -2.67  an opened book -2.73   led   0/255 h0.00 lvl-2.70   -
frame   492 :  an opened book -0.67  a closed book -0.86   led   0/255 h0.00 lvl-0.77   -
frame   493 :  a closed book -2.24  an opened book -2.68   led   0/255 h0.00 lvl-2.46   -
frame   494 :  a closed book -1.07  an opened book -1.42   led   0/255 h0.00 lvl-1.24   -
frame   495 :  a closed book -0.92  an opened book -1.10   led   0/255 h0.00 lvl-1.01   -
frame   496 :  a closed book -2.06  an opened book -2.10   led   0/255 h0.00 lvl-2.08   -
frame   497 :  a closed book -0.86  an opened book -1.33   led   0/255 h0.00 lvl-1.10   -
frame   498 :  a closed book -1.48  an opened book -1.73   led   0/255 h0.00 lvl-1.61   -
frame   499 :  a closed book -0.87  an opened book -0.87   led   0/255 h0.00 lvl-0.87   -
background: after 30 frames (frozen, room spread), this room reads  a closed book -0.113 +-0.0046 (COCO -0.159 +-0.0351)  an opened book -0.122 +-0.0042 (COCO -0.151 +-0.0303)
frame   500 :  a closed book -0.73  an opened book -1.27   led   0/255 h0.00 lvl-1.00   -
frame   501 :  a closed book -0.03  an opened book -1.07   led   0/255 h0.00 lvl-0.55   -
frame   502 :  a closed book -1.42  an opened book -1.43   led   0/255 h0.00 lvl-1.43   -
frame   503 :  an opened book -1.33  a closed book -2.22   led   0/255 h0.00 lvl-1.77   -
frame   504 :  a closed book -0.81  an opened book -1.82   led   0/255 h0.00 lvl-1.32   -
frame   505 :  a closed book -2.11  an opened book -2.65   led   0/255 h0.00 lvl-2.38   -
frame   506 :  an opened book -1.30  a closed book -1.55   led   0/255 h0.00 lvl-1.42   -
frame   507 :  an opened book -0.28  a closed book -0.76   led   0/255 h0.00 lvl-0.52   -
frame   508 :  a closed book -0.80  an opened book -1.51   led   0/255 h0.00 lvl-1.15   -
frame   509 :  a closed book -1.43  an opened book -1.51   led   0/255 h0.00 lvl-1.47   -
frame   510 :  a closed book -0.54  an opened book -0.60   led   0/255 h0.00 lvl-0.57   -
frame   511 :  a closed book +0.27  an opened book -0.02   led   9/149 h0.22 lvl+0.12   -
frame   512 :  an opened book -1.06  a closed book -1.14   led   0/255 h0.00 lvl-1.10   -
frame   513 :  a closed book -1.70  an opened book -1.82   led   0/255 h0.00 lvl-1.76   -
frame   514 :  a closed book -1.64  an opened book -1.65   led   0/255 h0.00 lvl-1.65   -
frame   515 :  an opened book -0.62  a closed book -0.65   led   0/255 h0.00 lvl-0.64   -
frame   516 :  an opened book +0.10  a closed book -0.09   led   1/214 h0.08 lvl+0.00   -
frame   517 :  a closed book -1.42  an opened book -1.62   led   0/255 h0.00 lvl-1.52   -
frame   518 :  an opened book +0.51  a closed book +0.18   led  36/ 79 h0.41 lvl+0.34   -
frame   519 :  a closed book -2.16  an opened book -2.22   led   0/255 h0.00 lvl-2.19   -
frame   520 :  a closed book -2.61  an opened book -2.97   led   0/255 h0.00 lvl-2.79   -
frame   521 :  a closed book -0.36  an opened book -0.62   led   0/255 h0.00 lvl-0.49   -
frame   522 :  a closed book -1.05  an opened book -1.36   led   0/255 h0.00 lvl-1.21   -
frame   523 :  an opened book -1.74  a closed book -1.80   led   0/255 h0.00 lvl-1.77   -
frame   524 :  a closed book -1.39  an opened book -1.89   led   0/255 h0.00 lvl-1.64   -
frame   525 :  a closed book -0.94  an opened book -1.55   led   0/255 h0.00 lvl-1.25   -
frame   526 :  a closed book -0.93  an opened book -1.22   led   0/255 h0.00 lvl-1.08   -
frame   527 :  a closed book -1.58  an opened book -2.03   led   0/255 h0.00 lvl-1.81   -
frame   528 :  a closed book -1.25  an opened book -1.44   led   0/255 h0.00 lvl-1.35   -
frame   529 :  a closed book -1.28  an opened book -1.34   led   0/255 h0.00 lvl-1.31   -
frame   530 :  an opened book -1.21  a closed book -1.22   led   0/255 h0.00 lvl-1.22   -
frame   531 :  a closed book -0.62  an opened book -0.74   led   0/255 h0.00 lvl-0.68   -
frame   532 :  an opened book -0.69  a closed book -0.80   led   0/255 h0.00 lvl-0.75   -
frame   533 :  a closed book -1.86  an opened book -2.90   led   0/255 h0.00 lvl-2.38   -
frame   534 :  a closed book -1.97  an opened book -2.36   led   0/255 h0.00 lvl-2.16   -
frame   535 :  an opened book -0.89  a closed book -1.28   led   0/255 h0.00 lvl-1.08   -
frame   536 :  a closed book -1.32  an opened book -1.45   led   0/255 h0.00 lvl-1.39   -
frame   537 :  an opened book -1.03  a closed book -1.03   led   0/255 h0.00 lvl-1.03   -
frame   538 :  an opened book -1.24  a closed book -1.55   led   0/255 h0.00 lvl-1.39   -
frame   539 :  an opened book -0.84  a closed book -0.85   led   0/255 h0.00 lvl-0.84   -
frame   540 :  a closed book -1.29  an opened book -1.41   led   0/255 h0.00 lvl-1.35   -
frame   541 :  an opened book -1.25  a closed book -1.65   led   0/255 h0.00 lvl-1.45   -
frame   542 :  a closed book -2.11  an opened book -2.88   led   0/255 h0.00 lvl-2.49   -
frame   543 :  a closed book -0.94  an opened book -1.05   led   0/255 h0.00 lvl-0.99   -
frame   544 :  an opened book -1.67  a closed book -1.98   led   0/255 h0.00 lvl-1.82   -
frame   545 :  a closed book +0.31  an opened book +0.16   led  12/134 h0.25 lvl+0.24   -
frame   546 :  a closed book -0.96  an opened book -1.55   led   0/255 h0.00 lvl-1.25   -
frame   547 :  an opened book -1.46  a closed book -1.50   led   0/255 h0.00 lvl-1.48   -
frame   548 :  a closed book -0.23  an opened book -0.23   led   0/255 h0.00 lvl-0.23   -
frame   549 :  a closed book -0.91  an opened book -1.23   led   0/255 h0.00 lvl-1.07   -
frame   550 :  an opened book -0.63  a closed book -0.91   led   0/255 h0.00 lvl-0.77   -
frame   551 :  a closed book -1.81  an opened book -2.38   led   0/255 h0.00 lvl-2.10   -
frame   552 :  a closed book -0.20  an opened book -1.28   led   0/255 h0.00 lvl-0.74   -
frame   553 :  a closed book -1.37  an opened book -1.75   led   0/255 h0.00 lvl-1.56   -
frame   554 :  an opened book -0.79  a closed book -1.09   led   0/255 h0.00 lvl-0.94   -
frame   555 :  a closed book -1.89  an opened book -2.46   led   0/255 h0.00 lvl-2.17   -
frame   556 :  a closed book +0.07  an opened book -0.58   led   0/226 h0.05 lvl-0.26   -
frame   557 :  an opened book -1.83  a closed book -2.01   led   0/255 h0.00 lvl-1.92   -
frame   558 :  a closed book -1.58  an opened book -2.12   led   0/255 h0.00 lvl-1.85   -
frame   559 :  a closed book -0.15  an opened book -0.37   led   0/255 h0.00 lvl-0.26   -
frame   560 :  an opened book -0.49  a closed book -0.50   led   0/255 h0.00 lvl-0.50   -
frame   561 :  a closed book -2.66  an opened book -3.15   led   0/255 h0.00 lvl-2.91   -
frame   562 :  an opened book -2.25  a closed book -2.44   led   0/255 h0.00 lvl-2.35   -
frame   563 :  a closed book -1.49  an opened book -1.68   led   0/255 h0.00 lvl-1.59   -
frame   564 :  an opened book -1.06  a closed book -1.17   led   0/255 h0.00 lvl-1.12   -
frame   565 :  a closed book -1.85  an opened book -2.72   led   0/255 h0.00 lvl-2.29   -
frame   566 :  an opened book -1.18  a closed book -1.61   led   0/255 h0.00 lvl-1.39   -
frame   567 :  an opened book -1.44  a closed book -1.60   led   0/255 h0.00 lvl-1.52   -
frame   568 :  a closed book -1.74  an opened book -1.75   led   0/255 h0.00 lvl-1.75   -
frame   569 :  an opened book -2.57  a closed book -2.78   led   0/255 h0.00 lvl-2.68   -
frame   570 :  an opened book -1.30  a closed book -1.39   led   0/255 h0.00 lvl-1.35   -
frame   571 :  a closed book -1.23  an opened book -1.94   led   0/255 h0.00 lvl-1.59   -
frame   572 :  an opened book -1.65  a closed book -2.28   led   0/255 h0.00 lvl-1.96   -
frame   573 :  a closed book +0.31  an opened book -0.39   led  12/134 h0.25 lvl-0.04   -
frame   574 :  an opened book -3.84  a closed book -4.37   led   0/255 h0.00 lvl-4.11   -
frame   575 :  an opened book -0.05  a closed book -0.65   led   0/255 h0.00 lvl-0.35   -
frame   576 :  a closed book -1.30  an opened book -1.36   led   0/255 h0.00 lvl-1.33   -
frame   577 :  an opened book -1.17  a closed book -1.35   led   0/255 h0.00 lvl-1.26   -
frame   578 :  an opened book -0.02  a closed book -0.95   led   0/255 h0.00 lvl-0.48   -
frame   579 :  an opened book -2.31  a closed book -2.90   led   0/255 h0.00 lvl-2.61   -
frame   580 :  an opened book -1.00  a closed book -1.97   led   0/255 h0.00 lvl-1.49   -
frame   581 :  an opened book +0.30  a closed book -0.46   led  11/139 h0.24 lvl-0.08   -
frame   582 :  a closed book -1.19  an opened book -1.46   led   0/255 h0.00 lvl-1.32   -
frame   583 :  an opened book -1.63  a closed book -1.64   led   0/255 h0.00 lvl-1.63   -
frame   584 :  an opened book -0.61  a closed book -1.91   led   0/255 h0.00 lvl-1.26   -
frame   585 :  a closed book -1.18  an opened book -1.62   led   0/255 h0.00 lvl-1.40   -
frame   586 :  a closed book -2.03  an opened book -2.65   led   0/255 h0.00 lvl-2.34   -
frame   587 :  a closed book -0.95  an opened book -1.37   led   0/255 h0.00 lvl-1.16   -
frame   588 :  an opened book +0.42  a closed book -0.83   led  24/101 h0.34 lvl-0.21   -
frame   589 :  an opened book -0.52  a closed book -1.26   led   0/255 h0.00 lvl-0.89   -
frame   590 :  an opened book +0.06  a closed book -0.55   led   0/226 h0.05 lvl-0.24   -
frame   591 :  an opened book -0.77  a closed book -1.02   led   0/255 h0.00 lvl-0.90   -
frame   592 :  an opened book -0.39  a closed book -0.82   led   0/255 h0.00 lvl-0.60   -
frame   593 :  an opened book +0.25  a closed book -0.55   led   7/156 h0.20 lvl-0.15   -
frame   594 :  an opened book -1.52  a closed book -1.82   led   0/255 h0.00 lvl-1.67   -
frame   595 :  a closed book -1.53  an opened book -1.76   led   0/255 h0.00 lvl-1.65   -
frame   596 :  an opened book +0.02  a closed book -0.61   led   0/247 h0.01 lvl-0.30   -
frame   597 :  an opened book -0.86  a closed book -1.22   led   0/255 h0.00 lvl-1.04   -
frame   598 :  an opened book -1.12  a closed book -1.31   led   0/255 h0.00 lvl-1.21   -
frame   599 :  a closed book -1.69  an opened book -1.83   led   0/255 h0.00 lvl-1.76   -
background: after 30 frames (frozen, room spread), this room reads  a closed book -0.113 +-0.0046 (COCO -0.159 +-0.0351)  an opened book -0.122 +-0.0042 (COCO -0.151 +-0.0303)
frame   600 :  an opened book -1.39  a closed book -1.69   led   0/255 h0.00 lvl-1.54   -

stopped   : 601 frames, 601 good, capture overlapped with the compute, configuration C
            601 frames timed, 286 ms/frame mean (capture included)
            269 ms encode + 0 ms waiting for the sensor + 16 ms burst; 296 ms/frame by the clock
            379 ms shutter to LED, arming with 90 ms of compute left
            last frame mean RGB 135 131 135
            camera bus: worst gap 15 us against the 2000 us deadline (#12)
            usb: 0 outages, 0 ms off the bus, 0 re-attaches (#9)
