
=== M9: fpga-open-vocab - describe it, the board spots it ===

clock     : 320 MHz requested; BOOTSEL is reachable for 1.5 s
clock     : 320 MHz system, core 1.25 V
reset     : chip_reset 00010000
            nothing new since the last banner - whatever reset the core left powman alone.
waiting for a bitstream on USB CDC (host/demo.py)
bitstream : 173124 bytes announced, crc32 0a2e9953
bitstream : received intact
configure : configured, CDONE high   CDONE=1 nSTATUS=0
crc       : DMA sniffer, calc=1 out_rev=1 out_inv=1
model     : 9 layers, 512-d embedding, 131072 B/buffer
weights   : 780720 B, crc32=0xF368CC6E  (126 ms to hash)

reference : encoder_fast on the flash test vector  (1583 ms)

link      : probing the wire by running the whole test vector over it
probe     : 3 forward data lines -> 512/512 floats exact, 272 ms
link      : configuration C, 3 forward data lines, 160.0 MHz

camera    : exposure ramp 83 95 105 115 123 132 134 135 135 136 137 137
camera    : live 128x128 RGB565, id 0x82, 16.0 MHz, expose 37 ms, read 16 ms, exposure settled after 12 frames
            mean RGB 133 134 136  (tuned camera on a neutral scene: about 115 107 105)

queries   : waiting for a query set on USB CDC (host/demo.py)
queries   : 2 accepted, 512-d, crc ok
            level axis carries 0.95 of one query's swing; most opposed pair +0.810
            scored as z = (cos - background) / std, where the background is this room's
            own mean over its first 30 frames and is then FROZEN - so a thing left in
            shot keeps its score instead of decaying into the furniture. 'N' re-learns
            it, 'H' switches to tracking. The COCO figures below are only the seed for
            frame 0 and the fixed std.
            std is THIS ROOM's, measured over the same 30 frames ('S' switches to COCO's).
            The thresholds below still mean the 90th percentile of a background; the
            background they now mean it against is this room empty, not 5000 COCO photos.
            a closed book        match above z 1.23   (COCO background -0.159 +- 0.035, so cos -0.116)
            an opened book       match above z 1.23   (COCO background -0.151 +- 0.030, so cos -0.114)

loop      : capture, 8 convs on the T8, pool and head, then one cosine per query. 'B' for BOOTSEL, 'R' to restart,
            'P' to dump the next frame for host/cam.py, 'V' to dump its 512 floats for host/caption.py,
            'E' to provoke a fault so D1 shows its fault display, 'H' to freeze/unfreeze the background,
            'S' to switch the spread between this room's and COCO's, 'W' to hang on purpose and see
            the watchdog name the stage, 'C' to stall the camera bus on purpose and see it cost one frame,
            'U' to drop off USB on purpose and watch it come back, 'I' to drop off and refuse to,
            'N' to forget it and learn it again from now. 'P' and 'V' together describe the same frame.
            'O' closes the timing window, prints it and flips the capture between overlapped and serial;
            'D' does the same and flips the trigger between late and at-the-collect, which is #14's A/B.
            'L' freezes exposure and gain, then on a second press the white balance too - which goes green,
            and is the control. A third restores all three. Issue #30, and the one hotkey whose answer depends on when you press it.
            scores are z against this room's background, ranked; '*' means over its threshold.
            '1'..'6' enrol the next 20 frames as that class, and press again on a LATER visit
            to fold a second one in - 2 visits is what makes the enrolment guard mean
            something. Two classes in and the board decides by nearest reference instead of
            by threshold - see M21.
            '0' ENROLS THE EMPTY SCENE the same way, and it is worth a visit: with one, a frame
            is absent when the empty reference is the nearest of the three and no radius is
            involved. Without one the board falls back to the band - absent beyond 2.0 sep
            from every class - which scores 54.6% over 28 benches against the third reference's
            79.1%, because with two queries that band is an interval the empty scene can sit
            inside. #18.
            The first 30 frames set the baseline and it is then frozen, so anything left in
            shot KEEPS its score. Point the camera at the empty scene for those frames.
            Send a new set at any time to re-query - that resets the baseline too.

frame     0 :  a closed book +1.76*  an opened book +1.45*   led 255/  0 h1.00 lvl+1.61   MATCH a closed book (cos -0.098)
frame     1 :  an opened book +0.05  a closed book -0.13   led   0/231 h0.04 lvl-0.04   -
frame     2 :  an opened book +0.17  a closed book +0.16   led   3/185 h0.13 lvl+0.16   -
frame     3 :  an opened book -0.18  a closed book -0.28   led   0/255 h0.00 lvl-0.23   -
frame     4 :  an opened book -0.04  a closed book -0.09   led   0/255 h0.00 lvl-0.07   -
frame     5 :  a closed book -0.12  an opened book -0.20   led   0/255 h0.00 lvl-0.16   -
frame     6 :  a closed book +0.07  an opened book +0.02   led   1/223 h0.06 lvl+0.05   -
frame     7 :  an opened book +0.18  a closed book +0.14   led   4/181 h0.14 lvl+0.16   -
background: after 8 frames (warming up, room spread), this room reads  a closed book -0.101 +-0.0047 (COCO -0.159 +-0.0351)  an opened book -0.106 +-0.0037 (COCO -0.151 +-0.0303)
frame     8 :  an opened book -1.12  a closed book -1.48   led   0/255 h0.00 lvl-1.30   -
frame     9 :  a closed book +0.63  an opened book +0.40   led  58/ 53 h0.51 lvl+0.51   -
frame    10 :  an opened book -0.90  a closed book -1.27   led   0/255 h0.00 lvl-1.09   -
frame    11 :  an opened book +0.47  a closed book -0.10   led  30/ 89 h0.38 lvl+0.18   -
frame    12 :  a closed book -0.65  an opened book -1.08   led   0/255 h0.00 lvl-0.86   -
frame    13 :  a closed book -1.06  an opened book -1.45   led   0/255 h0.00 lvl-1.26   -
frame    14 :  an opened book -2.31  a closed book -2.66   led   0/255 h0.00 lvl-2.49   -
frame    15 :  an opened book +0.29  a closed book -0.46   led  11/142 h0.23 lvl-0.08   -
frame    16 :  an opened book +1.20  a closed book +1.14   led 243/  0 h0.98 lvl+1.17   -
frame    17 :  an opened book -0.18  a closed book -0.28   led   0/255 h0.00 lvl-0.23   -
frame    18 :  a closed book +0.07  an opened book -0.28   led   1/223 h0.06 lvl-0.10   -
frame    19 :  a closed book +0.34  an opened book +0.15   led  15/125 h0.28 lvl+0.25   -
frame    20 :  an opened book -0.50  a closed book -1.15   led   0/255 h0.00 lvl-0.83   -
frame    21 :  an opened book +0.73  a closed book +0.49   led  80/ 36 h0.59 lvl+0.61   -
frame    22 :  a closed book -0.12  an opened book -1.17   led   0/255 h0.00 lvl-0.64   -
frame    23 :  an opened book +0.87  a closed book +0.61   led 120/ 17 h0.71 lvl+0.74   -
frame    24 :  a closed book -0.32  an opened book -0.38   led   0/255 h0.00 lvl-0.35   -
frame    25 :  a closed book -1.31  an opened book -1.43   led   0/255 h0.00 lvl-1.37   -
frame    26 :  an opened book +0.48  a closed book -0.20   led  32/ 85 h0.39 lvl+0.14   -
frame    27 :  a closed book -0.08  an opened book -0.77   led   0/255 h0.00 lvl-0.43   -
frame    28 :  a closed book -1.63  an opened book -2.51   led   0/255 h0.00 lvl-2.07   -
frame    29 :  a closed book +0.29  an opened book -0.07   led  10/142 h0.23 lvl+0.11   -
frame    30 :  a closed book +0.02  an opened book -0.23   led   0/247 h0.01 lvl-0.11   -
frame    31 :  a closed book -1.63  an opened book -2.14   led   0/255 h0.00 lvl-1.89   -
frame    32 :  a closed book -1.46  an opened book -1.76   led   0/255 h0.00 lvl-1.61   -
frame    33 :  a closed book -1.35  an opened book -1.69   led   0/255 h0.00 lvl-1.52   -
frame    34 :  an opened book +0.78  a closed book +0.40   led  94/ 28 h0.63 lvl+0.59   -
frame    35 :  a closed book -1.63  an opened book -1.87   led   0/255 h0.00 lvl-1.75   -
frame    36 :  a closed book +1.40*  an opened book +1.01   led 255/  0 h1.00 lvl+1.21   MATCH a closed book (cos -0.097)
frame    37 :  a closed book -0.82  an opened book -1.38   led   0/255 h0.00 lvl-1.10   -
frame    38 :  a closed book -1.10  an opened book -1.84   led   0/255 h0.00 lvl-1.47   -
frame    39 :  an opened book -0.80  a closed book -1.11   led   0/255 h0.00 lvl-0.96   -
frame    40 :  an opened book -1.13  a closed book -1.70   led   0/255 h0.00 lvl-1.42   -
frame    41 :  a closed book -2.06  an opened book -2.71   led   0/255 h0.00 lvl-2.39   -
frame    42 :  an opened book -2.40  a closed book -3.47   led   0/255 h0.00 lvl-2.94   -
frame    43 :  an opened book -1.25  a closed book -1.48   led   0/255 h0.00 lvl-1.36   -
frame    44 :  a closed book -3.10  an opened book -3.25   led   0/255 h0.00 lvl-3.18   -
frame    45 :  a closed book -0.35  an opened book -0.58   led   0/255 h0.00 lvl-0.46   -
frame    46 :  a closed book -2.08  an opened book -2.81   led   0/255 h0.00 lvl-2.44   -
frame    47 :  a closed book -0.02  an opened book -0.26   led   0/255 h0.00 lvl-0.14   -
frame    48 :  a closed book -1.69  an opened book -1.97   led   0/255 h0.00 lvl-1.83   -
frame    49 :  a closed book -0.03  an opened book -0.19   led   0/255 h0.00 lvl-0.11   -
frame    50 :  a closed book -1.64  an opened book -1.93   led   0/255 h0.00 lvl-1.79   -
frame    51 :  an opened book -0.44  a closed book -0.78   led   0/255 h0.00 lvl-0.61   -
frame    52 :  a closed book -0.61  an opened book -0.70   led   0/255 h0.00 lvl-0.66   -
frame    53 :  an opened book -1.47  a closed book -2.41   led   0/255 h0.00 lvl-1.94   -
frame    54 :  an opened book +0.36  a closed book -0.07   led  17/119 h0.29 lvl+0.15   -
frame    55 :  a closed book -1.24  an opened book -1.63   led   0/255 h0.00 lvl-1.43   -
frame    56 :  an opened book -0.51  a closed book -0.92   led   0/255 h0.00 lvl-0.72   -
frame    57 :  an opened book -1.82  a closed book -2.23   led   0/255 h0.00 lvl-2.02   -
frame    58 :  an opened book -2.43  a closed book -2.51   led   0/255 h0.00 lvl-2.47   -
frame    59 :  an opened book -2.15  a closed book -2.59   led   0/255 h0.00 lvl-2.37   -
frame    60 :  an opened book -0.27  a closed book -1.08   led   0/255 h0.00 lvl-0.68   -
frame    61 :  a closed book -0.48  an opened book -0.49   led   0/255 h0.00 lvl-0.49   -
frame    62 :  an opened book -1.45  a closed book -1.76   led   0/255 h0.00 lvl-1.61   -
frame    63 :  a closed book +0.39  an opened book -0.68   led  21/109 h0.32 lvl-0.14   -
frame    64 :  an opened book -1.55  a closed book -1.70   led   0/255 h0.00 lvl-1.63   -
frame    65 :  a closed book -1.13  an opened book -1.95   led   0/255 h0.00 lvl-1.54   -
frame    66 :  an opened book -1.61  a closed book -1.75   led   0/255 h0.00 lvl-1.68   -
frame    67 :  an opened book +0.21  a closed book -0.19   led   5/169 h0.17 lvl+0.01   -
frame    68 :  an opened book -0.03  a closed book -0.29   led   0/255 h0.00 lvl-0.16   -
frame    69 :  an opened book +0.61  a closed book -0.07   led  54/ 57 h0.50 lvl+0.27   -
frame    70 :  an opened book +0.21  a closed book -0.56   led   5/168 h0.17 lvl-0.18   -
frame    71 :  an opened book -0.38  a closed book -0.42   led   0/255 h0.00 lvl-0.40   -
frame    72 :  a closed book -1.15  an opened book -1.64   led   0/255 h0.00 lvl-1.40   -
frame    73 :  a closed book -0.59  an opened book -1.11   led   0/255 h0.00 lvl-0.85   -
frame    74 :  an opened book -0.79  a closed book -1.83   led   0/255 h0.00 lvl-1.31   -
frame    75 :  an opened book +1.01  a closed book +0.28   led 164/  6 h0.82 lvl+0.64   -
frame    76 :  a closed book -1.40  an opened book -1.65   led   0/255 h0.00 lvl-1.52   -
frame    77 :  a closed book -0.62  an opened book -0.84   led   0/255 h0.00 lvl-0.73   -
frame    78 :  a closed book -0.86  an opened book -1.12   led   0/255 h0.00 lvl-0.99   -
frame    79 :  a closed book +0.47  an opened book -0.07   led  30/ 89 h0.38 lvl+0.20   -
frame    80 :  a closed book -0.37  an opened book -0.48   led   0/255 h0.00 lvl-0.42   -
frame    81 :  an opened book -0.49  a closed book -0.86   led   0/255 h0.00 lvl-0.67   -
frame    82 :  a closed book +1.35*  an opened book +0.94   led 255/  0 h1.00 lvl+1.15   MATCH a closed book (cos -0.098)
frame    83 :  a closed book +0.38  an opened book -0.18   led  19/114 h0.31 lvl+0.10   -
frame    84 :  an opened book -0.06  a closed book -0.21   led   0/255 h0.00 lvl-0.13   -
frame    85 :  a closed book -0.65  an opened book -1.07   led   0/255 h0.00 lvl-0.86   -
frame    86 :  an opened book +0.88  a closed book +0.55   led 122/ 16 h0.72 lvl+0.72   -
frame    87 :  a closed book -0.21  an opened book -0.72   led   0/255 h0.00 lvl-0.47   -
frame    88 :  a closed book -1.97  an opened book -2.38   led   0/255 h0.00 lvl-2.18   -
frame    89 :  an opened book -0.90  a closed book -1.12   led   0/255 h0.00 lvl-1.01   -
frame    90 :  a closed book +1.22  an opened book +1.10   led 249/  0 h0.99 lvl+1.16   -
frame    91 :  an opened book +1.50*  a closed book +0.88   led 255/  0 h1.00 lvl+1.19   MATCH an opened book (cos -0.103)
frame    92 :  an opened book +0.84  a closed book +0.67   led 111/ 20 h0.68 lvl+0.76   -
frame    93 :  an opened book +1.36*  a closed book +0.77   led 255/  0 h1.00 lvl+1.07   MATCH an opened book (cos -0.103)
frame    94 :  an opened book +0.95  a closed book +0.86   led 144/ 10 h0.77 lvl+0.91   -
frame    95 :  an opened book -0.01  a closed book -0.91   led   0/255 h0.00 lvl-0.46   -
frame    96 :  a closed book +0.07  an opened book -0.50   led   0/225 h0.06 lvl-0.21   -
frame    97 :  an opened book -0.13  a closed book -0.25   led   0/255 h0.00 lvl-0.19   -
frame    98 :  an opened book -1.25  a closed book -1.33   led   0/255 h0.00 lvl-1.29   -
frame    99 :  an opened book -1.00  a closed book -1.31   led   0/255 h0.00 lvl-1.16   -
background: after 30 frames (frozen, room spread), this room reads  a closed book -0.104 +-0.0044 (COCO -0.159 +-0.0351)  an opened book -0.108 +-0.0037 (COCO -0.151 +-0.0303)
frame   100 :  a closed book -1.87  an opened book -2.75   led   0/255 h0.00 lvl-2.31   -
frame   101 :  a closed book -0.06  an opened book -0.27   led   0/255 h0.00 lvl-0.16   -
frame   102 :  an opened book -0.12  a closed book -0.65   led   0/255 h0.00 lvl-0.39   -
frame   103 :  a closed book +0.82  an opened book +0.45   led 105/ 23 h0.67 lvl+0.64   -
frame   104 :  a closed book -0.10  an opened book -0.50   led   0/255 h0.00 lvl-0.30   -
frame   105 :  an opened book -0.31  a closed book -0.41   led   0/255 h0.00 lvl-0.36   -
frame   106 :  a closed book -0.26  an opened book -0.58   led   0/255 h0.00 lvl-0.42   -
frame   107 :  an opened book +0.97  a closed book +0.21   led 152/  8 h0.79 lvl+0.59   -
frame   108 :  a closed book +0.16  an opened book -0.30   led   3/189 h0.13 lvl-0.07   -
frame   109 :  a closed book +0.56  an opened book +0.54   led  45/ 67 h0.45 lvl+0.55   -
frame   110 :  a closed book -2.17  an opened book -2.95   led   0/255 h0.00 lvl-2.56   -
frame   111 :  an opened book -2.67  a closed book -2.71   led   0/255 h0.00 lvl-2.69   -
frame   112 :  a closed book -0.18  an opened book -1.44   led   0/255 h0.00 lvl-0.81   -
frame   113 :  an opened book -0.29  a closed book -0.42   led   0/255 h0.00 lvl-0.36   -
frame   114 :  an opened book +0.24  a closed book -0.06   led   7/158 h0.19 lvl+0.09   -
frame   115 :  an opened book +1.21  a closed book +0.75   led 247/  0 h0.99 lvl+0.98   -
frame   116 :  a closed book -1.27  an opened book -1.94   led   0/255 h0.00 lvl-1.60   -
frame   117 :  a closed book -2.46  an opened book -3.17   led   0/255 h0.00 lvl-2.81   -
frame   118 :  a closed book +0.19  an opened book -0.26   led   4/175 h0.16 lvl-0.04   -
frame   119 :  an opened book -0.27  a closed book -0.72   led   0/255 h0.00 lvl-0.49   -
frame   120 :  a closed book -0.93  an opened book -1.60   led   0/255 h0.00 lvl-1.27   -
frame   121 :  a closed book +0.21  an opened book +0.09   led   5/169 h0.17 lvl+0.15   -
frame   122 :  an opened book +0.31  a closed book +0.03   led  12/135 h0.25 lvl+0.17   -
frame   123 :  an opened book -1.09  a closed book -1.18   led   0/255 h0.00 lvl-1.13   -
frame   124 :  an opened book -0.79  a closed book -0.81   led   0/255 h0.00 lvl-0.80   -
frame   125 :  a closed book -0.79  an opened book -1.15   led   0/255 h0.00 lvl-0.97   -
frame   126 :  a closed book +0.60  an opened book -0.07   led  53/ 58 h0.49 lvl+0.27   -
frame   127 :  an opened book -0.42  a closed book -1.31   led   0/255 h0.00 lvl-0.87   -
frame   128 :  a closed book -1.37  an opened book -1.76   led   0/255 h0.00 lvl-1.57   -
frame   129 :  an opened book +1.11  a closed book +0.22   led 205/  1 h0.91 lvl+0.67   -
frame   130 :  a closed book -1.66  an opened book -1.87   led   0/255 h0.00 lvl-1.76   -
frame   131 :  an opened book +0.16  a closed book +0.12   led   3/189 h0.13 lvl+0.14   -
frame   132 :  a closed book -0.26  an opened book -1.05   led   0/255 h0.00 lvl-0.66   -
frame   133 :  a closed book +0.08  an opened book -0.77   led   1/220 h0.06 lvl-0.34   -
frame   134 :  a closed book +0.81  an opened book +0.35   led 103/ 24 h0.66 lvl+0.58   -
frame   135 :  an opened book -0.52  a closed book -0.94   led   0/255 h0.00 lvl-0.73   -
frame   136 :  a closed book -1.08  an opened book -1.45   led   0/255 h0.00 lvl-1.27   -
frame   137 :  an opened book -0.92  a closed book -1.21   led   0/255 h0.00 lvl-1.07   -
frame   138 :  a closed book -0.89  an opened book -1.56   led   0/255 h0.00 lvl-1.23   -
frame   139 :  a closed book -1.40  an opened book -2.25   led   0/255 h0.00 lvl-1.82   -
frame   140 :  a closed book -0.81  an opened book -1.25   led   0/255 h0.00 lvl-1.03   -
frame   141 :  an opened book -0.49  a closed book -0.74   led   0/255 h0.00 lvl-0.62   -
frame   142 :  a closed book -0.35  an opened book -0.77   led   0/255 h0.00 lvl-0.56   -
frame   143 :  a closed book -1.10  an opened book -1.96   led   0/255 h0.00 lvl-1.53   -
frame   144 :  a closed book -1.37  an opened book -2.01   led   0/255 h0.00 lvl-1.69   -
frame   145 :  a closed book +1.03  an opened book -0.35   led 173/  5 h0.84 lvl+0.34   -
frame   146 :  an opened book +0.03  a closed book -0.29   led   0/242 h0.02 lvl-0.13   -
frame   147 :  an opened book +1.33*  a closed book +0.58   led 255/  0 h1.00 lvl+0.95   MATCH an opened book (cos -0.103)
frame   148 :  an opened book +0.07  a closed book -0.02   led   1/222 h0.06 lvl+0.03   -
frame   149 :  an opened book +1.13  a closed book +0.81   led 210/  1 h0.92 lvl+0.97   -
frame   150 :  an opened book -1.33  a closed book -1.47   led   0/255 h0.00 lvl-1.40   -
frame   151 :  an opened book -0.87  a closed book -1.17   led   0/255 h0.00 lvl-1.02   -
frame   152 :  an opened book -0.51  a closed book -0.60   led   0/255 h0.00 lvl-0.55   -
frame   153 :  a closed book +0.17  an opened book +0.08   led   3/185 h0.14 lvl+0.12   -
frame   154 :  an opened book +0.15  a closed book -0.13   led   3/190 h0.12 lvl+0.01   -
frame   155 :  a closed book -0.49  an opened book -0.79   led   0/255 h0.00 lvl-0.64   -
frame   156 :  a closed book -0.34  an opened book -0.96   led   0/255 h0.00 lvl-0.65   -
frame   157 :  an opened book -0.48  a closed book -0.51   led   0/255 h0.00 lvl-0.50   -
frame   158 :  a closed book -0.95  an opened book -2.10   led   0/255 h0.00 lvl-1.52   -
frame   159 :  a closed book +0.30  an opened book -0.18   led  11/138 h0.24 lvl+0.06   -
frame   160 :  a closed book -0.88  an opened book -1.00   led   0/255 h0.00 lvl-0.94   -
frame   161 :  a closed book +0.46  an opened book +0.44   led  29/ 92 h0.37 lvl+0.45   -
frame   162 :  a closed book -0.13  an opened book -0.26   led   0/255 h0.00 lvl-0.20   -
frame   163 :  an opened book -1.01  a closed book -1.26   led   0/255 h0.00 lvl-1.13   -
frame   164 :  a closed book -0.13  an opened book -0.27   led   0/255 h0.00 lvl-0.20   -
frame   165 :  an opened book -0.06  a closed book -0.63   led   0/255 h0.00 lvl-0.35   -
frame   166 :  a closed book -0.03  an opened book -0.26   led   0/255 h0.00 lvl-0.14   -
frame   167 :  an opened book +0.85  a closed book +0.33   led 112/ 20 h0.69 lvl+0.59   -
frame   168 :  an opened book -0.62  a closed book -0.63   led   0/255 h0.00 lvl-0.62   -
frame   169 :  an opened book -0.78  a closed book -0.84   led   0/255 h0.00 lvl-0.81   -
frame   170 :  an opened book -0.78  a closed book -1.22   led   0/255 h0.00 lvl-1.00   -
frame   171 :  a closed book +0.44  an opened book +0.08   led  27/ 95 h0.36 lvl+0.26   -
frame   172 :  a closed book +0.13  an opened book +0.06   led   2/201 h0.10 lvl+0.10   -
frame   173 :  a closed book -0.97  an opened book -1.29   led   0/255 h0.00 lvl-1.13   -
frame   174 :  a closed book -0.59  an opened book -0.75   led   0/255 h0.00 lvl-0.67   -
frame   175 :  an opened book -0.55  a closed book -0.69   led   0/255 h0.00 lvl-0.62   -
frame   176 :  an opened book -0.36  a closed book -0.81   led   0/255 h0.00 lvl-0.59   -
frame   177 :  a closed book -1.15  an opened book -1.52   led   0/255 h0.00 lvl-1.33   -
frame   178 :  an opened book +0.01  a closed book -1.02   led   0/249 h0.01 lvl-0.51   -
frame   179 :  an opened book -0.89  a closed book -1.84   led   0/255 h0.00 lvl-1.36   -
frame   180 :  a closed book +0.10  an opened book -0.36   led   1/210 h0.08 lvl-0.13   -
frame   181 :  a closed book -1.07  an opened book -1.60   led   0/255 h0.00 lvl-1.34   -
frame   182 :  an opened book -0.23  a closed book -0.62   led   0/255 h0.00 lvl-0.42   -
frame   183 :  an opened book -2.18  a closed book -2.31   led   0/255 h0.00 lvl-2.25   -
frame   184 :  a closed book -0.05  an opened book -0.48   led   0/255 h0.00 lvl-0.26   -
frame   185 :  an opened book +0.11  a closed book -0.04   led   1/208 h0.09 lvl+0.04   -
frame   186 :  a closed book -1.14  an opened book -1.52   led   0/255 h0.00 lvl-1.33   -
frame   187 :  an opened book +2.70*  a closed book +1.94*   led 255/  0 h1.00 lvl+2.32   MATCH an opened book (cos -0.098)
frame   188 :  an opened book -0.56  a closed book -0.61   led   0/255 h0.00 lvl-0.58   -
frame   189 :  a closed book -1.06  an opened book -1.17   led   0/255 h0.00 lvl-1.11   -
frame   190 :  an opened book -0.71  a closed book -1.19   led   0/255 h0.00 lvl-0.95   -
frame   191 :  an opened book +0.30  a closed book -0.15   led  11/139 h0.24 lvl+0.08   -
frame   192 :  an opened book +0.50  a closed book +0.50   led  36/ 80 h0.41 lvl+0.50   -
frame   193 :  a closed book -0.43  an opened book -0.48   led   0/255 h0.00 lvl-0.46   -
frame   194 :  an opened book +0.70  a closed book +0.17   led  74/ 40 h0.57 lvl+0.43   -
frame   195 :  a closed book -1.52  an opened book -1.60   led   0/255 h0.00 lvl-1.56   -
frame   196 :  a closed book -0.76  an opened book -1.32   led   0/255 h0.00 lvl-1.04   -
frame   197 :  an opened book +0.39  a closed book +0.32   led  21/109 h0.32 lvl+0.35   -
frame   198 :  an opened book +0.70  a closed book +0.53   led  74/ 40 h0.57 lvl+0.62   -
frame   199 :  a closed book -0.32  an opened book -0.50   led   0/255 h0.00 lvl-0.41   -
background: after 30 frames (frozen, room spread), this room reads  a closed book -0.104 +-0.0044 (COCO -0.159 +-0.0351)  an opened book -0.108 +-0.0037 (COCO -0.151 +-0.0303)
frame   200 :  an opened book +0.62  a closed book -0.16   led  56/ 55 h0.50 lvl+0.23   -
frame   201 :  an opened book +1.33*  a closed book +0.89   led 255/  0 h1.00 lvl+1.11   MATCH an opened book (cos -0.103)
frame   202 :  an opened book -0.36  a closed book -0.65   led   0/255 h0.00 lvl-0.50   -
frame   203 :  an opened book +1.12  a closed book +0.81   led 206/  1 h0.91 lvl+0.96   -
frame   204 :  an opened book +0.58  a closed book +0.08   led  48/ 64 h0.47 lvl+0.33   -
frame   205 :  an opened book +0.12  a closed book -0.04   led   1/205 h0.09 lvl+0.04   -
frame   206 :  an opened book +1.51*  a closed book +0.34   led 255/  0 h1.00 lvl+0.92   MATCH an opened book (cos -0.103)
frame   207 :  an opened book -0.11  a closed book -0.22   led   0/255 h0.00 lvl-0.17   -
frame   208 :  a closed book +0.74  an opened book -0.12   led  84/ 33 h0.60 lvl+0.31   -
frame   209 :  a closed book +0.36  an opened book +0.34   led  18/118 h0.30 lvl+0.35   -
frame   210 :  a closed book +0.28  an opened book -0.91   led  10/144 h0.23 lvl-0.32   -
frame   211 :  a closed book -1.28  an opened book -1.60   led   0/255 h0.00 lvl-1.44   -
frame   212 :  an opened book -0.44  a closed book -0.89   led   0/255 h0.00 lvl-0.67   -
frame   213 :  a closed book +0.38  an opened book -0.10   led  19/114 h0.31 lvl+0.14   -
frame   214 :  an opened book +0.07  a closed book -0.23   led   0/225 h0.06 lvl-0.08   -
frame   215 :  an opened book +0.68  a closed book +0.50   led  69/ 44 h0.55 lvl+0.59   -
frame   216 :  an opened book +0.69  a closed book +0.30   led  72/ 41 h0.56 lvl+0.50   -
frame   217 :  an opened book -0.76  a closed book -1.15   led   0/255 h0.00 lvl-0.96   -
frame   218 :  a closed book -1.06  an opened book -1.10   led   0/255 h0.00 lvl-1.08   -
frame   219 :  an opened book +1.76*  a closed book +0.57   led 255/  0 h1.00 lvl+1.16   MATCH an opened book (cos -0.102)
frame   220 :  an opened book -1.13  a closed book -1.67   led   0/255 h0.00 lvl-1.40   -
frame   221 :  a closed book +0.27  an opened book +0.17   led   9/149 h0.22 lvl+0.22   -
frame   222 :  an opened book +0.34  a closed book +0.05   led  15/126 h0.27 lvl+0.19   -
frame   223 :  a closed book +0.22  an opened book -0.36   led   6/164 h0.18 lvl-0.07   -
frame   224 :  a closed book -1.46  an opened book -1.90   led   0/255 h0.00 lvl-1.68   -
frame   225 :  a closed book -0.64  an opened book -0.81   led   0/255 h0.00 lvl-0.72   -
frame   226 :  an opened book -0.47  a closed book -0.71   led   0/255 h0.00 lvl-0.59   -
frame   227 :  a closed book -0.75  an opened book -1.85   led   0/255 h0.00 lvl-1.30   -
frame   228 :  an opened book +0.58  a closed book +0.53   led  49/ 62 h0.47 lvl+0.55   -
frame   229 :  a closed book -0.91  an opened book -1.40   led   0/255 h0.00 lvl-1.16   -
frame   230 :  a closed book +0.42  an opened book +0.14   led  24/101 h0.34 lvl+0.28   -
frame   231 :  a closed book -0.76  an opened book -0.88   led   0/255 h0.00 lvl-0.82   -
frame   232 :  an opened book -0.47  a closed book -0.72   led   0/255 h0.00 lvl-0.59   -
frame   233 :  a closed book -1.25  an opened book -1.74   led   0/255 h0.00 lvl-1.50   -
frame   234 :  a closed book -0.90  an opened book -0.98   led   0/255 h0.00 lvl-0.94   -
frame   235 :  an opened book +0.71  a closed book -0.47   led  77/ 38 h0.58 lvl+0.12   -
frame   236 :  a closed book -0.86  an opened book -1.28   led   0/255 h0.00 lvl-1.07   -
frame   237 :  an opened book -0.13  a closed book -1.26   led   0/255 h0.00 lvl-0.70   -
frame   238 :  an opened book +0.43  a closed book -0.04   led  25/100 h0.35 lvl+0.19   -
frame   239 :  a closed book -0.61  an opened book -1.07   led   0/255 h0.00 lvl-0.84   -
frame   240 :  a closed book -0.12  an opened book -0.18   led   0/255 h0.00 lvl-0.15   -
frame   241 :  a closed book -1.25  an opened book -1.56   led   0/255 h0.00 lvl-1.40   -
frame   242 :  a closed book -1.80  an opened book -3.37   led   0/255 h0.00 lvl-2.58   -
frame   243 :  a closed book -1.12  an opened book -1.58   led   0/255 h0.00 lvl-1.35   -
frame   244 :  a closed book +0.50  an opened book -0.13   led  35/ 81 h0.41 lvl+0.18   -
frame   245 :  an opened book +0.97  a closed book +0.28   led 150/  9 h0.79 lvl+0.62   -
frame   246 :  a closed book -0.34  an opened book -1.08   led   0/255 h0.00 lvl-0.71   -
frame   247 :  an opened book +0.38  a closed book +0.30   led  19/113 h0.31 lvl+0.34   -
frame   248 :  an opened book -0.46  a closed book -0.53   led   0/255 h0.00 lvl-0.49   -
frame   249 :  an opened book +0.53  a closed book +0.30   led  41/ 73 h0.43 lvl+0.41   -
frame   250 :  a closed book -0.54  an opened book -0.94   led   0/255 h0.00 lvl-0.74   -
frame   251 :  a closed book +0.49  an opened book +0.15   led  34/ 82 h0.40 lvl+0.32   -
frame   252 :  an opened book +0.41  a closed book -0.03   led  23/103 h0.34 lvl+0.19   -
frame   253 :  a closed book -0.79  an opened book -1.34   led   0/255 h0.00 lvl-1.07   -
frame   254 :  an opened book +0.87  a closed book +0.51   led 118/ 17 h0.71 lvl+0.69   -
frame   255 :  an opened book -0.49  a closed book -0.80   led   0/255 h0.00 lvl-0.65   -
frame   256 :  an opened book -1.82  a closed book -1.84   led   0/255 h0.00 lvl-1.83   -
frame   257 :  a closed book +0.49  an opened book +0.47   led  34/ 82 h0.40 lvl+0.48   -
frame   258 :  a closed book -0.01  an opened book -0.04   led   0/255 h0.00 lvl-0.03   -
frame   259 :  a closed book -0.52  an opened book -1.24   led   0/255 h0.00 lvl-0.88   -
frame   260 :  a closed book -0.64  an opened book -1.07   led   0/255 h0.00 lvl-0.85   -
frame   261 :  a closed book +0.36  an opened book +0.17   led  17/119 h0.29 lvl+0.27   -
frame   262 :  a closed book +0.53  an opened book +0.32   led  41/ 73 h0.43 lvl+0.43   -
frame   263 :  a closed book -0.60  an opened book -1.16   led   0/255 h0.00 lvl-0.88   -
frame   264 :  a closed book -0.79  an opened book -1.48   led   0/255 h0.00 lvl-1.13   -
frame   265 :  a closed book +0.18  an opened book +0.09   led   4/180 h0.15 lvl+0.13   -
frame   266 :  a closed book -1.88  an opened book -1.98   led   0/255 h0.00 lvl-1.93   -
frame   267 :  an opened book -1.66  a closed book -1.98   led   0/255 h0.00 lvl-1.82   -
frame   268 :  a closed book +0.04  an opened book -0.11   led   0/237 h0.03 lvl-0.03   -
frame   269 :  an opened book +0.76  a closed book +0.37   led  88/ 31 h0.62 lvl+0.56   -
frame   270 :  a closed book -0.65  an opened book -0.71   led   0/255 h0.00 lvl-0.68   -
frame   271 :  an opened book -0.11  a closed book -0.47   led   0/255 h0.00 lvl-0.29   -
frame   272 :  an opened book -1.30  a closed book -1.63   led   0/255 h0.00 lvl-1.46   -
frame   273 :  an opened book +0.69  a closed book +0.20   led  71/ 42 h0.56 lvl+0.44   -
frame   274 :  an opened book -0.60  a closed book -0.70   led   0/255 h0.00 lvl-0.65   -
frame   275 :  an opened book -0.52  a closed book -0.60   led   0/255 h0.00 lvl-0.56   -
frame   276 :  an opened book +0.65  a closed book +0.54   led  63/ 48 h0.53 lvl+0.60   -
frame   277 :  a closed book -1.77  an opened book -2.70   led   0/255 h0.00 lvl-2.24   -
frame   278 :  an opened book -0.43  a closed book -1.18   led   0/255 h0.00 lvl-0.80   -
frame   279 :  an opened book -0.47  a closed book -0.56   led   0/255 h0.00 lvl-0.51   -
frame   280 :  a closed book -0.71  an opened book -0.97   led   0/255 h0.00 lvl-0.84   -
frame   281 :  a closed book -0.01  an opened book -0.22   led   0/255 h0.00 lvl-0.11   -
frame   282 :  a closed book -1.28  an opened book -1.48   led   0/255 h0.00 lvl-1.38   -
frame   283 :  a closed book +0.46  an opened book +0.15   led  30/ 91 h0.38 lvl+0.30   -
frame   284 :  an opened book +0.91  a closed book +0.82   led 130/ 13 h0.74 lvl+0.87   -
frame   285 :  an opened book +0.01  a closed book -0.28   led   0/250 h0.01 lvl-0.14   -
frame   286 :  a closed book -0.53  an opened book -0.60   led   0/255 h0.00 lvl-0.56   -
frame   287 :  an opened book +1.52*  a closed book +1.04   led 255/  0 h1.00 lvl+1.28   MATCH an opened book (cos -0.103)
frame   288 :  a closed book -0.50  an opened book -1.04   led   0/255 h0.00 lvl-0.77   -
frame   289 :  a closed book -0.18  an opened book -0.83   led   0/255 h0.00 lvl-0.51   -
frame   290 :  an opened book +0.30  a closed book -0.65   led  11/138 h0.24 lvl-0.18   -
frame   291 :  an opened book -0.22  a closed book -0.54   led   0/255 h0.00 lvl-0.38   -
frame   292 :  an opened book -1.11  a closed book -1.69   led   0/255 h0.00 lvl-1.40   -
frame   293 :  an opened book +1.04  a closed book +0.37   led 178/  4 h0.85 lvl+0.71   -
frame   294 :  a closed book -0.09  an opened book -0.14   led   0/255 h0.00 lvl-0.11   -
frame   295 :  a closed book -0.58  an opened book -1.19   led   0/255 h0.00 lvl-0.89   -
frame   296 :  an opened book -0.93  a closed book -1.49   led   0/255 h0.00 lvl-1.21   -
frame   297 :  an opened book -1.58  a closed book -2.04   led   0/255 h0.00 lvl-1.81   -
frame   298 :  an opened book -1.72  a closed book -1.91   led   0/255 h0.00 lvl-1.82   -
frame   299 :  an opened book -1.52  a closed book -2.34   led   0/255 h0.00 lvl-1.93   -
background: after 30 frames (frozen, room spread), this room reads  a closed book -0.104 +-0.0044 (COCO -0.159 +-0.0351)  an opened book -0.108 +-0.0037 (COCO -0.151 +-0.0303)
frame   300 :  a closed book -0.75  an opened book -1.05   led   0/255 h0.00 lvl-0.90   -
frame   301 :  an opened book -0.84  a closed book -0.91   led   0/255 h0.00 lvl-0.87   -
frame   302 :  a closed book -0.28  an opened book -0.42   led   0/255 h0.00 lvl-0.35   -
frame   303 :  a closed book -0.74  an opened book -0.79   led   0/255 h0.00 lvl-0.76   -
frame   304 :  an opened book -0.26  a closed book -0.44   led   0/255 h0.00 lvl-0.35   -
frame   305 :  a closed book -0.73  an opened book -0.89   led   0/255 h0.00 lvl-0.81   -
frame   306 :  an opened book -0.17  a closed book -0.50   led   0/255 h0.00 lvl-0.33   -
frame   307 :  an opened book -0.50  a closed book -0.51   led   0/255 h0.00 lvl-0.50   -
frame   308 :  an opened book -0.56  a closed book -0.59   led   0/255 h0.00 lvl-0.58   -
frame   309 :  a closed book -0.39  an opened book -0.87   led   0/255 h0.00 lvl-0.63   -
frame   310 :  an opened book +1.38*  a closed book +1.15   led 255/  0 h1.00 lvl+1.26   MATCH an opened book (cos -0.103)
frame   311 :  an opened book -0.44  a closed book -0.62   led   0/255 h0.00 lvl-0.53   -
frame   312 :  a closed book +0.40  an opened book +0.11   led  22/106 h0.33 lvl+0.26   -
frame   313 :  an opened book -0.89  a closed book -0.91   led   0/255 h0.00 lvl-0.90   -
frame   314 :  a closed book -0.37  an opened book -0.58   led   0/255 h0.00 lvl-0.48   -
frame   315 :  a closed book -0.10  an opened book -0.63   led   0/255 h0.00 lvl-0.36   -
frame   316 :  a closed book -0.23  an opened book -1.42   led   0/255 h0.00 lvl-0.82   -
frame   317 :  a closed book +0.32  an opened book +0.31   led  13/131 h0.26 lvl+0.31   -
frame   318 :  an opened book -0.53  a closed book -1.00   led   0/255 h0.00 lvl-0.77   -
frame   319 :  a closed book +0.80  an opened book +0.60   led 100/ 25 h0.65 lvl+0.70   -
frame   320 :  an opened book +1.25*  a closed book +1.03   led 255/  0 h1.00 lvl+1.14   MATCH an opened book (cos -0.104)
frame   321 :  an opened book -0.16  a closed book -0.82   led   0/255 h0.00 lvl-0.49   -
frame   322 :  a closed book -0.57  an opened book -0.84   led   0/255 h0.00 lvl-0.70   -
frame   323 :  a closed book +0.72  an opened book +0.71   led  78/ 37 h0.58 lvl+0.71   -
frame   324 :  a closed book -0.66  an opened book -0.78   led   0/255 h0.00 lvl-0.72   -
frame   325 :  a closed book -0.77  an opened book -1.17   led   0/255 h0.00 lvl-0.97   -
frame   326 :  an opened book +0.45  a closed book -0.23   led  28/ 94 h0.36 lvl+0.11   -
frame   327 :  a closed book +0.06  an opened book +0.01   led   0/227 h0.05 lvl+0.04   -
frame   328 :  an opened book -0.10  a closed book -0.15   led   0/255 h0.00 lvl-0.12   -
frame   329 :  a closed book +0.15  an opened book -0.37   led   2/192 h0.12 lvl-0.11   -
frame   330 :  a closed book -0.24  an opened book -0.45   led   0/255 h0.00 lvl-0.35   -
frame   331 :  an opened book +0.83  a closed book +0.69   led 107/ 22 h0.67 lvl+0.76   -
frame   332 :  a closed book +0.97  an opened book +0.49   led 152/  8 h0.79 lvl+0.73   -
frame   333 :  an opened book -0.42  a closed book -0.54   led   0/255 h0.00 lvl-0.48   -
frame   334 :  a closed book -0.25  an opened book -0.51   led   0/255 h0.00 lvl-0.38   -
frame   335 :  a closed book -0.35  an opened book -0.79   led   0/255 h0.00 lvl-0.57   -
frame   336 :  a closed book -0.50  an opened book -1.74   led   0/255 h0.00 lvl-1.12   -
frame   337 :  a closed book -0.81  an opened book -1.33   led   0/255 h0.00 lvl-1.07   -
frame   338 :  a closed book +0.11  an opened book +0.08   led   1/209 h0.09 lvl+0.10   -
frame   339 :  an opened book +1.06  a closed book +1.01   led 182/  3 h0.86 lvl+1.03   -
frame   340 :  a closed book -1.63  an opened book -1.99   led   0/255 h0.00 lvl-1.81   -
frame   341 :  an opened book +0.36  a closed book +0.22   led  17/118 h0.30 lvl+0.29   -
frame   342 :  a closed book +0.48  an opened book +0.32   led  32/ 85 h0.39 lvl+0.40   -
frame   343 :  an opened book +1.39*  a closed book +1.23*   led 255/  0 h1.00 lvl+1.31   MATCH an opened book (cos -0.103)
frame   344 :  an opened book +1.44*  a closed book +1.24*   led 255/  0 h1.00 lvl+1.34   MATCH an opened book (cos -0.103)
frame   345 :  a closed book +0.49  an opened book +0.32   led  34/ 83 h0.40 lvl+0.41   -
frame   346 :  an opened book +0.48  a closed book +0.21   led  32/ 85 h0.39 lvl+0.35   -
frame   347 :  an opened book -0.59  a closed book -0.84   led   0/255 h0.00 lvl-0.72   -
frame   348 :  a closed book -1.87  an opened book -2.01   led   0/255 h0.00 lvl-1.94   -
frame   349 :  a closed book +0.83  an opened book +0.45   led 107/ 22 h0.67 lvl+0.64   -
frame   350 :  a closed book -0.25  an opened book -0.40   led   0/255 h0.00 lvl-0.33   -
frame   351 :  a closed book +0.24  an opened book -0.38   led   7/157 h0.20 lvl-0.07   -
frame   352 :  a closed book +0.41  an opened book +0.26   led  23/105 h0.33 lvl+0.33   -
frame   353 :  an opened book -0.22  a closed book -0.45   led   0/255 h0.00 lvl-0.34   -
frame   354 :  a closed book -0.02  an opened book -0.67   led   0/255 h0.00 lvl-0.34   -
frame   355 :  a closed book -0.26  an opened book -0.74   led   0/255 h0.00 lvl-0.50   -
frame   356 :  an opened book +0.19  a closed book -0.61   led   4/178 h0.15 lvl-0.21   -
frame   357 :  an opened book -1.73  a closed book -2.05   led   0/255 h0.00 lvl-1.89   -
frame   358 :  a closed book -0.33  an opened book -0.85   led   0/255 h0.00 lvl-0.59   -
frame   359 :  an opened book +0.62  a closed book -0.33   led  57/ 54 h0.51 lvl+0.15   -
frame   360 :  a closed book +0.85  an opened book +0.38   led 113/ 19 h0.69 lvl+0.62   -
frame   361 :  a closed book -0.62  an opened book -1.73   led   0/255 h0.00 lvl-1.17   -
frame   362 :  a closed book +0.97  an opened book +0.69   led 150/  9 h0.79 lvl+0.83   -
frame   363 :  an opened book -0.34  a closed book -0.42   led   0/255 h0.00 lvl-0.38   -
frame   364 :  an opened book +0.50  a closed book +0.21   led  36/ 80 h0.41 lvl+0.36   -
frame   365 :  a closed book +0.64  an opened book +0.29   led  61/ 51 h0.52 lvl+0.47   -
frame   366 :  a closed book -0.29  an opened book -0.34   led   0/255 h0.00 lvl-0.32   -
frame   367 :  a closed book -0.42  an opened book -0.59   led   0/255 h0.00 lvl-0.51   -
frame   368 :  a closed book -1.63  an opened book -2.42   led   0/255 h0.00 lvl-2.03   -
frame   369 :  a closed book -1.23  an opened book -2.41   led   0/255 h0.00 lvl-1.82   -
frame   370 :  a closed book +0.21  an opened book -0.13   led   5/167 h0.17 lvl+0.04   -
frame   371 :  a closed book +0.08  an opened book -0.23   led   1/221 h0.06 lvl-0.07   -
frame   372 :  a closed book -0.54  an opened book -0.65   led   0/255 h0.00 lvl-0.60   -
frame   373 :  an opened book +0.01  a closed book -0.58   led   0/251 h0.01 lvl-0.29   -
frame   374 :  a closed book -0.41  an opened book -1.10   led   0/255 h0.00 lvl-0.76   -
frame   375 :  a closed book +1.43*  an opened book +0.58   led 255/  0 h1.00 lvl+1.01   MATCH a closed book (cos -0.097)
frame   376 :  a closed book +0.33  an opened book -0.39   led  14/128 h0.27 lvl-0.03   -
frame   377 :  a closed book +0.27  an opened book +0.13   led   9/147 h0.22 lvl+0.20   -
frame   378 :  an opened book +0.84  a closed book +0.27   led 111/ 20 h0.69 lvl+0.55   -
frame   379 :  an opened book -1.26  a closed book -1.32   led   0/255 h0.00 lvl-1.29   -
frame   380 :  a closed book -0.50  an opened book -1.14   led   0/255 h0.00 lvl-0.82   -
frame   381 :  an opened book +1.17  a closed book +0.85   led 231/  0 h0.96 lvl+1.01   -
frame   382 :  a closed book -0.43  an opened book -1.05   led   0/255 h0.00 lvl-0.74   -
frame   383 :  a closed book -1.86  an opened book -2.91   led   0/255 h0.00 lvl-2.39   -
frame   384 :  a closed book -1.29  an opened book -1.32   led   0/255 h0.00 lvl-1.30   -
frame   385 :  a closed book -0.33  an opened book -1.02   led   0/255 h0.00 lvl-0.67   -
frame   386 :  a closed book -0.23  an opened book -0.28   led   0/255 h0.00 lvl-0.26   -
frame   387 :  a closed book -0.07  an opened book -1.07   led   0/255 h0.00 lvl-0.57   -
frame   388 :  a closed book +1.72*  an opened book +1.33*   led 255/  0 h1.00 lvl+1.52   MATCH a closed book (cos -0.096)
frame   389 :  a closed book -0.71  an opened book -0.87   led   0/255 h0.00 lvl-0.79   -
frame   390 :  a closed book +0.26  an opened book -0.96   led   8/151 h0.21 lvl-0.35   -
frame   391 :  a closed book -0.66  an opened book -0.94   led   0/255 h0.00 lvl-0.80   -
frame   392 :  a closed book -0.08  an opened book -0.89   led   0/255 h0.00 lvl-0.48   -
frame   393 :  a closed book -1.14  an opened book -1.30   led   0/255 h0.00 lvl-1.22   -
frame   394 :  an opened book +0.04  a closed book -0.38   led   0/236 h0.03 lvl-0.17   -
frame   395 :  a closed book -1.34  an opened book -1.44   led   0/255 h0.00 lvl-1.39   -
frame   396 :  an opened book -0.91  a closed book -1.86   led   0/255 h0.00 lvl-1.38   -
frame   397 :  a closed book +0.77  an opened book +0.50   led  91/ 29 h0.63 lvl+0.64   -
frame   398 :  a closed book -0.80  an opened book -0.80   led   0/255 h0.00 lvl-0.80   -
frame   399 :  a closed book -0.26  an opened book -1.09   led   0/255 h0.00 lvl-0.68   -
background: after 30 frames (frozen, room spread), this room reads  a closed book -0.104 +-0.0044 (COCO -0.159 +-0.0351)  an opened book -0.108 +-0.0037 (COCO -0.151 +-0.0303)
frame   400 :  an opened book +0.53  a closed book -0.40   led  39/ 75 h0.43 lvl+0.06   -
frame   401 :  a closed book -0.17  an opened book -0.85   led   0/255 h0.00 lvl-0.51   -
frame   402 :  an opened book -1.10  a closed book -1.25   led   0/255 h0.00 lvl-1.17   -
frame   403 :  an opened book +0.90  a closed book +0.73   led 129/ 14 h0.73 lvl+0.82   -
frame   404 :  a closed book -0.66  an opened book -1.57   led   0/255 h0.00 lvl-1.12   -
frame   405 :  a closed book +0.76  an opened book +0.25   led  88/ 31 h0.62 lvl+0.50   -
frame   406 :  an opened book -0.40  a closed book -0.40   led   0/255 h0.00 lvl-0.40   -
frame   407 :  an opened book -0.48  a closed book -0.86   led   0/255 h0.00 lvl-0.67   -
frame   408 :  an opened book +0.95  a closed book +0.39   led 143/ 10 h0.77 lvl+0.67   -
frame   409 :  a closed book +0.18  an opened book -0.13   led   4/180 h0.15 lvl+0.02   -
frame   410 :  an opened book +1.24*  a closed book +0.71   led 255/  0 h1.00 lvl+0.98   MATCH an opened book (cos -0.104)
frame   411 :  a closed book -1.39  an opened book -2.95   led   0/255 h0.00 lvl-2.17   -
frame   412 :  an opened book +0.24  a closed book +0.09   led   7/159 h0.19 lvl+0.16   -
frame   413 :  an opened book -1.61  a closed book -1.65   led   0/255 h0.00 lvl-1.63   -
frame   414 :  a closed book +0.52  an opened book +0.22   led  38/ 77 h0.42 lvl+0.37   -
frame   415 :  an opened book -0.40  a closed book -0.98   led   0/255 h0.00 lvl-0.69   -
frame   416 :  a closed book -2.04  an opened book -2.63   led   0/255 h0.00 lvl-2.33   -
frame   417 :  an opened book -1.00  a closed book -1.12   led   0/255 h0.00 lvl-1.06   -
frame   418 :  a closed book -0.28  an opened book -0.52   led   0/255 h0.00 lvl-0.40   -
frame   419 :  a closed book +0.60  an opened book +0.58   led  53/ 58 h0.49 lvl+0.59   -
frame   420 :  a closed book -1.20  an opened book -1.33   led   0/255 h0.00 lvl-1.26   -
frame   421 :  a closed book +0.07  an opened book -0.06   led   0/224 h0.06 lvl+0.01   -
frame   422 :  a closed book -0.50  an opened book -0.53   led   0/255 h0.00 lvl-0.52   -
frame   423 :  an opened book -1.27  a closed book -1.34   led   0/255 h0.00 lvl-1.30   -
frame   424 :  an opened book -2.54  a closed book -2.60   led   0/255 h0.00 lvl-2.57   -
frame   425 :  a closed book -0.28  an opened book -0.28   led   0/255 h0.00 lvl-0.28   -
frame   426 :  a closed book -0.83  an opened book -1.11   led   0/255 h0.00 lvl-0.97   -
frame   427 :  a closed book +0.82  an opened book +0.42   led 105/ 23 h0.67 lvl+0.62   -
frame   428 :  an opened book -1.09  a closed book -1.19   led   0/255 h0.00 lvl-1.14   -
frame   429 :  a closed book +0.62  an opened book +0.59   led  57/ 54 h0.51 lvl+0.60   -
frame   430 :  an opened book +1.53*  a closed book +1.09   led 255/  0 h1.00 lvl+1.31   MATCH an opened book (cos -0.103)
frame   431 :  a closed book -0.29  an opened book -1.16   led   0/255 h0.00 lvl-0.73   -
frame   432 :  an opened book +0.29  a closed book +0.06   led  10/142 h0.23 lvl+0.17   -
frame   433 :  a closed book +0.40  an opened book -0.74   led  21/108 h0.32 lvl-0.17   -
frame   434 :  a closed book -0.40  an opened book -1.23   led   0/255 h0.00 lvl-0.81   -
frame   435 :  an opened book -1.11  a closed book -1.51   led   0/255 h0.00 lvl-1.31   -
frame   436 :  a closed book -1.60  an opened book -2.09   led   0/255 h0.00 lvl-1.85   -
frame   437 :  a closed book +0.30  an opened book +0.13   led  12/137 h0.25 lvl+0.21   -
frame   438 :  an opened book -0.72  a closed book -1.07   led   0/255 h0.00 lvl-0.89   -
frame   439 :  an opened book +0.29  a closed book -0.50   led  11/141 h0.24 lvl-0.11   -
frame   440 :  an opened book +1.01  a closed book -0.19   led 165/  6 h0.82 lvl+0.41   -
frame   441 :  an opened book -1.19  a closed book -1.41   led   0/255 h0.00 lvl-1.30   -
frame   442 :  an opened book +0.25  a closed book -0.66   led   8/155 h0.20 lvl-0.20   -
frame   443 :  an opened book -0.90  a closed book -1.41   led   0/255 h0.00 lvl-1.15   -
frame   444 :  an opened book +1.43*  a closed book +0.68   led 255/  0 h1.00 lvl+1.05   MATCH an opened book (cos -0.103)
frame   445 :  an opened book -0.17  a closed book -1.11   led   0/255 h0.00 lvl-0.64   -
frame   446 :  an opened book +0.28  a closed book -0.44   led  10/144 h0.23 lvl-0.08   -
frame   447 :  an opened book -0.64  a closed book -1.34   led   0/255 h0.00 lvl-0.99   -
frame   448 :  an opened book +0.24  a closed book -0.33   led   7/157 h0.20 lvl-0.04   -
frame   449 :  an opened book -1.74  a closed book -2.34   led   0/255 h0.00 lvl-2.04   -
frame   450 :  a closed book -2.02  an opened book -2.15   led   0/255 h0.00 lvl-2.08   -
frame   451 :  an opened book -0.46  a closed book -1.59   led   0/255 h0.00 lvl-1.02   -
frame   452 :  an opened book -2.02  a closed book -2.51   led   0/255 h0.00 lvl-2.27   -
frame   453 :  an opened book -2.07  a closed book -2.95   led   0/255 h0.00 lvl-2.51   -
frame   454 :  an opened book -0.64  a closed book -1.46   led   0/255 h0.00 lvl-1.05   -
frame   455 :  an opened book -1.64  a closed book -2.28   led   0/255 h0.00 lvl-1.96   -
frame   456 :  an opened book -0.37  a closed book -1.55   led   0/255 h0.00 lvl-0.96   -
frame   457 :  an opened book +0.46  a closed book -0.15   led  29/ 91 h0.37 lvl+0.16   -
frame   458 :  an opened book -0.69  a closed book -1.65   led   0/255 h0.00 lvl-1.17   -
frame   459 :  an opened book -0.51  a closed book -1.66   led   0/255 h0.00 lvl-1.08   -
frame   460 :  an opened book +0.36  a closed book -0.59   led  17/120 h0.29 lvl-0.11   -
frame   461 :  an opened book +0.06  a closed book -0.84   led   0/230 h0.05 lvl-0.39   -
frame   462 :  an opened book -0.59  a closed book -0.97   led   0/255 h0.00 lvl-0.78   -
frame   463 :  an opened book -1.38  a closed book -2.16   led   0/255 h0.00 lvl-1.77   -
frame   464 :  an opened book -1.62  a closed book -2.08   led   0/255 h0.00 lvl-1.85   -
frame   465 :  an opened book -0.09  a closed book -1.24   led   0/255 h0.00 lvl-0.67   -
frame   466 :  an opened book -0.35  a closed book -1.64   led   0/255 h0.00 lvl-1.00   -
frame   467 :  an opened book +0.62  a closed book -0.18   led  57/ 54 h0.51 lvl+0.22   -
frame   468 :  an opened book +0.13  a closed book -0.86   led   2/200 h0.10 lvl-0.36   -
frame   469 :  an opened book -0.27  a closed book -1.64   led   0/255 h0.00 lvl-0.96   -
frame   470 :  an opened book -2.30  a closed book -2.98   led   0/255 h0.00 lvl-2.64   -
frame   471 :  an opened book -0.67  a closed book -1.19   led   0/255 h0.00 lvl-0.93   -
frame   472 :  an opened book +0.22  a closed book +0.04   led   6/164 h0.18 lvl+0.13   -
frame   473 :  an opened book -1.23  a closed book -2.04   led   0/255 h0.00 lvl-1.63   -
frame   474 :  an opened book -0.02  a closed book -1.56   led   0/255 h0.00 lvl-0.79   -
frame   475 :  an opened book +0.48  a closed book -0.28   led  32/ 87 h0.39 lvl+0.10   -
frame   476 :  an opened book -0.73  a closed book -2.12   led   0/255 h0.00 lvl-1.42   -
frame   477 :  an opened book -2.56  a closed book -2.91   led   0/255 h0.00 lvl-2.74   -
frame   478 :  an opened book +0.04  a closed book -0.57   led   0/236 h0.03 lvl-0.27   -
frame   479 :  an opened book +0.08  a closed book -1.22   led   1/220 h0.06 lvl-0.57   -
frame   480 :  an opened book -1.12  a closed book -2.10   led   0/255 h0.00 lvl-1.61   -
frame   481 :  an opened book -0.22  a closed book -1.27   led   0/255 h0.00 lvl-0.74   -
frame   482 :  an opened book -0.96  a closed book -1.76   led   0/255 h0.00 lvl-1.36   -
frame   483 :  an opened book -0.51  a closed book -1.09   led   0/255 h0.00 lvl-0.80   -
frame   484 :  an opened book -0.40  a closed book -1.05   led   0/255 h0.00 lvl-0.73   -
frame   485 :  an opened book -0.05  a closed book -1.14   led   0/255 h0.00 lvl-0.59   -
frame   486 :  an opened book +0.67  a closed book -0.65   led  67/ 46 h0.54 lvl+0.01   -
frame   487 :  an opened book -0.61  a closed book -1.05   led   0/255 h0.00 lvl-0.83   -
frame   488 :  an opened book -0.23  a closed book -1.60   led   0/255 h0.00 lvl-0.91   -
frame   489 :  an opened book -1.66  a closed book -2.64   led   0/255 h0.00 lvl-2.15   -
frame   490 :  an opened book -1.53  a closed book -1.98   led   0/255 h0.00 lvl-1.75   -
frame   491 :  an opened book -0.56  a closed book -1.59   led   0/255 h0.00 lvl-1.07   -
frame   492 :  an opened book +0.07  a closed book -1.17   led   0/226 h0.05 lvl-0.55   -
frame   493 :  an opened book -1.26  a closed book -1.71   led   0/255 h0.00 lvl-1.48   -
frame   494 :  an opened book +0.49  a closed book -0.80   led  33/ 85 h0.39 lvl-0.16   -
frame   495 :  an opened book -0.26  a closed book -1.43   led   0/255 h0.00 lvl-0.84   -
frame   496 :  an opened book -0.66  a closed book -0.97   led   0/255 h0.00 lvl-0.81   -
frame   497 :  an opened book -1.28  a closed book -2.02   led   0/255 h0.00 lvl-1.65   -
frame   498 :  an opened book +0.01  a closed book -0.66   led   0/248 h0.01 lvl-0.32   -
frame   499 :  an opened book -1.04  a closed book -1.78   led   0/255 h0.00 lvl-1.41   -
background: after 30 frames (frozen, room spread), this room reads  a closed book -0.104 +-0.0044 (COCO -0.159 +-0.0351)  an opened book -0.108 +-0.0037 (COCO -0.151 +-0.0303)
frame   500 :  an opened book +1.14  a closed book -0.19   led 218/  1 h0.93 lvl+0.48   -
frame   501 :  an opened book +1.86*  a closed book -0.01   led 255/  0 h1.00 lvl+0.92   MATCH an opened book (cos -0.101)
frame   502 :  an opened book +0.24  a closed book -1.08   led   7/160 h0.19 lvl-0.42   -
frame   503 :  an opened book -0.00  a closed book -0.91   led   0/255 h0.00 lvl-0.46   -
frame   504 :  an opened book -0.35  a closed book -0.67   led   0/255 h0.00 lvl-0.51   -
frame   505 :  an opened book -0.47  a closed book -0.98   led   0/255 h0.00 lvl-0.72   -
frame   506 :  an opened book +0.54  a closed book -0.86   led  41/ 72 h0.44 lvl-0.16   -
frame   507 :  an opened book -0.62  a closed book -1.42   led   0/255 h0.00 lvl-1.02   -
frame   508 :  an opened book -0.34  a closed book -0.86   led   0/255 h0.00 lvl-0.60   -
frame   509 :  an opened book -1.42  a closed book -1.90   led   0/255 h0.00 lvl-1.66   -
frame   510 :  an opened book +0.53  a closed book -1.03   led  39/ 75 h0.43 lvl-0.25   -
frame   511 :  an opened book +2.23*  a closed book +0.77   led 255/  0 h1.00 lvl+1.50   MATCH an opened book (cos -0.100)
frame   512 :  an opened book +0.43  a closed book -1.75   led  26/ 98 h0.35 lvl-0.66   -
frame   513 :  an opened book -0.27  a closed book -1.34   led   0/255 h0.00 lvl-0.80   -
frame   514 :  an opened book -0.17  a closed book -1.25   led   0/255 h0.00 lvl-0.71   -
frame   515 :  an opened book -0.11  a closed book -1.13   led   0/255 h0.00 lvl-0.62   -
frame   516 :  an opened book -2.17  a closed book -2.58   led   0/255 h0.00 lvl-2.37   -
frame   517 :  an opened book -1.25  a closed book -1.72   led   0/255 h0.00 lvl-1.49   -
frame   518 :  an opened book -0.03  a closed book -0.98   led   0/255 h0.00 lvl-0.50   -
frame   519 :  an opened book +0.29  a closed book +0.12   led  11/141 h0.24 lvl+0.21   -
frame   520 :  a closed book -0.67  an opened book -1.01   led   0/255 h0.00 lvl-0.84   -
frame   521 :  an opened book +0.35  a closed book +0.08   led  16/122 h0.29 lvl+0.22   -
frame   522 :  an opened book +0.33  a closed book -0.46   led  14/130 h0.27 lvl-0.07   -
frame   523 :  a closed book -0.26  an opened book -0.27   led   0/255 h0.00 lvl-0.26   -
frame   524 :  an opened book -0.70  a closed book -1.69   led   0/255 h0.00 lvl-1.20   -
frame   525 :  an opened book -0.59  a closed book -1.25   led   0/255 h0.00 lvl-0.92   -
frame   526 :  an opened book -0.95  a closed book -1.98   led   0/255 h0.00 lvl-1.46   -
frame   527 :  an opened book +0.66  a closed book -0.59   led  64/ 48 h0.53 lvl+0.03   -
frame   528 :  an opened book -0.67  a closed book -1.22   led   0/255 h0.00 lvl-0.94   -
frame   529 :  an opened book +0.42  a closed book -0.55   led  24/101 h0.34 lvl-0.06   -
frame   530 :  an opened book +0.59  a closed book -0.53   led  50/ 61 h0.48 lvl+0.03   -
frame   531 :  an opened book -0.19  a closed book -0.73   led   0/255 h0.00 lvl-0.46   -
frame   532 :  an opened book +0.25  a closed book -0.69   led   8/155 h0.20 lvl-0.22   -
frame   533 :  an opened book -1.34  a closed book -1.67   led   0/255 h0.00 lvl-1.51   -
frame   534 :  an opened book +0.18  a closed book -0.51   led   4/182 h0.14 lvl-0.17   -
frame   535 :  a closed book -1.84  an opened book -2.18   led   0/255 h0.00 lvl-2.01   -
frame   536 :  an opened book -0.69  a closed book -1.55   led   0/255 h0.00 lvl-1.12   -
frame   537 :  an opened book -0.74  a closed book -0.81   led   0/255 h0.00 lvl-0.78   -
frame   538 :  an opened book -0.69  a closed book -1.41   led   0/255 h0.00 lvl-1.05   -
frame   539 :  an opened book -1.08  a closed book -2.18   led   0/255 h0.00 lvl-1.63   -
frame   540 :  an opened book -0.50  a closed book -1.37   led   0/255 h0.00 lvl-0.94   -
frame   541 :  an opened book -0.15  a closed book -0.91   led   0/255 h0.00 lvl-0.53   -
frame   542 :  an opened book -0.70  a closed book -1.70   led   0/255 h0.00 lvl-1.20   -
frame   543 :  an opened book -0.62  a closed book -1.10   led   0/255 h0.00 lvl-0.86   -
frame   544 :  an opened book +1.11  a closed book -0.30   led 204/  1 h0.90 lvl+0.40   -
frame   545 :  an opened book -1.04  a closed book -1.71   led   0/255 h0.00 lvl-1.38   -
frame   546 :  an opened book +1.14  a closed book -0.15   led 217/  1 h0.93 lvl+0.50   -
frame   547 :  an opened book -0.76  a closed book -1.54   led   0/255 h0.00 lvl-1.15   -
frame   548 :  an opened book +0.07  a closed book -0.74   led   0/226 h0.05 lvl-0.34   -
frame   549 :  an opened book +0.94  a closed book +0.47   led 142/ 10 h0.77 lvl+0.71   -
frame   550 :  an opened book -1.01  a closed book -1.66   led   0/255 h0.00 lvl-1.33   -
frame   551 :  an opened book +0.82  a closed book +0.07   led 105/ 22 h0.67 lvl+0.45   -
frame   552 :  an opened book +0.61  a closed book -0.36   led  54/ 57 h0.49 lvl+0.13   -
frame   553 :  an opened book -0.20  a closed book -0.43   led   0/255 h0.00 lvl-0.31   -
frame   554 :  an opened book -1.08  a closed book -1.54   led   0/255 h0.00 lvl-1.31   -
frame   555 :  an opened book +0.02  a closed book -0.11   led   0/247 h0.01 lvl-0.05   -
frame   556 :  an opened book -0.02  a closed book -1.16   led   0/255 h0.00 lvl-0.59   -
frame   557 :  an opened book -0.99  a closed book -1.21   led   0/255 h0.00 lvl-1.10   -
frame   558 :  an opened book -0.24  a closed book -1.03   led   0/255 h0.00 lvl-0.63   -
frame   559 :  an opened book -1.01  a closed book -2.26   led   0/255 h0.00 lvl-1.64   -
frame   560 :  an opened book -0.36  a closed book -0.90   led   0/255 h0.00 lvl-0.63   -
frame   561 :  an opened book -0.32  a closed book -1.42   led   0/255 h0.00 lvl-0.87   -
frame   562 :  an opened book -0.07  a closed book -0.88   led   0/255 h0.00 lvl-0.47   -
frame   563 :  an opened book -2.31  a closed book -2.79   led   0/255 h0.00 lvl-2.55   -
frame   564 :  an opened book +0.52  a closed book +0.15   led  39/ 76 h0.42 lvl+0.33   -
frame   565 :  an opened book -0.23  a closed book -0.38   led   0/255 h0.00 lvl-0.30   -
frame   566 :  a closed book -1.23  an opened book -1.52   led   0/255 h0.00 lvl-1.38   -
frame   567 :  an opened book +0.43  a closed book -0.22   led  26/ 98 h0.35 lvl+0.10   -
frame   568 :  an opened book +1.21  a closed book -0.71   led 246/  0 h0.98 lvl+0.25   -
frame   569 :  an opened book +0.43  a closed book -0.85   led  26/ 98 h0.35 lvl-0.21   -
frame   570 :  an opened book -1.26  a closed book -1.52   led   0/255 h0.00 lvl-1.39   -
frame   571 :  an opened book -0.46  a closed book -1.24   led   0/255 h0.00 lvl-0.85   -
frame   572 :  an opened book +1.48*  a closed book -0.03   led 255/  0 h1.00 lvl+0.73   MATCH an opened book (cos -0.103)
frame   573 :  an opened book +0.12  a closed book -0.23   led   2/202 h0.10 lvl-0.05   -
frame   574 :  an opened book -0.92  a closed book -1.50   led   0/255 h0.00 lvl-1.21   -
frame   575 :  an opened book +0.45  a closed book -0.18   led  28/ 93 h0.37 lvl+0.14   -
frame   576 :  an opened book +0.99  a closed book +0.27   led 157/  7 h0.80 lvl+0.63   -
frame   577 :  an opened book +0.23  a closed book -0.76   led   6/162 h0.19 lvl-0.26   -
frame   578 :  an opened book -0.41  a closed book -0.77   led   0/255 h0.00 lvl-0.59   -
frame   579 :  an opened book -0.48  a closed book -1.65   led   0/255 h0.00 lvl-1.06   -
frame   580 :  an opened book -0.38  a closed book -1.09   led   0/255 h0.00 lvl-0.73   -
frame   581 :  an opened book +0.20  a closed book -1.01   led   5/171 h0.17 lvl-0.41   -
frame   582 :  an opened book -0.20  a closed book -1.51   led   0/255 h0.00 lvl-0.86   -
frame   583 :  an opened book -0.06  a closed book -0.75   led   0/255 h0.00 lvl-0.41   -
frame   584 :  an opened book -0.81  a closed book -2.12   led   0/255 h0.00 lvl-1.47   -
frame   585 :  an opened book +0.49  a closed book -0.62   led  34/ 82 h0.40 lvl-0.06   -
frame   586 :  an opened book -2.03  a closed book -2.77   led   0/255 h0.00 lvl-2.40   -
frame   587 :  an opened book +1.71*  a closed book +0.62   led 255/  0 h1.00 lvl+1.17   MATCH an opened book (cos -0.102)
frame   588 :  an opened book -0.40  a closed book -1.03   led   0/255 h0.00 lvl-0.72   -
frame   589 :  an opened book +0.66  a closed book -0.15   led  64/ 47 h0.53 lvl+0.26   -
frame   590 :  an opened book +0.11  a closed book -0.91   led   1/207 h0.09 lvl-0.40   -
frame   591 :  an opened book +0.98  a closed book -0.26   led 156/  7 h0.80 lvl+0.36   -
frame   592 :  an opened book +0.61  a closed book +0.04   led  55/ 56 h0.50 lvl+0.33   -
frame   593 :  an opened book +1.11  a closed book +0.10   led 203/  2 h0.90 lvl+0.60   -
frame   594 :  an opened book -0.17  a closed book -0.56   led   0/255 h0.00 lvl-0.37   -
frame   595 :  an opened book -0.36  a closed book -0.64   led   0/255 h0.00 lvl-0.50   -
frame   596 :  an opened book +1.63*  a closed book +1.06   led 255/  0 h1.00 lvl+1.35   MATCH an opened book (cos -0.102)
frame   597 :  an opened book -0.61  a closed book -1.21   led   0/255 h0.00 lvl-0.91   -
frame   598 :  an opened book -0.71  a closed book -1.53   led   0/255 h0.00 lvl-1.12   -
frame   599 :  an opened book +0.87  a closed book -0.24   led 120/ 17 h0.71 lvl+0.32   -
background: after 30 frames (frozen, room spread), this room reads  a closed book -0.104 +-0.0044 (COCO -0.159 +-0.0351)  an opened book -0.108 +-0.0037 (COCO -0.151 +-0.0303)
frame   600 :  an opened book -0.06  a closed book -1.04   led   0/255 h0.00 lvl-0.55   -
frame   601 :  an opened book -0.14  a closed book -0.27   led   0/255 h0.00 lvl-0.21   -

stopped   : 602 frames, 602 good, capture overlapped with the compute, configuration C
            602 frames timed, 286 ms/frame mean (capture included)
            269 ms encode + 0 ms waiting for the sensor + 16 ms burst; 296 ms/frame by the clock
            380 ms shutter to LED, arming with 84 ms of compute left
            last frame mean RGB 133 128 132
            camera bus: worst gap 19 us against the 2000 us deadline (#12)
            usb: 0 outages, 0 ms off the bus, 0 re-attaches (#9)
