
=== M9: fpga-open-vocab - describe it, the board spots it ===

clock     : 320 MHz requested; BOOTSEL is reachable for 1.5 s
clock     : 320 MHz system, core 1.25 V
reset     : chip_reset 00010000
            nothing new since the last banner - whatever reset the core left powman alone.
waiting for a bitstream on USB CDC (host/demo.py)
bitstream : 173124 bytes announced, crc32 0a2e9953
bitstream : received intact
configure : configured, CDONE high   CDONE=1 nSTATUS=0
crc       : DMA sniffer, calc=1 out_rev=1 out_inv=1
model     : 9 layers, 512-d embedding, 131072 B/buffer
weights   : 780720 B, crc32=0xF368CC6E  (126 ms to hash)

reference : encoder_fast on the flash test vector  (1583 ms)

link      : probing the wire by running the whole test vector over it
probe     : 3 forward data lines -> 512/512 floats exact, 272 ms
link      : configuration C, 3 forward data lines, 160.0 MHz

camera    : exposure ramp 105 107 109 111 112 114 115 116 116 117 118
camera    : live 128x128 RGB565, id 0x82, 16.0 MHz, expose 37 ms, read 16 ms, exposure settled after 11 frames
            mean RGB 113 121 121  (tuned camera on a neutral scene: about 115 107 105)

queries   : waiting for a query set on USB CDC (host/demo.py)
queries   : 2 accepted, 512-d, crc ok
            level axis carries 0.95 of one query's swing; most opposed pair +0.810
            scored as z = (cos - background) / std, where the background is this room's
            own mean over its first 30 frames and is then FROZEN - so a thing left in
            shot keeps its score instead of decaying into the furniture. 'N' re-learns
            it, 'H' switches to tracking. The COCO figures below are only the seed for
            frame 0 and the fixed std.
            std is THIS ROOM's, measured over the same 30 frames ('S' switches to COCO's).
            The thresholds below still mean the 90th percentile of a background; the
            background they now mean it against is this room empty, not 5000 COCO photos.
            a closed book        match above z 1.23   (COCO background -0.159 +- 0.035, so cos -0.116)
            an opened book       match above z 1.23   (COCO background -0.151 +- 0.030, so cos -0.114)

loop      : capture, 8 convs on the T8, pool and head, then one cosine per query. 'B' for BOOTSEL, 'R' to restart,
            'P' to dump the next frame for host/cam.py, 'V' to dump its 512 floats for host/caption.py,
            'E' to provoke a fault so D1 shows its fault display, 'H' to freeze/unfreeze the background,
            'S' to switch the spread between this room's and COCO's, 'W' to hang on purpose and see
            the watchdog name the stage, 'C' to stall the camera bus on purpose and see it cost one frame,
            'U' to drop off USB on purpose and watch it come back, 'I' to drop off and refuse to,
            'N' to forget it and learn it again from now. 'P' and 'V' together describe the same frame.
            'O' closes the timing window, prints it and flips the capture between overlapped and serial;
            'D' does the same and flips the trigger between late and at-the-collect, which is #14's A/B.
            'L' freezes exposure and gain, then on a second press the white balance too - which goes green,
            and is the control. A third restores all three. Issue #30, and the one hotkey whose answer depends on when you press it.
            scores are z against this room's background, ranked; '*' means over its threshold.
            '1'..'6' enrol the next 20 frames as that class, and press again on a LATER visit
            to fold a second one in - 2 visits is what makes the enrolment guard mean
            something. Two classes in and the board decides by nearest reference instead of
            by threshold - see M21.
            '0' ENROLS THE EMPTY SCENE the same way, and it is worth a visit: with one, a frame
            is absent when the empty reference is the nearest of the three and no radius is
            involved. Without one the board falls back to the band - absent beyond 2.0 sep
            from every class - which scores 54.6% over 28 benches against the third reference's
            79.1%, because with two queries that band is an interval the empty scene can sit
            inside. #18.
            The first 30 frames set the baseline and it is then frozen, so anything left in
            shot KEEPS its score. Point the camera at the empty scene for those frames.
            Send a new set at any time to re-query - that resets the baseline too.

frame     0 :  a closed book +2.09*  an opened book +1.37*   led 255/  0 h1.00 lvl+1.73   MATCH a closed book (cos -0.086)
frame     1 :  a closed book +0.34  an opened book +0.14   led  15/126 h0.28 lvl+0.24   -
frame     2 :  a closed book +0.12  an opened book -0.00   led   1/205 h0.10 lvl+0.06   -
frame     3 :  an opened book -0.04  a closed book -0.08   led   0/255 h0.00 lvl-0.06   -
frame     4 :  a closed book +0.09  an opened book +0.08   led   1/214 h0.08 lvl+0.09   -
frame     5 :  a closed book +0.17  an opened book +0.02   led   3/183 h0.14 lvl+0.10   -
frame     6 :  a closed book -0.17  an opened book -0.18   led   0/255 h0.00 lvl-0.18   -
frame     7 :  an opened book -0.07  a closed book -0.12   led   0/255 h0.00 lvl-0.09   -
background: after 8 frames (warming up, room spread), this room reads  a closed book -0.079 +-0.0050 (COCO -0.159 +-0.0351)  an opened book -0.108 +-0.0025 (COCO -0.151 +-0.0303)
frame     8 :  an opened book +1.95*  a closed book +0.88   led 255/  0 h1.00 lvl+1.42   MATCH an opened book (cos -0.103)
frame     9 :  an opened book +0.22  a closed book -1.08   led   6/164 h0.18 lvl-0.43   -
frame    10 :  a closed book +1.72*  an opened book +1.53*   led 255/  0 h1.00 lvl+1.63   MATCH a closed book (cos -0.071)
frame    11 :  an opened book +1.69*  a closed book +1.08   led 255/  0 h1.00 lvl+1.39   MATCH an opened book (cos -0.102)
frame    12 :  an opened book +1.44*  a closed book +0.95   led 255/  0 h1.00 lvl+1.19   MATCH an opened book (cos -0.102)
frame    13 :  an opened book -1.75  a closed book -1.84   led   0/255 h0.00 lvl-1.80   -
frame    14 :  an opened book -0.58  a closed book -0.94   led   0/255 h0.00 lvl-0.76   -
frame    15 :  an opened book +0.81  a closed book +0.55   led 103/ 23 h0.66 lvl+0.68   -
frame    16 :  an opened book -0.47  a closed book -0.60   led   0/255 h0.00 lvl-0.53   -
frame    17 :  an opened book +1.73*  a closed book +1.19   led 255/  0 h1.00 lvl+1.46   MATCH an opened book (cos -0.101)
frame    18 :  an opened book +2.64*  a closed book +2.39*   led 255/  0 h1.00 lvl+2.52   MATCH an opened book (cos -0.098)
frame    19 :  an opened book -0.76  a closed book -1.08   led   0/255 h0.00 lvl-0.92   -
frame    20 :  an opened book +0.27  a closed book +0.10   led   9/147 h0.22 lvl+0.18   -
frame    21 :  an opened book +1.77*  a closed book +1.33*   led 255/  0 h1.00 lvl+1.55   MATCH an opened book (cos -0.099)
frame    22 :  a closed book +0.50  an opened book +0.47   led  36/ 80 h0.41 lvl+0.49   -
frame    23 :  an opened book +1.23*  a closed book +0.80   led 255/  0 h1.00 lvl+1.01   MATCH an opened book (cos -0.101)
frame    24 :  an opened book +1.53*  a closed book +0.91   led 255/  0 h1.00 lvl+1.22   MATCH an opened book (cos -0.100)
frame    25 :  an opened book +0.29  a closed book -0.08   led  11/141 h0.24 lvl+0.11   -
frame    26 :  an opened book +0.10  a closed book -0.25   led   1/211 h0.08 lvl-0.07   -
frame    27 :  a closed book +0.74  an opened book +0.25   led  83/ 34 h0.60 lvl+0.50   -
frame    28 :  a closed book +0.09  an opened book -0.17   led   1/215 h0.07 lvl-0.04   -
frame    29 :  a closed book -2.52  an opened book -2.99   led   0/255 h0.00 lvl-2.76   -
frame    30 :  an opened book -0.75  a closed book -0.91   led   0/255 h0.00 lvl-0.83   -
frame    31 :  a closed book +0.03  an opened book -0.11   led   0/243 h0.02 lvl-0.04   -
frame    32 :  an opened book +0.20  a closed book +0.06   led   5/172 h0.16 lvl+0.13   -
frame    33 :  a closed book -1.29  an opened book -1.35   led   0/255 h0.00 lvl-1.32   -
frame    34 :  an opened book -0.23  a closed book -0.58   led   0/255 h0.00 lvl-0.41   -
frame    35 :  an opened book -0.64  a closed book -0.93   led   0/255 h0.00 lvl-0.79   -
frame    36 :  an opened book +0.48  a closed book +0.25   led  32/ 85 h0.39 lvl+0.37   -
frame    37 :  an opened book +0.57  a closed book +0.23   led  47/ 65 h0.46 lvl+0.40   -
frame    38 :  an opened book -1.48  a closed book -1.52   led   0/255 h0.00 lvl-1.50   -
frame    39 :  an opened book +1.87*  a closed book +1.22   led 255/  0 h1.00 lvl+1.55   MATCH an opened book (cos -0.098)
frame    40 :  an opened book -0.73  a closed book -0.92   led   0/255 h0.00 lvl-0.82   -
frame    41 :  an opened book +0.28  a closed book -0.53   led  10/145 h0.23 lvl-0.13   -
frame    42 :  a closed book -0.09  an opened book -0.36   led   0/255 h0.00 lvl-0.23   -

camera    : frozen now exposure gain  at frame 43, mean RGB 120 120 120
frame    43 :  an opened book +1.22  a closed book +0.87   led 250/  0 h0.99 lvl+1.04   -
frame    44 :  an opened book +0.60  a closed book +0.13   led  53/ 58 h0.49 lvl+0.37   -
frame    45 :  an opened book -0.63  a closed book -1.32   led   0/255 h0.00 lvl-0.98   -
frame    46 :  a closed book -0.25  an opened book -0.35   led   0/255 h0.00 lvl-0.30   -
frame    47 :  an opened book +1.47*  a closed book +1.26*   led 255/  0 h1.00 lvl+1.36   MATCH an opened book (cos -0.099)
frame    48 :  a closed book +0.70  an opened book +0.35   led  74/ 40 h0.57 lvl+0.53   -
frame    49 :  a closed book +0.71  an opened book +0.48   led  77/ 38 h0.58 lvl+0.60   -
frame    50 :  an opened book +0.58  a closed book +0.34   led  49/ 62 h0.47 lvl+0.46   -
frame    51 :  an opened book +1.94*  a closed book +1.42*   led 255/  0 h1.00 lvl+1.68   MATCH an opened book (cos -0.098)
frame    52 :  a closed book -0.42  an opened book -0.69   led   0/255 h0.00 lvl-0.56   -
frame    53 :  a closed book -0.35  an opened book -0.60   led   0/255 h0.00 lvl-0.48   -
frame    54 :  an opened book +1.26*  a closed book +0.74   led 255/  0 h1.00 lvl+1.00   MATCH an opened book (cos -0.100)
frame    55 :  a closed book -0.46  an opened book -0.58   led   0/255 h0.00 lvl-0.52   -
frame    56 :  an opened book -1.77  a closed book -2.15   led   0/255 h0.00 lvl-1.96   -
frame    57 :  a closed book -0.15  an opened book -0.25   led   0/255 h0.00 lvl-0.20   -
frame    58 :  an opened book +0.70  a closed book +0.21   led  74/ 40 h0.57 lvl+0.46   -
frame    59 :  an opened book -1.37  a closed book -2.03   led   0/255 h0.00 lvl-1.70   -
frame    60 :  an opened book -0.26  a closed book -0.57   led   0/255 h0.00 lvl-0.42   -
frame    61 :  a closed book +1.08  an opened book +0.56   led 192/  2 h0.88 lvl+0.82   -
frame    62 :  an opened book +0.81  a closed book +0.02   led 102/ 24 h0.66 lvl+0.42   -
frame    63 :  an opened book +0.55  a closed book +0.18   led  43/ 70 h0.44 lvl+0.37   -
frame    64 :  an opened book +0.17  a closed book -0.78   led   3/183 h0.14 lvl-0.31   -
frame    65 :  an opened book -1.21  a closed book -1.49   led   0/255 h0.00 lvl-1.35   -
frame    66 :  an opened book +1.97*  a closed book +1.11   led 255/  0 h1.00 lvl+1.54   MATCH an opened book (cos -0.097)
frame    67 :  an opened book +1.74*  a closed book +1.59*   led 255/  0 h1.00 lvl+1.66   MATCH an opened book (cos -0.098)
frame    68 :  a closed book +1.11  an opened book +0.92   led 202/  2 h0.90 lvl+1.01   -
frame    69 :  an opened book -0.78  a closed book -0.79   led   0/255 h0.00 lvl-0.79   -
frame    70 :  a closed book -0.76  an opened book -0.84   led   0/255 h0.00 lvl-0.80   -
frame    71 :  an opened book +0.81  a closed book +0.29   led 102/ 24 h0.66 lvl+0.55   -
frame    72 :  an opened book -0.29  a closed book -0.49   led   0/255 h0.00 lvl-0.39   -
frame    73 :  an opened book +1.89*  a closed book +1.63*   led 255/  0 h1.00 lvl+1.76   MATCH an opened book (cos -0.098)
frame    74 :  an opened book -1.62  a closed book -1.62   led   0/255 h0.00 lvl-1.62   -
frame    75 :  a closed book +0.22  an opened book +0.16   led   6/165 h0.18 lvl+0.19   -
frame    76 :  a closed book +1.14  an opened book +0.88   led 214/  1 h0.92 lvl+1.01   -
frame    77 :  an opened book +0.52  a closed book +0.24   led  39/ 75 h0.43 lvl+0.38   -
frame    78 :  an opened book +1.60*  a closed book +1.55*   led 255/  0 h1.00 lvl+1.57   MATCH an opened book (cos -0.099)
frame    79 :  an opened book +0.50  a closed book -0.18   led  36/ 80 h0.41 lvl+0.16   -
frame    80 :  an opened book -0.51  a closed book -0.94   led   0/255 h0.00 lvl-0.73   -
frame    81 :  an opened book +0.49  a closed book -0.11   led  34/ 83 h0.40 lvl+0.19   -
frame    82 :  a closed book -0.24  an opened book -0.33   led   0/255 h0.00 lvl-0.28   -
frame    83 :  an opened book +0.69  a closed book +0.51   led  72/ 41 h0.56 lvl+0.60   -
frame    84 :  an opened book +0.17  a closed book -0.20   led   3/185 h0.14 lvl-0.02   -
frame    85 :  a closed book +0.61  an opened book +0.50   led  54/ 57 h0.50 lvl+0.56   -
frame    86 :  an opened book +1.13  a closed book +0.40   led 210/  1 h0.92 lvl+0.76   -
frame    87 :  an opened book +0.95  a closed book +0.81   led 145/ 10 h0.77 lvl+0.88   -
frame    88 :  an opened book +0.65  a closed book +0.58   led  64/ 48 h0.53 lvl+0.62   -
frame    89 :  a closed book +0.56  an opened book +0.42   led  46/ 67 h0.46 lvl+0.49   -
frame    90 :  an opened book -0.33  a closed book -0.60   led   0/255 h0.00 lvl-0.46   -
frame    91 :  an opened book -0.66  a closed book -0.81   led   0/255 h0.00 lvl-0.73   -
frame    92 :  an opened book -0.73  a closed book -1.30   led   0/255 h0.00 lvl-1.01   -
frame    93 :  an opened book -0.24  a closed book -0.32   led   0/255 h0.00 lvl-0.28   -
frame    94 :  an opened book -1.02  a closed book -2.15   led   0/255 h0.00 lvl-1.58   -
frame    95 :  a closed book +0.34  an opened book +0.07   led  16/124 h0.28 lvl+0.21   -
frame    96 :  a closed book -1.57  an opened book -1.85   led   0/255 h0.00 lvl-1.71   -
frame    97 :  an opened book +1.14  a closed book +0.87   led 214/  1 h0.92 lvl+1.00   -
frame    98 :  a closed book -0.87  an opened book -0.91   led   0/255 h0.00 lvl-0.89   -
frame    99 :  an opened book +0.33  a closed book -0.07   led  14/128 h0.27 lvl+0.13   -
background: after 30 frames (frozen, room spread), this room reads  a closed book -0.077 +-0.0060 (COCO -0.159 +-0.0351)  an opened book -0.105 +-0.0041 (COCO -0.151 +-0.0303)
frame   100 :  an opened book +1.43*  a closed book +1.10   led 255/  0 h1.00 lvl+1.27   MATCH an opened book (cos -0.100)
frame   101 :  an opened book +1.67*  a closed book +1.18   led 255/  0 h1.00 lvl+1.42   MATCH an opened book (cos -0.099)
frame   102 :  an opened book -0.01  a closed book -0.49   led   0/255 h0.00 lvl-0.25   -
frame   103 :  a closed book -0.87  an opened book -0.96   led   0/255 h0.00 lvl-0.91   -
frame   104 :  an opened book +0.50  a closed book +0.28   led  36/ 80 h0.41 lvl+0.39   -
frame   105 :  a closed book -0.07  an opened book -0.38   led   0/255 h0.00 lvl-0.23   -
frame   106 :  a closed book +0.37  an opened book +0.18   led  18/117 h0.30 lvl+0.27   -
frame   107 :  an opened book +0.45  a closed book +0.18   led  28/ 93 h0.37 lvl+0.32   -
frame   108 :  a closed book -0.69  an opened book -0.80   led   0/255 h0.00 lvl-0.74   -
frame   109 :  a closed book +0.43  an opened book +0.11   led  25/ 99 h0.35 lvl+0.27   -
frame   110 :  a closed book -0.30  an opened book -0.74   led   0/255 h0.00 lvl-0.52   -
frame   111 :  a closed book -1.16  an opened book -1.33   led   0/255 h0.00 lvl-1.25   -
frame   112 :  a closed book +0.28  an opened book +0.14   led  10/145 h0.23 lvl+0.21   -
frame   113 :  an opened book +0.20  a closed book +0.14   led   5/172 h0.16 lvl+0.17   -
frame   114 :  an opened book -0.47  a closed book -1.07   led   0/255 h0.00 lvl-0.77   -
frame   115 :  a closed book +2.35*  an opened book +1.95*   led 255/  0 h1.00 lvl+2.15   MATCH a closed book (cos -0.063)
frame   116 :  an opened book -0.57  a closed book -0.89   led   0/255 h0.00 lvl-0.73   -
frame   117 :  an opened book -2.67  a closed book -2.74   led   0/255 h0.00 lvl-2.71   -
frame   118 :  a closed book -0.39  an opened book -0.41   led   0/255 h0.00 lvl-0.40   -
frame   119 :  a closed book +0.11  an opened book +0.06   led   1/208 h0.09 lvl+0.08   -
frame   120 :  an opened book -0.99  a closed book -2.12   led   0/255 h0.00 lvl-1.56   -
frame   121 :  an opened book -0.13  a closed book -0.25   led   0/255 h0.00 lvl-0.19   -
frame   122 :  an opened book -0.01  a closed book -0.32   led   0/255 h0.00 lvl-0.17   -
frame   123 :  an opened book -0.41  a closed book -0.59   led   0/255 h0.00 lvl-0.50   -
frame   124 :  a closed book +0.38  an opened book +0.24   led  19/113 h0.31 lvl+0.31   -
frame   125 :  a closed book -0.73  an opened book -0.86   led   0/255 h0.00 lvl-0.80   -
frame   126 :  an opened book +0.22  a closed book +0.21   led   6/164 h0.18 lvl+0.21   -
frame   127 :  an opened book +1.53*  a closed book +1.42*   led 255/  0 h1.00 lvl+1.47   MATCH an opened book (cos -0.099)
frame   128 :  a closed book +0.07  an opened book -0.03   led   0/224 h0.06 lvl+0.02   -
frame   129 :  an opened book +1.35*  a closed book +1.28*   led 255/  0 h1.00 lvl+1.32   MATCH an opened book (cos -0.100)
frame   130 :  an opened book +1.22  a closed book +0.64   led 251/  0 h0.99 lvl+0.93   -
frame   131 :  an opened book +0.18  a closed book +0.10   led   4/181 h0.14 lvl+0.14   -
frame   132 :  an opened book -0.06  a closed book -0.18   led   0/255 h0.00 lvl-0.12   -
frame   133 :  an opened book -0.11  a closed book -0.35   led   0/255 h0.00 lvl-0.23   -
frame   134 :  an opened book +0.11  a closed book -0.04   led   1/208 h0.09 lvl+0.04   -
frame   135 :  an opened book +0.16  a closed book -0.01   led   3/187 h0.13 lvl+0.07   -
frame   136 :  a closed book +0.09  an opened book -0.01   led   1/215 h0.07 lvl+0.04   -
frame   137 :  a closed book +1.30*  an opened book +0.40   led 255/  0 h1.00 lvl+0.85   MATCH a closed book (cos -0.070)
frame   138 :  a closed book -0.84  an opened book -0.98   led   0/255 h0.00 lvl-0.91   -
frame   139 :  a closed book -0.57  an opened book -0.59   led   0/255 h0.00 lvl-0.58   -
frame   140 :  an opened book -0.73  a closed book -1.10   led   0/255 h0.00 lvl-0.91   -
frame   141 :  an opened book +1.35*  a closed book +0.02   led 255/  0 h1.00 lvl+0.69   MATCH an opened book (cos -0.100)
frame   142 :  an opened book -0.06  a closed book -0.43   led   0/255 h0.00 lvl-0.24   -
frame   143 :  a closed book -0.60  an opened book -0.61   led   0/255 h0.00 lvl-0.61   -
frame   144 :  a closed book -0.75  an opened book -0.81   led   0/255 h0.00 lvl-0.78   -
frame   145 :  a closed book +0.60  an opened book -0.16   led  52/ 59 h0.49 lvl+0.22   -
frame   146 :  an opened book -0.04  a closed book -0.47   led   0/255 h0.00 lvl-0.25   -
frame   147 :  an opened book +0.38  a closed book -0.75   led  19/114 h0.31 lvl-0.19   -
frame   148 :  a closed book -0.11  an opened book -1.03   led   0/255 h0.00 lvl-0.57   -
frame   149 :  a closed book +0.74  an opened book +0.56   led  84/ 33 h0.60 lvl+0.65   -
frame   150 :  an opened book +1.32*  a closed book +0.92   led 255/  0 h1.00 lvl+1.12   MATCH an opened book (cos -0.100)
frame   151 :  an opened book -0.44  a closed book -0.53   led   0/255 h0.00 lvl-0.48   -
frame   152 :  an opened book -0.52  a closed book -0.86   led   0/255 h0.00 lvl-0.69   -
frame   153 :  an opened book +2.01*  a closed book +1.28*   led 255/  0 h1.00 lvl+1.64   MATCH an opened book (cos -0.097)
frame   154 :  a closed book +1.00  an opened book +0.28   led 161/  7 h0.81 lvl+0.64   -
frame   155 :  an opened book +1.21  a closed book +0.90   led 247/  0 h0.99 lvl+1.05   -
frame   156 :  an opened book +0.37  a closed book +0.00   led  18/117 h0.30 lvl+0.18   -
frame   157 :  a closed book -1.26  an opened book -1.45   led   0/255 h0.00 lvl-1.35   -
frame   158 :  an opened book -0.41  a closed book -0.51   led   0/255 h0.00 lvl-0.46   -
frame   159 :  a closed book +0.05  an opened book -0.19   led   0/232 h0.04 lvl-0.07   -
frame   160 :  a closed book +1.29*  an opened book +1.14   led 255/  0 h1.00 lvl+1.21   MATCH a closed book (cos -0.070)
frame   161 :  an opened book -0.55  a closed book -0.73   led   0/255 h0.00 lvl-0.64   -
frame   162 :  an opened book +0.58  a closed book -0.35   led  48/ 63 h0.47 lvl+0.12   -
frame   163 :  an opened book +0.36  a closed book +0.13   led  17/120 h0.29 lvl+0.24   -
frame   164 :  an opened book -0.34  a closed book -0.53   led   0/255 h0.00 lvl-0.44   -
frame   165 :  an opened book -0.33  a closed book -0.56   led   0/255 h0.00 lvl-0.44   -
frame   166 :  an opened book +0.48  a closed book +0.08   led  33/ 85 h0.39 lvl+0.28   -
frame   167 :  an opened book -0.97  a closed book -1.01   led   0/255 h0.00 lvl-0.99   -
frame   168 :  an opened book +1.11  a closed book +1.02   led 202/  2 h0.90 lvl+1.07   -
frame   169 :  a closed book -1.25  an opened book -1.53   led   0/255 h0.00 lvl-1.39   -
frame   170 :  a closed book +0.07  an opened book +0.05   led   0/225 h0.06 lvl+0.06   -
frame   171 :  an opened book -0.64  a closed book -0.89   led   0/255 h0.00 lvl-0.76   -
frame   172 :  an opened book +1.32*  a closed book +1.12   led 255/  0 h1.00 lvl+1.22   MATCH an opened book (cos -0.100)
frame   173 :  an opened book -0.69  a closed book -0.89   led   0/255 h0.00 lvl-0.79   -
frame   174 :  an opened book -1.00  a closed book -1.06   led   0/255 h0.00 lvl-1.03   -
frame   175 :  a closed book -0.69  an opened book -1.12   led   0/255 h0.00 lvl-0.90   -
frame   176 :  a closed book -0.01  an opened book -0.08   led   0/255 h0.00 lvl-0.04   -
frame   177 :  an opened book +1.24*  a closed book +0.57   led 255/  0 h1.00 lvl+0.90   MATCH an opened book (cos -0.100)
frame   178 :  an opened book +0.72  a closed book +0.53   led  78/ 37 h0.58 lvl+0.62   -
frame   179 :  an opened book -1.23  a closed book -1.33   led   0/255 h0.00 lvl-1.28   -
frame   180 :  a closed book -0.24  an opened book -0.59   led   0/255 h0.00 lvl-0.42   -
frame   181 :  an opened book -0.13  a closed book -0.21   led   0/255 h0.00 lvl-0.17   -
frame   182 :  a closed book -0.50  an opened book -0.86   led   0/255 h0.00 lvl-0.68   -
frame   183 :  an opened book +1.36*  a closed book +1.08   led 255/  0 h1.00 lvl+1.22   MATCH an opened book (cos -0.100)
frame   184 :  an opened book +0.70  a closed book +0.24   led  74/ 40 h0.57 lvl+0.47   -
frame   185 :  an opened book +2.51*  a closed book +2.01*   led 255/  0 h1.00 lvl+2.26   MATCH an opened book (cos -0.095)
frame   186 :  an opened book +1.34*  a closed book +1.08   led 255/  0 h1.00 lvl+1.21   MATCH an opened book (cos -0.100)
frame   187 :  an opened book +0.39  a closed book -0.38   led  20/111 h0.31 lvl+0.00   -
frame   188 :  an opened book +0.63  a closed book -0.20   led  58/ 53 h0.51 lvl+0.21   -
frame   189 :  an opened book +0.44  a closed book -0.13   led  27/ 96 h0.36 lvl+0.16   -
frame   190 :  a closed book -1.10  an opened book -1.28   led   0/255 h0.00 lvl-1.19   -
frame   191 :  an opened book -0.79  a closed book -1.58   led   0/255 h0.00 lvl-1.19   -
frame   192 :  a closed book -0.63  an opened book -0.77   led   0/255 h0.00 lvl-0.70   -
frame   193 :  an opened book -1.24  a closed book -1.78   led   0/255 h0.00 lvl-1.51   -
frame   194 :  an opened book +0.69  a closed book +0.35   led  71/ 42 h0.56 lvl+0.52   -
frame   195 :  a closed book -1.75  an opened book -1.85   led   0/255 h0.00 lvl-1.80   -
frame   196 :  an opened book -1.11  a closed book -1.20   led   0/255 h0.00 lvl-1.15   -
frame   197 :  a closed book +0.04  an opened book -0.05   led   0/239 h0.03 lvl-0.01   -
frame   198 :  a closed book -0.07  an opened book -0.30   led   0/255 h0.00 lvl-0.19   -
frame   199 :  an opened book +1.04  a closed book +0.49   led 177/  4 h0.85 lvl+0.76   -
background: after 30 frames (frozen, room spread), this room reads  a closed book -0.077 +-0.0060 (COCO -0.159 +-0.0351)  an opened book -0.105 +-0.0041 (COCO -0.151 +-0.0303)
frame   200 :  a closed book -0.19  an opened book -0.25   led   0/255 h0.00 lvl-0.22   -
frame   201 :  an opened book +0.58  a closed book +0.18   led  48/ 63 h0.47 lvl+0.38   -
frame   202 :  a closed book +1.60*  an opened book +1.41*   led 255/  0 h1.00 lvl+1.51   MATCH a closed book (cos -0.068)
frame   203 :  an opened book +1.74*  a closed book +1.11   led 255/  0 h1.00 lvl+1.42   MATCH an opened book (cos -0.098)
frame   204 :  an opened book +0.40  a closed book -0.07   led  22/106 h0.33 lvl+0.17   -
frame   205 :  an opened book +1.55*  a closed book +0.57   led 255/  0 h1.00 lvl+1.06   MATCH an opened book (cos -0.099)
frame   206 :  an opened book +1.19  a closed book +1.10   led 239/  0 h0.97 lvl+1.15   -
frame   207 :  a closed book -0.75  an opened book -1.09   led   0/255 h0.00 lvl-0.92   -
frame   208 :  an opened book -0.12  a closed book -0.34   led   0/255 h0.00 lvl-0.23   -
frame   209 :  an opened book +1.26*  a closed book +0.84   led 255/  0 h1.00 lvl+1.05   MATCH an opened book (cos -0.100)
frame   210 :  a closed book +1.16  an opened book +1.14   led 223/  0 h0.94 lvl+1.15   -
frame   211 :  a closed book -1.61  an opened book -1.67   led   0/255 h0.00 lvl-1.64   -
frame   212 :  an opened book +0.39  a closed book +0.08   led  20/111 h0.32 lvl+0.23   -
frame   213 :  a closed book +0.19  an opened book -0.14   led   4/178 h0.15 lvl+0.02   -
frame   214 :  an opened book -0.79  a closed book -1.37   led   0/255 h0.00 lvl-1.08   -
frame   215 :  a closed book -0.48  an opened book -0.96   led   0/255 h0.00 lvl-0.72   -
frame   216 :  an opened book -0.79  a closed book -1.05   led   0/255 h0.00 lvl-0.92   -
frame   217 :  an opened book +0.26  a closed book +0.18   led   9/150 h0.21 lvl+0.22   -
frame   218 :  an opened book +0.28  a closed book +0.10   led  10/144 h0.23 lvl+0.19   -
frame   219 :  an opened book +1.35*  a closed book +0.91   led 255/  0 h1.00 lvl+1.13   MATCH an opened book (cos -0.100)
frame   220 :  a closed book +0.51  an opened book -0.02   led  36/ 79 h0.41 lvl+0.25   -
frame   221 :  an opened book +0.69  a closed book +0.55   led  71/ 42 h0.56 lvl+0.62   -
frame   222 :  an opened book +0.36  a closed book +0.13   led  17/119 h0.29 lvl+0.25   -
frame   223 :  a closed book -0.39  an opened book -1.33   led   0/255 h0.00 lvl-0.86   -
frame   224 :  a closed book -0.66  an opened book -0.69   led   0/255 h0.00 lvl-0.67   -
frame   225 :  a closed book -0.93  an opened book -1.26   led   0/255 h0.00 lvl-1.10   -
frame   226 :  an opened book -1.03  a closed book -1.05   led   0/255 h0.00 lvl-1.04   -
frame   227 :  an opened book +0.33  a closed book -0.28   led  14/129 h0.27 lvl+0.02   -
frame   228 :  an opened book +0.97  a closed book +0.69   led 152/  8 h0.79 lvl+0.83   -
frame   229 :  an opened book -0.43  a closed book -0.66   led   0/255 h0.00 lvl-0.55   -
frame   230 :  an opened book -0.53  a closed book -1.15   led   0/255 h0.00 lvl-0.84   -
frame   231 :  an opened book +0.45  a closed book +0.03   led  28/ 93 h0.37 lvl+0.24   -
frame   232 :  a closed book +0.41  an opened book +0.14   led  23/104 h0.34 lvl+0.28   -
frame   233 :  an opened book +0.54  a closed book +0.23   led  41/ 72 h0.44 lvl+0.38   -
frame   234 :  an opened book -0.90  a closed book -1.32   led   0/255 h0.00 lvl-1.11   -
frame   235 :  a closed book -0.05  an opened book -0.15   led   0/255 h0.00 lvl-0.10   -
frame   236 :  a closed book +0.74  an opened book +0.21   led  84/ 34 h0.60 lvl+0.47   -
frame   237 :  an opened book +0.17  a closed book -0.43   led   3/182 h0.14 lvl-0.13   -
frame   238 :  an opened book -0.31  a closed book -0.37   led   0/255 h0.00 lvl-0.34   -
frame   239 :  an opened book -0.39  a closed book -0.86   led   0/255 h0.00 lvl-0.62   -
frame   240 :  an opened book -0.90  a closed book -0.92   led   0/255 h0.00 lvl-0.91   -
frame   241 :  a closed book +0.89  an opened book +0.47   led 127/ 15 h0.73 lvl+0.68   -
frame   242 :  an opened book +0.52  a closed book +0.16   led  38/ 76 h0.42 lvl+0.34   -
frame   243 :  an opened book +0.17  a closed book -0.02   led   3/185 h0.14 lvl+0.07   -
frame   244 :  an opened book +1.61*  a closed book +0.99   led 255/  0 h1.00 lvl+1.30   MATCH an opened book (cos -0.099)
frame   245 :  an opened book +0.45  a closed book +0.14   led  28/ 93 h0.37 lvl+0.30   -
frame   246 :  a closed book +0.27  an opened book +0.24   led   9/146 h0.22 lvl+0.26   -
frame   247 :  an opened book -0.18  a closed book -0.83   led   0/255 h0.00 lvl-0.51   -
frame   248 :  an opened book +0.05  a closed book -0.03   led   0/234 h0.04 lvl+0.01   -
frame   249 :  a closed book +0.81  an opened book +0.75   led 103/ 23 h0.66 lvl+0.78   -
frame   250 :  an opened book +1.00  a closed book +0.98   led 162/  6 h0.81 lvl+0.99   -
frame   251 :  a closed book +0.89  an opened book +0.86   led 124/ 15 h0.72 lvl+0.87   -
frame   252 :  a closed book +1.04  an opened book +0.87   led 175/  4 h0.84 lvl+0.95   -
frame   253 :  an opened book +0.40  a closed book +0.28   led  22/107 h0.33 lvl+0.34   -
frame   254 :  an opened book -0.33  a closed book -0.65   led   0/255 h0.00 lvl-0.49   -
frame   255 :  a closed book +0.60  an opened book +0.52   led  52/ 59 h0.48 lvl+0.56   -
frame   256 :  an opened book -0.34  a closed book -0.93   led   0/255 h0.00 lvl-0.64   -
frame   257 :  a closed book +0.36  an opened book +0.34   led  17/119 h0.29 lvl+0.35   -
frame   258 :  a closed book -1.38  an opened book -1.48   led   0/255 h0.00 lvl-1.43   -
frame   259 :  an opened book -0.34  a closed book -1.12   led   0/255 h0.00 lvl-0.73   -
frame   260 :  an opened book +2.36*  a closed book +1.63*   led 255/  0 h1.00 lvl+1.99   MATCH an opened book (cos -0.096)
frame   261 :  an opened book +0.04  a closed book -1.13   led   0/235 h0.04 lvl-0.54   -
frame   262 :  an opened book -0.77  a closed book -1.23   led   0/255 h0.00 lvl-1.00   -
frame   263 :  a closed book +0.47  an opened book -0.06   led  30/ 89 h0.38 lvl+0.20   -
frame   264 :  a closed book -0.82  an opened book -1.31   led   0/255 h0.00 lvl-1.07   -
frame   265 :  a closed book +0.39  an opened book -0.25   led  21/109 h0.32 lvl+0.07   -
frame   266 :  a closed book +0.39  an opened book -0.22   led  21/109 h0.32 lvl+0.08   -
frame   267 :  a closed book +0.40  an opened book +0.17   led  22/106 h0.33 lvl+0.29   -
frame   268 :  an opened book -0.85  a closed book -1.34   led   0/255 h0.00 lvl-1.10   -
frame   269 :  an opened book +1.21  a closed book +0.76   led 245/  0 h0.98 lvl+0.98   -
frame   270 :  an opened book -1.18  a closed book -1.47   led   0/255 h0.00 lvl-1.32   -
frame   271 :  an opened book +0.36  a closed book +0.20   led  18/118 h0.30 lvl+0.28   -
frame   272 :  an opened book +0.35  a closed book -0.81   led  16/123 h0.28 lvl-0.23   -
frame   273 :  an opened book +0.29  a closed book -0.14   led  11/141 h0.24 lvl+0.08   -
frame   274 :  an opened book +1.06  a closed book +0.63   led 184/  3 h0.86 lvl+0.84   -
frame   275 :  an opened book -0.22  a closed book -1.01   led   0/255 h0.00 lvl-0.62   -
frame   276 :  a closed book +0.84  an opened book +0.61   led 111/ 20 h0.69 lvl+0.73   -
frame   277 :  an opened book +0.59  a closed book +0.04   led  50/ 61 h0.48 lvl+0.32   -
frame   278 :  an opened book -0.17  a closed book -1.03   led   0/255 h0.00 lvl-0.60   -
frame   279 :  a closed book +0.24  an opened book +0.18   led   7/158 h0.20 lvl+0.21   -
frame   280 :  a closed book +0.80  an opened book +0.42   led 100/ 25 h0.65 lvl+0.61   -
frame   281 :  a closed book +0.42  an opened book -0.00   led  24/103 h0.34 lvl+0.21   -
frame   282 :  a closed book -0.05  an opened book -0.11   led   0/255 h0.00 lvl-0.08   -
frame   283 :  an opened book +1.16  a closed book +0.60   led 224/  0 h0.94 lvl+0.88   -
frame   284 :  a closed book +0.59  an opened book +0.49   led  51/ 60 h0.48 lvl+0.54   -
frame   285 :  an opened book +1.19  a closed book +0.65   led 236/  0 h0.97 lvl+0.92   -
frame   286 :  an opened book +0.07  a closed book -0.28   led   0/226 h0.05 lvl-0.11   -
frame   287 :  a closed book -0.24  an opened book -0.92   led   0/255 h0.00 lvl-0.58   -
frame   288 :  an opened book +1.48*  a closed book +1.28*   led 255/  0 h1.00 lvl+1.38   MATCH an opened book (cos -0.099)
frame   289 :  an opened book +1.86*  a closed book +1.57*   led 255/  0 h1.00 lvl+1.71   MATCH an opened book (cos -0.098)
frame   290 :  an opened book +0.48  a closed book -0.15   led  32/ 86 h0.39 lvl+0.16   -
frame   291 :  an opened book +1.16  a closed book +0.72   led 224/  0 h0.94 lvl+0.94   -
frame   292 :  an opened book +1.52*  a closed book +0.37   led 255/  0 h1.00 lvl+0.95   MATCH an opened book (cos -0.099)
frame   293 :  an opened book -0.65  a closed book -0.76   led   0/255 h0.00 lvl-0.71   -
frame   294 :  a closed book +0.29  an opened book -0.21   led  11/140 h0.24 lvl+0.04   -
frame   295 :  an opened book +0.01  a closed book -0.57   led   0/250 h0.01 lvl-0.28   -
frame   296 :  a closed book -0.56  an opened book -1.04   led   0/255 h0.00 lvl-0.80   -
frame   297 :  an opened book +1.82*  a closed book +1.23*   led 255/  0 h1.00 lvl+1.53   MATCH an opened book (cos -0.098)
frame   298 :  an opened book +3.03*  a closed book +2.40*   led 255/  0 h1.00 lvl+2.72   MATCH an opened book (cos -0.093)
frame   299 :  an opened book -0.09  a closed book -0.20   led   0/255 h0.00 lvl-0.14   -
background: after 30 frames (frozen, room spread), this room reads  a closed book -0.077 +-0.0060 (COCO -0.159 +-0.0351)  an opened book -0.105 +-0.0041 (COCO -0.151 +-0.0303)
frame   300 :  an opened book -0.31  a closed book -1.01   led   0/255 h0.00 lvl-0.66   -
frame   301 :  an opened book +0.04  a closed book -0.20   led   0/235 h0.04 lvl-0.08   -
frame   302 :  a closed book +0.29  an opened book -0.39   led  11/141 h0.24 lvl-0.05   -
frame   303 :  a closed book -1.16  an opened book -1.58   led   0/255 h0.00 lvl-1.37   -
frame   304 :  an opened book -1.25  a closed book -1.96   led   0/255 h0.00 lvl-1.60   -
frame   305 :  an opened book -0.02  a closed book -0.47   led   0/255 h0.00 lvl-0.25   -
frame   306 :  an opened book +0.32  a closed book +0.13   led  13/133 h0.26 lvl+0.22   -
frame   307 :  an opened book -0.56  a closed book -0.77   led   0/255 h0.00 lvl-0.67   -
frame   308 :  an opened book +1.16  a closed book +0.98   led 224/  0 h0.94 lvl+1.07   -
frame   309 :  an opened book -0.76  a closed book -0.78   led   0/255 h0.00 lvl-0.77   -
frame   310 :  a closed book -0.73  an opened book -1.10   led   0/255 h0.00 lvl-0.92   -
frame   311 :  an opened book +0.57  a closed book +0.06   led  47/ 65 h0.46 lvl+0.32   -
frame   312 :  an opened book +0.07  a closed book -0.74   led   0/225 h0.06 lvl-0.34   -
frame   313 :  a closed book -0.66  an opened book -0.84   led   0/255 h0.00 lvl-0.75   -
frame   314 :  a closed book +0.50  an opened book +0.45   led  34/ 82 h0.40 lvl+0.47   -
frame   315 :  an opened book +1.26*  a closed book +0.49   led 255/  0 h1.00 lvl+0.88   MATCH an opened book (cos -0.100)
frame   316 :  a closed book -2.14  an opened book -2.25   led   0/255 h0.00 lvl-2.19   -
frame   317 :  a closed book +0.26  an opened book -0.03   led   8/151 h0.21 lvl+0.11   -
frame   318 :  an opened book +0.81  a closed book -0.02   led 101/ 24 h0.66 lvl+0.39   -
frame   319 :  an opened book +2.25*  a closed book +2.07*   led 255/  0 h1.00 lvl+2.16   MATCH an opened book (cos -0.096)
frame   320 :  an opened book +0.13  a closed book -0.58   led   2/200 h0.10 lvl-0.22   -
frame   321 :  an opened book +2.09*  a closed book +1.50*   led 255/  0 h1.00 lvl+1.80   MATCH an opened book (cos -0.097)
frame   322 :  an opened book +1.05  a closed book +0.09   led 180/  4 h0.85 lvl+0.57   -
frame   323 :  an opened book +0.24  a closed book -0.75   led   7/160 h0.19 lvl-0.26   -
frame   324 :  an opened book -0.99  a closed book -1.38   led   0/255 h0.00 lvl-1.19   -
frame   325 :  an opened book -0.19  a closed book -0.34   led   0/255 h0.00 lvl-0.27   -
frame   326 :  a closed book +0.07  an opened book -0.24   led   0/224 h0.06 lvl-0.09   -
frame   327 :  a closed book +0.05  an opened book -0.23   led   0/231 h0.04 lvl-0.09   -
frame   328 :  an opened book -0.61  a closed book -1.44   led   0/255 h0.00 lvl-1.02   -
frame   329 :  an opened book -0.69  a closed book -1.03   led   0/255 h0.00 lvl-0.86   -
frame   330 :  an opened book -0.33  a closed book -0.51   led   0/255 h0.00 lvl-0.42   -
frame   331 :  an opened book +0.06  a closed book -0.29   led   0/229 h0.05 lvl-0.12   -
frame   332 :  a closed book -1.62  an opened book -1.90   led   0/255 h0.00 lvl-1.76   -
frame   333 :  an opened book +0.30  a closed book +0.21   led  12/136 h0.25 lvl+0.26   -
frame   334 :  a closed book -0.33  an opened book -0.89   led   0/255 h0.00 lvl-0.61   -
frame   335 :  a closed book -0.36  an opened book -1.07   led   0/255 h0.00 lvl-0.71   -
frame   336 :  an opened book -0.04  a closed book -0.33   led   0/255 h0.00 lvl-0.18   -
frame   337 :  an opened book -0.58  a closed book -1.06   led   0/255 h0.00 lvl-0.82   -
frame   338 :  a closed book +0.19  an opened book +0.00   led   4/177 h0.15 lvl+0.10   -
frame   339 :  an opened book +1.19  a closed book +0.56   led 235/  0 h0.96 lvl+0.87   -
frame   340 :  an opened book -0.48  a closed book -0.87   led   0/255 h0.00 lvl-0.67   -
frame   341 :  a closed book -1.09  an opened book -1.16   led   0/255 h0.00 lvl-1.13   -
frame   342 :  a closed book -1.12  an opened book -1.46   led   0/255 h0.00 lvl-1.29   -
frame   343 :  a closed book +0.22  an opened book +0.16   led   6/167 h0.18 lvl+0.19   -
frame   344 :  a closed book -0.07  an opened book -0.44   led   0/255 h0.00 lvl-0.25   -
frame   345 :  an opened book +0.21  a closed book -0.26   led   5/168 h0.17 lvl-0.02   -
frame   346 :  an opened book +1.36*  a closed book +1.24*   led 255/  0 h1.00 lvl+1.30   MATCH an opened book (cos -0.100)
frame   347 :  a closed book +0.44  an opened book +0.29   led  26/ 97 h0.36 lvl+0.37   -
frame   348 :  an opened book +1.51*  a closed book +1.46*   led 255/  0 h1.00 lvl+1.49   MATCH an opened book (cos -0.099)
frame   349 :  a closed book +0.32  an opened book -0.02   led  13/133 h0.26 lvl+0.15   -
frame   350 :  an opened book +0.05  a closed book -0.13   led   0/232 h0.04 lvl-0.04   -
frame   351 :  an opened book -0.09  a closed book -0.09   led   0/255 h0.00 lvl-0.09   -
frame   352 :  an opened book +0.48  a closed book +0.13   led  32/ 86 h0.39 lvl+0.30   -
frame   353 :  an opened book +0.13  a closed book +0.07   led   2/199 h0.11 lvl+0.10   -
frame   354 :  an opened book -0.80  a closed book -1.43   led   0/255 h0.00 lvl-1.11   -
frame   355 :  a closed book +0.10  an opened book +0.01   led   1/212 h0.08 lvl+0.06   -
frame   356 :  an opened book +0.78  a closed book +0.65   led  94/ 28 h0.63 lvl+0.71   -
frame   357 :  an opened book -0.31  a closed book -1.19   led   0/255 h0.00 lvl-0.75   -
frame   358 :  an opened book +1.41*  a closed book +1.00   led 255/  0 h1.00 lvl+1.21   MATCH an opened book (cos -0.100)
frame   359 :  a closed book +1.51*  an opened book +0.70   led 255/  0 h1.00 lvl+1.10   MATCH a closed book (cos -0.068)
frame   360 :  an opened book -0.25  a closed book -0.68   led   0/255 h0.00 lvl-0.47   -
frame   361 :  an opened book +0.30  a closed book +0.01   led  12/137 h0.25 lvl+0.16   -
frame   362 :  an opened book +0.60  a closed book +0.29   led  53/ 58 h0.49 lvl+0.45   -
frame   363 :  an opened book +0.02  a closed book -0.47   led   0/246 h0.02 lvl-0.23   -
frame   364 :  an opened book -0.38  a closed book -0.60   led   0/255 h0.00 lvl-0.49   -
frame   365 :  an opened book -0.81  a closed book -1.04   led   0/255 h0.00 lvl-0.92   -
frame   366 :  an opened book +0.69  a closed book +0.04   led  72/ 41 h0.56 lvl+0.36   -
frame   367 :  an opened book +0.30  a closed book -0.13   led  12/137 h0.25 lvl+0.09   -
frame   368 :  a closed book -0.56  an opened book -0.69   led   0/255 h0.00 lvl-0.62   -
frame   369 :  an opened book +0.27  a closed book +0.15   led   9/147 h0.22 lvl+0.21   -
frame   370 :  a closed book -1.27  an opened book -1.30   led   0/255 h0.00 lvl-1.29   -
frame   371 :  an opened book +0.31  a closed book +0.04   led  12/135 h0.25 lvl+0.17   -
frame   372 :  an opened book +0.08  a closed book -0.30   led   1/220 h0.06 lvl-0.11   -
frame   373 :  an opened book +0.19  a closed book -0.13   led   4/177 h0.15 lvl+0.03   -
frame   374 :  an opened book +2.22*  a closed book +1.59*   led 255/  0 h1.00 lvl+1.91   MATCH an opened book (cos -0.096)
frame   375 :  an opened book -0.16  a closed book -0.21   led   0/255 h0.00 lvl-0.19   -
frame   376 :  a closed book -0.16  an opened book -0.31   led   0/255 h0.00 lvl-0.24   -
frame   377 :  a closed book -0.68  an opened book -0.86   led   0/255 h0.00 lvl-0.77   -
frame   378 :  an opened book +1.13  a closed book +0.92   led 213/  1 h0.92 lvl+1.03   -
frame   379 :  an opened book -1.44  a closed book -1.45   led   0/255 h0.00 lvl-1.45   -
frame   380 :  a closed book +0.62  an opened book +0.54   led  56/ 55 h0.50 lvl+0.58   -
frame   381 :  an opened book -1.45  a closed book -1.62   led   0/255 h0.00 lvl-1.53   -
frame   382 :  a closed book +0.55  an opened book +0.50   led  43/ 69 h0.45 lvl+0.53   -
frame   383 :  an opened book +0.62  a closed book +0.04   led  56/ 55 h0.50 lvl+0.33   -
frame   384 :  an opened book +0.75  a closed book +0.36   led  85/ 33 h0.61 lvl+0.55   -
frame   385 :  an opened book +1.28*  a closed book +0.92   led 255/  0 h1.00 lvl+1.10   MATCH an opened book (cos -0.100)
frame   386 :  an opened book -0.53  a closed book -0.80   led   0/255 h0.00 lvl-0.67   -
frame   387 :  an opened book +0.40  a closed book +0.32   led  22/107 h0.33 lvl+0.36   -
frame   388 :  an opened book -0.25  a closed book -0.70   led   0/255 h0.00 lvl-0.48   -
frame   389 :  an opened book -0.53  a closed book -0.81   led   0/255 h0.00 lvl-0.67   -
frame   390 :  a closed book +0.17  an opened book +0.02   led   3/184 h0.14 lvl+0.09   -
frame   391 :  a closed book -0.26  an opened book -0.99   led   0/255 h0.00 lvl-0.63   -
frame   392 :  a closed book -0.86  an opened book -1.16   led   0/255 h0.00 lvl-1.01   -
frame   393 :  an opened book -0.94  a closed book -1.94   led   0/255 h0.00 lvl-1.44   -
frame   394 :  a closed book +1.40*  an opened book +0.98   led 255/  0 h1.00 lvl+1.19   MATCH a closed book (cos -0.069)
frame   395 :  a closed book +0.93  an opened book +0.67   led 137/ 12 h0.75 lvl+0.80   -
frame   396 :  an opened book +1.21  a closed book +0.73   led 248/  0 h0.99 lvl+0.97   -
frame   397 :  a closed book +0.42  an opened book +0.15   led  24/101 h0.34 lvl+0.29   -
frame   398 :  an opened book +0.56  a closed book +0.19   led  45/ 67 h0.46 lvl+0.38   -
frame   399 :  an opened book -1.49  a closed book -1.75   led   0/255 h0.00 lvl-1.62   -
background: after 30 frames (frozen, room spread), this room reads  a closed book -0.077 +-0.0060 (COCO -0.159 +-0.0351)  an opened book -0.105 +-0.0041 (COCO -0.151 +-0.0303)
frame   400 :  a closed book +0.43  an opened book +0.13   led  25/100 h0.35 lvl+0.28   -
frame   401 :  an opened book +0.19  a closed book -0.15   led   4/176 h0.15 lvl+0.02   -
frame   402 :  an opened book +0.19  a closed book -0.48   led   4/178 h0.15 lvl-0.15   -
frame   403 :  an opened book -0.70  a closed book -0.75   led   0/255 h0.00 lvl-0.72   -
frame   404 :  an opened book +0.65  a closed book +0.45   led  63/ 48 h0.53 lvl+0.55   -
frame   405 :  an opened book -0.26  a closed book -0.43   led   0/255 h0.00 lvl-0.34   -
frame   406 :  an opened book +2.32*  a closed book +2.20*   led 255/  0 h1.00 lvl+2.26   MATCH an opened book (cos -0.096)
frame   407 :  an opened book +1.36*  a closed book +0.69   led 255/  0 h1.00 lvl+1.03   MATCH an opened book (cos -0.100)
frame   408 :  an opened book +0.12  a closed book +0.03   led   2/203 h0.10 lvl+0.07   -
frame   409 :  an opened book +0.98  a closed book +0.31   led 154/  8 h0.80 lvl+0.64   -
frame   410 :  an opened book +0.98  a closed book +0.39   led 156/  7 h0.80 lvl+0.69   -
frame   411 :  an opened book -0.36  a closed book -0.93   led   0/255 h0.00 lvl-0.65   -
frame   412 :  an opened book +0.85  a closed book +0.52   led 113/ 19 h0.69 lvl+0.68   -
frame   413 :  an opened book +1.25*  a closed book +0.64   led 255/  0 h1.00 lvl+0.95   MATCH an opened book (cos -0.100)
frame   414 :  an opened book -0.69  a closed book -0.80   led   0/255 h0.00 lvl-0.74   -
frame   415 :  a closed book -0.79  an opened book -1.04   led   0/255 h0.00 lvl-0.92   -
frame   416 :  a closed book +0.25  an opened book -0.14   led   7/156 h0.20 lvl+0.05   -
frame   417 :  an opened book -0.79  a closed book -1.23   led   0/255 h0.00 lvl-1.01   -
frame   418 :  an opened book -0.14  a closed book -0.20   led   0/255 h0.00 lvl-0.17   -
frame   419 :  an opened book -0.35  a closed book -1.07   led   0/255 h0.00 lvl-0.71   -
frame   420 :  a closed book -0.75  an opened book -1.30   led   0/255 h0.00 lvl-1.03   -
frame   421 :  an opened book -0.09  a closed book -1.10   led   0/255 h0.00 lvl-0.59   -
frame   422 :  an opened book -0.63  a closed book -1.46   led   0/255 h0.00 lvl-1.04   -
frame   423 :  an opened book +0.82  a closed book +0.70   led 104/ 23 h0.66 lvl+0.76   -
frame   424 :  a closed book +0.13  an opened book +0.12   led   2/198 h0.11 lvl+0.13   -
frame   425 :  a closed book -0.40  an opened book -0.95   led   0/255 h0.00 lvl-0.67   -
frame   426 :  an opened book -0.89  a closed book -0.90   led   0/255 h0.00 lvl-0.89   -
frame   427 :  an opened book +0.50  a closed book +0.05   led  35/ 81 h0.41 lvl+0.28   -
frame   428 :  a closed book -0.26  an opened book -0.34   led   0/255 h0.00 lvl-0.30   -
frame   429 :  an opened book +1.07  a closed book +0.86   led 189/  3 h0.87 lvl+0.97   -
frame   430 :  a closed book +0.28  an opened book +0.02   led  10/144 h0.23 lvl+0.15   -
frame   431 :  an opened book +2.25*  a closed book +1.83*   led 255/  0 h1.00 lvl+2.04   MATCH an opened book (cos -0.096)
frame   432 :  an opened book +0.73  a closed book +0.44   led  80/ 36 h0.59 lvl+0.58   -
frame   433 :  a closed book +0.67  an opened book +0.61   led  67/ 45 h0.55 lvl+0.64   -
frame   434 :  an opened book +2.87*  a closed book +2.08*   led 255/  0 h1.00 lvl+2.47   MATCH an opened book (cos -0.094)
frame   435 :  an opened book +0.57  a closed book -0.25   led  46/ 65 h0.46 lvl+0.16   -
frame   436 :  an opened book -0.41  a closed book -0.82   led   0/255 h0.00 lvl-0.62   -
frame   437 :  an opened book -0.09  a closed book -1.20   led   0/255 h0.00 lvl-0.65   -
frame   438 :  an opened book -0.89  a closed book -1.51   led   0/255 h0.00 lvl-1.20   -
frame   439 :  a closed book +1.05  an opened book +0.76   led 181/  4 h0.85 lvl+0.90   -
frame   440 :  an opened book +1.12  a closed book +1.00   led 206/  1 h0.91 lvl+1.06   -
frame   441 :  a closed book -0.16  an opened book -0.74   led   0/255 h0.00 lvl-0.45   -
frame   442 :  an opened book +2.12*  a closed book +1.54*   led 255/  0 h1.00 lvl+1.83   MATCH an opened book (cos -0.097)
frame   443 :  a closed book -1.59  an opened book -1.95   led   0/255 h0.00 lvl-1.77   -
frame   444 :  an opened book +0.55  a closed book +0.00   led  43/ 69 h0.45 lvl+0.28   -
frame   445 :  an opened book -1.20  a closed book -1.52   led   0/255 h0.00 lvl-1.36   -
frame   446 :  a closed book -0.57  an opened book -0.69   led   0/255 h0.00 lvl-0.63   -
frame   447 :  an opened book +0.41  a closed book +0.14   led  23/104 h0.33 lvl+0.28   -
frame   448 :  a closed book -0.14  an opened book -0.76   led   0/255 h0.00 lvl-0.45   -
frame   449 :  a closed book -0.38  an opened book -0.46   led   0/255 h0.00 lvl-0.42   -
frame   450 :  a closed book +0.65  an opened book +0.58   led  63/ 48 h0.53 lvl+0.62   -
frame   451 :  a closed book -0.44  an opened book -0.67   led   0/255 h0.00 lvl-0.56   -
frame   452 :  a closed book -0.36  an opened book -0.79   led   0/255 h0.00 lvl-0.58   -
frame   453 :  an opened book -1.15  a closed book -1.68   led   0/255 h0.00 lvl-1.42   -
frame   454 :  an opened book +0.52  a closed book -0.06   led  38/ 77 h0.42 lvl+0.23   -
frame   455 :  an opened book +1.96*  a closed book +1.15   led 255/  0 h1.00 lvl+1.56   MATCH an opened book (cos -0.097)
frame   456 :  a closed book +1.36*  an opened book +0.95   led 255/  0 h1.00 lvl+1.16   MATCH a closed book (cos -0.069)
frame   457 :  an opened book +0.10  a closed book -0.86   led   1/214 h0.08 lvl-0.38   -
frame   458 :  an opened book +0.98  a closed book +0.69   led 155/  8 h0.80 lvl+0.83   -
frame   459 :  an opened book +1.50*  a closed book +1.29*   led 255/  0 h1.00 lvl+1.39   MATCH an opened book (cos -0.099)
frame   460 :  an opened book +0.46  a closed book +0.10   led  30/ 90 h0.38 lvl+0.28   -
frame   461 :  a closed book -0.73  an opened book -0.88   led   0/255 h0.00 lvl-0.81   -
frame   462 :  a closed book -0.20  an opened book -0.41   led   0/255 h0.00 lvl-0.31   -
frame   463 :  an opened book +0.47  a closed book +0.37   led  31/ 87 h0.39 lvl+0.42   -
frame   464 :  an opened book +0.71  a closed book +0.35   led  76/ 38 h0.58 lvl+0.53   -
frame   465 :  an opened book +0.12  a closed book +0.08   led   2/204 h0.10 lvl+0.10   -
frame   466 :  an opened book +0.76  a closed book +0.38   led  89/ 30 h0.62 lvl+0.57   -
frame   467 :  a closed book +1.20  an opened book +0.91   led 241/  0 h0.97 lvl+1.05   -
frame   468 :  an opened book +1.42*  a closed book +1.27*   led 255/  0 h1.00 lvl+1.35   MATCH an opened book (cos -0.100)
frame   469 :  an opened book -0.63  a closed book -0.80   led   0/255 h0.00 lvl-0.72   -
frame   470 :  an opened book +2.01*  a closed book +1.74*   led 255/  0 h1.00 lvl+1.88   MATCH an opened book (cos -0.097)
frame   471 :  an opened book +0.44  a closed book -0.29   led  27/ 96 h0.36 lvl+0.07   -
frame   472 :  an opened book -0.17  a closed book -0.65   led   0/255 h0.00 lvl-0.41   -
frame   473 :  an opened book +0.68  a closed book -0.02   led  68/ 44 h0.55 lvl+0.33   -
frame   474 :  an opened book +0.77  a closed book +0.32   led  90/ 30 h0.62 lvl+0.54   -
frame   475 :  an opened book -0.25  a closed book -1.10   led   0/255 h0.00 lvl-0.68   -
frame   476 :  an opened book +0.65  a closed book +0.11   led  63/ 48 h0.53 lvl+0.38   -
frame   477 :  a closed book -0.44  an opened book -0.63   led   0/255 h0.00 lvl-0.54   -
frame   478 :  an opened book +0.23  a closed book -0.52   led   6/162 h0.19 lvl-0.15   -
frame   479 :  an opened book -1.52  a closed book -1.97   led   0/255 h0.00 lvl-1.74   -
frame   480 :  an opened book +0.05  a closed book -0.22   led   0/231 h0.04 lvl-0.09   -
frame   481 :  an opened book -0.72  a closed book -1.19   led   0/255 h0.00 lvl-0.96   -
frame   482 :  an opened book +1.19  a closed book +0.41   led 236/  0 h0.97 lvl+0.80   -
frame   483 :  an opened book +1.03  a closed book +0.53   led 172/  5 h0.84 lvl+0.78   -
frame   484 :  an opened book +0.10  a closed book -0.57   led   1/211 h0.08 lvl-0.24   -
frame   485 :  a closed book +1.36*  an opened book +1.10   led 255/  0 h1.00 lvl+1.23   MATCH a closed book (cos -0.069)
frame   486 :  an opened book -0.17  a closed book -0.94   led   0/255 h0.00 lvl-0.55   -
frame   487 :  an opened book +0.18  a closed book -0.14   led   4/179 h0.15 lvl+0.02   -
frame   488 :  an opened book +1.04  a closed book +0.96   led 176/  4 h0.84 lvl+1.00   -
frame   489 :  an opened book +0.73  a closed book +0.11   led  80/ 36 h0.59 lvl+0.42   -
frame   490 :  a closed book +1.78*  an opened book +1.15   led 255/  0 h1.00 lvl+1.47   MATCH a closed book (cos -0.067)
frame   491 :  an opened book +0.73  a closed book +0.47   led  80/ 36 h0.59 lvl+0.60   -
frame   492 :  an opened book +0.44  a closed book -0.06   led  26/ 97 h0.35 lvl+0.19   -
frame   493 :  a closed book +0.82  an opened book +0.65   led 104/ 23 h0.66 lvl+0.73   -
frame   494 :  an opened book -1.40  a closed book -1.51   led   0/255 h0.00 lvl-1.45   -
frame   495 :  an opened book -1.41  a closed book -1.66   led   0/255 h0.00 lvl-1.54   -
frame   496 :  an opened book -1.68  a closed book -1.91   led   0/255 h0.00 lvl-1.79   -
frame   497 :  a closed book -1.09  an opened book -2.23   led   0/255 h0.00 lvl-1.66   -
frame   498 :  a closed book -1.87  an opened book -3.76   led   0/255 h0.00 lvl-2.82   -
frame   499 :  a closed book -1.03  an opened book -1.81   led   0/255 h0.00 lvl-1.42   -
background: after 30 frames (frozen, room spread), this room reads  a closed book -0.077 +-0.0060 (COCO -0.159 +-0.0351)  an opened book -0.105 +-0.0041 (COCO -0.151 +-0.0303)
frame   500 :  a closed book -2.31  an opened book -3.20   led   0/255 h0.00 lvl-2.75   -
frame   501 :  a closed book -3.26  an opened book -3.91   led   0/255 h0.00 lvl-3.59   -
frame   502 :  an opened book -3.30  a closed book -3.83   led   0/255 h0.00 lvl-3.57   -
frame   503 :  an opened book -3.65  a closed book -4.09   led   0/255 h0.00 lvl-3.87   -
frame   504 :  an opened book -3.02  a closed book -3.63   led   0/255 h0.00 lvl-3.32   -
frame   505 :  an opened book -0.76  a closed book -2.71   led   0/255 h0.00 lvl-1.73   -
frame   506 :  an opened book -3.39  a closed book -5.04   led   0/255 h0.00 lvl-4.22   -
frame   507 :  an opened book -3.62  a closed book -5.64   led   0/255 h0.00 lvl-4.63   -
frame   508 :  an opened book -1.74  a closed book -2.75   led   0/255 h0.00 lvl-2.25   -
frame   509 :  an opened book -3.64  a closed book -4.50   led   0/255 h0.00 lvl-4.07   -
frame   510 :  an opened book -0.42  a closed book -1.88   led   0/255 h0.00 lvl-1.15   -
frame   511 :  an opened book -1.45  a closed book -2.96   led   0/255 h0.00 lvl-2.20   -
frame   512 :  an opened book -2.74  a closed book -3.27   led   0/255 h0.00 lvl-3.00   -
frame   513 :  an opened book -1.22  a closed book -2.38   led   0/255 h0.00 lvl-1.80   -
frame   514 :  an opened book -0.52  a closed book -2.05   led   0/255 h0.00 lvl-1.29   -
frame   515 :  an opened book -0.39  a closed book -1.12   led   0/255 h0.00 lvl-0.76   -
frame   516 :  an opened book -0.65  a closed book -1.47   led   0/255 h0.00 lvl-1.06   -
frame   517 :  an opened book -1.62  a closed book -1.68   led   0/255 h0.00 lvl-1.65   -
frame   518 :  an opened book -1.63  a closed book -1.82   led   0/255 h0.00 lvl-1.73   -
frame   519 :  an opened book -0.30  a closed book -0.38   led   0/255 h0.00 lvl-0.34   -
frame   520 :  an opened book -1.02  a closed book -1.58   led   0/255 h0.00 lvl-1.30   -
frame   521 :  a closed book +0.76  an opened book +0.16   led  88/ 31 h0.62 lvl+0.46   -
frame   522 :  an opened book +0.00  a closed book -0.67   led   0/253 h0.00 lvl-0.33   -
frame   523 :  a closed book -1.57  an opened book -1.72   led   0/255 h0.00 lvl-1.64   -
frame   524 :  an opened book -1.68  a closed book -1.85   led   0/255 h0.00 lvl-1.77   -
frame   525 :  an opened book -2.33  a closed book -3.09   led   0/255 h0.00 lvl-2.71   -
frame   526 :  an opened book -0.55  a closed book -0.94   led   0/255 h0.00 lvl-0.75   -
frame   527 :  a closed book -1.08  an opened book -1.41   led   0/255 h0.00 lvl-1.24   -
frame   528 :  a closed book -1.72  an opened book -1.95   led   0/255 h0.00 lvl-1.84   -
frame   529 :  an opened book -0.78  a closed book -1.13   led   0/255 h0.00 lvl-0.96   -
frame   530 :  an opened book -1.04  a closed book -1.04   led   0/255 h0.00 lvl-1.04   -
frame   531 :  an opened book -1.13  a closed book -1.59   led   0/255 h0.00 lvl-1.36   -
frame   532 :  a closed book -1.14  an opened book -1.23   led   0/255 h0.00 lvl-1.18   -
frame   533 :  an opened book -0.96  a closed book -1.48   led   0/255 h0.00 lvl-1.22   -
frame   534 :  a closed book -1.30  an opened book -1.71   led   0/255 h0.00 lvl-1.51   -
frame   535 :  an opened book -1.24  a closed book -1.54   led   0/255 h0.00 lvl-1.39   -
frame   536 :  an opened book -0.21  a closed book -0.95   led   0/255 h0.00 lvl-0.58   -
frame   537 :  an opened book -2.23  a closed book -2.51   led   0/255 h0.00 lvl-2.37   -
frame   538 :  an opened book -0.41  a closed book -1.99   led   0/255 h0.00 lvl-1.20   -
frame   539 :  an opened book -0.82  a closed book -1.96   led   0/255 h0.00 lvl-1.39   -
frame   540 :  an opened book +0.33  a closed book -0.75   led  14/127 h0.27 lvl-0.21   -
frame   541 :  an opened book -1.02  a closed book -2.38   led   0/255 h0.00 lvl-1.70   -
frame   542 :  an opened book -0.19  a closed book -1.58   led   0/255 h0.00 lvl-0.88   -
frame   543 :  an opened book -2.07  a closed book -2.80   led   0/255 h0.00 lvl-2.44   -
frame   544 :  an opened book -1.73  a closed book -2.27   led   0/255 h0.00 lvl-2.00   -
frame   545 :  an opened book -3.37  a closed book -4.09   led   0/255 h0.00 lvl-3.73   -
frame   546 :  an opened book -1.05  a closed book -3.38   led   0/255 h0.00 lvl-2.22   -
frame   547 :  an opened book -1.41  a closed book -2.62   led   0/255 h0.00 lvl-2.02   -
frame   548 :  an opened book -1.62  a closed book -3.05   led   0/255 h0.00 lvl-2.33   -
frame   549 :  an opened book -2.12  a closed book -3.22   led   0/255 h0.00 lvl-2.67   -
frame   550 :  an opened book -2.47  a closed book -3.70   led   0/255 h0.00 lvl-3.09   -
frame   551 :  a closed book -3.58  an opened book -3.90   led   0/255 h0.00 lvl-3.74   -
frame   552 :  a closed book -1.18  an opened book -2.38   led   0/255 h0.00 lvl-1.78   -
frame   553 :  a closed book -2.27  an opened book -2.73   led   0/255 h0.00 lvl-2.50   -
frame   554 :  a closed book -0.54  an opened book -1.49   led   0/255 h0.00 lvl-1.02   -
frame   555 :  a closed book -2.40  an opened book -4.10   led   0/255 h0.00 lvl-3.25   -
frame   556 :  a closed book -1.65  an opened book -2.90   led   0/255 h0.00 lvl-2.28   -
frame   557 :  a closed book -1.21  an opened book -2.55   led   0/255 h0.00 lvl-1.88   -
frame   558 :  a closed book +0.16  an opened book -0.85   led   3/189 h0.13 lvl-0.35   -
frame   559 :  a closed book -1.06  an opened book -2.37   led   0/255 h0.00 lvl-1.72   -
frame   560 :  a closed book -1.29  an opened book -3.45   led   0/255 h0.00 lvl-2.37   -
frame   561 :  a closed book -0.43  an opened book -1.49   led   0/255 h0.00 lvl-0.96   -
frame   562 :  a closed book -0.12  an opened book -1.11   led   0/255 h0.00 lvl-0.62   -
frame   563 :  a closed book -0.54  an opened book -1.89   led   0/255 h0.00 lvl-1.21   -
frame   564 :  a closed book -0.26  an opened book -2.06   led   0/255 h0.00 lvl-1.16   -
frame   565 :  a closed book +0.35  an opened book -1.81   led  16/122 h0.29 lvl-0.73   -
frame   566 :  a closed book -0.12  an opened book -1.93   led   0/255 h0.00 lvl-1.02   -
frame   567 :  a closed book -1.10  an opened book -2.47   led   0/255 h0.00 lvl-1.78   -
frame   568 :  a closed book -0.72  an opened book -2.63   led   0/255 h0.00 lvl-1.68   -
frame   569 :  a closed book -0.41  an opened book -2.32   led   0/255 h0.00 lvl-1.37   -
frame   570 :  a closed book -1.82  an opened book -2.78   led   0/255 h0.00 lvl-2.30   -
frame   571 :  a closed book +0.19  an opened book -1.52   led   4/177 h0.15 lvl-0.66   -
frame   572 :  a closed book -1.57  an opened book -3.57   led   0/255 h0.00 lvl-2.57   -
frame   573 :  a closed book -0.54  an opened book -1.79   led   0/255 h0.00 lvl-1.16   -
frame   574 :  a closed book -1.61  an opened book -2.36   led   0/255 h0.00 lvl-1.98   -
frame   575 :  a closed book -1.81  an opened book -3.01   led   0/255 h0.00 lvl-2.41   -
frame   576 :  a closed book -2.84  an opened book -4.53   led   0/255 h0.00 lvl-3.68   -
frame   577 :  a closed book -1.29  an opened book -2.36   led   0/255 h0.00 lvl-1.82   -
frame   578 :  a closed book -0.41  an opened book -1.68   led   0/255 h0.00 lvl-1.05   -
frame   579 :  a closed book -1.01  an opened book -2.20   led   0/255 h0.00 lvl-1.60   -
frame   580 :  a closed book -0.44  an opened book -1.55   led   0/255 h0.00 lvl-0.99   -
frame   581 :  a closed book -0.63  an opened book -2.25   led   0/255 h0.00 lvl-1.44   -
frame   582 :  a closed book -1.19  an opened book -3.55   led   0/255 h0.00 lvl-2.37   -
frame   583 :  a closed book -1.39  an opened book -3.07   led   0/255 h0.00 lvl-2.23   -
frame   584 :  a closed book -1.64  an opened book -3.01   led   0/255 h0.00 lvl-2.33   -
frame   585 :  a closed book -1.23  an opened book -2.81   led   0/255 h0.00 lvl-2.02   -
frame   586 :  a closed book +0.47  an opened book -0.79   led  31/ 88 h0.38 lvl-0.16   -
frame   587 :  a closed book -1.72  an opened book -3.26   led   0/255 h0.00 lvl-2.49   -
frame   588 :  a closed book -1.16  an opened book -2.59   led   0/255 h0.00 lvl-1.88   -
frame   589 :  a closed book +1.41*  an opened book +0.22   led 255/  0 h1.00 lvl+0.82   MATCH a closed book (cos -0.069)
frame   590 :  a closed book -1.48  an opened book -2.84   led   0/255 h0.00 lvl-2.16   -
frame   591 :  a closed book -0.98  an opened book -2.61   led   0/255 h0.00 lvl-1.80   -
frame   592 :  a closed book -0.68  an opened book -2.35   led   0/255 h0.00 lvl-1.52   -
frame   593 :  a closed book -1.85  an opened book -3.75   led   0/255 h0.00 lvl-2.80   -
frame   594 :  a closed book +0.70  an opened book -0.81   led  75/ 39 h0.57 lvl-0.05   -
frame   595 :  a closed book -1.73  an opened book -2.20   led   0/255 h0.00 lvl-1.96   -
frame   596 :  a closed book -0.90  an opened book -2.02   led   0/255 h0.00 lvl-1.46   -
frame   597 :  a closed book -1.04  an opened book -2.63   led   0/255 h0.00 lvl-1.84   -
frame   598 :  a closed book -1.17  an opened book -1.89   led   0/255 h0.00 lvl-1.53   -
frame   599 :  a closed book -0.85  an opened book -2.23   led   0/255 h0.00 lvl-1.54   -
background: after 30 frames (frozen, room spread), this room reads  a closed book -0.077 +-0.0060 (COCO -0.159 +-0.0351)  an opened book -0.105 +-0.0041 (COCO -0.151 +-0.0303)
frame   600 :  a closed book -1.52  an opened book -2.55   led   0/255 h0.00 lvl-2.03   -

stopped   : 601 frames, 601 good, capture overlapped with the compute, configuration C
            601 frames timed, 286 ms/frame mean (capture included)
            269 ms encode + 0 ms waiting for the sensor + 16 ms burst; 296 ms/frame by the clock
            380 ms shutter to LED, arming with 88 ms of compute left
            last frame mean RGB 116 114 117
            camera bus: worst gap 15 us against the 2000 us deadline (#12)
            usb: 0 outages, 0 ms off the bus, 0 re-attaches (#9)
