Warning: You are sending unauthenticated requests to the HF Hub. Please set a HF_TOKEN to enable higher rate limits and faster downloads.
WARNING:huggingface_hub.utils._http:Warning: You are sending unauthenticated requests to the HF Hub. Please set a HF_TOKEN to enable higher rate limits and faster downloads.
pair      : 'a glass with tea'  vs  'an empty glass'
keep      : 23 stems from bench/stills/20260822-synth-glass-crop2/keep.txt
stills    : 23 from bench/stills/20260822-synth-glass-crop2/pos, 23 from bench/stills/20260822-synth-glass-crop2/neg
rounds    : ['r?'] / ['r?']
teacher   : ViT-SO400M-14-SigLIP2:webli, 7 templates
basis     : emb_train2017_SO400M-pca512_s30000.basis.npz
student   : so400m-s30k, epoch 19
student   : so400m-rkd10, epoch 20
student   : so400m-rkd100, epoch 19
device    : mps

==============================================================================
MARGIN AUC BY STAGE, on the phrases as the board sends them
  teacher 1152         sep 0.949  |sep| 0.949  within 0.949  drift   n/a
                       gap 1.6463 =   2.3 sd   round swing not measured - one round   (sd 0.7267)
                       per round: r? 0.949
  pca 512              sep 0.943  |sep| 0.943  within 0.943  drift   n/a
                       gap 1.3658 =   2.3 sd   round swing not measured - one round   (sd 0.5989)
                       per round: r? 0.943
  s30k                 sep 0.590  |sep| 0.590  within 0.590  drift   n/a
                       gap 0.2140 =   0.3 sd   round swing not measured - one round   (sd 0.6226)
                       per round: r? 0.590
  rkd10                sep 0.616  |sep| 0.616  within 0.616  drift   n/a
                       gap 0.2170 =   0.5 sd   round swing not measured - one round   (sd 0.4654)
                       per round: r? 0.616
  rkd100               sep 0.677  |sep| 0.677  within 0.677  drift   n/a
                       gap 0.4906 =   0.7 sd   round swing not measured - one round   (sd 0.7431)
                       per round: r? 0.677

==============================================================================
WITHIN SCENE - the same picture in two states, so the scene cancels
  teacher 1152         scenes  23   right way round 23/23   mean +1.6463 =   1.6 sd   (sd 1.0164)
  pca 512              scenes  23   right way round 23/23   mean +1.3658 =   1.6 sd   (sd 0.8368)
  s30k                 scenes  23   right way round 14/23   mean +0.2140 =   0.4 sd   (sd 0.5804)
  rkd10                scenes  23   right way round 15/23   mean +0.2170 =   0.5 sd   (sd 0.3960)
  rkd100               scenes  23   right way round 19/23   mean +0.4906 =   0.8 sd   (sd 0.5884)

==============================================================================
AND WITH THE QUERY TAKEN OUT OF IT - a fitted axis, held out by round
  teacher 1152         held-out oracle AUC n/a - needs two or more rounds
  pca 512              held-out oracle AUC n/a - needs two or more rounds
  s30k                 held-out oracle AUC n/a - needs two or more rounds
  rkd10                held-out oracle AUC n/a - needs two or more rounds
  rkd100               held-out oracle AUC n/a - needs two or more rounds
  A stage that reads high here and low above holds the difference and is
  merely not being asked for it. A stage low in both has lost it.

  trivial cue: frame mean luma AUC 0.628  (102.3 vs 121.2)

  class axis, s30k against pca 512: cos +0.172   (1.0 = the same difference, 0.0 = an unrelated one)

  class axis, rkd10 against pca 512: cos +0.176   (1.0 = the same difference, 0.0 = an unrelated one)

  class axis, rkd100 against pca 512: cos +0.185   (1.0 = the same difference, 0.0 = an unrelated one)
