
=== M9: fpga-open-vocab - describe it, the board spots it ===

clock     : 150 MHz system, core 1.10 V
waiting for a bitstream on USB CDC (host/demo.py)
bitstream : 173124 bytes announced, crc32 0a2e9953
bitstream : received intact
configure : configured, CDONE high   CDONE=1 nSTATUS=0
crc       : DMA sniffer, calc=1 out_rev=1 out_inv=1
model     : 9 layers, 512-d embedding, 131072 B/buffer
weights   : 780720 B, crc32=0xF368CC6E  (270 ms to hash)

reference : encoder_fast on the flash test vector  (3379 ms)

link      : probing the wire by running the whole test vector over it
probe     : 3 forward data lines -> 512/512 floats exact, 741 ms
link      : configuration C, 3 forward data lines, 75.0 MHz

camera    : exposure ramp 66 74 82 89 95 102 108 114 117 127 136 137 138 139
camera    : live 128x128 RGB565, id 0x82, 16.0 MHz, expose 36 ms, read 16 ms, exposure settled after 14 frames
            mean RGB 146 138 134  (tuned camera on a neutral scene: about 115 107 105)

queries   : waiting for a query set on USB CDC (host/demo.py)
queries   : 2 accepted, 512-d, crc ok
            scored as z = (cos - background) / std, where the background is this room's
            own mean over its first 30 frames and is then FROZEN - so a thing left in
            shot keeps its score instead of decaying into the furniture. 'N' re-learns
            it, 'H' switches to tracking. The COCO figures below are only the seed for
            frame 0 and the fixed std.
            std is THIS ROOM's, measured over the same 30 frames ('S' switches to COCO's).
            The thresholds below still mean the 90th percentile of a background; the
            background they now mean it against is this room empty, not 5000 COCO photos.
            z is EMA-smoothed at 0.35 (~5 frames) before ranking, so a state has to
            persist for about two seconds to be called.
            an opened book       match above z 1.23   (COCO background -0.151 +- 0.030, so cos -0.114)
            a closed book        match above z 1.23   (COCO background -0.159 +- 0.035, so cos -0.116)

loop      : capture, 8 convs on the T8, pool and head, then one cosine per query. 'B' for BOOTSEL, 'R' to restart,
            'P' to dump the next frame for host/cam.py, 'V' to dump its 512 floats for host/caption.py,
            'E' to provoke a fault so D1 shows its fault display, 'H' to freeze/unfreeze the background,
            'S' to switch the spread between this room's and COCO's, 'W' to hang on purpose and see
            the watchdog name the stage,
            'N' to forget it and learn it again from now. 'P' and 'V' together describe the same frame.
            scores are z against this room's background, ranked; '*' means over its threshold.
            '1'..'6' enrol the next 20 frames as that class and '0' as the empty scene. Two
            classes in and the board decides by nearest reference instead of by threshold - see M21.
            The first 30 frames set the baseline and it is then frozen, so anything left in
            shot KEEPS its score. Point the camera at the empty scene for those frames.
            Send a new set at any time to re-query - that resets the baseline too.

frame     0 :  a closed book +1.04  an opened book +0.60   led 178/  4 h0.85 lvl+0.82   -
frame     1 :  a closed book +0.73  an opened book +0.48   led  80/ 36 h0.59 lvl+0.60   -
frame     2 :  a closed book +0.51  an opened book +0.34   led  36/ 79 h0.41 lvl+0.42   -
frame     3 :  a closed book +0.31  an opened book +0.22   led  12/134 h0.25 lvl+0.26   -
frame     4 :  a closed book +0.24  an opened book +0.15   led   7/156 h0.20 lvl+0.20   -
frame     5 :  a closed book +0.13  an opened book +0.08   led   2/200 h0.11 lvl+0.10   -
frame     6 :  a closed book +0.04  an opened book +0.02   led   0/238 h0.03 lvl+0.03   -
frame     7 :  a closed book +0.02  an opened book -0.02   led   0/244 h0.02 lvl+0.00   -
background: after 8 frames (warming up, room spread), this room reads  an opened book -0.096 +-0.0027 (COCO -0.151 +-0.0303)  a closed book -0.052 +-0.0030 (COCO -0.159 +-0.0351)
frame     8 :  a closed book -0.18  an opened book -0.27   led   0/255 h0.00 lvl-0.23   -
frame     9 :  a closed book -0.83  an opened book -0.84   led   0/255 h0.00 lvl-0.83   -
frame    10 :  a closed book -1.13  an opened book -1.56   led   0/255 h0.00 lvl-1.34   -
frame    11 :  a closed book -0.69  an opened book -0.99   led   0/255 h0.00 lvl-0.84   -
frame    12 :  an opened book -0.65  a closed book -1.06   led   0/255 h0.00 lvl-0.85   -
frame    13 :  an opened book +0.15  a closed book -0.51   led   2/193 h0.12 lvl-0.18   -
frame    14 :  an opened book +0.16  a closed book -0.38   led   3/187 h0.13 lvl-0.11   -
frame    15 :  an opened book +0.89  a closed book +0.39   led 124/ 15 h0.72 lvl+0.64   -
frame    16 :  an opened book +0.80  a closed book +0.11   led 100/ 25 h0.65 lvl+0.45   -
frame    17 :  an opened book +0.53  a closed book -0.11   led  40/ 74 h0.43 lvl+0.21   -
frame    18 :  an opened book +0.81  a closed book +0.08   led 103/ 24 h0.66 lvl+0.45   -
frame    19 :  an opened book +0.06  a closed book -0.64   led   0/230 h0.05 lvl-0.29   -
frame    20 :  an opened book +0.40  a closed book +0.04   led  22/107 h0.33 lvl+0.22   -
frame    21 :  an opened book +0.86  a closed book +0.10   led 116/ 18 h0.70 lvl+0.48   -
frame    22 :  an opened book +0.26  a closed book +0.05   led   8/152 h0.21 lvl+0.15   -
frame    23 :  an opened book -0.34  a closed book -0.75   led   0/255 h0.00 lvl-0.54   -
frame    24 :  an opened book -0.37  a closed book -0.86   led   0/255 h0.00 lvl-0.61   -
frame    25 :  an opened book -0.77  a closed book -1.40   led   0/255 h0.00 lvl-1.09   -
frame    26 :  an opened book -0.72  a closed book -1.83   led   0/255 h0.00 lvl-1.28   -
frame    27 :  an opened book +0.25  a closed book -1.08   led   8/155 h0.20 lvl-0.41   -
frame    28 :  an opened book +0.28  a closed book -0.87   led  10/145 h0.23 lvl-0.29   -
frame    29 :  an opened book +0.78  a closed book -0.01   led  93/ 28 h0.63 lvl+0.38   -
frame    30 :  an opened book +0.42  a closed book -0.18   led  24/102 h0.34 lvl+0.12   -
frame    31 :  an opened book +0.68  a closed book +0.31   led  69/ 43 h0.55 lvl+0.50   -
frame    32 :  an opened book +0.69  a closed book +0.32   led  71/ 42 h0.56 lvl+0.51   -
frame    33 :  an opened book +0.15  a closed book -0.04   led   3/190 h0.13 lvl+0.06   -
frame    34 :  an opened book +0.24  a closed book -0.23   led   7/157 h0.20 lvl+0.01   -
frame    35 :  an opened book +0.53  a closed book +0.40   led  41/ 73 h0.43 lvl+0.47   -
frame    36 :  an opened book -0.11  a closed book -0.44   led   0/255 h0.00 lvl-0.28   -
frame    37 :  an opened book -0.46  a closed book -1.04   led   0/255 h0.00 lvl-0.75   -
frame    38 :  an opened book -0.91  a closed book -1.52   led   0/255 h0.00 lvl-1.21   -
frame    39 :  an opened book -0.38  a closed book -1.09   led   0/255 h0.00 lvl-0.74   -
frame    40 :  an opened book -0.97  a closed book -1.71   led   0/255 h0.00 lvl-1.34   -
frame    41 :  an opened book -1.13  a closed book -1.90   led   0/255 h0.00 lvl-1.51   -
frame    42 :  an opened book -0.66  a closed book -1.07   led   0/255 h0.00 lvl-0.87   -
frame    43 :  an opened book -0.08  a closed book -0.39   led   0/255 h0.00 lvl-0.24   -
frame    44 :  an opened book -0.22  a closed book -0.37   led   0/255 h0.00 lvl-0.30   -
frame    45 :  a closed book +0.53  an opened book +0.36   led  40/ 74 h0.43 lvl+0.44   -
frame    46 :  a closed book +0.92  an opened book +0.76   led 136/ 12 h0.75 lvl+0.84   -
frame    47 :  a closed book +1.28*  an opened book +1.02   led 255/  0 h1.00 lvl+1.15   MATCH a closed book (cos -0.046)
frame    48 :  a closed book +0.16  an opened book -0.07   led   3/189 h0.13 lvl+0.04   -
frame    49 :  a closed book +0.14  an opened book -0.11   led   2/197 h0.11 lvl+0.01   -
frame    50 :  a closed book +0.09  an opened book +0.01   led   1/217 h0.07 lvl+0.05   -
frame    51 :  an opened book +0.07  a closed book -0.19   led   0/226 h0.05 lvl-0.06   -
frame    52 :  an opened book -0.34  a closed book -0.44   led   0/255 h0.00 lvl-0.39   -
frame    53 :  an opened book -0.51  a closed book -0.61   led   0/255 h0.00 lvl-0.56   -
frame    54 :  an opened book -0.82  a closed book -1.11   led   0/255 h0.00 lvl-0.96   -
frame    55 :  an opened book -0.14  a closed book -0.64   led   0/255 h0.00 lvl-0.39   -
frame    56 :  an opened book +0.13  a closed book -0.01   led   2/200 h0.11 lvl+0.06   -
frame    57 :  a closed book +0.55  an opened book +0.28   led  43/ 70 h0.45 lvl+0.42   -
frame    58 :  a closed book +0.21  an opened book -0.00   led   5/168 h0.17 lvl+0.10   -
frame    59 :  a closed book -0.26  an opened book -0.34   led   0/255 h0.00 lvl-0.30   -
frame    60 :  an opened book +0.04  a closed book -0.03   led   0/235 h0.04 lvl+0.01   -
frame    61 :  an opened book +0.02  a closed book -0.14   led   0/247 h0.02 lvl-0.06   -
frame    62 :  an opened book +0.15  a closed book -0.07   led   2/193 h0.12 lvl+0.04   -
frame    63 :  an opened book -0.22  a closed book -0.52   led   0/255 h0.00 lvl-0.37   -
frame    64 :  an opened book -0.38  a closed book -0.53   led   0/255 h0.00 lvl-0.46   -
frame    65 :  an opened book -0.83  a closed book -0.89   led   0/255 h0.00 lvl-0.86   -
frame    66 :  an opened book -1.38  a closed book -1.40   led   0/255 h0.00 lvl-1.39   -
frame    67 :  a closed book -1.70  an opened book -1.80   led   0/255 h0.00 lvl-1.75   -
frame    68 :  a closed book -0.85  an opened book -0.89   led   0/255 h0.00 lvl-0.87   -
frame    69 :  an opened book -0.64  a closed book -0.83   led   0/255 h0.00 lvl-0.74   -
frame    70 :  an opened book -0.34  a closed book -0.71   led   0/255 h0.00 lvl-0.53   -
frame    71 :  an opened book +0.13  a closed book -0.21   led   2/198 h0.11 lvl-0.04   -

[host] /dev/cu.usbmodem21101 vanished mid-run. That is what m9's watchdog reboot looks like from this end; the board should come back in a few seconds and say why. Following it.
[host] nothing with VID 2E8A came back within 45s, so the board is not enumerating at all and the watchdog did not get it either.
[host] uhubctl -l 2-1 -p 1 -a cycle   # then wait ~9 s and retry

[host] /dev/cu.usbmodem21101 vanished mid-run. That is what m9's watchdog reboot looks like from this end; the board should come back in a few seconds and say why. Following it.
[host] nothing with VID 2E8A came back within 45s, so the board is not enumerating at all and the watchdog did not get it either.
[host] uhubctl -l 2-1 -p 1 -a cycle   # then wait ~9 s and retry
