
=== M9: fpga-open-vocab - describe it, the board spots it ===

clock     : 150 MHz system, core 1.10 V
waiting for a bitstream on USB CDC (host/demo.py)
bitstream : 173124 bytes announced, crc32 0a2e9953
bitstream : received intact
configure : configured, CDONE high   CDONE=1 nSTATUS=0
crc       : DMA sniffer, calc=1 out_rev=1 out_inv=1
model     : 9 layers, 512-d embedding, 131072 B/buffer
weights   : 780720 B, crc32=0xF368CC6E  (270 ms to hash)

reference : encoder_fast on the flash test vector  (3379 ms)

link      : probing the wire by running the whole test vector over it
probe     : 3 forward data lines -> 512/512 floats exact, 741 ms
link      : configuration C, 3 forward data lines, 75.0 MHz

camera    : exposure ramp 68 76 84 91 99 105 111 117 120 131 135 136 137 138
camera    : live 128x128 RGB565, id 0x82, 16.0 MHz, expose 36 ms, read 16 ms, exposure settled after 14 frames
            mean RGB 146 137 134  (tuned camera on a neutral scene: about 115 107 105)

queries   : waiting for a query set on USB CDC (host/demo.py)
queries   : 2 accepted, 512-d, crc ok
            scored as z = (cos - background) / std, where the background is this room's
            own mean over its first 30 frames and is then FROZEN - so a thing left in
            shot keeps its score instead of decaying into the furniture. 'N' re-learns
            it, 'H' switches to tracking. The COCO figures below are only the seed for
            frame 0 and the fixed std.
            std is THIS ROOM's, measured over the same 30 frames ('S' switches to COCO's).
            The thresholds below still mean the 90th percentile of a background; the
            background they now mean it against is this room empty, not 5000 COCO photos.
            z is EMA-smoothed at 0.35 (~5 frames) before ranking, so a state has to
            persist for about two seconds to be called.
            an opened book       match above z 1.23   (COCO background -0.151 +- 0.030, so cos -0.114)
            a closed book        match above z 1.23   (COCO background -0.159 +- 0.035, so cos -0.116)

loop      : capture, 8 convs on the T8, pool and head, then one cosine per query. 'B' for BOOTSEL, 'R' to restart,
            'P' to dump the next frame for host/cam.py, 'V' to dump its 512 floats for host/caption.py,
            'E' to provoke a fault so D1 shows its fault display, 'H' to freeze/unfreeze the background,
            'S' to switch the spread between this room's and COCO's, 'W' to hang on purpose and see
            the watchdog name the stage,
            'N' to forget it and learn it again from now. 'P' and 'V' together describe the same frame.
            scores are z against this room's background, ranked; '*' means over its threshold.
            '1'..'6' enrol the next 20 frames as that class and '0' as the empty scene. Two
            classes in and the board decides by nearest reference instead of by threshold - see M21.
            The first 30 frames set the baseline and it is then frozen, so anything left in
            shot KEEPS its score. Point the camera at the empty scene for those frames.
            Send a new set at any time to re-query - that resets the baseline too.

frame     0 :  a closed book +1.00  an opened book +0.54   led 163/  6 h0.81 lvl+0.77   -
frame     1 :  a closed book +0.66  an opened book +0.39   led  64/ 47 h0.53 lvl+0.52   -
frame     2 :  a closed book +0.39  an opened book +0.28   led  20/111 h0.31 lvl+0.33   -
frame     3 :  a closed book +0.29  an opened book +0.22   led  11/140 h0.24 lvl+0.26   -
frame     4 :  a closed book +0.22  an opened book +0.19   led   6/167 h0.18 lvl+0.20   -
frame     5 :  an opened book +0.24  a closed book +0.17   led   7/159 h0.19 lvl+0.21   -
frame     6 :  an opened book +0.18  a closed book +0.09   led   4/180 h0.15 lvl+0.14   -
frame     7 :  an opened book +0.19  a closed book +0.12   led   4/178 h0.15 lvl+0.15   -
background: after 8 frames (warming up, room spread), this room reads  an opened book -0.097 +-0.0046 (COCO -0.151 +-0.0303)  a closed book -0.057 +-0.0033 (COCO -0.159 +-0.0351)
frame     8 :  a closed book +0.72  an opened book +0.02   led  78/ 37 h0.58 lvl+0.37   -
frame     9 :  a closed book +0.65  an opened book -0.01   led  62/ 50 h0.53 lvl+0.32   -
frame    10 :  a closed book +0.99  an opened book +0.59   led 159/  7 h0.81 lvl+0.79   -
frame    11 :  a closed book +0.74  an opened book +0.46   led  83/ 34 h0.60 lvl+0.60   -
frame    12 :  a closed book +0.91  an opened book +0.69   led 133/ 13 h0.74 lvl+0.80   -
frame    13 :  a closed book -0.26  an opened book -0.43   led   0/255 h0.00 lvl-0.34   -
frame    14 :  an opened book -0.83  a closed book -1.01   led   0/255 h0.00 lvl-0.92   -
frame    15 :  a closed book -1.29  an opened book -1.41   led   0/255 h0.00 lvl-1.35   -
frame    16 :  an opened book -1.09  a closed book -1.28   led   0/255 h0.00 lvl-1.18   -
frame    17 :  an opened book -0.40  a closed book -0.55   led   0/255 h0.00 lvl-0.48   -
frame    18 :  an opened book -0.40  a closed book -0.68   led   0/255 h0.00 lvl-0.54   -
frame    19 :  an opened book -0.02  a closed book -0.36   led   0/255 h0.00 lvl-0.19   -
frame    20 :  an opened book +0.15  a closed book -0.23   led   2/192 h0.12 lvl-0.04   -
frame    21 :  an opened book -0.17  a closed book -0.36   led   0/255 h0.00 lvl-0.27   -
frame    22 :  an opened book +0.22  a closed book -0.27   led   6/164 h0.18 lvl-0.02   -
frame    23 :  an opened book +0.36  a closed book +0.05   led  17/118 h0.30 lvl+0.21   -
frame    24 :  an opened book +0.33  a closed book -0.16   led  14/130 h0.26 lvl+0.08   -
frame    25 :  an opened book -0.11  a closed book -0.45   led   0/255 h0.00 lvl-0.28   -
frame    26 :  an opened book -0.16  a closed book -0.38   led   0/255 h0.00 lvl-0.27   -
frame    27 :  a closed book -0.55  an opened book -0.56   led   0/255 h0.00 lvl-0.55   -
frame    28 :  a closed book -0.17  an opened book -0.36   led   0/255 h0.00 lvl-0.26   -
frame    29 :  a closed book -1.09  an opened book -1.17   led   0/255 h0.00 lvl-1.13   -
frame    30 :  an opened book -1.23  a closed book -1.28   led   0/255 h0.00 lvl-1.25   -
frame    31 :  an opened book -0.82  a closed book -0.86   led   0/255 h0.00 lvl-0.84   -
frame    32 :  an opened book -0.53  a closed book -0.82   led   0/255 h0.00 lvl-0.68   -
frame    33 :  an opened book -0.72  a closed book -1.18   led   0/255 h0.00 lvl-0.95   -
frame    34 :  an opened book -0.56  a closed book -0.97   led   0/255 h0.00 lvl-0.77   -
frame    35 :  an opened book -0.48  a closed book -0.59   led   0/255 h0.00 lvl-0.54   -
frame    36 :  a closed book -0.26  an opened book -0.31   led   0/255 h0.00 lvl-0.28   -
frame    37 :  an opened book +0.34  a closed book +0.32   led  15/125 h0.28 lvl+0.33   -
frame    38 :  an opened book +0.65  a closed book +0.38   led  63/ 48 h0.53 lvl+0.52   -
frame    39 :  an opened book +1.01  a closed book +0.53   led 165/  6 h0.82 lvl+0.77   -
frame    40 :  an opened book +0.54  a closed book +0.15   led  41/ 72 h0.44 lvl+0.34   -
frame    41 :  an opened book +0.11  a closed book -0.14   led   1/207 h0.09 lvl-0.01   -
frame    42 :  an opened book -0.17  a closed book -0.28   led   0/255 h0.00 lvl-0.22   -
frame    43 :  an opened book -0.14  a closed book -0.30   led   0/255 h0.00 lvl-0.22   -
frame    44 :  an opened book -0.48  a closed book -0.64   led   0/255 h0.00 lvl-0.56   -
frame    45 :  an opened book -0.47  a closed book -0.49   led   0/255 h0.00 lvl-0.48   -
frame    46 :  an opened book -0.99  a closed book -1.42   led   0/255 h0.00 lvl-1.20   -
frame    47 :  an opened book -0.49  a closed book -0.76   led   0/255 h0.00 lvl-0.62   -
frame    48 :  an opened book -0.09  a closed book -0.30   led   0/255 h0.00 lvl-0.20   -
frame    49 :  an opened book +0.22  a closed book +0.11   led   6/163 h0.18 lvl+0.17   -
frame    50 :  a closed book +0.45  an opened book +0.43   led  28/ 93 h0.37 lvl+0.44   -
frame    51 :  an opened book +0.26  a closed book +0.11   led   8/151 h0.21 lvl+0.18   -
frame    52 :  an opened book +0.25  a closed book -0.10   led   8/153 h0.21 lvl+0.08   -
frame    53 :  an opened book +0.22  a closed book -0.03   led   6/165 h0.18 lvl+0.09   -
frame    54 :  an opened book +0.24  a closed book +0.03   led   7/160 h0.19 lvl+0.13   -
frame    55 :  an opened book +0.13  a closed book +0.05   led   2/201 h0.10 lvl+0.09   -
frame    56 :  a closed book +0.19  an opened book +0.12   led   4/178 h0.15 lvl+0.15   -
frame    57 :  a closed book -0.10  an opened book -0.32   led   0/255 h0.00 lvl-0.21   -
frame    58 :  a closed book +0.05  an opened book -0.43   led   0/232 h0.04 lvl-0.19   -
frame    59 :  a closed book -0.43  an opened book -0.49   led   0/255 h0.00 lvl-0.46   -
frame    60 :  an opened book -0.02  a closed book -0.21   led   0/255 h0.00 lvl-0.12   -
frame    61 :  an opened book -0.26  a closed book -0.75   led   0/255 h0.00 lvl-0.50   -
frame    62 :  an opened book -0.01  a closed book -0.14   led   0/255 h0.00 lvl-0.07   -
frame    63 :  an opened book +0.09  a closed book -0.03   led   1/216 h0.07 lvl+0.03   -
frame    64 :  an opened book -0.17  a closed book -0.33   led   0/255 h0.00 lvl-0.25   -
frame    65 :  an opened book +0.24  a closed book +0.15   led   7/160 h0.19 lvl+0.20   -
frame    66 :  a closed book +0.85  an opened book +0.55   led 113/ 19 h0.69 lvl+0.70   -
frame    67 :  a closed book +0.68  an opened book +0.51   led  69/ 43 h0.55 lvl+0.60   -
frame    68 :  a closed book +0.58  an opened book +0.25   led  49/ 63 h0.47 lvl+0.42   -
frame    69 :  a closed book +0.12  an opened book -0.28   led   1/204 h0.10 lvl-0.08   -
frame    70 :  a closed book -0.59  an opened book -0.83   led   0/255 h0.00 lvl-0.71   -
frame    71 :  a closed book -0.78  an opened book -1.14   led   0/255 h0.00 lvl-0.96   -
frame    72 :  a closed book -0.96  an opened book -1.20   led   0/255 h0.00 lvl-1.08   -
frame    73 :  a closed book -0.53  an opened book -0.92   led   0/255 h0.00 lvl-0.73   -
frame    74 :  an opened book -1.11  a closed book -1.22   led   0/255 h0.00 lvl-1.17   -
frame    75 :  an opened book -0.33  a closed book -0.54   led   0/255 h0.00 lvl-0.44   -
frame    76 :  a closed book -0.20  an opened book -0.32   led   0/255 h0.00 lvl-0.26   -
frame    77 :  a closed book +0.13  an opened book +0.10   led   2/198 h0.11 lvl+0.12   -
frame    78 :  a closed book +0.16  an opened book +0.04   led   3/187 h0.13 lvl+0.10   -
frame    79 :  a closed book +0.33  an opened book +0.20   led  14/129 h0.27 lvl+0.26   -
frame    80 :  an opened book +0.40  a closed book +0.19   led  22/107 h0.33 lvl+0.29   -
frame    81 :  a closed book +0.56  an opened book +0.45   led  45/ 67 h0.46 lvl+0.51   -
frame    82 :  a closed book +0.54  an opened book +0.37   led  41/ 72 h0.44 lvl+0.45   -
frame    83 :  a closed book +0.39  an opened book +0.35   led  20/111 h0.32 lvl+0.37   -
frame    84 :  an opened book -0.22  a closed book -0.45   led   0/255 h0.00 lvl-0.34   -
frame    85 :  an opened book -0.60  a closed book -0.99   led   0/255 h0.00 lvl-0.80   -
frame    86 :  an opened book -0.39  a closed book -0.71   led   0/255 h0.00 lvl-0.55   -
frame    87 :  an opened book -0.65  a closed book -1.01   led   0/255 h0.00 lvl-0.83   -
frame    88 :  an opened book -0.95  a closed book -1.28   led   0/255 h0.00 lvl-1.12   -
frame    89 :  an opened book -0.97  a closed book -1.13   led   0/255 h0.00 lvl-1.05   -
frame    90 :  an opened book -0.70  a closed book -1.10   led   0/255 h0.00 lvl-0.90   -
frame    91 :  a closed book -0.35  an opened book -0.35   led   0/255 h0.00 lvl-0.35   -
frame    92 :  a closed book +0.32  an opened book +0.13   led  13/133 h0.26 lvl+0.22   -
frame    93 :  a closed book +0.69  an opened book +0.07   led  71/ 42 h0.56 lvl+0.38   -
frame    94 :  a closed book +0.32  an opened book -0.05   led  13/131 h0.26 lvl+0.14   -
frame    95 :  a closed book +0.16  an opened book -0.10   led   3/186 h0.13 lvl+0.03   -
frame    96 :  a closed book +0.62  an opened book +0.33   led  57/ 54 h0.51 lvl+0.47   -
frame    97 :  a closed book +0.39  an opened book +0.19   led  20/110 h0.32 lvl+0.29   -
frame    98 :  a closed book -0.11  an opened book -0.24   led   0/255 h0.00 lvl-0.18   -
frame    99 :  an opened book -0.31  a closed book -0.43   led   0/255 h0.00 lvl-0.37   -
background: after 30 frames (frozen, room spread), this room reads  an opened book -0.099 +-0.0055 (COCO -0.151 +-0.0303)  a closed book -0.059 +-0.0049 (COCO -0.159 +-0.0351)
frame   100 :  a closed book -0.50  an opened book -0.63   led   0/255 h0.00 lvl-0.56   -
frame   101 :  a closed book -0.78  an opened book -0.80   led   0/255 h0.00 lvl-0.79   -
frame   102 :  a closed book -0.58  an opened book -0.69   led   0/255 h0.00 lvl-0.63   -
frame   103 :  a closed book -0.78  an opened book -0.85   led   0/255 h0.00 lvl-0.82   -
frame   104 :  a closed book -0.31  an opened book -0.34   led   0/255 h0.00 lvl-0.32   -
frame   105 :  an opened book +0.11  a closed book +0.08   led   1/208 h0.09 lvl+0.09   -
frame   106 :  an opened book +0.24  a closed book +0.18   led   7/159 h0.19 lvl+0.21   -
frame   107 :  a closed book +0.59  an opened book +0.30   led  50/ 61 h0.48 lvl+0.45   -
frame   108 :  a closed book +0.33  an opened book +0.08   led  14/128 h0.27 lvl+0.21   -
frame   109 :  a closed book +0.46  an opened book +0.25   led  30/ 90 h0.38 lvl+0.36   -
frame   110 :  an opened book +0.43  a closed book +0.35   led  25/ 99 h0.35 lvl+0.39   -
frame   111 :  a closed book +0.52  an opened book +0.27   led  39/ 75 h0.43 lvl+0.40   -
frame   112 :  a closed book -0.13  an opened book -0.19   led   0/255 h0.00 lvl-0.16   -
frame   113 :  a closed book +0.03  an opened book +0.02   led   0/240 h0.03 lvl+0.03   -
frame   114 :  a closed book -0.38  an opened book -0.74   led   0/255 h0.00 lvl-0.56   -
frame   115 :  an opened book -0.58  a closed book -0.64   led   0/255 h0.00 lvl-0.61   -
frame   116 :  an opened book -0.50  a closed book -0.60   led   0/255 h0.00 lvl-0.55   -
frame   117 :  an opened book -0.37  a closed book -0.47   led   0/255 h0.00 lvl-0.42   -
frame   118 :  an opened book -0.17  a closed book -0.45   led   0/255 h0.00 lvl-0.31   -
frame   119 :  an opened book -0.30  a closed book -0.56   led   0/255 h0.00 lvl-0.43   -
frame   120 :  a closed book +0.27  an opened book +0.21   led   9/148 h0.22 lvl+0.24   -
frame   121 :  a closed book +0.62  an opened book +0.37   led  57/ 54 h0.51 lvl+0.50   -
frame   122 :  a closed book +1.04  an opened book +0.75   led 175/  4 h0.84 lvl+0.89   -
frame   123 :  a closed book +0.44  an opened book +0.35   led  27/ 96 h0.36 lvl+0.39   -
frame   124 :  a closed book +0.68  an opened book +0.32   led  70/ 43 h0.56 lvl+0.50   -
frame   125 :  a closed book +0.40  an opened book +0.32   led  21/108 h0.32 lvl+0.36   -
frame   126 :  a closed book -0.12  an opened book -0.13   led   0/255 h0.00 lvl-0.12   -
frame   127 :  an opened book -0.04  a closed book -0.24   led   0/255 h0.00 lvl-0.14   -
frame   128 :  an opened book -0.43  a closed book -0.54   led   0/255 h0.00 lvl-0.49   -
frame   129 :  a closed book -0.61  an opened book -0.66   led   0/255 h0.00 lvl-0.63   -
frame   130 :  a closed book -0.70  an opened book -0.79   led   0/255 h0.00 lvl-0.75   -
frame   131 :  an opened book -0.65  a closed book -0.70   led   0/255 h0.00 lvl-0.67   -
frame   132 :  an opened book -0.44  a closed book -0.68   led   0/255 h0.00 lvl-0.56   -
frame   133 :  an opened book -0.14  a closed book -0.52   led   0/255 h0.00 lvl-0.33   -
frame   134 :  an opened book +0.01  a closed book -0.14   led   0/251 h0.01 lvl-0.06   -
frame   135 :  an opened book -0.00  a closed book -0.46   led   0/255 h0.00 lvl-0.23   -
frame   136 :  an opened book +0.55  a closed book +0.24   led  44/ 69 h0.45 lvl+0.40   -
frame   137 :  an opened book +0.55  a closed book +0.03   led  44/ 69 h0.45 lvl+0.29   -
frame   138 :  an opened book +0.47  a closed book +0.08   led  31/ 88 h0.38 lvl+0.28   -
frame   139 :  an opened book +0.51  a closed book +0.26   led  37/ 79 h0.41 lvl+0.39   -
frame   140 :  an opened book +1.19  a closed book +1.03   led 238/  0 h0.97 lvl+1.11   -
frame   141 :  an opened book +0.45  a closed book +0.13   led  27/ 94 h0.36 lvl+0.29   -
frame   142 :  an opened book +0.14  a closed book -0.44   led   2/196 h0.11 lvl-0.15   -
frame   143 :  an opened book -0.57  a closed book -0.84   led   0/255 h0.00 lvl-0.71   -
frame   144 :  an opened book -0.46  a closed book -0.47   led   0/255 h0.00 lvl-0.46   -
frame   145 :  an opened book -0.77  a closed book -0.81   led   0/255 h0.00 lvl-0.79   -
frame   146 :  an opened book -0.66  a closed book -0.72   led   0/255 h0.00 lvl-0.69   -
frame   147 :  an opened book -0.62  a closed book -1.03   led   0/255 h0.00 lvl-0.83   -
frame   148 :  an opened book -0.13  a closed book -0.32   led   0/255 h0.00 lvl-0.22   -
frame   149 :  an opened book -0.24  a closed book -0.72   led   0/255 h0.00 lvl-0.48   -
frame   150 :  an opened book -0.62  a closed book -1.11   led   0/255 h0.00 lvl-0.86   -
frame   151 :  a closed book -0.41  an opened book -0.54   led   0/255 h0.00 lvl-0.48   -
frame   152 :  a closed book +0.10  an opened book -0.07   led   1/210 h0.08 lvl+0.02   -
frame   153 :  a closed book +0.25  an opened book +0.04   led   8/155 h0.20 lvl+0.15   -
frame   154 :  a closed book +0.57  an opened book +0.39   led  48/ 64 h0.47 lvl+0.48   -
frame   155 :  a closed book +0.77  an opened book +0.08   led  92/ 29 h0.63 lvl+0.43   -
frame   156 :  a closed book +0.36  an opened book -0.09   led  17/119 h0.29 lvl+0.13   -
frame   157 :  a closed book +0.39  an opened book -0.07   led  21/109 h0.32 lvl+0.16   -
frame   158 :  a closed book +0.10  an opened book -0.16   led   1/211 h0.08 lvl-0.03   -
frame   159 :  a closed book -0.06  an opened book -0.32   led   0/255 h0.00 lvl-0.19   -
frame   160 :  a closed book -0.11  an opened book -0.40   led   0/255 h0.00 lvl-0.25   -
frame   161 :  an opened book -0.46  a closed book -0.50   led   0/255 h0.00 lvl-0.48   -
frame   162 :  an opened book -0.47  a closed book -0.69   led   0/255 h0.00 lvl-0.58   -
frame   163 :  an opened book -0.60  a closed book -0.79   led   0/255 h0.00 lvl-0.70   -
frame   164 :  an opened book -0.54  a closed book -0.99   led   0/255 h0.00 lvl-0.77   -
frame   165 :  an opened book +0.02  a closed book -0.21   led   0/248 h0.01 lvl-0.10   -
frame   166 :  a closed book +0.49  an opened book +0.25   led  34/ 83 h0.40 lvl+0.37   -
frame   167 :  a closed book +1.01  an opened book +0.55   led 167/  6 h0.82 lvl+0.78   -
frame   168 :  a closed book +0.91  an opened book +0.60   led 132/ 13 h0.74 lvl+0.75   -
frame   169 :  a closed book +0.40  an opened book +0.34   led  22/107 h0.33 lvl+0.37   -
frame   170 :  an opened book -0.08  a closed book -0.21   led   0/255 h0.00 lvl-0.14   -
frame   171 :  an opened book -0.26  a closed book -0.95   led   0/255 h0.00 lvl-0.61   -
frame   172 :  an opened book -0.31  a closed book -0.46   led   0/255 h0.00 lvl-0.38   -
frame   173 :  an opened book -0.42  a closed book -0.87   led   0/255 h0.00 lvl-0.64   -
frame   174 :  an opened book -0.60  a closed book -0.86   led   0/255 h0.00 lvl-0.73   -
frame   175 :  an opened book -0.32  a closed book -0.61   led   0/255 h0.00 lvl-0.47   -
frame   176 :  a closed book -0.51  an opened book -0.53   led   0/255 h0.00 lvl-0.52   -
frame   177 :  a closed book -0.34  an opened book -0.37   led   0/255 h0.00 lvl-0.35   -
frame   178 :  an opened book -0.06  a closed book -0.08   led   0/255 h0.00 lvl-0.07   -
frame   179 :  an opened book +0.32  a closed book +0.23   led  14/130 h0.26 lvl+0.28   -
frame   180 :  a closed book +0.22  an opened book +0.16   led   6/165 h0.18 lvl+0.19   -
frame   181 :  a closed book +0.45  an opened book +0.33   led  28/ 93 h0.37 lvl+0.39   -
frame   182 :  a closed book +0.29  an opened book -0.03   led  10/142 h0.23 lvl+0.13   -
frame   183 :  a closed book +0.27  an opened book +0.21   led   9/147 h0.22 lvl+0.24   -
frame   184 :  a closed book +0.31  an opened book +0.16   led  13/134 h0.25 lvl+0.24   -
frame   185 :  an opened book -0.33  a closed book -0.74   led   0/255 h0.00 lvl-0.53   -
frame   186 :  an opened book -0.41  a closed book -0.89   led   0/255 h0.00 lvl-0.65   -
frame   187 :  an opened book -0.49  a closed book -0.65   led   0/255 h0.00 lvl-0.57   -
frame   188 :  an opened book -0.85  a closed book -1.03   led   0/255 h0.00 lvl-0.94   -
frame   189 :  a closed book -0.16  an opened book -0.32   led   0/255 h0.00 lvl-0.24   -
frame   190 :  an opened book -0.13  a closed book -0.31   led   0/255 h0.00 lvl-0.22   -
frame   191 :  an opened book +0.02  a closed book -0.32   led   0/247 h0.02 lvl-0.15   -
frame   192 :  an opened book -0.11  a closed book -0.15   led   0/255 h0.00 lvl-0.13   -
frame   193 :  a closed book -0.07  an opened book -0.31   led   0/255 h0.00 lvl-0.19   -
frame   194 :  a closed book +0.27  an opened book +0.18   led   9/148 h0.22 lvl+0.22   -
frame   195 :  a closed book +0.24  an opened book +0.14   led   7/158 h0.19 lvl+0.19   -
frame   196 :  an opened book +0.23  a closed book -0.11   led   6/162 h0.19 lvl+0.06   -
frame   197 :  an opened book +0.49  a closed book +0.02   led  34/ 82 h0.40 lvl+0.26   -
frame   198 :  an opened book +0.43  a closed book +0.25   led  25/100 h0.35 lvl+0.34   -
frame   199 :  an opened book -0.13  a closed book -0.49   led   0/255 h0.00 lvl-0.31   -
background: after 30 frames (frozen, room spread), this room reads  an opened book -0.099 +-0.0055 (COCO -0.151 +-0.0303)  a closed book -0.059 +-0.0049 (COCO -0.159 +-0.0351)
frame   200 :  an opened book -0.27  a closed book -0.57   led   0/255 h0.00 lvl-0.42   -

stopped   : 201 frames, 201 good, 802 ms/frame mean (capture included), configuration C
            last frame mean RGB 136 128 127
