
=== M9: fpga-open-vocab - describe it, the board spots it ===

clock     : 150 MHz system, core 1.10 V
waiting for a bitstream on USB CDC (host/demo.py)
bitstream : 173124 bytes announced, crc32 0a2e9953
bitstream : received intact
configure : configured, CDONE high   CDONE=1 nSTATUS=0
crc       : DMA sniffer, calc=1 out_rev=1 out_inv=1
model     : 9 layers, 512-d embedding, 131072 B/buffer
weights   : 780720 B, crc32=0xF368CC6E  (270 ms to hash)

reference : encoder_fast on the flash test vector  (3378 ms)

link      : probing the wire by running the whole test vector over it
probe     : 3 forward data lines -> 512/512 floats exact, 741 ms
link      : configuration C, 3 forward data lines, 75.0 MHz

camera    : exposure ramp 67 76 83 91 97 104 110 116 119 129 134 135 136 137
camera    : live 128x128 RGB565, id 0x82, 16.0 MHz, expose 36 ms, read 16 ms, exposure settled after 14 frames
            mean RGB 143 136 133  (tuned camera on a neutral scene: about 115 107 105)

queries   : waiting for a query set on USB CDC (host/demo.py)
queries   : 2 accepted, 512-d, crc ok
            scored as z = (cos - background) / std, where the background is this room's
            own mean over its first 30 frames and is then FROZEN - so a thing left in
            shot keeps its score instead of decaying into the furniture. 'N' re-learns
            it, 'H' switches to tracking. The COCO figures below are only the seed for
            frame 0 and the fixed std.
            std is THIS ROOM's, measured over the same 30 frames ('S' switches to COCO's).
            The thresholds below still mean the 90th percentile of a background; the
            background they now mean it against is this room empty, not 5000 COCO photos.
            z is EMA-smoothed at 0.35 (~5 frames) before ranking, so a state has to
            persist for about two seconds to be called.
            an opened book       match above z 1.23   (COCO background -0.151 +- 0.030, so cos -0.114)
            a closed book        match above z 1.23   (COCO background -0.159 +- 0.035, so cos -0.116)

loop      : capture, 8 convs on the T8, pool and head, then one cosine per query. 'B' for BOOTSEL, 'R' to restart,
            'P' to dump the next frame for host/cam.py, 'V' to dump its 512 floats for host/caption.py,
            'E' to provoke a fault so D1 shows its fault display, 'H' to freeze/unfreeze the background,
            'S' to switch the spread between this room's and COCO's, 'W' to hang on purpose and see
            the watchdog name the stage,
            'N' to forget it and learn it again from now. 'P' and 'V' together describe the same frame.
            scores are z against this room's background, ranked; '*' means over its threshold.
            '1'..'6' enrol the next 20 frames as that class and '0' as the empty scene. Two
            classes in and the board decides by nearest reference instead of by threshold - see M21.
            The first 30 frames set the baseline and it is then frozen, so anything left in
            shot KEEPS its score. Point the camera at the empty scene for those frames.
            Send a new set at any time to re-query - that resets the baseline too.

frame     0 :  a closed book +1.06  an opened book +0.65   led 186/  3 h0.87 lvl+0.86   -
frame     1 :  a closed book +0.71  an opened book +0.42   led  76/ 38 h0.58 lvl+0.57   -
frame     2 :  a closed book +0.48  an opened book +0.25   led  32/ 85 h0.39 lvl+0.36   -
frame     3 :  a closed book +0.26  an opened book +0.13   led   8/152 h0.21 lvl+0.19   -
frame     4 :  a closed book +0.20  an opened book +0.12   led   5/173 h0.16 lvl+0.16   -
frame     5 :  a closed book +0.14  an opened book +0.06   led   2/197 h0.11 lvl+0.10   -
frame     6 :  a closed book +0.03  an opened book +0.02   led   0/243 h0.02 lvl+0.02   -
frame     7 :  an opened book -0.00  a closed book -0.07   led   0/255 h0.00 lvl-0.04   -
background: after 8 frames (warming up, room spread), this room reads  an opened book -0.096 +-0.0018 (COCO -0.151 +-0.0303)  a closed book -0.054 +-0.0043 (COCO -0.159 +-0.0351)
frame     8 :  an opened book -0.02  a closed book -0.12   led   0/255 h0.00 lvl-0.07   -
frame     9 :  a closed book -0.60  an opened book -1.02   led   0/255 h0.00 lvl-0.81   -
frame    10 :  a closed book -0.80  an opened book -1.15   led   0/255 h0.00 lvl-0.98   -
frame    11 :  a closed book -1.20  an opened book -1.96   led   0/255 h0.00 lvl-1.58   -
frame    12 :  a closed book -1.57  an opened book -2.11   led   0/255 h0.00 lvl-1.84   -
frame    13 :  a closed book -1.42  an opened book -1.88   led   0/255 h0.00 lvl-1.65   -
frame    14 :  a closed book -1.28  an opened book -1.36   led   0/255 h0.00 lvl-1.32   -
frame    15 :  a closed book -1.05  an opened book -1.25   led   0/255 h0.00 lvl-1.15   -
frame    16 :  an opened book -0.78  a closed book -0.98   led   0/255 h0.00 lvl-0.88   -
frame    17 :  an opened book +0.26  a closed book -0.24   led   8/152 h0.21 lvl+0.01   -
frame    18 :  an opened book +0.32  a closed book -0.48   led  14/130 h0.26 lvl-0.08   -
frame    19 :  an opened book +1.01  a closed book +0.09   led 166/  6 h0.82 lvl+0.55   -
frame    20 :  an opened book +1.27*  a closed book +0.71   led 255/  0 h1.00 lvl+0.99   MATCH an opened book (cos -0.090)
frame    21 :  a closed book +0.90  an opened book +0.89   led 129/ 14 h0.73 lvl+0.89   -
frame    22 :  an opened book +1.07  a closed book +0.82   led 187/  3 h0.87 lvl+0.95   -
frame    23 :  an opened book +0.78  a closed book +0.46   led  93/ 28 h0.63 lvl+0.62   -
frame    24 :  a closed book +0.78  an opened book +0.49   led  95/ 27 h0.64 lvl+0.64   -
frame    25 :  a closed book +0.72  an opened book +0.55   led  79/ 37 h0.59 lvl+0.64   -
frame    26 :  a closed book +0.53  an opened book +0.13   led  40/ 74 h0.43 lvl+0.33   -
frame    27 :  a closed book +0.05  an opened book -0.27   led   0/234 h0.04 lvl-0.11   -
frame    28 :  a closed book -0.21  an opened book -0.55   led   0/255 h0.00 lvl-0.38   -
frame    29 :  a closed book -0.20  an opened book -0.48   led   0/255 h0.00 lvl-0.34   -
frame    30 :  a closed book -0.36  an opened book -0.60   led   0/255 h0.00 lvl-0.48   -
frame    31 :  a closed book -0.31  an opened book -0.36   led   0/255 h0.00 lvl-0.34   -
frame    32 :  an opened book +0.34  a closed book -0.11   led  15/126 h0.27 lvl+0.11   -
frame    33 :  an opened book +0.42  a closed book +0.06   led  25/100 h0.35 lvl+0.24   -
frame    34 :  an opened book +0.48  a closed book +0.34   led  33/ 85 h0.39 lvl+0.41   -
frame    35 :  an opened book +0.89  a closed book +0.20   led 124/ 15 h0.72 lvl+0.54   -
frame    36 :  an opened book +1.10  a closed book +0.27   led 200/  2 h0.90 lvl+0.69   -
frame    37 :  an opened book +1.33*  a closed book +0.71   led 255/  0 h1.00 lvl+1.02   MATCH an opened book (cos -0.090)
frame    38 :  an opened book +1.06  a closed book +0.37   led 182/  3 h0.86 lvl+0.71   -
frame    39 :  an opened book +0.98  a closed book +0.40   led 156/  7 h0.80 lvl+0.69   -
frame    40 :  an opened book +0.46  a closed book -0.04   led  30/ 90 h0.38 lvl+0.21   -
frame    41 :  an opened book +0.69  a closed book +0.23   led  72/ 42 h0.56 lvl+0.46   -
frame    42 :  a closed book -0.26  an opened book -0.29   led   0/255 h0.00 lvl-0.28   -
frame    43 :  an opened book -0.02  a closed book -0.34   led   0/255 h0.00 lvl-0.18   -
frame    44 :  an opened book +0.13  a closed book -0.11   led   2/201 h0.10 lvl+0.01   -
frame    45 :  an opened book +0.28  a closed book +0.06   led  10/144 h0.23 lvl+0.17   -
frame    46 :  an opened book +0.63  a closed book +0.18   led  58/ 53 h0.51 lvl+0.41   -
frame    47 :  an opened book +0.10  a closed book -0.41   led   1/210 h0.08 lvl-0.15   -
frame    48 :  an opened book -0.29  a closed book -0.59   led   0/255 h0.00 lvl-0.44   -
frame    49 :  an opened book +0.72  a closed book +0.12   led  78/ 37 h0.58 lvl+0.42   -
frame    50 :  an opened book +0.86  a closed book +0.33   led 115/ 18 h0.70 lvl+0.59   -
frame    51 :  an opened book +0.90  a closed book +0.52   led 128/ 14 h0.73 lvl+0.71   -
frame    52 :  an opened book +0.52  a closed book +0.02   led  39/ 75 h0.43 lvl+0.27   -
frame    53 :  an opened book +0.68  a closed book +0.19   led  69/ 43 h0.55 lvl+0.43   -
frame    54 :  an opened book +1.46*  a closed book +0.65   led 255/  0 h1.00 lvl+1.06   MATCH an opened book (cos -0.086)
frame    55 :  an opened book +1.26*  a closed book +0.84   led 255/  0 h1.00 lvl+1.05   MATCH an opened book (cos -0.094)
frame    56 :  a closed book +0.37  an opened book +0.34   led  18/116 h0.30 lvl+0.36   -
frame    57 :  an opened book +0.92  a closed book +0.82   led 134/ 13 h0.75 lvl+0.87   -
frame    58 :  an opened book +0.83  a closed book +0.82   led 106/ 22 h0.67 lvl+0.82   -
frame    59 :  a closed book +1.03  an opened book +0.90   led 174/  4 h0.84 lvl+0.97   -
frame    60 :  a closed book +0.67  an opened book -0.08   led  66/ 46 h0.54 lvl+0.29   -
frame    61 :  a closed book +0.48  an opened book -0.50   led  32/ 86 h0.39 lvl-0.01   -
frame    62 :  a closed book +0.25  an opened book -0.76   led   8/153 h0.21 lvl-0.25   -
frame    63 :  a closed book +0.40  an opened book +0.14   led  22/106 h0.33 lvl+0.27   -
frame    64 :  an opened book +0.05  a closed book -0.18   led   0/234 h0.04 lvl-0.07   -
frame    65 :  an opened book +0.52  a closed book +0.04   led  39/ 76 h0.42 lvl+0.28   -
frame    66 :  an opened book +0.51  a closed book -0.11   led  37/ 78 h0.42 lvl+0.20   -
frame    67 :  an opened book +0.90  a closed book +0.17   led 129/ 14 h0.73 lvl+0.53   -
frame    68 :  an opened book +0.80  a closed book +0.35   led  98/ 26 h0.65 lvl+0.57   -
frame    69 :  an opened book +0.65  a closed book +0.20   led  62/ 49 h0.53 lvl+0.43   -
frame    70 :  an opened book +0.88  a closed book +0.53   led 123/ 16 h0.72 lvl+0.71   -
frame    71 :  an opened book +0.74  a closed book +0.53   led  83/ 34 h0.60 lvl+0.63   -
frame    72 :  an opened book +0.80  a closed book +0.77   led  98/ 26 h0.65 lvl+0.78   -
frame    73 :  an opened book +1.25*  a closed book +0.81   led 255/  0 h1.00 lvl+1.03   MATCH an opened book (cos -0.089)
frame    74 :  an opened book +0.79  a closed book +0.59   led  96/ 27 h0.64 lvl+0.69   -
frame    75 :  an opened book +0.97  a closed book +0.82   led 151/  8 h0.79 lvl+0.90   -
frame    76 :  a closed book +0.55  an opened book +0.41   led  43/ 70 h0.44 lvl+0.48   -
frame    77 :  a closed book -0.07  an opened book -0.37   led   0/255 h0.00 lvl-0.22   -
frame    78 :  a closed book -0.34  an opened book -1.08   led   0/255 h0.00 lvl-0.71   -
frame    79 :  a closed book -0.50  an opened book -1.21   led   0/255 h0.00 lvl-0.86   -
frame    80 :  a closed book -0.41  an opened book -1.21   led   0/255 h0.00 lvl-0.81   -
frame    81 :  a closed book -0.46  an opened book -0.92   led   0/255 h0.00 lvl-0.69   -
frame    82 :  a closed book -0.11  an opened book -0.54   led   0/255 h0.00 lvl-0.33   -
frame    83 :  a closed book -0.35  an opened book -0.55   led   0/255 h0.00 lvl-0.45   -
frame    84 :  a closed book +0.12  an opened book -0.09   led   2/204 h0.10 lvl+0.02   -
frame    85 :  a closed book +0.52  an opened book +0.44   led  39/ 75 h0.43 lvl+0.48   -
frame    86 :  an opened book +0.21  a closed book +0.13   led   5/168 h0.17 lvl+0.17   -
frame    87 :  an opened book +0.69  a closed book +0.58   led  71/ 42 h0.56 lvl+0.63   -
frame    88 :  an opened book +0.60  a closed book +0.40   led  53/ 58 h0.49 lvl+0.50   -
frame    89 :  an opened book +0.78  a closed book +0.43   led  95/ 27 h0.64 lvl+0.61   -
frame    90 :  an opened book +0.52  a closed book +0.47   led  39/ 76 h0.42 lvl+0.49   -
frame    91 :  a closed book +0.27  an opened book +0.26   led   9/149 h0.22 lvl+0.26   -
frame    92 :  a closed book +0.14  an opened book +0.09   led   2/196 h0.11 lvl+0.11   -
frame    93 :  a closed book +0.00  an opened book -0.34   led   0/254 h0.00 lvl-0.17   -
frame    94 :  a closed book -0.19  an opened book -0.75   led   0/255 h0.00 lvl-0.47   -
frame    95 :  a closed book +0.17  an opened book -0.39   led   3/182 h0.14 lvl-0.11   -
frame    96 :  a closed book +0.35  an opened book -0.00   led  16/123 h0.28 lvl+0.17   -
frame    97 :  a closed book +0.30  an opened book +0.09   led  11/139 h0.24 lvl+0.19   -
frame    98 :  an opened book +0.44  a closed book +0.35   led  27/ 96 h0.36 lvl+0.40   -
frame    99 :  an opened book +1.08  a closed book +0.92   led 192/  2 h0.88 lvl+1.00   -
background: after 30 frames (frozen, room spread), this room reads  an opened book -0.097 +-0.0040 (COCO -0.151 +-0.0303)  a closed book -0.056 +-0.0053 (COCO -0.159 +-0.0351)
frame   100 :  an opened book +0.88  a closed book +0.73   led 122/ 16 h0.71 lvl+0.80   -
frame   101 :  an opened book +0.92  a closed book +0.82   led 136/ 12 h0.75 lvl+0.87   -
frame   102 :  an opened book +0.64  a closed book +0.56   led  61/ 51 h0.52 lvl+0.60   -
frame   103 :  an opened book +1.25*  a closed book +0.75   led 255/  0 h1.00 lvl+1.00   MATCH an opened book (cos -0.088)
frame   104 :  an opened book +1.12  a closed book +0.61   led 206/  1 h0.91 lvl+0.86   -
frame   105 :  an opened book +0.98  a closed book +0.47   led 154/  8 h0.80 lvl+0.72   -
frame   106 :  an opened book +0.63  a closed book +0.59   led  58/ 53 h0.51 lvl+0.61   -
frame   107 :  an opened book +0.51  a closed book +0.27   led  36/ 79 h0.41 lvl+0.39   -
frame   108 :  an opened book +0.08  a closed book -0.02   led   1/221 h0.06 lvl+0.03   -
frame   109 :  a closed book -0.30  an opened book -0.41   led   0/255 h0.00 lvl-0.35   -
frame   110 :  a closed book -0.21  an opened book -0.45   led   0/255 h0.00 lvl-0.33   -
frame   111 :  a closed book -0.24  an opened book -0.61   led   0/255 h0.00 lvl-0.42   -
frame   112 :  a closed book -0.84  an opened book -1.02   led   0/255 h0.00 lvl-0.93   -
frame   113 :  an opened book -0.62  a closed book -0.72   led   0/255 h0.00 lvl-0.67   -
frame   114 :  an opened book -0.28  a closed book -0.44   led   0/255 h0.00 lvl-0.36   -
frame   115 :  an opened book +0.39  a closed book +0.09   led  20/110 h0.32 lvl+0.24   -
frame   116 :  an opened book +0.69  a closed book +0.45   led  71/ 42 h0.56 lvl+0.57   -
frame   117 :  a closed book +0.57  an opened book +0.45   led  47/ 65 h0.46 lvl+0.51   -
frame   118 :  an opened book +0.32  a closed book +0.31   led  14/130 h0.26 lvl+0.32   -
frame   119 :  an opened book +1.02  a closed book +0.82   led 170/  5 h0.83 lvl+0.92   -
frame   120 :  a closed book +1.14  an opened book +1.07   led 216/  1 h0.93 lvl+1.11   -
frame   121 :  an opened book +1.03  a closed book +0.48   led 174/  4 h0.84 lvl+0.76   -
frame   122 :  an opened book +0.44  a closed book +0.13   led  27/ 96 h0.36 lvl+0.29   -
frame   123 :  a closed book -0.00  an opened book -0.16   led   0/255 h0.00 lvl-0.08   -
frame   124 :  a closed book -0.08  an opened book -0.45   led   0/255 h0.00 lvl-0.26   -
frame   125 :  a closed book -0.28  an opened book -0.96   led   0/255 h0.00 lvl-0.62   -
frame   126 :  a closed book -0.47  an opened book -1.04   led   0/255 h0.00 lvl-0.75   -
frame   127 :  a closed book -0.50  an opened book -0.74   led   0/255 h0.00 lvl-0.62   -
frame   128 :  an opened book -0.26  a closed book -0.41   led   0/255 h0.00 lvl-0.34   -
frame   129 :  an opened book -0.26  a closed book -0.51   led   0/255 h0.00 lvl-0.39   -
frame   130 :  an opened book -0.00  a closed book -0.03   led   0/255 h0.00 lvl-0.01   -
frame   131 :  an opened book +0.74  a closed book +0.55   led  84/ 33 h0.60 lvl+0.65   -
frame   132 :  an opened book +1.00  a closed book +0.36   led 161/  7 h0.81 lvl+0.68   -
frame   133 :  an opened book +0.91  a closed book +0.26   led 130/ 14 h0.74 lvl+0.58   -
frame   134 :  an opened book +0.97  a closed book +0.40   led 151/  8 h0.79 lvl+0.69   -
frame   135 :  an opened book +0.81  a closed book +0.36   led 101/ 25 h0.66 lvl+0.58   -
frame   136 :  an opened book +0.31  a closed book -0.34   led  12/134 h0.25 lvl-0.01   -
frame   137 :  an opened book +0.15  a closed book +0.15   led   3/191 h0.12 lvl+0.15   -
frame   138 :  a closed book -0.21  an opened book -0.89   led   0/255 h0.00 lvl-0.55   -
frame   139 :  a closed book -0.66  an opened book -1.33   led   0/255 h0.00 lvl-1.00   -
frame   140 :  a closed book +0.07  an opened book -0.48   led   0/226 h0.05 lvl-0.21   -
frame   141 :  a closed book -0.42  an opened book -0.70   led   0/255 h0.00 lvl-0.56   -
frame   142 :  a closed book -0.15  an opened book -0.57   led   0/255 h0.00 lvl-0.36   -
frame   143 :  a closed book -0.03  an opened book -0.34   led   0/255 h0.00 lvl-0.18   -
frame   144 :  a closed book -0.39  an opened book -0.49   led   0/255 h0.00 lvl-0.44   -
frame   145 :  an opened book +0.04  a closed book +0.01   led   0/239 h0.03 lvl+0.03   -
frame   146 :  a closed book -0.11  an opened book -0.20   led   0/255 h0.00 lvl-0.16   -
frame   147 :  an opened book -0.20  a closed book -0.40   led   0/255 h0.00 lvl-0.30   -
frame   148 :  a closed book -0.58  an opened book -0.62   led   0/255 h0.00 lvl-0.60   -
frame   149 :  an opened book -0.05  a closed book -0.30   led   0/255 h0.00 lvl-0.18   -
frame   150 :  a closed book -0.50  an opened book -0.76   led   0/255 h0.00 lvl-0.63   -
frame   151 :  a closed book -0.32  an opened book -0.67   led   0/255 h0.00 lvl-0.50   -
frame   152 :  a closed book -0.58  an opened book -0.98   led   0/255 h0.00 lvl-0.78   -
frame   153 :  a closed book -0.57  an opened book -0.97   led   0/255 h0.00 lvl-0.77   -
frame   154 :  a closed book -0.37  an opened book -0.91   led   0/255 h0.00 lvl-0.64   -
frame   155 :  a closed book -0.52  an opened book -1.31   led   0/255 h0.00 lvl-0.92   -
frame   156 :  a closed book -0.54  an opened book -1.20   led   0/255 h0.00 lvl-0.87   -
frame   157 :  a closed book -0.76  an opened book -1.33   led   0/255 h0.00 lvl-1.04   -
frame   158 :  a closed book -0.81  an opened book -1.31   led   0/255 h0.00 lvl-1.06   -
frame   159 :  a closed book -0.61  an opened book -1.22   led   0/255 h0.00 lvl-0.92   -
frame   160 :  a closed book -0.12  an opened book -0.63   led   0/255 h0.00 lvl-0.38   -
frame   161 :  a closed book -0.42  an opened book -0.80   led   0/255 h0.00 lvl-0.61   -
frame   162 :  a closed book -0.48  an opened book -0.78   led   0/255 h0.00 lvl-0.63   -
frame   163 :  a closed book +0.14  an opened book +0.04   led   2/197 h0.11 lvl+0.09   -
frame   164 :  a closed book -0.24  an opened book -0.40   led   0/255 h0.00 lvl-0.32   -
frame   165 :  a closed book -0.13  an opened book -0.37   led   0/255 h0.00 lvl-0.25   -
frame   166 :  a closed book -0.55  an opened book -0.66   led   0/255 h0.00 lvl-0.61   -
frame   167 :  a closed book -0.79  an opened book -1.10   led   0/255 h0.00 lvl-0.94   -
frame   168 :  a closed book -0.52  an opened book -0.94   led   0/255 h0.00 lvl-0.73   -
frame   169 :  a closed book -0.98  an opened book -1.51   led   0/255 h0.00 lvl-1.25   -
frame   170 :  a closed book -0.89  an opened book -1.25   led   0/255 h0.00 lvl-1.07   -
frame   171 :  a closed book -0.89  an opened book -1.10   led   0/255 h0.00 lvl-1.00   -
frame   172 :  an opened book -0.84  a closed book -0.97   led   0/255 h0.00 lvl-0.90   -
frame   173 :  an opened book -0.29  a closed book -0.60   led   0/255 h0.00 lvl-0.44   -
frame   174 :  an opened book +0.63  a closed book +0.08   led  59/ 53 h0.51 lvl+0.36   -
frame   175 :  a closed book -0.13  an opened book -0.20   led   0/255 h0.00 lvl-0.17   -
frame   176 :  an opened book +0.67  a closed book +0.34   led  67/ 45 h0.54 lvl+0.50   -
frame   177 :  an opened book +0.50  a closed book +0.05   led  35/ 81 h0.41 lvl+0.27   -
frame   178 :  an opened book -0.06  a closed book -0.08   led   0/255 h0.00 lvl-0.07   -
frame   179 :  a closed book +0.10  an opened book -0.24   led   1/213 h0.08 lvl-0.07   -
frame   180 :  a closed book -0.06  an opened book -0.23   led   0/255 h0.00 lvl-0.14   -
frame   181 :  a closed book -0.01  an opened book -0.68   led   0/255 h0.00 lvl-0.34   -
frame   182 :  a closed book +0.07  an opened book -0.56   led   1/223 h0.06 lvl-0.24   -
frame   183 :  a closed book -0.15  an opened book -1.16   led   0/255 h0.00 lvl-0.65   -
frame   184 :  a closed book -0.99  an opened book -1.76   led   0/255 h0.00 lvl-1.37   -
frame   185 :  a closed book -0.75  an opened book -1.48   led   0/255 h0.00 lvl-1.12   -
frame   186 :  a closed book -0.73  an opened book -1.30   led   0/255 h0.00 lvl-1.01   -
frame   187 :  a closed book -0.65  an opened book -1.03   led   0/255 h0.00 lvl-0.84   -
frame   188 :  a closed book -0.58  an opened book -0.79   led   0/255 h0.00 lvl-0.68   -
frame   189 :  a closed book -0.16  an opened book -0.37   led   0/255 h0.00 lvl-0.27   -
frame   190 :  an opened book -0.21  a closed book -0.27   led   0/255 h0.00 lvl-0.24   -
frame   191 :  an opened book -0.38  a closed book -0.61   led   0/255 h0.00 lvl-0.49   -
frame   192 :  a closed book +0.05  an opened book -0.18   led   0/231 h0.04 lvl-0.06   -
frame   193 :  a closed book +0.17  an opened book -0.31   led   3/184 h0.14 lvl-0.07   -
frame   194 :  a closed book -0.22  an opened book -0.56   led   0/255 h0.00 lvl-0.39   -
frame   195 :  a closed book -0.43  an opened book -0.77   led   0/255 h0.00 lvl-0.60   -
frame   196 :  a closed book -0.65  an opened book -1.27   led   0/255 h0.00 lvl-0.96   -
frame   197 :  a closed book -0.37  an opened book -0.95   led   0/255 h0.00 lvl-0.66   -
frame   198 :  a closed book -0.01  an opened book -0.85   led   0/255 h0.00 lvl-0.43   -
frame   199 :  a closed book -0.05  an opened book -0.86   led   0/255 h0.00 lvl-0.46   -
background: after 30 frames (frozen, room spread), this room reads  an opened book -0.097 +-0.0040 (COCO -0.151 +-0.0303)  a closed book -0.056 +-0.0053 (COCO -0.159 +-0.0351)
frame   200 :  a closed book +0.11  an opened book -0.73   led   1/208 h0.09 lvl-0.31   -

stopped   : 201 frames, 201 good, 802 ms/frame mean (capture included), configuration C
            last frame mean RGB 141 133 132
