
=== M9: fpga-open-vocab - describe it, the board spots it ===

clock     : 280 MHz requested; BOOTSEL is reachable for 1.5 s
clock     : 280 MHz system, core 1.25 V
reset     : chip_reset 00010000  (scratch was cold: either the always-on domain went away - power, a brown-out - or this boot came through the bootrom, which clears it too)
            new this boot: power-on reset - the supply arrived
waiting for a bitstream on USB CDC (host/demo.py)
bitstream : 173124 bytes announced, crc32 0a2e9953
bitstream : received intact
configure : configured, CDONE high   CDONE=1 nSTATUS=0
crc       : DMA sniffer, calc=1 out_rev=1 out_inv=1
model     : 9 layers, 512-d embedding, 131072 B/buffer
weights   : 780720 B, crc32=0xF368CC6E  (144 ms to hash)

reference : encoder_fast on the flash test vector  (1812 ms)

link      : probing the wire by running the whole test vector over it
probe     : 3 forward data lines -> 512/512 floats exact, 309 ms
link      : configuration C, 3 forward data lines, 140.0 MHz

camera    : exposure ramp 7 7 7 7 7 7 7 7 7 7 7 7 7 7 7 7 7 7 7 7 7 7 7 7 7 7 7 7 7 7 7 7 7 7 7 7 7 7 7 7
camera    : live 128x128 RGB565, id 0x82, 16.0 MHz, expose 59 ms, read 16 ms, exposure settled after 41 frames
            mean RGB 11 10 2  (tuned camera on a neutral scene: about 115 107 105)
            ^ that is the bottom of the sensor's range after 41 frames of auto-exposure.
              If the room is not actually dark, the sensor has not started: check the lens cap,
              then cold-power-cycle the board - USB out for ten seconds, not a reflash.

queries   : waiting for a query set on USB CDC (host/demo.py)
queries   : 2 accepted, 512-d, crc ok
            scored as z = (cos - background) / std, where the background is this room's
            own mean over its first 30 frames and is then FROZEN - so a thing left in
            shot keeps its score instead of decaying into the furniture. 'N' re-learns
            it, 'H' switches to tracking. The COCO figures below are only the seed for
            frame 0 and the fixed std.
            std is THIS ROOM's, measured over the same 30 frames ('S' switches to COCO's).
            The thresholds below still mean the 90th percentile of a background; the
            background they now mean it against is this room empty, not 5000 COCO photos.
            z is EMA-smoothed at 0.35 (~5 frames) before ranking, so a state has to
            persist for about two seconds to be called.
            an opened book       match above z 1.23   (COCO background -0.151 +- 0.030, so cos -0.114)
            a closed book        match above z 1.23   (COCO background -0.159 +- 0.035, so cos -0.116)

loop      : capture, 8 convs on the T8, pool and head, then one cosine per query. 'B' for BOOTSEL, 'R' to restart,
            'P' to dump the next frame for host/cam.py, 'V' to dump its 512 floats for host/caption.py,
            'E' to provoke a fault so D1 shows its fault display, 'H' to freeze/unfreeze the background,
            'S' to switch the spread between this room's and COCO's, 'W' to hang on purpose and see
            the watchdog name the stage, 'C' to stall the camera bus on purpose and see it cost one frame,
            'U' to drop off USB on purpose and watch it come back, 'I' to drop off and refuse to,
            'N' to forget it and learn it again from now. 'P' and 'V' together describe the same frame.
            'O' closes the timing window, prints it and flips the capture between overlapped and serial;
            'D' does the same and flips the trigger between late and at-the-collect, which is #14's A/B.
            scores are z against this room's background, ranked; '*' means over its threshold.
            '1'..'6' enrol the next 20 frames as that class, and press again on a LATER visit
            to fold a second one in - 2 visits is what makes the enrolment guard mean
            something. Two classes in and the board decides by nearest reference instead of
            by threshold, and calls a frame absent when it is further than 2.0 sep from every
            one of them - see M21. The empty scene is not enrolled and '0' does nothing; see #18.
            The first 30 frames set the baseline and it is then frozen, so anything left in
            shot KEEPS its score. Point the camera at the empty scene for those frames.
            Send a new set at any time to re-query - that resets the baseline too.

frame     0 :  a closed book +0.59  an opened book +0.50   led  50/ 61 h0.48 lvl+0.54   -
frame     1 :  a closed book +0.36  an opened book +0.32   led  17/120 h0.29 lvl+0.34   -
frame     2 :  a closed book +0.23  an opened book +0.23   led   7/161 h0.19 lvl+0.23   -
frame     3 :  an opened book +0.19  a closed book +0.17   led   4/174 h0.16 lvl+0.18   -
frame     4 :  an opened book +0.15  a closed book +0.14   led   3/191 h0.12 lvl+0.15   -
frame     5 :  an opened book +0.09  a closed book +0.07   led   1/217 h0.07 lvl+0.08   -
frame     6 :  a closed book +0.11  an opened book +0.10   led   1/206 h0.09 lvl+0.11   -
frame     7 :  an opened book +0.05  a closed book +0.05   led   0/231 h0.04 lvl+0.05   -
background: after 8 frames (warming up, room spread), this room reads  an opened book -0.105 +-0.0022 (COCO -0.151 +-0.0303)  a closed book -0.100 +-0.0030 (COCO -0.159 +-0.0351)
frame     8 :  an opened book -0.20  a closed book -0.27   led   0/255 h0.00 lvl-0.24   -
frame     9 :  a closed book -0.24  an opened book -0.25   led   0/255 h0.00 lvl-0.25   -
frame    10 :  an opened book +0.20  a closed book +0.12   led   5/172 h0.16 lvl+0.16   -
frame    11 :  a closed book -0.37  an opened book -0.43   led   0/255 h0.00 lvl-0.40   -
frame    12 :  a closed book -0.10  an opened book -0.26   led   0/255 h0.00 lvl-0.18   -
frame    13 :  an opened book -0.05  a closed book -0.36   led   0/255 h0.00 lvl-0.20   -
frame    14 :  an opened book +0.16  a closed book -0.05   led   3/188 h0.13 lvl+0.06   -
frame    15 :  a closed book -0.80  an opened book -1.18   led   0/255 h0.00 lvl-0.99   -
frame    16 :  a closed book -0.23  an opened book -0.50   led   0/255 h0.00 lvl-0.37   -
frame    17 :  a closed book +0.66  an opened book +0.27   led  64/ 47 h0.53 lvl+0.46   -
frame    18 :  a closed book -0.22  an opened book -0.34   led   0/255 h0.00 lvl-0.28   -
frame    19 :  an opened book -0.20  a closed book -0.31   led   0/255 h0.00 lvl-0.25   -
frame    20 :  a closed book -0.01  an opened book -0.05   led   0/255 h0.00 lvl-0.03   -
frame    21 :  an opened book +0.06  a closed book +0.01   led   0/227 h0.05 lvl+0.04   -
frame    22 :  an opened book +0.09  a closed book -0.01   led   1/218 h0.07 lvl+0.04   -
frame    23 :  an opened book +0.43  a closed book +0.16   led  25/ 99 h0.35 lvl+0.30   -
frame    24 :  an opened book +0.82  a closed book +0.54   led 104/ 23 h0.66 lvl+0.68   -
frame    25 :  an opened book +0.59  a closed book +0.31   led  51/ 61 h0.48 lvl+0.45   -
frame    26 :  a closed book +0.09  an opened book -0.00   led   1/218 h0.07 lvl+0.04   -
frame    27 :  a closed book +0.39  an opened book +0.09   led  20/111 h0.31 lvl+0.24   -
frame    28 :  a closed book +0.73  an opened book +0.28   led  82/ 34 h0.60 lvl+0.51   -
frame    29 :  a closed book +0.53  an opened book +0.30   led  40/ 74 h0.43 lvl+0.41   -
frame    30 :  a closed book +0.15  an opened book -0.06   led   2/193 h0.12 lvl+0.04   -
frame    31 :  an opened book +0.54  a closed book +0.50   led  41/ 72 h0.44 lvl+0.52   -
frame    32 :  an opened book +1.32*  a closed book +1.11   led 255/  0 h1.00 lvl+1.21   MATCH an opened book (cos -0.099)
frame    33 :  a closed book +0.88  an opened book +0.79   led 123/ 16 h0.72 lvl+0.84   -
frame    34 :  an opened book +0.58  a closed book +0.28   led  49/ 62 h0.47 lvl+0.43   -
frame    35 :  an opened book +0.44  a closed book -0.09   led  27/ 96 h0.36 lvl+0.18   -
frame    36 :  an opened book +0.06  a closed book -0.09   led   0/230 h0.05 lvl-0.02   -
frame    37 :  a closed book -0.10  an opened book -0.28   led   0/255 h0.00 lvl-0.19   -
frame    38 :  a closed book -0.03  an opened book -0.38   led   0/255 h0.00 lvl-0.21   -
frame    39 :  a closed book -0.18  an opened book -0.57   led   0/255 h0.00 lvl-0.37   -
frame    40 :  a closed book -0.66  an opened book -0.89   led   0/255 h0.00 lvl-0.78   -
frame    41 :  a closed book -0.63  an opened book -1.00   led   0/255 h0.00 lvl-0.82   -
frame    42 :  a closed book -0.27  an opened book -0.69   led   0/255 h0.00 lvl-0.48   -
frame    43 :  a closed book +0.51  an opened book -0.31   led  37/ 78 h0.42 lvl+0.10   -
frame    44 :  a closed book -0.01  an opened book -0.44   led   0/255 h0.00 lvl-0.23   -
frame    45 :  a closed book +0.01  an opened book -0.01   led   0/249 h0.01 lvl+0.00   -
frame    46 :  a closed book -0.59  an opened book -0.70   led   0/255 h0.00 lvl-0.65   -
frame    47 :  a closed book -0.50  an opened book -0.70   led   0/255 h0.00 lvl-0.60   -
frame    48 :  a closed book -0.77  an opened book -1.13   led   0/255 h0.00 lvl-0.95   -
frame    49 :  a closed book -0.53  an opened book -0.89   led   0/255 h0.00 lvl-0.71   -
frame    50 :  a closed book -0.13  an opened book -0.40   led   0/255 h0.00 lvl-0.26   -
frame    51 :  a closed book -0.60  an opened book -1.09   led   0/255 h0.00 lvl-0.84   -
frame    52 :  a closed book -0.26  an opened book -0.87   led   0/255 h0.00 lvl-0.57   -
frame    53 :  a closed book -0.01  an opened book -0.71   led   0/255 h0.00 lvl-0.36   -
frame    54 :  a closed book -0.15  an opened book -0.93   led   0/255 h0.00 lvl-0.54   -
frame    55 :  a closed book -0.33  an opened book -0.99   led   0/255 h0.00 lvl-0.66   -
frame    56 :  a closed book -0.26  an opened book -0.66   led   0/255 h0.00 lvl-0.46   -
frame    57 :  a closed book -0.19  an opened book -0.56   led   0/255 h0.00 lvl-0.37   -
frame    58 :  a closed book -1.06  an opened book -1.16   led   0/255 h0.00 lvl-1.11   -
frame    59 :  a closed book +0.06  an opened book -0.40   led   0/228 h0.05 lvl-0.17   -
frame    60 :  a closed book +0.82  an opened book +0.58   led 105/ 23 h0.67 lvl+0.70   -
frame    61 :  a closed book +0.41  an opened book -0.03   led  22/105 h0.33 lvl+0.19   -
frame    62 :  a closed book -0.05  an opened book -0.29   led   0/255 h0.00 lvl-0.17   -
frame    63 :  a closed book +0.03  an opened book -0.38   led   0/241 h0.03 lvl-0.17   -
frame    64 :  a closed book -0.13  an opened book -0.54   led   0/255 h0.00 lvl-0.34   -
frame    65 :  a closed book +0.27  an opened book -0.04   led   9/148 h0.22 lvl+0.12   -
frame    66 :  a closed book -0.24  an opened book -0.35   led   0/255 h0.00 lvl-0.29   -
frame    67 :  an opened book -1.08  a closed book -1.16   led   0/255 h0.00 lvl-1.12   -
frame    68 :  an opened book -0.52  a closed book -0.65   led   0/255 h0.00 lvl-0.58   -
frame    69 :  an opened book -0.42  a closed book -0.49   led   0/255 h0.00 lvl-0.45   -
frame    70 :  a closed book -0.12  an opened book -0.18   led   0/255 h0.00 lvl-0.15   -
frame    71 :  an opened book -0.79  a closed book -0.81   led   0/255 h0.00 lvl-0.80   -
frame    72 :  an opened book +0.24  a closed book +0.15   led   7/158 h0.20 lvl+0.20   -
frame    73 :  a closed book -0.22  an opened book -0.60   led   0/255 h0.00 lvl-0.41   -
frame    74 :  a closed book -1.07  an opened book -1.69   led   0/255 h0.00 lvl-1.38   -
frame    75 :  a closed book -1.10  an opened book -1.39   led   0/255 h0.00 lvl-1.24   -
frame    76 :  a closed book -1.00  an opened book -1.28   led   0/255 h0.00 lvl-1.14   -
frame    77 :  a closed book -0.90  an opened book -1.28   led   0/255 h0.00 lvl-1.09   -
frame    78 :  a closed book -0.86  an opened book -1.23   led   0/255 h0.00 lvl-1.05   -
frame    79 :  a closed book -1.09  an opened book -1.52   led   0/255 h0.00 lvl-1.31   -
frame    80 :  a closed book -0.74  an opened book -1.34   led   0/255 h0.00 lvl-1.04   -
frame    81 :  a closed book -0.65  an opened book -1.03   led   0/255 h0.00 lvl-0.84   -
frame    82 :  a closed book -1.45  an opened book -1.75   led   0/255 h0.00 lvl-1.60   -
frame    83 :  a closed book -1.11  an opened book -1.32   led   0/255 h0.00 lvl-1.21   -
frame    84 :  an opened book -0.87  a closed book -0.99   led   0/255 h0.00 lvl-0.93   -
frame    85 :  an opened book -0.44  a closed book -0.59   led   0/255 h0.00 lvl-0.51   -
frame    86 :  an opened book -0.20  a closed book -0.28   led   0/255 h0.00 lvl-0.24   -
frame    87 :  an opened book +0.14  a closed book -0.03   led   2/195 h0.12 lvl+0.06   -
frame    88 :  a closed book -0.08  an opened book -0.19   led   0/255 h0.00 lvl-0.14   -
frame    89 :  a closed book -0.43  an opened book -0.57   led   0/255 h0.00 lvl-0.50   -
frame    90 :  an opened book -0.29  a closed book -0.38   led   0/255 h0.00 lvl-0.33   -
frame    91 :  a closed book -0.65  an opened book -0.95   led   0/255 h0.00 lvl-0.80   -
frame    92 :  a closed book +0.20  an opened book -0.32   led   5/172 h0.16 lvl-0.06   -
frame    93 :  a closed book -0.19  an opened book -0.54   led   0/255 h0.00 lvl-0.37   -
frame    94 :  a closed book -0.24  an opened book -0.24   led   0/255 h0.00 lvl-0.24   -
frame    95 :  a closed book -0.50  an opened book -0.55   led   0/255 h0.00 lvl-0.52   -
frame    96 :  an opened book -0.69  a closed book -0.76   led   0/255 h0.00 lvl-0.73   -
frame    97 :  an opened book -0.90  a closed book -1.15   led   0/255 h0.00 lvl-1.02   -
frame    98 :  an opened book -1.05  a closed book -1.12   led   0/255 h0.00 lvl-1.09   -
frame    99 :  an opened book -0.64  a closed book -0.65   led   0/255 h0.00 lvl-0.64   -
background: after 30 frames (frozen, room spread), this room reads  an opened book -0.105 +-0.0023 (COCO -0.151 +-0.0303)  a closed book -0.100 +-0.0029 (COCO -0.159 +-0.0351)
frame   100 :  a closed book -0.89  an opened book -1.08   led   0/255 h0.00 lvl-0.98   -
frame   101 :  a closed book -1.02  an opened book -1.08   led   0/255 h0.00 lvl-1.05   -
frame   102 :  an opened book -0.53  a closed book -0.58   led   0/255 h0.00 lvl-0.56   -
frame   103 :  a closed book -0.84  an opened book -0.96   led   0/255 h0.00 lvl-0.90   -
frame   104 :  a closed book -1.33  an opened book -1.38   led   0/255 h0.00 lvl-1.36   -
frame   105 :  an opened book -1.30  a closed book -1.30   led   0/255 h0.00 lvl-1.30   -
frame   106 :  a closed book -1.02  an opened book -1.29   led   0/255 h0.00 lvl-1.16   -
frame   107 :  a closed book -0.98  an opened book -1.21   led   0/255 h0.00 lvl-1.09   -
frame   108 :  a closed book -0.39  an opened book -0.43   led   0/255 h0.00 lvl-0.41   -
frame   109 :  an opened book -0.29  a closed book -0.44   led   0/255 h0.00 lvl-0.37   -
frame   110 :  an opened book -0.46  a closed book -0.68   led   0/255 h0.00 lvl-0.57   -
frame   111 :  a closed book -0.20  an opened book -0.51   led   0/255 h0.00 lvl-0.36   -
frame   112 :  an opened book -0.25  a closed book -0.42   led   0/255 h0.00 lvl-0.34   -
frame   113 :  a closed book -0.73  an opened book -0.85   led   0/255 h0.00 lvl-0.79   -
frame   114 :  a closed book -0.52  an opened book -0.63   led   0/255 h0.00 lvl-0.58   -
frame   115 :  a closed book -0.65  an opened book -0.68   led   0/255 h0.00 lvl-0.66   -
frame   116 :  an opened book -1.12  a closed book -1.12   led   0/255 h0.00 lvl-1.12   -
frame   117 :  an opened book -1.07  a closed book -1.34   led   0/255 h0.00 lvl-1.20   -
frame   118 :  an opened book -1.28  a closed book -1.58   led   0/255 h0.00 lvl-1.43   -
frame   119 :  an opened book -1.08  a closed book -1.29   led   0/255 h0.00 lvl-1.19   -
frame   120 :  an opened book -1.48  a closed book -1.60   led   0/255 h0.00 lvl-1.54   -
frame   121 :  a closed book -1.81  an opened book -1.81   led   0/255 h0.00 lvl-1.81   -
frame   122 :  a closed book -1.13  an opened book -1.26   led   0/255 h0.00 lvl-1.19   -
frame   123 :  a closed book -1.03  an opened book -1.10   led   0/255 h0.00 lvl-1.06   -
frame   124 :  a closed book -0.25  an opened book -0.60   led   0/255 h0.00 lvl-0.42   -
frame   125 :  a closed book -0.51  an opened book -0.55   led   0/255 h0.00 lvl-0.53   -
frame   126 :  a closed book -0.79  an opened book -0.90   led   0/255 h0.00 lvl-0.85   -
frame   127 :  a closed book -0.85  an opened book -0.90   led   0/255 h0.00 lvl-0.87   -
frame   128 :  an opened book -1.20  a closed book -1.43   led   0/255 h0.00 lvl-1.31   -
frame   129 :  an opened book -1.05  a closed book -1.19   led   0/255 h0.00 lvl-1.12   -
frame   130 :  a closed book -1.36  an opened book -1.92   led   0/255 h0.00 lvl-1.64   -
frame   131 :  a closed book -1.21  an opened book -1.40   led   0/255 h0.00 lvl-1.31   -
frame   132 :  a closed book -1.47  an opened book -1.92   led   0/255 h0.00 lvl-1.70   -
frame   133 :  an opened book -1.67  a closed book -1.68   led   0/255 h0.00 lvl-1.67   -
frame   134 :  a closed book -2.00  an opened book -2.06   led   0/255 h0.00 lvl-2.03   -
frame   135 :  a closed book -1.06  an opened book -1.28   led   0/255 h0.00 lvl-1.17   -
frame   136 :  a closed book -0.63  an opened book -0.84   led   0/255 h0.00 lvl-0.74   -
frame   137 :  a closed book -0.55  an opened book -0.92   led   0/255 h0.00 lvl-0.73   -
frame   138 :  a closed book -1.15  an opened book -1.39   led   0/255 h0.00 lvl-1.27   -
frame   139 :  an opened book -1.35  a closed book -1.40   led   0/255 h0.00 lvl-1.37   -
frame   140 :  a closed book -1.12  an opened book -1.25   led   0/255 h0.00 lvl-1.18   -
frame   141 :  a closed book -0.97  an opened book -0.98   led   0/255 h0.00 lvl-0.98   -
frame   142 :  an opened book -1.05  a closed book -1.35   led   0/255 h0.00 lvl-1.20   -
frame   143 :  an opened book -1.76  a closed book -2.31   led   0/255 h0.00 lvl-2.04   -
frame   144 :  an opened book -1.47  a closed book -1.82   led   0/255 h0.00 lvl-1.64   -
frame   145 :  an opened book -1.59  a closed book -1.94   led   0/255 h0.00 lvl-1.77   -
frame   146 :  an opened book -0.95  a closed book -1.14   led   0/255 h0.00 lvl-1.05   -
frame   147 :  a closed book -0.24  an opened book -0.46   led   0/255 h0.00 lvl-0.35   -
frame   148 :  a closed book +0.07  an opened book -0.34   led   0/225 h0.06 lvl-0.14   -
frame   149 :  a closed book -0.92  an opened book -1.09   led   0/255 h0.00 lvl-1.01   -
frame   150 :  an opened book -1.22  a closed book -1.31   led   0/255 h0.00 lvl-1.27   -
frame   151 :  an opened book -1.48  a closed book -1.61   led   0/255 h0.00 lvl-1.54   -
frame   152 :  an opened book -1.30  a closed book -1.39   led   0/255 h0.00 lvl-1.34   -
frame   153 :  a closed book -0.39  an opened book -0.73   led   0/255 h0.00 lvl-0.56   -
frame   154 :  a closed book -0.32  an opened book -0.80   led   0/255 h0.00 lvl-0.56   -
frame   155 :  a closed book -0.89  an opened book -1.25   led   0/255 h0.00 lvl-1.07   -
frame   156 :  a closed book -1.26  an opened book -1.46   led   0/255 h0.00 lvl-1.36   -
frame   157 :  a closed book -1.40  an opened book -1.70   led   0/255 h0.00 lvl-1.55   -
frame   158 :  a closed book -1.21  an opened book -1.57   led   0/255 h0.00 lvl-1.39   -
frame   159 :  a closed book -1.20  an opened book -1.75   led   0/255 h0.00 lvl-1.47   -
frame   160 :  a closed book -1.46  an opened book -2.07   led   0/255 h0.00 lvl-1.77   -
frame   161 :  a closed book -1.03  an opened book -1.71   led   0/255 h0.00 lvl-1.37   -
frame   162 :  a closed book -1.66  an opened book -1.78   led   0/255 h0.00 lvl-1.72   -
frame   163 :  a closed book -1.42  an opened book -1.76   led   0/255 h0.00 lvl-1.59   -
frame   164 :  a closed book -1.36  an opened book -1.95   led   0/255 h0.00 lvl-1.66   -
frame   165 :  a closed book -1.34  an opened book -2.08   led   0/255 h0.00 lvl-1.71   -
frame   166 :  a closed book -1.91  an opened book -2.18   led   0/255 h0.00 lvl-2.05   -
frame   167 :  a closed book -1.13  an opened book -1.61   led   0/255 h0.00 lvl-1.37   -
frame   168 :  a closed book -2.26  an opened book -2.64   led   0/255 h0.00 lvl-2.45   -
frame   169 :  a closed book -1.23  an opened book -1.72   led   0/255 h0.00 lvl-1.48   -
frame   170 :  a closed book -1.18  an opened book -1.73   led   0/255 h0.00 lvl-1.45   -
frame   171 :  a closed book -1.30  an opened book -1.98   led   0/255 h0.00 lvl-1.64   -
frame   172 :  a closed book -1.24  an opened book -1.94   led   0/255 h0.00 lvl-1.59   -
frame   173 :  a closed book -0.72  an opened book -1.54   led   0/255 h0.00 lvl-1.13   -
frame   174 :  a closed book -0.78  an opened book -1.80   led   0/255 h0.00 lvl-1.29   -
frame   175 :  a closed book -0.95  an opened book -1.54   led   0/255 h0.00 lvl-1.25   -
frame   176 :  a closed book -1.79  an opened book -2.28   led   0/255 h0.00 lvl-2.03   -
frame   177 :  a closed book -1.89  an opened book -2.24   led   0/255 h0.00 lvl-2.06   -
frame   178 :  a closed book -2.04  an opened book -2.35   led   0/255 h0.00 lvl-2.20   -
frame   179 :  a closed book -1.75  an opened book -2.07   led   0/255 h0.00 lvl-1.91   -
frame   180 :  a closed book -2.45  an opened book -2.60   led   0/255 h0.00 lvl-2.52   -
frame   181 :  a closed book -1.73  an opened book -2.28   led   0/255 h0.00 lvl-2.01   -
frame   182 :  a closed book -1.96  an opened book -2.23   led   0/255 h0.00 lvl-2.10   -
frame   183 :  a closed book -2.29  an opened book -2.62   led   0/255 h0.00 lvl-2.45   -
frame   184 :  a closed book -1.50  an opened book -2.17   led   0/255 h0.00 lvl-1.83   -
frame   185 :  a closed book -2.49  an opened book -2.84   led   0/255 h0.00 lvl-2.66   -
frame   186 :  a closed book -2.48  an opened book -3.06   led   0/255 h0.00 lvl-2.77   -
frame   187 :  a closed book -1.50  an opened book -2.38   led   0/255 h0.00 lvl-1.94   -
frame   188 :  a closed book -1.21  an opened book -2.50   led   0/255 h0.00 lvl-1.86   -
frame   189 :  a closed book -1.60  an opened book -2.58   led   0/255 h0.00 lvl-2.09   -
frame   190 :  a closed book -1.55  an opened book -2.53   led   0/255 h0.00 lvl-2.04   -
frame   191 :  a closed book -1.66  an opened book -2.50   led   0/255 h0.00 lvl-2.08   -
frame   192 :  a closed book -1.76  an opened book -2.58   led   0/255 h0.00 lvl-2.17   -
frame   193 :  a closed book -1.44  an opened book -2.55   led   0/255 h0.00 lvl-2.00   -
frame   194 :  a closed book -0.83  an opened book -2.12   led   0/255 h0.00 lvl-1.47   -
frame   195 :  a closed book -1.22  an opened book -2.19   led   0/255 h0.00 lvl-1.70   -
frame   196 :  a closed book -1.47  an opened book -2.43   led   0/255 h0.00 lvl-1.95   -
frame   197 :  a closed book -2.08  an opened book -2.89   led   0/255 h0.00 lvl-2.48   -
frame   198 :  a closed book -1.96  an opened book -3.03   led   0/255 h0.00 lvl-2.49   -
frame   199 :  a closed book -1.92  an opened book -2.93   led   0/255 h0.00 lvl-2.42   -
background: after 30 frames (frozen, room spread), this room reads  an opened book -0.105 +-0.0023 (COCO -0.151 +-0.0303)  a closed book -0.100 +-0.0029 (COCO -0.159 +-0.0351)
frame   200 :  a closed book -1.00  an opened book -2.10   led   0/255 h0.00 lvl-1.55   -

stopped   : 201 frames, 201 good, capture overlapped with the compute, configuration C
            201 frames timed, 322 ms/frame mean (capture included)
            305 ms encode + 0 ms waiting for the sensor + 16 ms burst; 333 ms/frame by the clock
            419 ms shutter to LED, arming with 81 ms of compute left
            last frame mean RGB 10 8 3
            camera bus: worst gap 22 us against the 2000 us deadline (#12)
            usb: 0 outages, 0 ms off the bus, 0 re-attaches (#9)
