
=== M9: fpga-open-vocab - describe it, the board spots it ===

clock     : 280 MHz requested; BOOTSEL is reachable for 1.5 s
clock     : 280 MHz system, core 1.25 V
reset     : chip_reset 00010000  (scratch was cold: either the always-on domain went away - power, a brown-out - or this boot came through the bootrom, which clears it too)
            new this boot: power-on reset - the supply arrived
waiting for a bitstream on USB CDC (host/demo.py)
bitstream : 173124 bytes announced, crc32 0a2e9953
bitstream : received intact
configure : configured, CDONE high   CDONE=1 nSTATUS=0
crc       : DMA sniffer, calc=1 out_rev=1 out_inv=1
model     : 9 layers, 512-d embedding, 131072 B/buffer
weights   : 780720 B, crc32=0xF368CC6E  (144 ms to hash)

reference : encoder_fast on the flash test vector  (1812 ms)

link      : probing the wire by running the whole test vector over it
probe     : 3 forward data lines -> 512/512 floats exact, 309 ms
link      : configuration C, 3 forward data lines, 140.0 MHz

camera    : exposure ramp 6 5 6 6 6 6 6 6 5 6 5 5 5 6 6 6 5 6 6 5 6 5 5 6 6 5 6 5 5 6 6 6 6 6 6 6 6 6 6 6
camera    : live 128x128 RGB565, id 0x82, 16.0 MHz, expose 59 ms, read 16 ms, exposure settled after 41 frames
            mean RGB 9 5 4  (tuned camera on a neutral scene: about 115 107 105)
            ^ that is the bottom of the sensor's range after 41 frames of auto-exposure.
              If the room is not actually dark, the sensor has not started: check the lens cap,
              then cold-power-cycle the board - USB out for ten seconds, not a reflash.

queries   : waiting for a query set on USB CDC (host/demo.py)
queries   : 2 accepted, 512-d, crc ok
            scored as z = (cos - background) / std, where the background is this room's
            own mean over its first 30 frames and is then FROZEN - so a thing left in
            shot keeps its score instead of decaying into the furniture. 'N' re-learns
            it, 'H' switches to tracking. The COCO figures below are only the seed for
            frame 0 and the fixed std.
            std is THIS ROOM's, measured over the same 30 frames ('S' switches to COCO's).
            The thresholds below still mean the 90th percentile of a background; the
            background they now mean it against is this room empty, not 5000 COCO photos.
            z is EMA-smoothed at 0.35 (~5 frames) before ranking, so a state has to
            persist for about two seconds to be called.
            an opened book       match above z 1.23   (COCO background -0.151 +- 0.030, so cos -0.114)
            a closed book        match above z 1.23   (COCO background -0.159 +- 0.035, so cos -0.116)

loop      : capture, 8 convs on the T8, pool and head, then one cosine per query. 'B' for BOOTSEL, 'R' to restart,
            'P' to dump the next frame for host/cam.py, 'V' to dump its 512 floats for host/caption.py,
            'E' to provoke a fault so D1 shows its fault display, 'H' to freeze/unfreeze the background,
            'S' to switch the spread between this room's and COCO's, 'W' to hang on purpose and see
            the watchdog name the stage, 'C' to stall the camera bus on purpose and see it cost one frame,
            'U' to drop off USB on purpose and watch it come back, 'I' to drop off and refuse to,
            'N' to forget it and learn it again from now. 'P' and 'V' together describe the same frame.
            'O' closes the timing window, prints it and flips the capture between overlapped and serial;
            'D' does the same and flips the trigger between late and at-the-collect, which is #14's A/B.
            scores are z against this room's background, ranked; '*' means over its threshold.
            '1'..'6' enrol the next 20 frames as that class, and press again on a LATER visit
            to fold a second one in - 2 visits is what makes the enrolment guard mean
            something. Two classes in and the board decides by nearest reference instead of
            by threshold, and calls a frame absent when it is further than 2.0 sep from every
            one of them - see M21. The empty scene is not enrolled and '0' does nothing; see #18.
            The first 30 frames set the baseline and it is then frozen, so anything left in
            shot KEEPS its score. Point the camera at the empty scene for those frames.
            Send a new set at any time to re-query - that resets the baseline too.

frame     0 :  a closed book +0.36  an opened book +0.25   led  17/118 h0.30 lvl+0.31   -
frame     1 :  a closed book +0.20  an opened book +0.14   led   5/171 h0.17 lvl+0.17   -
frame     2 :  a closed book +0.18  an opened book +0.14   led   4/179 h0.15 lvl+0.16   -
frame     3 :  a closed book +0.11  an opened book +0.10   led   1/206 h0.09 lvl+0.11   -
frame     4 :  an opened book +0.07  a closed book +0.06   led   0/224 h0.06 lvl+0.06   -
frame     5 :  a closed book +0.10  an opened book +0.09   led   1/212 h0.08 lvl+0.09   -
frame     6 :  an opened book +0.09  a closed book +0.08   led   1/216 h0.07 lvl+0.08   -
frame     7 :  an opened book +0.01  a closed book +0.00   led   0/252 h0.01 lvl+0.00   -
background: after 8 frames (warming up, room spread), this room reads  an opened book -0.128 +-0.0028 (COCO -0.151 +-0.0303)  a closed book -0.123 +-0.0033 (COCO -0.159 +-0.0351)
frame     8 :  an opened book +0.49  a closed book +0.42   led  33/ 84 h0.40 lvl+0.46   -
frame     9 :  a closed book -0.02  an opened book -0.30   led   0/255 h0.00 lvl-0.16   -
frame    10 :  a closed book -0.63  an opened book -0.80   led   0/255 h0.00 lvl-0.71   -
frame    11 :  an opened book -0.32  a closed book -0.54   led   0/255 h0.00 lvl-0.43   -
frame    12 :  an opened book +0.10  a closed book +0.09   led   1/213 h0.08 lvl+0.09   -
frame    13 :  a closed book +0.28  an opened book +0.26   led  10/145 h0.23 lvl+0.27   -
frame    14 :  a closed book +0.48  an opened book +0.38   led  33/ 85 h0.39 lvl+0.43   -
frame    15 :  a closed book +0.11  an opened book -0.06   led   1/206 h0.09 lvl+0.03   -
frame    16 :  a closed book +0.05  an opened book -0.28   led   0/233 h0.04 lvl-0.12   -
frame    17 :  a closed book +0.28  an opened book +0.04   led   9/146 h0.22 lvl+0.16   -
frame    18 :  a closed book +0.48  an opened book +0.20   led  32/ 86 h0.39 lvl+0.34   -
frame    19 :  a closed book -0.02  an opened book -0.15   led   0/255 h0.00 lvl-0.08   -
frame    20 :  an opened book -0.13  a closed book -0.50   led   0/255 h0.00 lvl-0.32   -
frame    21 :  an opened book -0.33  a closed book -0.64   led   0/255 h0.00 lvl-0.49   -
frame    22 :  an opened book +0.52  a closed book -0.06   led  38/ 76 h0.42 lvl+0.23   -
frame    23 :  an opened book +0.34  a closed book -0.04   led  15/126 h0.27 lvl+0.15   -
frame    24 :  a closed book +0.01  an opened book -0.04   led   0/248 h0.01 lvl-0.02   -
frame    25 :  a closed book +0.47  an opened book +0.33   led  30/ 89 h0.38 lvl+0.40   -
frame    26 :  a closed book +0.43  an opened book +0.22   led  25/ 99 h0.35 lvl+0.33   -
frame    27 :  an opened book +0.40  a closed book +0.20   led  22/106 h0.33 lvl+0.30   -
frame    28 :  an opened book +0.07  a closed book -0.19   led   0/225 h0.06 lvl-0.06   -
frame    29 :  an opened book +0.73  a closed book +0.56   led  82/ 34 h0.60 lvl+0.65   -
frame    30 :  an opened book +0.67  a closed book +0.46   led  67/ 45 h0.55 lvl+0.56   -
frame    31 :  an opened book +0.02  a closed book -0.73   led   0/247 h0.01 lvl-0.36   -
frame    32 :  an opened book -0.77  a closed book -1.37   led   0/255 h0.00 lvl-1.07   -
frame    33 :  an opened book -0.98  a closed book -1.31   led   0/255 h0.00 lvl-1.15   -
frame    34 :  an opened book -1.28  a closed book -1.37   led   0/255 h0.00 lvl-1.32   -
frame    35 :  an opened book -1.48  a closed book -1.60   led   0/255 h0.00 lvl-1.54   -
frame    36 :  an opened book -1.03  a closed book -1.30   led   0/255 h0.00 lvl-1.16   -
frame    37 :  an opened book -0.45  a closed book -0.75   led   0/255 h0.00 lvl-0.60   -
frame    38 :  an opened book -0.52  a closed book -0.81   led   0/255 h0.00 lvl-0.66   -
frame    39 :  a closed book -0.32  an opened book -0.46   led   0/255 h0.00 lvl-0.39   -
frame    40 :  an opened book -0.43  a closed book -0.74   led   0/255 h0.00 lvl-0.59   -
frame    41 :  an opened book +0.34  a closed book -0.07   led  15/125 h0.28 lvl+0.14   -
frame    42 :  an opened book +0.89  a closed book +0.46   led 124/ 15 h0.72 lvl+0.67   -
frame    43 :  an opened book +0.01  a closed book -0.34   led   0/250 h0.01 lvl-0.17   -
frame    44 :  an opened book +0.19  a closed book -0.26   led   4/178 h0.15 lvl-0.04   -
frame    45 :  an opened book +0.31  a closed book -0.12   led  13/133 h0.26 lvl+0.10   -
frame    46 :  an opened book +0.33  a closed book -0.51   led  14/127 h0.27 lvl-0.09   -
frame    47 :  an opened book +0.21  a closed book -0.54   led   5/168 h0.17 lvl-0.16   -
frame    48 :  an opened book -0.13  a closed book -0.43   led   0/255 h0.00 lvl-0.28   -
frame    49 :  an opened book -0.03  a closed book -0.65   led   0/255 h0.00 lvl-0.34   -
frame    50 :  an opened book +0.76  a closed book +0.21   led  89/ 30 h0.62 lvl+0.49   -
frame    51 :  an opened book +0.28  a closed book +0.07   led  10/145 h0.23 lvl+0.17   -
frame    52 :  a closed book -0.36  an opened book -0.42   led   0/255 h0.00 lvl-0.39   -
frame    53 :  an opened book -0.03  a closed book -0.24   led   0/255 h0.00 lvl-0.13   -
frame    54 :  an opened book -0.06  a closed book -0.36   led   0/255 h0.00 lvl-0.21   -
frame    55 :  an opened book -0.35  a closed book -0.70   led   0/255 h0.00 lvl-0.52   -
frame    56 :  an opened book -0.39  a closed book -0.55   led   0/255 h0.00 lvl-0.47   -
frame    57 :  an opened book -0.34  a closed book -0.60   led   0/255 h0.00 lvl-0.47   -
frame    58 :  an opened book -0.47  a closed book -0.97   led   0/255 h0.00 lvl-0.72   -
frame    59 :  an opened book -0.46  a closed book -0.82   led   0/255 h0.00 lvl-0.64   -
frame    60 :  an opened book -0.64  a closed book -1.20   led   0/255 h0.00 lvl-0.92   -
frame    61 :  an opened book -0.60  a closed book -1.19   led   0/255 h0.00 lvl-0.89   -
frame    62 :  an opened book -0.06  a closed book -0.40   led   0/255 h0.00 lvl-0.23   -
frame    63 :  an opened book -0.41  a closed book -0.83   led   0/255 h0.00 lvl-0.62   -
frame    64 :  an opened book -0.29  a closed book -0.64   led   0/255 h0.00 lvl-0.47   -
frame    65 :  an opened book -0.92  a closed book -1.31   led   0/255 h0.00 lvl-1.11   -
frame    66 :  an opened book -0.61  a closed book -1.12   led   0/255 h0.00 lvl-0.86   -
frame    67 :  an opened book -0.40  a closed book -0.94   led   0/255 h0.00 lvl-0.67   -
frame    68 :  an opened book -0.86  a closed book -1.29   led   0/255 h0.00 lvl-1.08   -
frame    69 :  an opened book -0.22  a closed book -0.83   led   0/255 h0.00 lvl-0.53   -
frame    70 :  an opened book -0.85  a closed book -1.23   led   0/255 h0.00 lvl-1.04   -
frame    71 :  an opened book -1.14  a closed book -2.04   led   0/255 h0.00 lvl-1.59   -
frame    72 :  an opened book -1.12  a closed book -2.06   led   0/255 h0.00 lvl-1.59   -
frame    73 :  an opened book -0.77  a closed book -1.69   led   0/255 h0.00 lvl-1.23   -
frame    74 :  an opened book -0.61  a closed book -1.87   led   0/255 h0.00 lvl-1.24   -
frame    75 :  an opened book -0.75  a closed book -1.94   led   0/255 h0.00 lvl-1.34   -
frame    76 :  an opened book -1.27  a closed book -2.23   led   0/255 h0.00 lvl-1.75   -
frame    77 :  an opened book -0.73  a closed book -1.68   led   0/255 h0.00 lvl-1.20   -
frame    78 :  an opened book -0.75  a closed book -1.90   led   0/255 h0.00 lvl-1.33   -
frame    79 :  an opened book -0.71  a closed book -2.05   led   0/255 h0.00 lvl-1.38   -
frame    80 :  an opened book -0.80  a closed book -2.16   led   0/255 h0.00 lvl-1.48   -
frame    81 :  an opened book -0.42  a closed book -1.50   led   0/255 h0.00 lvl-0.96   -
frame    82 :  an opened book -0.65  a closed book -1.89   led   0/255 h0.00 lvl-1.27   -
frame    83 :  an opened book -0.50  a closed book -1.89   led   0/255 h0.00 lvl-1.19   -
frame    84 :  an opened book -0.15  a closed book -1.41   led   0/255 h0.00 lvl-0.78   -
frame    85 :  an opened book -0.11  a closed book -1.51   led   0/255 h0.00 lvl-0.81   -
frame    86 :  an opened book +0.32  a closed book -1.11   led  14/130 h0.26 lvl-0.40   -
frame    87 :  an opened book +0.01  a closed book -0.87   led   0/251 h0.01 lvl-0.43   -
frame    88 :  an opened book -0.96  a closed book -2.21   led   0/255 h0.00 lvl-1.58   -
frame    89 :  an opened book -1.62  a closed book -3.20   led   0/255 h0.00 lvl-2.41   -
frame    90 :  an opened book -2.12  a closed book -3.29   led   0/255 h0.00 lvl-2.71   -
frame    91 :  an opened book -1.90  a closed book -2.98   led   0/255 h0.00 lvl-2.44   -
frame    92 :  an opened book -1.14  a closed book -1.88   led   0/255 h0.00 lvl-1.51   -
frame    93 :  an opened book -2.05  a closed book -3.09   led   0/255 h0.00 lvl-2.57   -
frame    94 :  an opened book -1.97  a closed book -2.74   led   0/255 h0.00 lvl-2.36   -
frame    95 :  an opened book -1.51  a closed book -2.69   led   0/255 h0.00 lvl-2.10   -
frame    96 :  an opened book -1.33  a closed book -2.59   led   0/255 h0.00 lvl-1.96   -
frame    97 :  an opened book -1.19  a closed book -2.47   led   0/255 h0.00 lvl-1.83   -
frame    98 :  an opened book -0.18  a closed book -1.16   led   0/255 h0.00 lvl-0.67   -
frame    99 :  an opened book -0.63  a closed book -1.89   led   0/255 h0.00 lvl-1.26   -
background: after 30 frames (frozen, room spread), this room reads  an opened book -0.128 +-0.0029 (COCO -0.151 +-0.0303)  a closed book -0.122 +-0.0031 (COCO -0.159 +-0.0351)
frame   100 :  an opened book -1.22  a closed book -2.28   led   0/255 h0.00 lvl-1.75   -
frame   101 :  an opened book -1.63  a closed book -3.19   led   0/255 h0.00 lvl-2.41   -
frame   102 :  an opened book -1.62  a closed book -3.18   led   0/255 h0.00 lvl-2.40   -
frame   103 :  an opened book -1.76  a closed book -3.06   led   0/255 h0.00 lvl-2.41   -
frame   104 :  an opened book -1.12  a closed book -2.37   led   0/255 h0.00 lvl-1.74   -
frame   105 :  an opened book -0.96  a closed book -2.38   led   0/255 h0.00 lvl-1.67   -
frame   106 :  an opened book -0.51  a closed book -1.87   led   0/255 h0.00 lvl-1.19   -
frame   107 :  an opened book -0.52  a closed book -2.20   led   0/255 h0.00 lvl-1.36   -
frame   108 :  an opened book -1.23  a closed book -2.76   led   0/255 h0.00 lvl-2.00   -
frame   109 :  an opened book -1.05  a closed book -2.23   led   0/255 h0.00 lvl-1.64   -
frame   110 :  an opened book -1.49  a closed book -2.81   led   0/255 h0.00 lvl-2.15   -
frame   111 :  an opened book -1.70  a closed book -3.11   led   0/255 h0.00 lvl-2.41   -
frame   112 :  an opened book -2.57  a closed book -3.98   led   0/255 h0.00 lvl-3.28   -
frame   113 :  an opened book -2.33  a closed book -3.66   led   0/255 h0.00 lvl-3.00   -
frame   114 :  an opened book -2.53  a closed book -4.33   led   0/255 h0.00 lvl-3.43   -
frame   115 :  an opened book -2.92  a closed book -4.88   led   0/255 h0.00 lvl-3.90   -
frame   116 :  an opened book -2.81  a closed book -4.85   led   0/255 h0.00 lvl-3.83   -
frame   117 :  an opened book -2.80  a closed book -4.51   led   0/255 h0.00 lvl-3.65   -
frame   118 :  an opened book -2.18  a closed book -4.30   led   0/255 h0.00 lvl-3.24   -
frame   119 :  an opened book -2.02  a closed book -3.95   led   0/255 h0.00 lvl-2.98   -
frame   120 :  an opened book -2.33  a closed book -4.20   led   0/255 h0.00 lvl-3.26   -
frame   121 :  an opened book -3.33  a closed book -5.12   led   0/255 h0.00 lvl-4.23   -
frame   122 :  an opened book -3.47  a closed book -5.04   led   0/255 h0.00 lvl-4.25   -
frame   123 :  an opened book -3.65  a closed book -5.22   led   0/255 h0.00 lvl-4.44   -
frame   124 :  an opened book -2.84  a closed book -4.63   led   0/255 h0.00 lvl-3.74   -
frame   125 :  an opened book -2.72  a closed book -4.23   led   0/255 h0.00 lvl-3.47   -
frame   126 :  an opened book -2.23  a closed book -3.72   led   0/255 h0.00 lvl-2.97   -
frame   127 :  an opened book -2.36  a closed book -3.71   led   0/255 h0.00 lvl-3.03   -
frame   128 :  an opened book -2.88  a closed book -4.53   led   0/255 h0.00 lvl-3.71   -
frame   129 :  an opened book -2.83  a closed book -4.46   led   0/255 h0.00 lvl-3.64   -
frame   130 :  an opened book -3.05  a closed book -4.80   led   0/255 h0.00 lvl-3.92   -
frame   131 :  an opened book -2.77  a closed book -4.42   led   0/255 h0.00 lvl-3.60   -
frame   132 :  an opened book -2.06  a closed book -3.61   led   0/255 h0.00 lvl-2.84   -
frame   133 :  an opened book -2.88  a closed book -4.44   led   0/255 h0.00 lvl-3.66   -
frame   134 :  an opened book -2.98  a closed book -4.39   led   0/255 h0.00 lvl-3.69   -
frame   135 :  an opened book -3.00  a closed book -4.61   led   0/255 h0.00 lvl-3.81   -
frame   136 :  an opened book -2.85  a closed book -4.48   led   0/255 h0.00 lvl-3.66   -
frame   137 :  an opened book -2.67  a closed book -4.31   led   0/255 h0.00 lvl-3.49   -
frame   138 :  an opened book -3.20  a closed book -5.07   led   0/255 h0.00 lvl-4.13   -
frame   139 :  an opened book -3.13  a closed book -5.19   led   0/255 h0.00 lvl-4.16   -
frame   140 :  an opened book -3.21  a closed book -5.09   led   0/255 h0.00 lvl-4.15   -
frame   141 :  an opened book -2.87  a closed book -5.02   led   0/255 h0.00 lvl-3.95   -
frame   142 :  an opened book -3.00  a closed book -5.04   led   0/255 h0.00 lvl-4.02   -
frame   143 :  an opened book -2.63  a closed book -4.65   led   0/255 h0.00 lvl-3.64   -
frame   144 :  an opened book -2.65  a closed book -4.64   led   0/255 h0.00 lvl-3.65   -
frame   145 :  an opened book -3.07  a closed book -4.84   led   0/255 h0.00 lvl-3.96   -
frame   146 :  an opened book -2.78  a closed book -4.46   led   0/255 h0.00 lvl-3.62   -
frame   147 :  an opened book -3.00  a closed book -4.65   led   0/255 h0.00 lvl-3.83   -
frame   148 :  an opened book -3.07  a closed book -5.04   led   0/255 h0.00 lvl-4.05   -
frame   149 :  an opened book -3.27  a closed book -5.18   led   0/255 h0.00 lvl-4.23   -
frame   150 :  an opened book -3.22  a closed book -5.08   led   0/255 h0.00 lvl-4.15   -
frame   151 :  an opened book -3.45  a closed book -5.36   led   0/255 h0.00 lvl-4.40   -
frame   152 :  an opened book -3.22  a closed book -5.34   led   0/255 h0.00 lvl-4.28   -
frame   153 :  an opened book -2.93  a closed book -5.08   led   0/255 h0.00 lvl-4.01   -
frame   154 :  an opened book -3.45  a closed book -5.52   led   0/255 h0.00 lvl-4.49   -
frame   155 :  an opened book -3.05  a closed book -5.10   led   0/255 h0.00 lvl-4.07   -
frame   156 :  an opened book -2.58  a closed book -4.85   led   0/255 h0.00 lvl-3.71   -
frame   157 :  an opened book -3.02  a closed book -5.25   led   0/255 h0.00 lvl-4.14   -
frame   158 :  an opened book -2.78  a closed book -5.04   led   0/255 h0.00 lvl-3.91   -
frame   159 :  an opened book -2.76  a closed book -4.73   led   0/255 h0.00 lvl-3.75   -
frame   160 :  an opened book -3.05  a closed book -5.11   led   0/255 h0.00 lvl-4.08   -
frame   161 :  an opened book -3.02  a closed book -4.88   led   0/255 h0.00 lvl-3.95   -
frame   162 :  an opened book -3.31  a closed book -5.15   led   0/255 h0.00 lvl-4.23   -
frame   163 :  an opened book -3.91  a closed book -5.87   led   0/255 h0.00 lvl-4.89   -
frame   164 :  an opened book -4.26  a closed book -6.24   led   0/255 h0.00 lvl-5.25   -
frame   165 :  an opened book -4.03  a closed book -5.99   led   0/255 h0.00 lvl-5.01   -
frame   166 :  an opened book -3.48  a closed book -5.50   led   0/255 h0.00 lvl-4.49   -
frame   167 :  an opened book -3.44  a closed book -5.52   led   0/255 h0.00 lvl-4.48   -
frame   168 :  an opened book -3.64  a closed book -5.65   led   0/255 h0.00 lvl-4.65   -
frame   169 :  an opened book -3.90  a closed book -6.02   led   0/255 h0.00 lvl-4.96   -
frame   170 :  an opened book -3.72  a closed book -5.93   led   0/255 h0.00 lvl-4.83   -
frame   171 :  an opened book -4.07  a closed book -6.37   led   0/255 h0.00 lvl-5.22   -
frame   172 :  an opened book -4.24  a closed book -6.82   led   0/255 h0.00 lvl-5.53   -
frame   173 :  an opened book -4.33  a closed book -6.66   led   0/255 h0.00 lvl-5.49   -
frame   174 :  an opened book -4.52  a closed book -6.55   led   0/255 h0.00 lvl-5.53   -
frame   175 :  an opened book -4.17  a closed book -6.18   led   0/255 h0.00 lvl-5.18   -
frame   176 :  an opened book -3.99  a closed book -5.99   led   0/255 h0.00 lvl-4.99   -
frame   177 :  an opened book -3.50  a closed book -5.46   led   0/255 h0.00 lvl-4.48   -
frame   178 :  an opened book -3.44  a closed book -5.55   led   0/255 h0.00 lvl-4.49   -
frame   179 :  an opened book -3.50  a closed book -5.73   led   0/255 h0.00 lvl-4.61   -
frame   180 :  an opened book -3.79  a closed book -5.86   led   0/255 h0.00 lvl-4.82   -
frame   181 :  an opened book -3.61  a closed book -5.90   led   0/255 h0.00 lvl-4.75   -
frame   182 :  an opened book -3.17  a closed book -5.51   led   0/255 h0.00 lvl-4.34   -
frame   183 :  an opened book -3.01  a closed book -5.24   led   0/255 h0.00 lvl-4.12   -
frame   184 :  an opened book -2.49  a closed book -4.65   led   0/255 h0.00 lvl-3.57   -
frame   185 :  an opened book -3.23  a closed book -5.47   led   0/255 h0.00 lvl-4.35   -
frame   186 :  an opened book -3.74  a closed book -6.14   led   0/255 h0.00 lvl-4.94   -
frame   187 :  an opened book -3.27  a closed book -5.55   led   0/255 h0.00 lvl-4.41   -
frame   188 :  an opened book -3.41  a closed book -5.88   led   0/255 h0.00 lvl-4.64   -
frame   189 :  an opened book -3.95  a closed book -6.33   led   0/255 h0.00 lvl-5.14   -
frame   190 :  an opened book -3.90  a closed book -6.43   led   0/255 h0.00 lvl-5.16   -
frame   191 :  an opened book -3.62  a closed book -6.09   led   0/255 h0.00 lvl-4.86   -
frame   192 :  an opened book -3.81  a closed book -6.19   led   0/255 h0.00 lvl-5.00   -
frame   193 :  an opened book -3.60  a closed book -6.05   led   0/255 h0.00 lvl-4.82   -
frame   194 :  an opened book -3.70  a closed book -6.39   led   0/255 h0.00 lvl-5.05   -
frame   195 :  an opened book -3.84  a closed book -6.58   led   0/255 h0.00 lvl-5.21   -
frame   196 :  an opened book -3.18  a closed book -5.64   led   0/255 h0.00 lvl-4.41   -
frame   197 :  an opened book -3.26  a closed book -5.32   led   0/255 h0.00 lvl-4.29   -
frame   198 :  an opened book -3.21  a closed book -5.59   led   0/255 h0.00 lvl-4.40   -
frame   199 :  an opened book -3.46  a closed book -5.96   led   0/255 h0.00 lvl-4.71   -
background: after 30 frames (frozen, room spread), this room reads  an opened book -0.128 +-0.0029 (COCO -0.151 +-0.0303)  a closed book -0.122 +-0.0031 (COCO -0.159 +-0.0351)
frame   200 :  an opened book -3.62  a closed book -6.28   led   0/255 h0.00 lvl-4.95   -

stopped   : 201 frames, 201 good, capture overlapped with the compute, configuration C
            201 frames timed, 322 ms/frame mean (capture included)
            305 ms encode + 0 ms waiting for the sensor + 16 ms burst; 333 ms/frame by the clock
            418 ms shutter to LED, arming with 79 ms of compute left
            last frame mean RGB 8 3 4
            camera bus: worst gap 23 us against the 2000 us deadline (#12)
            usb: 0 outages, 0 ms off the bus, 0 re-attaches (#9)
