2026-08-20 18:04:36.116  watching every port uhubctl can see every 0.5s
2026-08-20 18:04:36.179  2-1:1  0103 power enable connect [08bb:2902 C-Media Electronics Inc. USB PnP Sound Device]
2026-08-20 18:04:36.179  2-1:2  0103 power enable connect [2e8a:000f Raspberry Pi RP2350 Boot 118E1FFA149C9E95]
2026-08-20 18:04:36.179  2-2:1  02a0 power 5gbps Rx.Detect
2026-08-20 18:04:36.179  2-2:2  02a0 power 5gbps Rx.Detect
2026-08-20 18:04:54.287  2-1:2  0103 power enable connect [2e8a:000f Raspberry Pi RP2350 Boot 118E1FFA149C9E95]   ->   0103 power enable connect []
2026-08-20 18:04:54.859  2-1:2  0103 power enable connect []   ->   0103 power enable connect [2e8a:0009 Raspberry Pi Pico 118E1FFA149C9E95]
2026-08-20 18:05:36.245  still here: 2-1:1 0103 power enable connect [08bb:2902 C-Media Electronics Inc. USB PnP Sound Device] | 2-1:2 0103 power enable connect [2e8a:0009 Raspberry Pi Pico 118E1FFA149C9E95] | 2-2:1 02a0 power 5gbps Rx.Detect | 2-2:2 02a0 power 5gbps Rx.Detect
2026-08-20 18:06:36.644  still here: 2-1:1 0103 power enable connect [08bb:2902 C-Media Electronics Inc. USB PnP Sound Device] | 2-1:2 0103 power enable connect [2e8a:0009 Raspberry Pi Pico 118E1FFA149C9E95] | 2-2:1 02a0 power 5gbps Rx.Detect | 2-2:2 02a0 power 5gbps Rx.Detect
2026-08-20 18:06:44.229  2-1:2  0103 power enable connect [2e8a:0009 Raspberry Pi Pico 118E1FFA149C9E95]   ->   0103 power enable connect []
2026-08-20 18:06:44.791  2-1:2  0103 power enable connect []   ->   0103 power enable connect [2e8a:000f Raspberry Pi RP2350 Boot 118E1FFA149C9E95]
2026-08-20 18:06:45.730  2-1:2  0103 power enable connect [2e8a:000f Raspberry Pi RP2350 Boot 118E1FFA149C9E95]   ->   0103 power enable connect []
2026-08-20 18:06:46.296  2-1:2  0103 power enable connect []   ->   0103 power enable connect [2e8a:0009 Raspberry Pi Pico 118E1FFA149C9E95]
2026-08-20 18:07:36.753  still here: 2-1:1 0103 power enable connect [08bb:2902 C-Media Electronics Inc. USB PnP Sound Device] | 2-1:2 0103 power enable connect [2e8a:0009 Raspberry Pi Pico 118E1FFA149C9E95] | 2-2:1 02a0 power 5gbps Rx.Detect | 2-2:2 02a0 power 5gbps Rx.Detect
2026-08-20 18:08:35.147  2-1:2  0103 power enable connect [2e8a:0009 Raspberry Pi Pico 118E1FFA149C9E95]   ->   0103 power enable connect []
2026-08-20 18:08:35.687  2-1:2  0103 power enable connect []   ->   0103 power enable connect [2e8a:000f Raspberry Pi RP2350 Boot 118E1FFA149C9E95]
2026-08-20 18:08:36.948  2-1:2  0103 power enable connect [2e8a:000f Raspberry Pi RP2350 Boot 118E1FFA149C9E95]   ->   0103 power enable connect []
2026-08-20 18:08:36.948  still here: 2-1:1 0103 power enable connect [08bb:2902 C-Media Electronics Inc. USB PnP Sound Device] | 2-1:2 0103 power enable connect [] | 2-2:1 02a0 power 5gbps Rx.Detect | 2-2:2 02a0 power 5gbps Rx.Detect
2026-08-20 18:08:37.513  2-1:2  0103 power enable connect []   ->   0103 power enable connect [2e8a:0009 Raspberry Pi Pico 118E1FFA149C9E95]
2026-08-20 18:09:37.359  still here: 2-1:1 0103 power enable connect [08bb:2902 C-Media Electronics Inc. USB PnP Sound Device] | 2-1:2 0103 power enable connect [2e8a:0009 Raspberry Pi Pico 118E1FFA149C9E95] | 2-2:1 02a0 power 5gbps Rx.Detect | 2-2:2 02a0 power 5gbps Rx.Detect
2026-08-20 18:10:24.964  2-1:2  0103 power enable connect [2e8a:0009 Raspberry Pi Pico 118E1FFA149C9E95]   ->   0103 power enable connect []
2026-08-20 18:10:25.510  2-1:2  0103 power enable connect []   ->   0103 power enable connect [2e8a:000f Raspberry Pi RP2350 Boot 118E1FFA149C9E95]
2026-08-20 18:10:26.065  2-1:2  0103 power enable connect [2e8a:000f Raspberry Pi RP2350 Boot 118E1FFA149C9E95]   ->   0101 power connect []
2026-08-20 18:10:26.617  2-1:2  0101 power connect []   ->   0103 power enable connect [2e8a:0009 Raspberry Pi Pico 118E1FFA149C9E95]
2026-08-20 18:10:37.750  still here: 2-1:1 0103 power enable connect [08bb:2902 C-Media Electronics Inc. USB PnP Sound Device] | 2-1:2 0103 power enable connect [2e8a:0009 Raspberry Pi Pico 118E1FFA149C9E95] | 2-2:1 02a0 power 5gbps Rx.Detect | 2-2:2 02a0 power 5gbps Rx.Detect
2026-08-20 18:11:36.040  still here: 2-1:1 0103 power enable connect [08bb:2902 C-Media Electronics Inc. USB PnP Sound Device] | 2-1:2 0103 power enable connect [2e8a:0009 Raspberry Pi Pico 118E1FFA149C9E95] | 2-2:1 02a0 power 5gbps Rx.Detect | 2-2:2 02a0 power 5gbps Rx.Detect
2026-08-20 18:12:11.118  2-1:2  0103 power enable connect [2e8a:0009 Raspberry Pi Pico 118E1FFA149C9E95]   ->   0103 power enable connect []
2026-08-20 18:12:11.666  2-1:2  0103 power enable connect []   ->   0103 power enable connect [2e8a:000f Raspberry Pi RP2350 Boot 118E1FFA149C9E95]
2026-08-20 18:12:12.624  2-1:2  0103 power enable connect [2e8a:000f Raspberry Pi RP2350 Boot 118E1FFA149C9E95]   ->   0103 power enable connect []
2026-08-20 18:12:13.191  2-1:2  0103 power enable connect []   ->   0103 power enable connect [2e8a:0009 Raspberry Pi Pico 118E1FFA149C9E95]
2026-08-20 18:12:36.405  still here: 2-1:1 0103 power enable connect [08bb:2902 C-Media Electronics Inc. USB PnP Sound Device] | 2-1:2 0103 power enable connect [2e8a:0009 Raspberry Pi Pico 118E1FFA149C9E95] | 2-2:1 02a0 power 5gbps Rx.Detect | 2-2:2 02a0 power 5gbps Rx.Detect
2026-08-20 18:13:36.459  still here: 2-1:1 0103 power enable connect [08bb:2902 C-Media Electronics Inc. USB PnP Sound Device] | 2-1:2 0103 power enable connect [2e8a:0009 Raspberry Pi Pico 118E1FFA149C9E95] | 2-2:1 02a0 power 5gbps Rx.Detect | 2-2:2 02a0 power 5gbps Rx.Detect
2026-08-20 18:13:57.760  2-1:2  0103 power enable connect [2e8a:0009 Raspberry Pi Pico 118E1FFA149C9E95]   ->   0103 power enable connect []
2026-08-20 18:13:58.315  2-1:2  0103 power enable connect []   ->   0103 power enable connect [2e8a:000f Raspberry Pi RP2350 Boot 118E1FFA149C9E95]
2026-08-20 18:13:58.863  2-1:2  0103 power enable connect [2e8a:000f Raspberry Pi RP2350 Boot 118E1FFA149C9E95]   ->   0101 power connect []
2026-08-20 18:13:59.430  2-1:2  0101 power connect []   ->   0103 power enable connect [2e8a:0009 Raspberry Pi Pico 118E1FFA149C9E95]
2026-08-20 18:14:36.882  still here: 2-1:1 0103 power enable connect [08bb:2902 C-Media Electronics Inc. USB PnP Sound Device] | 2-1:2 0103 power enable connect [2e8a:0009 Raspberry Pi Pico 118E1FFA149C9E95] | 2-2:1 02a0 power 5gbps Rx.Detect | 2-2:2 02a0 power 5gbps Rx.Detect
2026-08-20 18:15:37.384  still here: 2-1:1 0103 power enable connect [08bb:2902 C-Media Electronics Inc. USB PnP Sound Device] | 2-1:2 0103 power enable connect [2e8a:0009 Raspberry Pi Pico 118E1FFA149C9E95] | 2-2:1 02a0 power 5gbps Rx.Detect | 2-2:2 02a0 power 5gbps Rx.Detect
2026-08-20 18:15:45.756  2-1:2  0103 power enable connect [2e8a:0009 Raspberry Pi Pico 118E1FFA149C9E95]   ->   0103 power enable connect []
2026-08-20 18:15:46.312  2-1:2  0103 power enable connect []   ->   0103 power enable connect [2e8a:000f Raspberry Pi RP2350 Boot 118E1FFA149C9E95]
2026-08-20 18:15:46.921  2-1:2  0103 power enable connect [2e8a:000f Raspberry Pi RP2350 Boot 118E1FFA149C9E95]   ->   0111 power reset connect []
2026-08-20 18:15:47.499  2-1:2  0111 power reset connect []   ->   0103 power enable connect [2e8a:0009 Raspberry Pi Pico 118E1FFA149C9E95]
2026-08-20 18:16:37.851  still here: 2-1:1 0103 power enable connect [08bb:2902 C-Media Electronics Inc. USB PnP Sound Device] | 2-1:2 0103 power enable connect [2e8a:0009 Raspberry Pi Pico 118E1FFA149C9E95] | 2-2:1 02a0 power 5gbps Rx.Detect | 2-2:2 02a0 power 5gbps Rx.Detect
2026-08-20 18:17:33.355  2-1:2  0103 power enable connect [2e8a:0009 Raspberry Pi Pico 118E1FFA149C9E95]   ->   0103 power enable connect []
2026-08-20 18:17:33.924  2-1:2  0103 power enable connect []   ->   0103 power enable connect [2e8a:000f Raspberry Pi RP2350 Boot 118E1FFA149C9E95]
2026-08-20 18:17:34.565  2-1:2  0103 power enable connect [2e8a:000f Raspberry Pi RP2350 Boot 118E1FFA149C9E95]   ->   0103 power enable connect []
2026-08-20 18:17:35.130  2-1:2  0103 power enable connect []   ->   0103 power enable connect [2e8a:0009 Raspberry Pi Pico 118E1FFA149C9E95]
2026-08-20 18:17:37.940  still here: 2-1:1 0103 power enable connect [08bb:2902 C-Media Electronics Inc. USB PnP Sound Device] | 2-1:2 0103 power enable connect [2e8a:0009 Raspberry Pi Pico 118E1FFA149C9E95] | 2-2:1 02a0 power 5gbps Rx.Detect | 2-2:2 02a0 power 5gbps Rx.Detect
2026-08-20 18:18:38.263  still here: 2-1:1 0103 power enable connect [08bb:2902 C-Media Electronics Inc. USB PnP Sound Device] | 2-1:2 0103 power enable connect [2e8a:0009 Raspberry Pi Pico 118E1FFA149C9E95] | 2-2:1 02a0 power 5gbps Rx.Detect | 2-2:2 02a0 power 5gbps Rx.Detect
2026-08-20 18:19:38.570  still here: 2-1:1 0103 power enable connect [08bb:2902 C-Media Electronics Inc. USB PnP Sound Device] | 2-1:2 0103 power enable connect [2e8a:0009 Raspberry Pi Pico 118E1FFA149C9E95] | 2-2:1 02a0 power 5gbps Rx.Detect | 2-2:2 02a0 power 5gbps Rx.Detect
2026-08-20 18:20:39.007  still here: 2-1:1 0103 power enable connect [08bb:2902 C-Media Electronics Inc. USB PnP Sound Device] | 2-1:2 0103 power enable connect [2e8a:0009 Raspberry Pi Pico 118E1FFA149C9E95] | 2-2:1 02a0 power 5gbps Rx.Detect | 2-2:2 02a0 power 5gbps Rx.Detect
2026-08-20 18:21:39.261  still here: 2-1:1 0103 power enable connect [08bb:2902 C-Media Electronics Inc. USB PnP Sound Device] | 2-1:2 0103 power enable connect [2e8a:0009 Raspberry Pi Pico 118E1FFA149C9E95] | 2-2:1 02a0 power 5gbps Rx.Detect | 2-2:2 02a0 power 5gbps Rx.Detect
2026-08-20 18:22:39.831  still here: 2-1:1 0103 power enable connect [08bb:2902 C-Media Electronics Inc. USB PnP Sound Device] | 2-1:2 0103 power enable connect [2e8a:0009 Raspberry Pi Pico 118E1FFA149C9E95] | 2-2:1 02a0 power 5gbps Rx.Detect | 2-2:2 02a0 power 5gbps Rx.Detect
2026-08-20 18:23:39.937  still here: 2-1:1 0103 power enable connect [08bb:2902 C-Media Electronics Inc. USB PnP Sound Device] | 2-1:2 0103 power enable connect [2e8a:0009 Raspberry Pi Pico 118E1FFA149C9E95] | 2-2:1 02a0 power 5gbps Rx.Detect | 2-2:2 02a0 power 5gbps Rx.Detect
2026-08-20 18:24:40.088  still here: 2-1:1 0103 power enable connect [08bb:2902 C-Media Electronics Inc. USB PnP Sound Device] | 2-1:2 0103 power enable connect [2e8a:0009 Raspberry Pi Pico 118E1FFA149C9E95] | 2-2:1 02a0 power 5gbps Rx.Detect | 2-2:2 02a0 power 5gbps Rx.Detect
2026-08-20 18:25:40.325  still here: 2-1:1 0103 power enable connect [08bb:2902 C-Media Electronics Inc. USB PnP Sound Device] | 2-1:2 0103 power enable connect [2e8a:0009 Raspberry Pi Pico 118E1FFA149C9E95] | 2-2:1 02a0 power 5gbps Rx.Detect | 2-2:2 02a0 power 5gbps Rx.Detect
2026-08-20 18:26:40.366  still here: 2-1:1 0103 power enable connect [08bb:2902 C-Media Electronics Inc. USB PnP Sound Device] | 2-1:2 0103 power enable connect [2e8a:0009 Raspberry Pi Pico 118E1FFA149C9E95] | 2-2:1 02a0 power 5gbps Rx.Detect | 2-2:2 02a0 power 5gbps Rx.Detect
2026-08-20 18:27:40.474  still here: 2-1:1 0103 power enable connect [08bb:2902 C-Media Electronics Inc. USB PnP Sound Device] | 2-1:2 0103 power enable connect [2e8a:0009 Raspberry Pi Pico 118E1FFA149C9E95] | 2-2:1 02a0 power 5gbps Rx.Detect | 2-2:2 02a0 power 5gbps Rx.Detect
2026-08-20 18:28:40.539  still here: 2-1:1 0103 power enable connect [08bb:2902 C-Media Electronics Inc. USB PnP Sound Device] | 2-1:2 0103 power enable connect [2e8a:0009 Raspberry Pi Pico 118E1FFA149C9E95] | 2-2:1 02a0 power 5gbps Rx.Detect | 2-2:2 02a0 power 5gbps Rx.Detect
2026-08-20 18:29:40.719  still here: 2-1:1 0103 power enable connect [08bb:2902 C-Media Electronics Inc. USB PnP Sound Device] | 2-1:2 0103 power enable connect [2e8a:0009 Raspberry Pi Pico 118E1FFA149C9E95] | 2-2:1 02a0 power 5gbps Rx.Detect | 2-2:2 02a0 power 5gbps Rx.Detect
2026-08-20 18:30:41.050  still here: 2-1:1 0103 power enable connect [08bb:2902 C-Media Electronics Inc. USB PnP Sound Device] | 2-1:2 0103 power enable connect [2e8a:0009 Raspberry Pi Pico 118E1FFA149C9E95] | 2-2:1 02a0 power 5gbps Rx.Detect | 2-2:2 02a0 power 5gbps Rx.Detect
2026-08-20 18:31:41.496  still here: 2-1:1 0103 power enable connect [08bb:2902 C-Media Electronics Inc. USB PnP Sound Device] | 2-1:2 0103 power enable connect [2e8a:0009 Raspberry Pi Pico 118E1FFA149C9E95] | 2-2:1 02a0 power 5gbps Rx.Detect | 2-2:2 02a0 power 5gbps Rx.Detect
2026-08-20 18:32:19.749  2-1:2  0103 power enable connect [2e8a:0009 Raspberry Pi Pico 118E1FFA149C9E95]   ->   0000 off
2026-08-20 18:32:19.749  2-2:2  02a0 power 5gbps Rx.Detect   ->   00a0 off
2026-08-20 18:32:22.371  2-1:2  0000 off   ->   0101 power connect [2e8a:0009]
2026-08-20 18:32:22.371  2-2:2  00a0 off   ->   02a0 power 5gbps Rx.Detect
2026-08-20 18:32:22.962  2-1:2  0101 power connect [2e8a:0009]   ->   0103 power enable connect [2e8a:0009 Raspberry Pi Pico 118E1FFA149C9E95]
2026-08-20 18:32:41.876  still here: 2-1:1 0103 power enable connect [08bb:2902 C-Media Electronics Inc. USB PnP Sound Device] | 2-1:2 0103 power enable connect [2e8a:0009 Raspberry Pi Pico 118E1FFA149C9E95] | 2-2:1 02a0 power 5gbps Rx.Detect | 2-2:2 02a0 power 5gbps Rx.Detect
2026-08-20 18:33:04.805  2-1:2  0103 power enable connect [2e8a:0009 Raspberry Pi Pico 118E1FFA149C9E95]   ->   0103 power enable connect []
2026-08-20 18:33:05.390  2-1:2  0103 power enable connect []   ->   0103 power enable connect [2e8a:0009 Raspberry Pi Pico 118E1FFA149C9E95]
2026-08-20 18:33:25.015  2-1:2  0103 power enable connect [2e8a:0009 Raspberry Pi Pico 118E1FFA149C9E95]   ->   0103 power enable connect []
2026-08-20 18:33:25.590  2-1:2  0103 power enable connect []   ->   0103 power enable connect [2e8a:000f Raspberry Pi RP2350 Boot 118E1FFA149C9E95]
2026-08-20 18:33:42.054  still here: 2-1:1 0103 power enable connect [08bb:2902 C-Media Electronics Inc. USB PnP Sound Device] | 2-1:2 0103 power enable connect [2e8a:000f Raspberry Pi RP2350 Boot 118E1FFA149C9E95] | 2-2:1 02a0 power 5gbps Rx.Detect | 2-2:2 02a0 power 5gbps Rx.Detect
2026-08-20 18:33:44.531  2-1:2  0103 power enable connect [2e8a:000f Raspberry Pi RP2350 Boot 118E1FFA149C9E95]   ->   0103 power enable connect [2e8a:0009 Raspberry Pi Pico 118E1FFA149C9E95]
2026-08-20 18:34:42.122  still here: 2-1:1 0103 power enable connect [08bb:2902 C-Media Electronics Inc. USB PnP Sound Device] | 2-1:2 0103 power enable connect [2e8a:0009 Raspberry Pi Pico 118E1FFA149C9E95] | 2-2:1 02a0 power 5gbps Rx.Detect | 2-2:2 02a0 power 5gbps Rx.Detect
2026-08-20 18:34:57.123  2-1:2  0103 power enable connect [2e8a:0009 Raspberry Pi Pico 118E1FFA149C9E95]   ->   0103 power enable connect []
2026-08-20 18:34:57.691  2-1:2  0103 power enable connect []   ->   0103 power enable connect [2e8a:000f Raspberry Pi RP2350 Boot 118E1FFA149C9E95]
2026-08-20 18:35:17.421  2-1:2  0103 power enable connect [2e8a:000f Raspberry Pi RP2350 Boot 118E1FFA149C9E95]   ->   0103 power enable connect []
2026-08-20 18:35:17.971  2-1:2  0103 power enable connect []   ->   0103 power enable connect [2e8a:0009 Raspberry Pi Pico 118E1FFA149C9E95]
2026-08-20 18:35:42.593  still here: 2-1:1 0103 power enable connect [08bb:2902 C-Media Electronics Inc. USB PnP Sound Device] | 2-1:2 0103 power enable connect [2e8a:0009 Raspberry Pi Pico 118E1FFA149C9E95] | 2-2:1 02a0 power 5gbps Rx.Detect | 2-2:2 02a0 power 5gbps Rx.Detect
2026-08-20 18:35:57.383  2-1:2  0103 power enable connect [2e8a:0009 Raspberry Pi Pico 118E1FFA149C9E95]   ->   0103 power enable connect []
2026-08-20 18:35:57.955  2-1:2  0103 power enable connect []   ->   0103 power enable connect [2e8a:0009 Raspberry Pi Pico 118E1FFA149C9E95]
2026-08-20 18:36:42.969  still here: 2-1:1 0103 power enable connect [08bb:2902 C-Media Electronics Inc. USB PnP Sound Device] | 2-1:2 0103 power enable connect [2e8a:0009 Raspberry Pi Pico 118E1FFA149C9E95] | 2-2:1 02a0 power 5gbps Rx.Detect | 2-2:2 02a0 power 5gbps Rx.Detect
2026-08-20 18:37:43.128  still here: 2-1:1 0103 power enable connect [08bb:2902 C-Media Electronics Inc. USB PnP Sound Device] | 2-1:2 0103 power enable connect [2e8a:0009 Raspberry Pi Pico 118E1FFA149C9E95] | 2-2:1 02a0 power 5gbps Rx.Detect | 2-2:2 02a0 power 5gbps Rx.Detect
2026-08-20 18:38:43.179  still here: 2-1:1 0103 power enable connect [08bb:2902 C-Media Electronics Inc. USB PnP Sound Device] | 2-1:2 0103 power enable connect [2e8a:0009 Raspberry Pi Pico 118E1FFA149C9E95] | 2-2:1 02a0 power 5gbps Rx.Detect | 2-2:2 02a0 power 5gbps Rx.Detect
2026-08-20 18:39:43.544  still here: 2-1:1 0103 power enable connect [08bb:2902 C-Media Electronics Inc. USB PnP Sound Device] | 2-1:2 0103 power enable connect [2e8a:0009 Raspberry Pi Pico 118E1FFA149C9E95] | 2-2:1 02a0 power 5gbps Rx.Detect | 2-2:2 02a0 power 5gbps Rx.Detect
2026-08-20 18:40:43.667  still here: 2-1:1 0103 power enable connect [08bb:2902 C-Media Electronics Inc. USB PnP Sound Device] | 2-1:2 0103 power enable connect [2e8a:0009 Raspberry Pi Pico 118E1FFA149C9E95] | 2-2:1 02a0 power 5gbps Rx.Detect | 2-2:2 02a0 power 5gbps Rx.Detect
2026-08-20 18:40:54.752  2-1:2  0103 power enable connect [2e8a:0009 Raspberry Pi Pico 118E1FFA149C9E95]   ->   0103 power enable connect []
2026-08-20 18:40:55.358  2-1:2  0103 power enable connect []   ->   0103 power enable connect [2e8a:000f Raspberry Pi RP2350 Boot 118E1FFA149C9E95]
2026-08-20 18:41:43.675  still here: 2-1:1 0103 power enable connect [08bb:2902 C-Media Electronics Inc. USB PnP Sound Device] | 2-1:2 0103 power enable connect [2e8a:000f Raspberry Pi RP2350 Boot 118E1FFA149C9E95] | 2-2:1 02a0 power 5gbps Rx.Detect | 2-2:2 02a0 power 5gbps Rx.Detect
