
=== #33: does 0x02 put the exposure lock back? ===

clock     : 320 MHz sys
  sensor id : 0x82  (legacy table)
  firmware  : 2023-03-03, fpga rev 32
  0x02 at boot : 0x05  (the documented default)

  0x02 positive control - each line held down, not pulsed:
  !! CAP_DONE never asserted
    reset held      0x02 reads 04, picture did not come back
  !! CAP_DONE never asserted
    sleep held      0x02 reads 07, picture did not come back
  !! CAP_DONE never asserted
    power off held  0x02 reads 00, picture did not come back
    3 of 3 changed the picture
  before any arm: dragged

  slot arm  0x02  lock       luma
     0  N   05    held        12
     1  R   05    dragged     92
     2  P   05    dragged     93
     3  C   05    dragged     92
     4  C   05    dragged     92
     5  P   05    held        92
     6  R   05    dragged     92
     7  N   05    dragged     91
     8  R   05    dragged     92
     9  N   05    dragged     92
    10  C   05    dragged     91
    11  P   05    dragged     92

  arm  held drag dead
  N       1    2    0
  R       0    3    0
  P       1    2    0
  C       0    3    0

VERDICT : before=dragged  N=1/3  R=0/3  P=1/3  C=0/3   (held)  control 3/3
