
=== M9: fpga-open-vocab - describe it, the board spots it ===

clock     : 280 MHz requested; BOOTSEL is reachable for 1.5 s
clock     : 280 MHz system, core 1.25 V
reset     : chip_reset 00010000
            nothing new since the last banner - whatever reset the core left powman alone.
waiting for a bitstream on USB CDC (host/demo.py)
bitstream : 173124 bytes announced, crc32 0a2e9953
bitstream : received intact
configure : configured, CDONE high   CDONE=1 nSTATUS=0
crc       : DMA sniffer, calc=1 out_rev=1 out_inv=1
model     : 9 layers, 512-d embedding, 131072 B/buffer
weights   : 780720 B, crc32=0xF368CC6E  (144 ms to hash)

reference : encoder_fast on the flash test vector  (1810 ms)

link      : probing the wire by running the whole test vector over it
probe     : 3 forward data lines -> 512/512 floats exact, 310 ms
link      : configuration C, 3 forward data lines, 140.0 MHz

camera    : exposure ramp 20 20 21 21 21 21 21 21 22 22 22 22 22 22 22 22 22 22 22 22 22 22 22 22 22 22 22 22 22 22 22 22 22 22 22 22 22 22 22 22
camera    : live 128x128 RGB565, id 0x82, 16.0 MHz, expose 59 ms, read 16 ms, EXPOSURE NEVER SETTLED after 40 frames
            regs fmt 02 res 00 bri 00 ev 00 wb 00 auto 00 state 26 id 82 fpga 20
            mean RGB 22 28 16  (tuned camera on a neutral scene: about 115 107 105)
            ^ the exposure never moved from its first reading in 40 frames, so the auto-exposure
              either had nothing to correct or never started. The ramp above is the evidence.

queries   : waiting for a query set on USB CDC (host/demo.py)
queries   : 1 accepted, 512-d, crc ok
            scored as z = (cos - background) / std, where the background is this room's
            own mean over its first 30 frames and is then FROZEN - so a thing left in
            shot keeps its score instead of decaying into the furniture. 'N' re-learns
            it, 'H' switches to tracking. The COCO figures below are only the seed for
            frame 0 and the fixed std.
            std is THIS ROOM's, measured over the same 30 frames ('S' switches to COCO's).
            The thresholds below still mean the 90th percentile of a background; the
            background they now mean it against is this room empty, not 5000 COCO photos.
            z is EMA-smoothed at 0.35 (~5 frames) before ranking, so a state has to
            persist for about two seconds to be called.
            a book               match above z 1.23   (COCO background -0.144 +- 0.028, so cos -0.110)

loop      : capture, 8 convs on the T8, pool and head, then one cosine per query. 'B' for BOOTSEL, 'R' to restart,
            'P' to dump the next frame for host/cam.py, 'V' to dump its 512 floats for host/caption.py,
            'E' to provoke a fault so D1 shows its fault display, 'H' to freeze/unfreeze the background,
            'S' to switch the spread between this room's and COCO's, 'W' to hang on purpose and see
            the watchdog name the stage, 'C' to stall the camera bus on purpose and see it cost one frame,
            'U' to drop off USB on purpose and watch it come back, 'I' to drop off and refuse to,
            'N' to forget it and learn it again from now. 'P' and 'V' together describe the same frame.
            'O' closes the timing window, prints it and flips the capture between overlapped and serial;
            'D' does the same and flips the trigger between late and at-the-collect, which is #14's A/B.
            'L' freezes exposure and gain, then on a second press the white balance too - which goes green,
            and is the control. A third restores all three. Issue #30, and the one hotkey whose answer depends on when you press it.
            scores are z against this room's background, ranked; '*' means over its threshold.
            '1'..'6' enrol the next 20 frames as that class, and press again on a LATER visit
            to fold a second one in - 2 visits is what makes the enrolment guard mean
            something. Two classes in and the board decides by nearest reference instead of
            by threshold - see M21.
            '0' ENROLS THE EMPTY SCENE the same way, and it is worth a visit: with one, a frame
            is absent when the empty reference is the nearest of the three and no radius is
            involved. Without one the board falls back to the band - absent beyond 2.0 sep
            from every class - which scores 54.6% over 28 benches against the third reference's
            79.1%, because with two queries that band is an interval the empty scene can sit
            inside. #18.
            The first 30 frames set the baseline and it is then frozen, so anything left in
            shot KEEPS its score. Point the camera at the empty scene for those frames.
            Send a new set at any time to re-query - that resets the baseline too.

frame     0 :  a book +0.15   led   2/193 h0.12 lvl+0.15   -
frame     1 :  a book +0.04   led   0/235 h0.04 lvl+0.04   -
frame     2 :  a book +0.07   led   0/224 h0.06 lvl+0.07   -
frame     3 :  a book +0.05   led   0/234 h0.04 lvl+0.05   -
frame     4 :  a book +0.06   led   0/230 h0.05 lvl+0.06   -
frame     5 :  a book +0.05   led   0/231 h0.04 lvl+0.05   -
frame     6 :  a book +0.06   led   0/230 h0.05 lvl+0.06   -
frame     7 :  a book +0.05   led   0/231 h0.04 lvl+0.05   -
background: after 8 frames (warming up, room spread), this room reads  a book -0.132 +-0.0019 (COCO -0.144 +-0.0280)
frame     8 :  a book -0.22   led   0/255 h0.00 lvl-0.22   -
frame     9 :  a book -0.04   led   0/255 h0.00 lvl-0.04   -
frame    10 :  a book -0.35   led   0/255 h0.00 lvl-0.35   -
frame    11 :  a book +0.14   led   2/194 h0.12 lvl+0.14   -
frame    12 :  a book +1.66*   led 255/  0 h1.00 lvl+1.66   MATCH a book (cos -0.125)
frame    13 :  a book +1.25*   led 255/  0 h1.00 lvl+1.25   MATCH a book (cos -0.130)
frame    14 :  a book +1.36*   led 255/  0 h1.00 lvl+1.36   MATCH a book (cos -0.128)
frame    15 :  a book +0.49   led  34/ 82 h0.40 lvl+0.49   -
frame    16 :  a book -0.19   led   0/255 h0.00 lvl-0.19   -
frame    17 :  a book -0.25   led   0/255 h0.00 lvl-0.25   -
frame    18 :  a book -0.19   led   0/255 h0.00 lvl-0.19   -
frame    19 :  a book +0.07   led   1/223 h0.06 lvl+0.07   -
frame    20 :  a book +0.08   led   1/221 h0.06 lvl+0.08   -
frame    21 :  a book +0.22   led   6/166 h0.18 lvl+0.22   -
frame    22 :  a book -0.00   led   0/255 h0.00 lvl-0.00   -
frame    23 :  a book -0.06   led   0/255 h0.00 lvl-0.06   -
frame    24 :  a book +0.48   led  32/ 86 h0.39 lvl+0.48   -
frame    25 :  a book +0.23   led   6/163 h0.18 lvl+0.23   -
frame    26 :  a book -0.41   led   0/255 h0.00 lvl-0.41   -
frame    27 :  a book -0.26   led   0/255 h0.00 lvl-0.26   -
frame    28 :  a book -0.43   led   0/255 h0.00 lvl-0.43   -

snapshot  : frame 29, mean RGB 22 28 16
BEGIN m9 128 128 32768 eec24666
GMEYgRCBEIEYwhkCGQIQwRkBIQIhAiECGMEZAhlCIYMhQhlCGUIZQhkCIUMhRBkD
GQIZAyGDIYMhQxlCGUIhgyGDGUIZAiGDIYMhgyFDGQIhgyHEIcQZQhlCIYQpxCnD
IYMhQxlCIYMhgyHEKYQZQxlDIYQphCGDIUIhgynEKYQhgyFDIYMpxCmEIYMZQyGE
IYQhRBlDGUMhhCGEIYQZQxlDGUMhhCGEGUMZQhlDIUMZQxlDGUMZAxEDGUMZQxlD
GQIZAhkDGQMZAhECEQIRAhECEQIRAhECEQIQwRDBEMIQwhDCEMIQwRDCEMIQwQiB
CIEIgQiBCIEIgQCBCIEIgRDBEMEQgBCAGMIZAxkCEMERARkCGUIZAhDBGQEZQiFC
IUMhQhkDGQIZAiGDKYQhQxkCGUMhhCGDGUIZQhlCIYMhgxlBEUEhgyGEIYMhgxlC
IYMphCmEGUIZQiHDIcMhwyGDIYMZQyGDKcQpxCHDGUIZQyGEIYQhhBlDIUQpxCGE
IYMZQxmDIcQhxBmDGUIhgyGEIYQZQxmDIYQhhBlDGUMZQxlDIYQhhBlCGUIZQiGD
IYMhQxlDGUMRQxlDGUMZQxkCGQMZAxkDEMIRAhECEQIRAhDCEMIQwhDCCMIQwhDC
EMIQwhDCEMIQwhDCEIEIgQiBCIEIgQiBCIEIgQhBCIEYwRCAEIEQgBjCGQIZAhDB
EMEZARkCGUIRAhECGUMhQyFDIUMZQxkDGQIhQyGDGUMZAhlCIYMhgyFDGUIZQiGE
IYQZQxlCIYMphCGEIYMZQyGDIYQhhBlCGUIhgyGDIYMhgxlDGUIhQynDKcQhhBlD
IUMphCmEIYQZQxmDIcQhxCGEIUMZQyGEIYQZgxlCIYQphCFDGUIhQiGDIYMhgyGD
GUIZQiGEIYQZQxlDGUMhgyFDGUMZQxlDEUMZQxlDGUIRAhEDGQMZAxECEQIRAhED
EQIRAhECEQIRAhDCEMIQwhDCEMIIwgjCEMEQwRDBCIEIgQiBCIEQgQiBCIEIgQhB
GMEQwRCBEIEYwiECGQIQwBDBGQIhAxkDEMERAhlCIUMhQxlCGQIZAhECGUMhRCFD
GQIZQyGEIYMhQyECGUIhhCGEGUIZQiGDKcQhgyGDGUIhgyGDKYMZQiFCIYMhwyGD
IYMhQxlCIUMpwynEKcMZQiGDIYQphCmEIUMhhCnFIcQhgxlDGYMhhCGEIYMZQiGD
IYMhQxlCGUMhhCGEIYQZhBlEGUMhhCGEGUMZQxlDIYMhQxlDGUMZQxkCGUMZQxlD
GQIRQxkDGQIRAhECEQMRAxEDEMIQwhDCEMIQwgjBEMIQwhDCEMIIwgjBCMEIwQjB
CIEIgQiBAIEIgQiBCEEIQRjBEMEQgBCAGQEZAhkCEMERASECIUMZQhDBGQIZQiFC
IUIZQhlCGQIZAiFDIUQhQxkCGUMhgyGDIYIZQhlCIYQphCFCGQIhgymEIYMZQxlC
IUMpxCmEIUIhQimDKYQphCmEIYMhQyGDKYQphCmDIUMhQyGEKcQhhBlDIUMphCGE
IYMhQyGDKYMphCFDGUMhhCGEIUQZQxlDIYQhhCGEIYMZQxlCIYMhhBlDGUMZQyGD
IUMZQxlDGUMZQhlDGUMZQxkCGQIZAhkCGQIRAhEDEQIRAhECEMIQwhDCEMIQwhDC
EMIQwhDCEMIQwgjBCIEIgQiBCIEIgQiBCIEIQQhBEEEYwRDBEMEIgBjBGQEZAhDB
EMEZQxlDGUIRAhkCIUMhQyFDGUMZQxlCGQIhQyFDIUMZAhkCKYMhgyGCGUIZQimE
KYQZghlBIYMpgymDIUMZQiGDKcMpxBmCGUIpxCnEKcMhhCFDGUIhgynDKcQpxCGD
IYMpxCnEIYMZQiFDKYQphCmEIUMhQymEKYQhQyFCIYQhhCGDGUMZQyGDIYMhgyGD
GUMZQyGEIYMZQxlDGUMhgyGEGUMZQxlDGUMZQxlEGUMZAhkCGQMZAxkCEQIRAhEC
EQIRAhECEQIRAhDBEMEQwhDCEMEQwRDBEMEIwQjBCIEIgQiBCIEIgQiCCEEIQQhB
EMEQwRDACIAQwRkCGQIQwRDAGQIhAhkCGMEZARkCIUIhQxkDGUMZAxkCIUMpRCFD
GQIZQyGDIYMZgxlDGUIphCmEIUMZQiFDKYQphCFDGUIhgyGEIYMZghlCKcMpwyHD
IYQZgxlDIYQpwynEKcMhgiGCIcQpxCGDGUMhQynEKcQhgyGDIUMhhCGEIYMZQyGD
KYQhgxlCGUMhhCGEIUMZQxlCGUMhQyGDGUMZQhlDIYMhQxlDGUMZQxkDGUMZQxlD
EQIRQhkCEQIRAhECEQMRAxECCQIRARECEQIQwQjBEMEQwRDBEMEQwRDBEMEIgQiB
CIEIgQCBCIEIgQiBCEAIQRDBEMEQwRCAGMEZAhkCEMEQwRkCIUMhQhDBEQIZAiFD
IUMZAhlDGQIRAiFDIYMhgxkCGUIhgyGDIYIZQhlCIYQhhBlCGUIhQymEKYQhQxlC
IYMpxCnEIUMhQimDKcMpgymDIUMZQiFDIYQpxCnEIUMhgynDKcMpwxlCIUMpxCmE
IYMZQxlDIYQhhCGDGUIhgymEIYQhQyFDKYQphCFDIUMZQxlCIYMhhCFDGUMZQyFD
IUMhQxlDGUMRQxlDGUMZQxkCEQIZAxkCEQIRAhECEQIRAhECCQIRAhECEMIQwRDC
EMIQwhDCEMIIwgjCCIEIgQiBAIEIgQiBCIEIQQhBCEEQwRDBEMEQgRjBGQIZAhDB
EMEZAhkDGUMRAhECGQIhQyFDGUMhQxlCGQEhQyFDIUMZAhkCIYMhgxmDGUIZQimD
IYMhQhkCIUMphCmDIUMZQiGDKcQpxCFCIUIpwynDKcMpgyGDGUIhgyHEKcQpxCFD
IUMphCnEKYQhQyGDKYQphCmEIUMhQyGEKYQhgxlDIYQhxCGDGYIZQyGEIYMhgyGC
IUIZQhmDIYQZQxkCGUMhQxlDGUMZQhkDGUIZQxlDGUMRAhECGQIZAxECEQIRAhEC
EQIRAhDCEMIQwhDBCMIQwhDCCMIIwgjBCMEIwQiBCIEIgQiBCEEIgQhBCEAIQQhB
GMEYwRDBCIAQwRkCGQIQwRDBGQIZAhlCEQERARkCIUIhQiFCIQIZAhkCIUMphCGD
GQIZQiGDIYMZgxlDGUIhhCmEIUMZAiFDKYMpgyFDGUMhQymEKYUhQiFCKcMpwynD
IcMhgyGCIYMpxCnEKYQhQyFDKYQpxCmEGUMhgynEKcQpgyGDIUMphCmEIYQZQiGE
KYQhgxlDGUMhhCGEIUMhgyFCGUIhgyGDIUMZQhlDIUMhQyFDGUMZQxlDGUMZQxlD
GQIZAhkCGQMZAhECEQIRAhECEQIRAhECEMIQwhDCEMIQwhDCEMIQwQjBCMEIgQiB
CIEIQQiBCIEIgQhBCEEIQRDBEMEQwRCAEMEZAhkCEMEIwRkCIUMhQxkCGQIhAiFD
IUMZQyFDGQIZAiFDIYMhgxkBIUIpgymDIUMhQxlDKYQphCFCGQIhQymEKYQpQxlC
IYMpxCnEIYIZgiGDKcQpwyGEIYMhQyGDKcQpxCnEIYMhgyHEKcUhxCGDIUMpxCnD
KYMhgxlCKYQpxCGDGUIhgyGDIYMZQiFDKYQhhCGEIUMZQxlDIUMhhCFDGUIZQiGD
IUMhQyFDGQIZAhkDGUMZQxECEQIZQxkDEQIRAhECEQIRAhDCEMIYwhDCEMIQwhDC
EMIQwRDBEMEQwQjBCIEIgQiBAIEIgQiBCEEIQQhBCEEYwhDBEMEQgRDBGQIZAhDB
EMEZAhkDGUIRAhECGUIhQyFDIUMhQxkCGQIZQyGEIYQRQhlCIYMhhCGDIUIZQimD
KYMhQhlCIYMpwymDIYMZQyFDKcQpxCGDGUIhgynDKcMpwyGDIYIhgynDKcMpwyGC
IYMpxCnEKcQhQyGDKcQpxCmEIYMhgynEKcUhgyGCIYMhgyGDGUIZQiGEIYMhgyGD
IUMZQiGDIYMZgxlDGUIhgyFDIUMZQxkDGQIZQxlDGUMZAhECEQIZAhEBEQIRAhEC
EQIRAhDCEMIQwhDCEMIQwhDCEMIIgQjBCMEIwQjBCIEIggiBCIEIgQhBCEAIQQhB
EMEQwRDBCIAQwRkCGQIQwRDBGQIhQiFCGQEZARkCIUMhQxlDGUMZAxkCGUIhgyGC
GUIZQiGDIYMhQxlCGUIhgymDIUMZAiFDKYQphCGDGUIhgynEKcQhgyFDKYQpxCnE
KYQhhCGDIYMpwynEKcQhgyGDKcQpxCnEIUMhgynEKcQpxCGDGUMhxCnEKYQhQyGD
KYMhhCFDGUMhhCGEIYQhhBlDGUMhRCGEIUMZQxlDIYMhgyFDGUMZQxlDGUMZQxlD
GQMRAhkDGQMRAhECEQMRAhECEMIIwhDCEMIQwhCBEMIQwhDCEMIQwhDBCIEIgQiB
CIEIgQiBCIEIgQhBCEEIQRjBGIEQwRCAEMEZAhkCEMEQwRkCIUMhQxkCEQIZAiFD
IUMhQiFCGQIZARlCIYMhgxlCGUIhgyGDIYMZQhlCIYQphCFDGQIhQymEKYQhgyFC
IUMpxCnEIYMhgimDMcMpwymDIYMhQyFDKcQpxCnEIYMhgymDKcQpxCGDIYMpxCnE
KYQhgyGDKcMpxCGDGUIhgynEKcMhgxlCIYMhgyGDIUMZQxlCGUMhhBlDGUIZQhmD
GYMZQxlDGUMRAxlDGUMZQxECEQIZAhkCGQIRAhEDEQMRAxDCEMIQwhDCEMEIwRDC
EMIQwgjCCMIIwgiBCIEIgQiBCIEIgQiBCEEIQQhBCEEYwRjBGMEQgRDAIQIhAhjC
EMEZAiFDIUMZAhkCGQIhQiFDIUMZQhlCGQIhQiGDIYMZQRlCIYMhgxmDGUIZQimD
KYMhQxkCIUMphCGEIYMZQiGCKcQpxCGCIYEpgynDKcMhwyGDIYMhgynDKcQpxCGD
IYMhxCnEKcQhgyGDKcQpxCnDIYMZQiGEKcQhgxlDIYMpxCmEIUMhQymEIYMhgyFD
GUMZQiGDIYMZQxlDGUMhgyGDIYMZQxlDGUIZQhlDGUMZAhkCGQIZAhECEQIRAhED
EQMRAhECEQIYwhDCEIIQwhDCEMIIwgjCCMEIwQiBCIEIgQiBCIEIgQhBCEEIQQhB
GMIQwhDBEMEQwSECGQIZARDBGQIhQiFDGQIZARkCIUMhQyFDIUIZAhkCIUMhhCGE
GUIZQimDKYMhQyFDGQIhgymEIUMZQiFCKYQphCmDIUMhQymEKcQhgiGCKcMpxCnD
IcMhgyGDIYMpwynEKcQhgyGDKYQpxCmEIYMhgynEKcQpwyGDIYIphCnEIYMZQiGD
KcQpxCGDGUMphCGEIYQhQxlDGUMZQyGEIYMZQhlCGUMhQyFDGUMZQxlDGUMZQyFD
GQMZAhkDGQMZAhECEQMRAhECEQIRAhECEMIQwhDCEMIQwhDCCMIIwQjBCMEIgQiB
CIEIgQiBCIEIQQhBCEEIQRjBEMEQwAjBEMEZAhkCGQIQwRkCGUMZQxkCGQIZAiFD
IUMhQyFDGUMZAiFDIYMhgxlCGUIhgyGEIYMZQxkCIYQhhCFDGQIZQinEKYQpgyFD
IUMphCnFIYMZgimDKcQpxCGDIYMhQyFDKcMpxCnDIUIhQiGDKcQpxCGDIYMpxCnE
KcQhhCGDKcQpxCnDIYMhgyHEIcQhgxlCIYMhhCGDGUQZRBlDIYMhhBmDGUMZQyFD
IUMhQxlDGUMZAxlDGUMZQxkCGQIZAxkDGQIRAhEDEQIRAhECEMEQwhDCEMIQwhDC
EMIQwhDBCMEIwQjBCIEIgQiBCIEIgQiBCIEIQQhBCEEYwRDBEIAQgBCAGQEZAhkC
EMERARlDIUMZAhkCGQIhQyFDIUMhQxlDGQIhQiGDIYMZQhlCIYMhgyGDGUIZAiGD
KYMhQxlCGUIpgymDKYMhQiFCKcQpxCGDGUIhgynEKYMhgyGDGYIhgynDKcQpxCGD
IYMpxCnEKcQhgyGDKcQpxCnEKcMhginEKcQphCGDIYMphCmEIUQhQymEKYQpgyFD
IUMZQhlDIYQhQxlDGUMZQyFDIUMhQxlDGUMZQxlDGUMZAhkCGQIZAhkCEQIZAhEC
EQIRAgkCEQIQwhDCCMIQwhDCEMIQwRDBCMEIwQiACIEIgQhBAIEIQQhBCEEIQAhB
GMEYwRjBEIAQgRkCGQMZAhDBEMIZQxlDGUIRAhkCIUMhQyFCIUMZAxkCGQIhQyGD
GUIZAiGDIYMhQxlCGQIhgymEIYMZQhlCKcQpgymDIUIhQinEKcQhgxlDKYMxxCnE
KcQhgxmDIYMpwyoDKcMhgiGDKcMpxCnEIYIhQynEKcQpxCmDIYMphCnEKYMhQiGD
KcMphCFDIUMhhCGEIYQhgyGDGUIhQyGEIYMZQxlDGYMhgxlDIUMZQxlCGUMZQxlD
GQMRAhECGQMZAhECEQIRAhECEQIRARECEMIQwhDBEMIQwhDCEMIQwhDBEIEIgQiB
CIEIgQiBCEEIQQhBCEEIARjBGMEYwRCAEIEZAiEDGQIQwRECGUMhQxkCEMIZAhkD
IUQhQyFDIUMZAhkCIUMhgxlCGUIhgymDKYMhQxlCKYMpgyGCGUIZQinFIYQhgyGD
IUMpxDHEKYMhQimDMcQpwynEIYMhgyGDKcMpxCnEIYMhQimDMcQpgyGDIYMpxCnE
KcQpgyGDKcQpxCnEIYMhgynEKYQhgyFCKYQhhCGEIYMhgyFDIUMhgyGDGUIZQiGD
IUMhQxlDGUMZQhlDGUMZQxlCEQIZAhkCEQIQwhECEQIRAhECCMEQwhDCEMIQwRDC
EMIQwhDCCMEIwQiBCIEIgQCBCEEIQQhBCEEIQQhBCEEQwRDBEMEQwRCBGQIhAhkC
EMERAiFDIUMZAhEBGQIhQyGDIUMhQxlCGQIZAiFEIYQZQRlCIYMhgyGDIUIZQiGD
KcQhgxlCIUMpxCmEKYQhQyFDMYQpxCmDIUIpgzHDKcMpwyGEIYMhgynDKcMpxCGD
IUMhgzHEKcQhgyFDKcMpwynDKYMhQinDKcMpwyGCIYMpxCnEIYMhQymEKYMpgyGD
IYMZgiGDIYQhhBlDGUMZgyFDIUMhQyFDGQMZAhlDGUMRAhECGQMZAhECEQIRAhEC
EQIRAhDBEMIQwhDCEIEQwhDCEMIIwgjBCMEIwQiBCIEIgQiBCIEIQQhBCEEIAQhB
EMEQwRDBEMEQgRkCGQIZAhDBEQEZQyFDGQIQwRkCGUIhgiFCIUIhAhkCGQIhhCGD
GUIZQiGDKYQhgyFCGQIhgynEKYMZQRlCKYQphCmEIUMhQzGEKYQphCFDIYQpxCnE
KcMphCGDIYMpwynEKcQhgyFDIYMpxCnEIYMZginDKcQpxCGDIUIpwynEKcQhgyGD
KcQphCGDIUMphCGEIYQhhBlDGUMZQyGEIUQZQhlCIYMhgyFDIUMZQxkDGUIZQxlD
GUIZAhkCGQIZAhDCEQIRAhECEQIQwhDCEMIQwgiCEMIQwhDCEMEQwRDBEIEIgQiB
CEEIgQiBCIEIQQhBCEEIQRDBGMEQwRDBEIEZAiECGQIQwRDBIUIhQiFCGQEZAhkD
IUMhQxlDGUMZAhkCIUQhhBlDGQIhQymEIYMhQhlCIYMphCGDGUEhQimEKYQphCFD
IUMpxCnEIcMhQiGDKcQphCHEIYQhQyFDKcMxxDHEKYMhQymEMcQxxCGDIYIpxCnF
KcQphCFDKYQpxCmDIUMhgynEKcQhgyFDKYQphCmEIYMhQyFDIUMphCGEGUIZQiFD
IYMZQhlDGUMZAxkCGUMZQxlDEQIRAhECGQIQwhECEQIRAhECEMEQwhDCEMIQwRDC
EMIQwhDBEMIIwQiBCIEIgQiBAIAIgQhBCEEIQQhACEEQwRjBGMEQwQjBGQIZAxkC
EMERARlCGUMZAxDBGQIhQyFDIUMhQxkDGQMZAiGEIYQZQhlCGYMhgyGDIUIZQSGD
KYMpgxkCGUIphCmEKYMhQiFCKYMpwynDIUIhgynEKcQpwyGEIYMhQynEMcQxxCmE
KUMphDHEMcQpgyFDKcQpxCnEKYMhginEKcQpwyGCIYMpxCnEIYMZQyGEKYQphCFD
IYMhQyFDIYQhgxlDGUMhQyFEIUMZQxlDGUMZQhlDGUIZAhkCGQIZAxjCEQIZAhEC
EQIRAgjBEMIQwhDCEMIQwhDCEMIIgQjBCMEIgQiBCIEIgQCBCEEIQQhBCEEIQQhB
GMEYwRDBEMEQgRkBIQIZAhDBEMEZAhlCGUIQwRkBIUIhQyFDIUIZAhkCGQIhgyGD
GUIZQiGDKYMpgyFCGUIhgyGDIYMZQhlCKcQpxCmEIUMhQynDKcMpwyFCIYMpxCnE
IYQhhCGDIYMpwynEKcQpgyFDKYMxxCnEKYMhQinDKcMpwyHDIYMpxCnEKcQhgyGD
KcQpxCmDIUMpgymEKYMhgyGDIUMhQymEIYMZQhlCIUMhRCFDIUMZQxlDGUIZQxlD
GQMZAhkCGQIZAhkCGQIRAhECEQIQwRDCEMEQwhCCEMIQwhDCEMEIwQjBCIEIgQiB
AIEIgQhACEEIQQhBCEEIQRjCGMIYwhDBCMEZAhkCGQIQwRDBIQMhQyEDGMIZAiFC
IUMhQxlDGUMZAhkCIUMhhBlDGUIhQymDIYMhgxlCIYMpwymDGUIZQimEKcMpgyFC
IUIphCnEKYMhQimDMcQpxCnEKYQhgyGDKcMpwynEKYQhQyGDMcQpxCmDIYIpwynE
KcQphCGDKYQpxCnEIYMhgynEKcQhgxlDKYMphCmEIYQhgxlDIUMhhCFEIUMZQyGD
IYMZQyFDGUMZQxlDGUMZQxkCGQIZAhkCGQIRAhECEQIRAhECCMIQwhDCEMIQwhDC
EMIQwhDCCIIIggiCCIIIgQiBCIEIQAhBCEEIQQhBCAEQwRjCEMIQwQjBEQIZAhkC
EMEQwRkCIUIhAhkBGQIZQiFDIUMhQxlDGQIZAimEIYMZQhlCIUIpgyFDIUMZQiGD
KYMhgyFCIUIpwymDKYMhQyFDKYQpxCnEIUIhgynEKcQpxCGDIYMhQymEKcQxxCnE
IYMpgzHEMcQpgyFCKcMpxCnEKYMhgimDMcQpxCGDIYMpxCnEKYMhQiGDIcQhhCGD
IYMhQyFDIYQhRBlDGUMhQyGDIUMZQxlDGQMZAxlDGUMZAhECGQIZAxjCGMIRAhEC
EQIRAgjCEMIQwhDCEMIQwhDCCMIIwgiCCIIIgQiBCIEAgQiBCEEIQQhBCEEIQQhB
GMEYwRDBEMEQwRkBGQIZAhDBEMEZAhlCGUIRARkBGUIhgyFDIUMZQxkDGQIphCmD
IUIZAiFCKYMhgyFDIUIhgymEKYQZAhlCKcMpxCmEKUMhQinEKcQpxCGDIYMpxCnE
KcQpgyGDIYMpwynEKcQpgyFCKYMxxCnEKYQhQymEKcQpxCmDIYIpgynEKcQhgyGD
KcQpxCGDIUIhgymEKYQhhCFDGUMZQyGEIYQZQxlDGYMZhBlDGUMZQxkDGQIZQxlD
EQIRAhkCGQIZAhDCEMIRAhECEMIQwhDCEMIQwRCBEMIQwgjCCMEIwQiBCIEIgQhB
CEEIQQhBCEEIQQhBCEEIQRDCGQIYwhDBEMEYwhkCGQIQwRDBGQMhAyECGMEZAiFC
IYMhQyFDGQMZAxkCIUMhQyFCGUIhQimDIYMhgxlCIYIphCmDGUIZQinDKcMpwyGC
GUIpgynEKcQhgiGCKcQpxCnEIYQhgyGDKcMpxCnEKYMhgimCMcQxxCmDIUIpwzHE
KcQpwyGDKYMxxCnDIYMhgynEKcUhgyGCIYMpgymDIYMhQxlDGUMhhCGEGUMZQxlD
IUMhQyFDIUMZAxkDGUMZQxkDEQIZAhkCGQIZAhECEQIRAhECEMEQwhDCEMIQghDC
EMIIwgjCCMEIgQiBCEEIgQiBCEEIQQhBCEEIQQhBCEEQwRjCGMIQghCBGMIhAyEC
GMEYwSECIQIhQxkCGQIhQyGDIUMhQyFDGQIZAiGDIYMhQxkCIUIpgymDKYMhQilC
KYQphBkCGUIpgynDKcMhgiFCKYMpwynDIYIhgynDMcMpwymDIYMhgynEMcQxxCmD
IYIhgynEKcQhgyGCKcMxwzHDKcMpgymDKcQpxCGDGYMpxCnEKYMhgimDKYQphCGD
IUMZQyFDKYMhgxlCGUIhQyFDIUMhQxlDGUIZQxlDGUMZQhkCGQIZAhkCEMIRAhEC
EQIRAgjCEMIQwhDCEMIQwhDCEMIIwQjBCIEIgQhBCEEIQQhBCEEIQQhBCEEIQQhB
GMEZAhjCGMEQgRjBGQIZAhjBEMEhAiFDIUIZARkCIQIhQyFDGUMZAxkDGQIhQyGD
IUIZQiFCKYQpgyGCIUIhQymEKYQhQhlCIYMpxCmDIYMhQimDKcQphCFCIYMpxCnE
KcQpxCGDIUMpwzHEMcQpgyFDKYQpxCnEKYMhginEMcQpxCnEIYMhhCnEKcQhgyGC
KcQpxCmDIUIpgymEIYMhgyGEGYMhQyGEIUQZQxlDIUMhRCFDIUMhQxlDGUIZQxlD
GQIRAhECEQIRAhDCEQIRAhECEQIQwRDCEMIQwhCCEMEQwQjBCMEIwQjBCIEIgAiB
CIEIgQhBCEEIQQhBCEEIQRDBGQIZAhjCEMEZASECGQIYwRjBIQIhAyEDGMIZAiFD
IUMhQyFDIQMZAxkDIUQphCFDGQIhQymDKYMhQxlCIYMphCmEIUIZQimDKYMpgyGC
IUIpgynEKcQhgyGDKcQxxCnDKcMhgyGDKcMpxCnEKcQhgymDMcQxxCmDIYIpwzHD
KcMpxCGDKYMxxCnEKYMhgynEKYQhgxmCIYMphCmEIYQhQxlDGUMhhCGEGUMZQxlD
IUMhQyFDGUIZQxkCGUMZQxECEQIZAhkCGQIRAhECEQIRAhECEMIQwhDCEMIQwRCB
EMEQgQiCCIIIggiBCIEIgQiBCIEIQQhBCEEIQQhBCEEYwRkCGQIQwhDBEMEhAhkC
GMEQwRkCIUIhQhkBGQIhQiFDIUMhQyEDGQIZAiFCIYMhgxlCIUMphCmEKYQhQyFC
KYMpgxlCIUEpgzHDKYMhgyFCKYMxwynEIYIhginEKcQpwymDKYMhgynEKcQxxCnD
IYIpgzHEMcQpgymCKcMxwynDKcQhgyGDKcQpxCGDIYMpxCnEIYQhQyGEKYQphCGE
IYMZQyFDIYQhhBlDGUMZQyFDIUMZQxlDGUMZQhlCGUIZQhECEQIRAhECEMIQwhEC
EQIQwhDBEMIQwhDCEMIQwhDCEMEIwQjBCIEIgQiBAIEIgQCBCEEIQQhACEEIQQhB
EMEZAhkCGMIQwhDCGQMZAxkCEMEZQhlDGUMZAhkCIUIhQyFDIUMhQxkCGQIhQyGD
IUMZQhlDKYQpgyFDGUIhQimEKYQhQiFCKYMphCmDIYMhQimDKcMpxCGCIYMpwynD
KcMpwymDIYMpwynEKcQpxCGDIYMpxDHEMYMhgymDMcQxxCnDIYIpgzHEKYQhgxmC
KcQpxCGDIUMpgymEKYQphCFDGUMhQyGEIUQZQxlDGUMhgyFDIUMZQxlCGUIZQxkD
GQMZAhkCGQIRAhECEQIRAhECEMIQwhDCEMIQwhDCEMIQwgjCCMIIwgiBCIEIQQhA
CEEIQQhBCEEIQQhBCEEIQRjCIQIZAhECEMEQwhkDGQMZARjBIUIhQiFCGQEhAiEC
IUMhQyFDIUMZQhkCIUMhgyFDGQIZQimDKYMhQyFCIUIphCmEGUIZAimDKYQpgyGD
IUIpgynDKcMhgiGCKcMpwynDKcMpgyGCKYMpxDHEMYQpQymDMcQxxDHDKYIpgynE
McQphCGDKYMxxCnEIYIhginEKcQhgyFCKYMpgymDIYMhgyFDIUMphCFEGUMZAxlD
IUQZQyFDGUMZQxkDGUMZQxkDGQIZAhkCGQIZAhkCGQIRAhDCEMEQwhDCEMIQwhDB
EMIQwhDBCIEIgQiBCIEIgQiBCEEIQQhBCEEIQQhBCEEYwiECGQIZAhDBEMEZAiFC
GQIZASFCIUMhQxkCGQIZAiFDIUMhQyFDGUIZAiFDIYMhQxkCIUMphCmEIYMhQiFD
KYQphCFCIUIpgzGEKYQpQyFCKYMxgzHEKYIhginDKcMpwymDKYIhginDMcMxxDHE
KYMpgzHEMcQphCFDKYQxxDHEKcMpgynDMcQpxCmDIUMpxCnEKYMhQiGDKcQpgyGD
IYMhgxlDIYQhhBlDGUMZQyGDIYMhQyFDGUMZAhlDGUMZAxECEQIZAxkDEMIQwhEC
EMIQwhDBEMIQwhDCEMIQwhDCEMIIggiCCIEIgQiBCIEIgQhBCEEIQQhBCEEIQQhB
EMIZAxkDEQMRARECGQMZAxkDEMEZAiFDIUMZAhkCGQIhQyFCIUIZQhlCGQEhgyGD
IUMZAiFDKYQpgyGDGUIhQimEKYQhQyFCKYMxxCnEKYMhQimDKcQpwyGCIYIqAzHD
McMpgymDIUIpgzHEMcQxxCGDKYMxxDHEMYMhgimDKcQpxCnEKYMpgzHEKYQhgyGD
KcQpxCmDIUMhgynEIYQhhCGEIYMhQyGEIYMZQxlDGUMhRCFDIUMZQxlDGQMZQxlD
GQIZAhkCGQIZAhECEQIRAhDCEMIQwRDCEMIQwhDCEMIQwgjBCMEIwQiBAIEIgQiB
CIEIQQhBCEEIQAhBCEEIQRjCIQMZAxkDEMIQwhkEGQMZAhDCGQIhQyFDGQIZAiFC
IUMhQyFDIUMZAxkCIUMphCFDGQIhQymEKYMpgyFDIUIphCmEIUMhAilDMYQphCmD
IUIpgzHEMcQpgiGCMcQxxDHEKYQpgyFCIYMxwzHEMcQpgymDKcQxxSmEIYIpgynE
KcQpxCGDKYMpxCnEKYMhQymEKcQhhCFDIYMpxCmEIYMhgyFDIUMhhCGEIUMZQxlD
IUMhQyFCGUMZQxkDGUMZQxkDEQIZAhkCGQIRAhECEQIRAxDCEMIQwRDBEMEIwhDC
EMIQwgjBCIEIgQiBCIEAgQiBCEEIQQhBCEEIQQhBCEEQwRkDGQMYwhDCEMIhAxkD
GQIQwRlCIUMhQxkCGMIZAiFDIUIhQxkDGQIZAiFDIUQhQxkCGUMpgymDKYMhQiFC
KYQphCFCGQEhginDKYMhgyFCKYMxxDHEKYIhgjHEMcMxwzGDKYMpQymDMcQxxDGE
KYMpgzHEMcQxxCGDKYMxxDHEKYMhgyGDKcQpxCmDIUMpxCnEIYQhQyGDKcQphCmE
IUMhQyFDKYMpgyFDGQIhQyFDIUMhQyFDIUMZAhkCGQIZAhkCGQIZAhkCEMIQwhDC
EQIQwhDBEMIQwhDCEIIQwhDCEMEIgQiBCIEIgQiBCIEIQQhBCEEIQQhBCEEIQQhB
EMEZAhkCGQIRARDBIUIhAhkCEMEZAiFCIUMZAhECGUMhQyFDIUMhQxlDGQMhQylE
IUMZAhlCKYMphCmDIUMhQymEKYQpQiFBIYMpxCmDKYMhgimDMcQxxCGDIYIpxDHE
McMphCmDKYMpgzHEMcQxxCmCKYMxxDHEKYQhgymDMcQxxCmDKYMpgynEKcQhgyFD
KYQphCmDIUMpgynDKYMhgyGDIYMhQyGDIYMhQxlDGUMhgyFDIUMZQxkDGQIZQhlC
GQIZAhkCGQIZAhECEQIRAhECEMIQwhDCEMIQwhCCEMIQwgjBCIEIgQiBCIEIgQiB
CIEIgQhBCEEIQQhBCEEIQRDBGQIZAhjCEMEQwhkDIQMZAxDBGQIhQyFDGQMZAhlD
IUMhQyFDIUMhAhkCIUMhgyGDGUIhQymDKYMpgyFCIUIpgymDIUIZQiGDKcQpxCmD
IUIpgzHEMcQpgiGCKcMxwzHDKcMpgyGDKYMxxDHEMcQpgymDMcQxxDHDIYIpwzHE
McQphCGDKYMxxDGEKYMhQinDKcQpgyFCIYMpgymEKYMhQyFDIUMhgyGEIUMZQyFD
IUMhQyFDGUMZQxkCGUIZQxkDEQIZAhkCGQIRAhECEQIQwhDCEMIQwhCCCMIIwgjC
EMIIwgiCCIIIgQiBCIEAgQiBCEEIQAhBCEEIQQhBCEEQwhkDGQMZAxjDGMIhAyED
GQIYwRkCIUMhQxkDGQIhAiFDKUMhQiFDIUMZAiFDKYQpQyECIUIpgymDKYMhQiFD
KYQpxCGDIUIhgynEKcQpgyFCIYMxwzHEKYIpgjHDMcMxwynDKYMhgymDMcMxxDHE
KYMpgzHEMcUpxCGDKYQpxCnEKcMpgyGDKcQpxCGDIUMphCnEKYMhgiGDKcQphCGD
IYQhQyFDIYQhhBlDGUMZQyFDIUMhQxlDGQMZAxkDGUMRAxECGQIZAxkDGQIRAhEC
EMIQwgjCEMIQwhDCEMIQwhDCCMIIwQjBAIEIgQhBCIEIQQhBCEEIQQhBCEEIQQhB
EMIZAhkCGQIQwRDCGQMhQxkCEMIZAiFDIUMZAhkCGUIhQyFDIUMhQxlCGQIhQiGD
IYMZQiFCKYMpgymDIUIhQinDKYMpgyFCIYMpwynDKYMhQimDMcQxxCmCIYIxwzHD
McMxwymDKYIpgzHDMcQxxCGDIYMxxDIEMcMpgymDMcQxxCnEKYMhgzHEMcQphCFC
KYQpxCmEIUMhgymEIYMpgyGDIUMhQyGDIYMhQhlCIUMhQyFDGUMZAxkDGQIZAhkC
GQMZAxkCGQMZAhkCEQIQwhDCEMIQwhDCEMIQwhCCEMEIwgjCCMIIggiBCIEIgQhB
CEEIQQhBCEEIQQhBCEEIQRDCGQIZAxkCEQIQwRkCIUMhAxjCGQMZQyFDGUIRARlC
IUMhQyFCIUMhQxkCIUMpgymDGUIhQimDKcQpgyGDIUIpxDGEKYIhQSGCMcMpwymD
IUIhgynEMcQpgyGCKcMyBDHEKcMpgymCKYMxwzHEMcQpgimCMcQxxDHEKYMpgzHE
McQphCmDKYMpxCnEKYQhgynEKcQpxCGDIYMpxCGDKYMhQyFDIUIpgymEIUMhQxlD
IUMhQyFDIUMZQxkCGQMZAxkDGQIZAhkCGQIRAhDCEMIQwhDCCMIQwhDCEMIQwhDC
CMIIwgiCCIEIgQhBCEEIQQhBCEEIQQhBCEEIQQhBCEEQwhkDGQMZAxjCGMIZAiED
IQIYwRkCIUMhQxlDGQIZAiFCIUMhQxlDIUMZAiFCKYMpgyFCIUIpgymDKYMhQiFB
KYQphCFDGUIhQynEKcQpgylDKYIpwzHDKcIhginEMcQxxCnDKYMpgymDMcMxxDHE
KYIpgjHEMgQxxCmDKYMxxDHEMYQpgymDMcQxxCmEIUMphCnEKYQhgyGDKcQhxCGE
IYMhQyFDKYQphCFDIUMZQyFDIUMhQyFDIUMZAxkDGUMZAhkCGQIZAhkCEMIQwhDC
EMIQwgjCEMIQwhDCEMIIwQjCCMEIwQiBCIEIgQiBCEEIQQhBCEEIQQgBCEEIQQhB
EMEZAhkCGQIQwRDBGQIZAhkCEMEZASFCIUMhAxkCGQMhQyFDIUMhQyFDGQIhQiGD
IYMZQhlCIYMpgyFCIUIZQimEKYQpQyFCIUMphCnEIYMhQiGDKcQxxCmDIYIpxDHE
McQphCmDIYMhgzHEMcQxxCmCKUIxxDHEMcQpgymDMcQxxDHEKYMpgynEKcQhgyGC
KcMpxCmDIYIhgynEKYMhgyFDIUMhQiFDIYMZQhlCIUIhgyFDIUMhAxkDGQMZAxkD
GQMZAhkCGQIZAhECEQIQwhDCEMEQwRDBEMIQwhDCCMIIwgjCCIEIggiBCEEIQQBB
CEEIQQhBCEEIQQhBCEEIQRDBGQIZAhkCGQIYwSECIQIhAhjBGQIhQyFDGQIZAhkC
IUIhQyFDGQMhQxkCIUIphClDIQIhQimDKYMpgyFCIUIphCmEKYMhQiGDMcMxgymD
IUIhQjGEMcQpgyFCKcQxxDHEKcMpgymDKYMxwzHDMcMpgymDMcQxxCnEKYMpgzHF
McQxhCmDIYMxxDHEKcMhgymDMcQpgyFCIYMphCmEKYQphCFDIUMhRCmEIUMZQhlC
IUMhQyFDIQMZAxkDGQIZAhkCEQIRAxkDEQMRAhDCEMIQwhDBEMIIwhDCEMIQwhDC
EMIIwQjBCIEIgQhBCIEIgQhBCEEIQAhBCEEIQQhBCEEQwRkCGQIZAhkCEMIZAyED
IQMYwhkCIUMhQyFDGQIZAyFDIUMhQyFDGQMZAhkCIYMpQyFCIUIpgymDKYMpQyFC
KYMpgyGDGUIhQinEKcQpgyFCIYIpxDHEKYMpQjGDMcMxwzHDKYMpQymDMcQxxDHE
KYMhginDMcQpxCmDKYMxxDHEKYQpgyGDKcQpxCmDIYMpgynDKcQhgyFDKYQphCmE
KUQhQyFDIUQhRBlDGUMZQyFDIUMhQyEDGQMZAxkCGQIZAxkCGQIZAhkCEQIRAhDC
EMIQwgjBEMIQwhDCEMIQwRDBEMEQgQiBCIEIgQiBCEEIQQhBCEAIAQhBCEEIQQhB
EMEZAhkDGQIRAhDBGQIZAxkDEMEZAiFDIUMhQxkCGQMhQyFDIUMhQxlDGQIhQimD
KYMhQiFCKYMpgymDKUIZQiGDKcQpgyFCIUMphCmEKYMhQiGCKcMpwyHDIYIpwzHE
McQphCmDIYMhgzHEMcQxxCmDKYMpgzHFKcQpgimDMcQxxDHEKYQpgzHEMcQpxCGC
KYMphCmEIUMhQymEIYQphCGDIUMhQyFDIUQhQxkCGUMhQyFDIUMhQxlDGQMZAxkD
GQMZAhECGQIRAhECEQIRAhDCEMIQwRDBEMIQwRDBEMEQwRCBCIEIgQiBCIEIgQCB
CEEIQQhBCEEIQQhBCEEIQRDBGQMhAxkCGQIQwRkCGUMhAhkCGQIhQyFDIUMZAhkC
IUMhgyFDIUMhQxkCGUIhQymDIUIhQimDKYMpgyGCIUEpgymDKYMhQSFCKYQphCmD
KUMhQzGEMcQphCFDKYQpxCnEKcQpxCmDIYMxxDHEMcQhgyGDKcQxxDHEKYIpgjHE
McQxxCmDIYMxxCnEKcQhgyGDKcQphCFDIUMpgymDKYMpQyFDIUMhQyGDIUMZQhlD
IUMZQyEDGUMZQxkDGQMZAxkDGQIZAhECEQIRAhDCEMIQwhDCEMIQwgjCEMIQwhDB
CMEIgQiBCIEIgQiBCIEIgQiBCEEIQAhBCAEIQQhBCEEQwRkDIQMZAhjCEMIZAiFD
IQMZAhkCIUMhQxlDGQIZAiFCIUMhQyFDGUMZQhlCIYMhgxlCGUIhgymEKYMhgyFC
KYMphCmDIUIhQjGEKYQpgyFDIUMphDHEKYMhQimDMcQpwynEKYMhgyGDMcQyBDHE
KYMpQzGEMcQxxCmDKUMxxDHEMcQpgyGDKcQxxCmDIUIpgymEKYMhQyFDKYQphCmE
KYQhRCFDIYQhgyFDGUIZQhlDGUMhQyFDGQMZAxkCGQMZAxkCGQIZAhkCEQIQwhDC
EMIQwhDCCMIQwhDCEMIIwgjCCMEIgQiBCIEAgQiBCIEIQQhBCEEIQQhBCEEIQQhB
EMERAhkDGQMZAhDCGQIhAyECGMEZASECIUMhQxkCGQMhQyFDIUMhQxlCGQIZAilD
KUMhQiFCIYMpgyGDIYMhQimDKcMpgyFBIUIpwymDKYMhQiFCMYQxhDGDIUIpgzHE
McQpxCmEKYQpgzHDMcQxxCmDIYMpxDHEMcQpgymDMcQxxCnEKYMhginEKcQpwyGD
IYMpxCnEIYMhgymEKYQphCmDIUMhQyFDIYMhQxlCGUIhQyFDIUMZQxkCGQIZAhkC
GQIYwhkCGQIRAhECEMIQwhDBEMEQwRDBEMEQwhDBEMEQwRCBCIEIgQiBCIEIgQhB
CEEIQQhBAEEIQQhBCEEIQRDBGQIhAxkDEQIRARkCIUIhQhkBGQEhQyFDIUMZAiEC
IQIhQyFDGUMZAxkDGQIhRClDIUIhQiGDKYMpgyGDIUMpgymDKYMZQiFCKYMpgymD
IYIhQimDMcMxwyFCKYMxwzHDKcQphCGDIYMpxDHEMcQpgyGCKcMxxDHEKYMhQynE
KcQpxCGDIYMpxCnEKcMhgimDMYQpgyFDIUMphCGDKYMhQyFCIUIhQyFDIUMZAhlD
IUMhQyFDGUMZQxkDGQMZAxkDGQIZAhkCGQIQwhDCEMIQwhDCEMIQwhDCEMIQwhDC
EMIQggiBCIEIgQiBCIEAgQhBCEEIQQhBCEEIQQhBCEEQwhjCGQMZAhkCEMIZAiED
IQMYwhjCIQMhQyEDGMIZAiFDIUMhQyFDGUMZAhkCIUMhQyFCGUIhgymDIYMhgyFC
KYMphCmEIUIhQinEMcMpgyFCIUIpgzHEKcMhQimDMcQxhDHEKcQpgymDKcMyBDHD
KYMpginDMcQxxCmCKUIxxDHEMcQpgylCKcQxxCmEIUIpgymEKYQhQyFDIYQphCGD
IYMZQhlCIUMhQyFCGQMZQyFDIUMhQxlDGUMZAhkDGQIZAhjCGQIRAhECEMIQwhDB
EMIQwhDCCMIQwhDCEMEIwQjBCMEIgQiBCIEIgQiBCEEIQQhACEEAQQBBCEEIQQhB
EMEZAhkDGQMRAhDCGQMZAxkDEQIQwhlCIUIhQhkBIQIhQiFDIUMhQyFDGQIZAiFD
IUMhQiECIUMpgymDIYIhQimDKYMpgyFBIUExgymDKYMhgiFCKYMpxCnDIYIpgzHE
KcQpxCmDKYMhgynDMgQxwymDKUIpgzHEMcQpgylDMcQxxCnEIYMpgynEKcQphCFD
KYMphCmEIUMhQymEKYQpQymDIUMhQyFDIYMhQxlDGUMZQxlDIUMZQxlDGQMZAxkD
GQMRAxECEQMRAhECEMIQwhDCEMIQwhDCEMIQwhDBCMEIwQiBCIEIgQiBCIEAgQhB
CEEIQQhBCEEIQQBBAEEIARDBEQEZAhkCEQIQwhjDIQMZAxjCGMIZAyFDIUMZAhkC
IQIhQyFDIUIZQxkCGQIhQylDIUIhASFCKYMpgyFCIUIpQymDKYMZQSFCKYMpgymD
IYMhQjHDMcQpgyFCKYIxxDHEKcQphCmDKYMxwzHDMcMpgylDKYMxxDHEKYMpgzHE
KcQpxCnDIYIpwynEKcMhgimDKcQphCFDIUMhhCmDKYMhQyFDIUMhQyFDGUMZQxlD
GUMZQxlDGUMZQxkDGQIZAxkDGMIZAhkCEQIRAhDCEMIQwhDCEMIQwhDCEMIQwhDB
CMEIgQiBCIEIgQhBCEEIQQhBCEEIQQhBCEEIQQAACEEQwRjBGQIZAhECEMEYwiED
GQMZAhjBIQIhAiEDGMEhAiEDIUMhQyFDIUMZQhkCIUMhQyFCGQIhQymEKYMhQyFC
KYMphCmEIUIhQimDKYQpgylDIUIpgzHDMcMhQimCMcMxwzHDKYMpgiGCKcMxwzHE
KYMpQymDMcQxxCmDKUIxxDHEKcQphCFDKYQphCmEIUIhgynEKYQhQyFDKYMpgymD
IYMhQxlCIUMhQyFDGQMZQxlDGUMZQxlDGUMZAhECGQIZAxDCEQIRAhECEMEQwhDC
EMIQwhDCEMIQwhDCCMIIwQiBCIEIggiCCIEIgQiBCEEIQQhBCEEIQQhBCEEIQQhB
GMEYwiEDGQIZAhDBEMIZAxkDGMIYwhkCIUIhQxkCGQIhQiFDIUMhQiFCGUIZAiFD
IUMhQhkBIUMpgyGDIYMhQiGCKYMpgyFCGQEpgymDKYMhQiFCKYMpwynDIYIpgjHE
McMxxCmEKYMpQzGEMYQxxCmEIUMphDHFMYQpgilCKcMxxCnEKYMhQymEMcQpgyFC
IYMpxCGEIUMZQymEKYQphCGDIUMhQyFDIUQhQxkCGUIhQyFDIUMhQxkCGQIZAhkD
GQMYwhjCEQIRAhDCEMIQwhDCEMIQghDCEMIQwhDBEMEIwQiBCIEIgQiBCIEIQQhB
CEEIQQgBCEEIQQhBCEEIQRDBGMEZAhkCGQIQwhjCIQMhAhkCGMEhAiFCIQIZARkC
GQIhQyFDGQMZQhkCGQIhQyFDIUIZAiFDIYMpgymDIUIpQjGDKYMhQhkBKYMpwymD
IYMhQinDKcMpwyGCIYIxxDGEMcQphClDIUMpgzHEMcQphCFDKYQxxDHEKYIhgimD
KcQphCmDIUMphDHEKYMhQiGDKYQphCFDIUMpgymDKYMhQyFDIUMhQyFDIUMZAxlC
IUMZQxlDGUMZQhkCGQIZAhkCEMIRAhECEQIQwhDCEMIQghDCCMEQwRDCEMIIwQiB
CIEIgQiBCIEIgQiBCIAIQQhBCEEIQQhBCEEIQQhBCEEQwRjCGQMZAhECEQEQwhkD
GQMYwhjCGQIhAyEDGQIZAiEDIUMhQyFDGUMZAxkDIUMhQyFDGQIhQimDKYMhgxlC
IYMphCmEIUIhQimDKcQpgyGCIUIpgynDKcQhgiGDKcQpxCnEKYQpgyFDKYMxxDHE
McMpgymDMcQxxSmDKUIpgynEKcQpgyGCKYMpxCmEIUMhgymEKYQhQyFDKYQpgymD
IUMhQyFDIUMhQyFDIQIZAiFDIUMhQxlDGUMZAxkCGQIZAxkCEMIRAhECEMEQwhDC
EMIQwhDCEMIQwhDCEMEIgQiBCIEIgQCBCIEIgQhBCEEIQQhBCEEIQQhBCEEIQQhB
EMEQwRkCGQIRAhDBEMIZAyEDGQIQwhkCGQMhAxjCGQIhAyFDIUMhQiFDGQIZAiFD
IUMhQxkCIUIpgymDIYMhQiFDKYQphCFCGQIpgzHEKYMpQyFCKYMpxCnDIYIpgjHE
McQxxCnDKYMhginDMcMxxDHDKYMpgzHEMcQpgyFCKYMpxDHEKYMpgymDMYQphCFD
IUMphCmEIUMhQymEIYMpgymDIYIhQyFDIUQhQxkDGQIhQyFDIUMZQxkCGQIZAhkC
GQIZAhECEQIRAhDCEMIQwhDCEMIQwhDCEMIQwRCBCIEIgQiBCIEIgAiBCIEIgQhB
CEEIQQgBCEEIQQhBCEEIARiBEMIZAhkCGQIYwRjCGQIZAhkCEMEZAhkDGQMZAhkC
GQMhQyFDGUIZQxkCGQIhQyFDIUMZAiFCKYQpgyGDIUIhQymEKYQhQyECKYMxgymD
KYMhQimDKcQxxCGCIYIxwzHDMcMpgymDKUMpgzHEMcQphCFDKYMxxDHEKYQhgymE
KcQphCmEIYMphCmEKYQhQyFDKYQphCFDIUMphCmEKYQhgyFDGUIhQyGDIUIhQhkC
IUMZQxlCGUIZAhkCGQIZAhkCGQIRAhECGQIQwhDCEMIQwgjCEMIQwhDCEMEIwQiB
CIEIgQiCCIIIgQCBCEEIQQhACEEIQQhBCEEIQQhBAAEQwRDBGQIZAhkCGQIQwhkD
GQMZAxDCGMIhAyEDGQIZAhkCIUMhQyFDIUMhQhkCIUMhQyFDIUIhQimDKYMpgyFC
IUIphCmEIUIZAiGDKcMpgyGDIUIpgymDKcQhgiGDMcQxxDHEKYQpgyFDKYQpxDHE
KcMhgymDMcQxxCmEKUMphDGEKYQphCFDKYMpgymDIUIhQymEKYQhgyFDKYMhgymD
IYMhQyFDIUMhQyFDGQMZAiFDIUMhQxlDGQMZAxECGQIRAhkCEQIZAhDCEMIQwhDC
EMIQwhDCCMIQwgjBEMEIgQiBCIEIgQiBCIEAgQiBCEEIQQhBCEEIQQhBCEEAAAAA
GMEQwRkCGQIRARDBEMEZAhkCGQIQwRkCIUMhAhkCGQIZAiFCIUIhQiFCGQIZAiFD
IYMhQxkCGUIpgymDIYMhQyFCKYMpgyFCIQIhgzHEKYMhgiFBKYMpgynDIYIhgTHE
McQxxCmDIYMhgymDKcMxxCnDKYIpgjHEMcQpwyGCKYMpwynDKYIhQimCKcMpwyFD
IUMhhCmEIUMZQiGDIYMhgyGDGUMhQyFDIYMhQxkDGQMZAyEEIQMZAxkDGQMZAxkD
GQMRAhECEQIQwhDBEMIQwhDCEMIIwgjBCMEIgQiBCIEIgQiBCIEIgQiBAIEIQQhB
CEEIQQhBCEEIQQhBAAAIARjBEMEZAhkCGQIRARDBGQIZAhkCEMEZAhlCIUMZAhkC
GQMhQyFDIUMhQxkCGQIZQyGDIUMZAhkCKYMphCGDIUIhQimEKYQpgiFCKYMpxCmE
IYMhQimDKYQphCGCIYIxwzHEMcQpgymDIYMpgynEKcQpxCGCKYMpxDHEKYMpQimD
KYMpwymDIUIhgymEKYQhQyFDKYQphCFDIUMpQymDKYMhQyFCIUMhQyFDIUMZAhkD
GQMhAxkDGQMZAxkDGQIZAhkCEQIQwhECEQIQwRDCEMIQwhDCCMIQwhDBCIEIgQiB
CIEAgQiBCIEIQQhBCEAIQQhBCEEIQQhBCEEIQQhBAAAQwRDBGQIZAhkCGMEQwRkC
GQMZAhDBGMIZAxkDGQIZAhkDIUMhQyFDIUMZAhkCGQMhQyFDGQIhQymDKYMhgiFC
IUIpgymDIUIhAimDKYQphCGDIUIpgzHEMYQpQyFDMcQxwzHDMYMpgyFCKYMpxDHE
KcQhQylDMYQxhCmDKUIpgzGEKYQpgyFDKYMphCmEIUMhQiGEKYQhQyFCIYMpgymD
IUMhQyECIUMhRCFDGQIZAhkDGUMZQxlDGQMZAhkCGQIZAhECEQIRAhDCEMEIwhDC
EMIQghDBCMEIwQiBCIEIgQiBCIEIgQiBCIEAgQhBCEEIQQhBCEEIQQhBCEEIQQhB
EMEQwRkCGQIZAhDCEMIZAxkDGQMQwhkCIQMhAxkCGQIZAiFDIUMhQyFDGQIZAiFD
IYMhQxkCIQIpQymDKUIhQiFCMYMpgyFDIQIpQymEKYMhgyFCKYMxhDGEKUMhQjHD
McMxwymDKYMhQymDMYQphCmEIUMhgynEKcQphCFDKYQpxCnEIYMhQyGDKcQphCGD
IUMhgymDIUMZQiGDIYMhgyFDIUMZAyFDIUMhQxkCGQMZAxkDGQMZAxkCGQIYwhkC
GQIZAhDCGMIQwhDCEIIQwhDCEMIQwhDBCMEIwQiBCIEIgQiBCIEIgQCBCIEIQQhB
CEEIQQhBCEEIQQAACEEIARjBEIEZAiECGQIQwRDBGQIZAhkCEMIYwiEDIQMZAhjC
GQIZQyFDIUMhAxkCGQIZAyFDIUMZAiECKUMpgylDIUIhQimEKYQpQyEDIUMphCmE
IUMhQiGDMcMpwyFCIUIpwynDKcMpgyGDIUMpgzHEMcQxxClDIUMphCnEKYQhQymE
KcQphCGDIUMhgyHEKYQhQyFCKYMpgyFDIUIhgyGDIUMhQyFDIUIhQyFDGUMZQxkD
GUMZQxlDGQMZAxECEQIRAhkCEQIQwhDCEMIQwhDCEMIQwhDCEMIQwhDBCIEIgQiB
CIEIgQiBCEEIgQiBCEEIQQhBCEEIQQhBCEEAAAhBAAEQwRCBGMIYwhjCGMEQwRkC
IQMZAhDBGQEZQhkCGQIRARkCIQMhAyEDIQIhAhkBGUIhQyFDGQIZAyFDKUMpQyFD
GUIphCmEIYMZQiFDKYQphCFDIUIhQymDKYMhQiFCKYMpwynDKYMhgyGDIYMpxCnE
KcQhgiGCKYMpwyHDIUIhgynEKcQpgyFCIUMphCmDIUIhQiGDKYMhgxlCIYMhhCGE
IUMhQyFDIUMhQyFDGQIZAhlDGUMZAxkDEQMZAhECGQIZAhECEQIQwhDCEMIQwhDC
EMIQwhDBEMEQwQiBCIEIgQiBCIEIgQiBCIEIgQhBCEEIQQhBCEEIQQBBCEEIQQgB
GMEQwRkCGQIZAhjCEMEZAhkCGQIYwRjCIQIhAxkCEQEZAhlCIUIhQyFDGQIZAhkC
IUMhQxkBGQIpQylDIUMhQiFCKYMphCFDGUIhQymEKYQhQyFCIUIpgymDKYMhQjHD
McMpgymDKUMhQymDMcQxxDHDIYIhgymEKYQphCFDIYMpxCmEKYMhQyFDKYMpgyFC
GUIphCmDIUMhAyFDIUQhRCFDIUMZQxlDIUQZQxkDGQMZAxkDGQIZAhkCGQIZAhkC
GQIYwhDCEMIQwhDBEMEQwhDCEMIQwhDBEIEIgQiBCIEIgQiBCEEIgQiBCIEIQQhB
CEEIQQhBCEEAQQhBCAEIARDCCIEQwhkCGQIQwRDBGQIZAhkCEMEQwRkCGQIZAhDB
GQIhQiFCIUIhQiECGQIZAiFDIUMZAhkCIUMpQyFDIUIhQimDKYMhQyECIUIphCmD
IUMhQylDKYQphCFDIUIpgymDKYMpgymDIUIpQzGEMYQphCFDIYMphCnEIYMhQimD
KYQpgyGDIUMhQymEIYMhQxlCKYMpgyFCGUIhQyFDIUMhQyFDGUIZQyFDIUMZAhkC
GQIZAxkCGQIZAhkCEQIRAhECEQIQwhDCEMIQghDCEMIQwhDBEMEIgQiBCIEAgQiB
CIEIgQiBCIEIQQhBCEEIQQhBCEEIQQAAAAAIQQhBCAEYwRCBGMIYwhjCGMIQwRkC
GQMZAhDBEMEZAhkCGQIQwRjBIQIhQiFCIUIhAhkBGQIhQyFDGQIZAilCKUMpQiFC
IUIpgymDKYIhQSFCKYMpgyGDIUIhQzGEKYQpQyFCKYMpgynDKYMhQyFDIUMpwynD
KcMhQiFDKYQphCmDIUIpQzGDKYIhgyFCIUMphCGDIUIZAimDKYMhQhlCIUIhQyFD
IUMZQxlDGQIZQxkDGQIZAhkCGQIZAhkCGQMYwhjCEMIZAhkCEMEQwhDCEMIQwRDB
EMIQwgiBCIEIgRDBCIEAgQiBEIIIggiBAEEIgQiBCIEIQQhBCAEIAQgBCEEIQQgB
GMIQgRjCGMMYwhjBEMEZAiECIQIQwhDCGQIZAxkDEQIZAhlCIUMhQhlCGQIZAhkC
IUMhQxkCGQIhQyFDIUMhAiECKYMpgymDIQIhQimDKYMhQiFCIUIphCmEIUMhQimD
KYMphCmDKUMpQylDMYMxhCmDIUIhQimEKYQhhCFDIUMpgymDKYMhgyFDKUMhQyEC
IQEhQymDIUMZAhkCIUMhQyFCGQIZAhkCGQMZAhkCGQIZAiECGQIZAxkDGUMQwhDB
GQMZAxDCEMIQwxDCEMIQwhDCEMIIwQiBCMEIwgiBCIEIgQiBCIEIQQhBCEEIgQhB
CEEIQQhBCEEIQQhBAAAIARjCEIEYwhkCGQIYwRDBEQEZAhkCEMEQwRkCGQIZAhjC
GMIZAiFDIUMhAhkCGQIZAiFDIUMZAhkCIUMhQyFDIUIhQimDKYMpQyECIUIxhCmE
IUMhQiFDKYQphCFCIUIpgzGDMYMpQylDIUIhQyGDKYQpgyGCIUIhQylDKYMpQyFC
KUMhQymEKYQhgyFDIYQhQxkCIUIphClDIUIhAimEKYQpgyGDIUIhQiFDIUMZAhkC
IUMhQyECGQIZARkDGQIZAhDCEMIQwhDBEMIQwhCCEIIQwhDBEMEQgRCBCIEIgQiB
CEEIgQiBCIEIgQhBCEEIQQhBCEEIQQhBCEEAAAABCAEQwQiBGMIYwhjCGMIQgRjC
GQMZAhEBEMEZAhkCGQIQwRjCGQIhAiFCIQIZAhkCGQIhQyFDGQIZAiEDIUMhQxlD
GQIhQyGDIUMZAhkCKUMpQyFCIUIZAiFDKYQpQyECIUIxgzHEMcMpgimDKUMhQilD
KYMpgimDIUIhgymDKcQpxCGDKYMpgynDKcMpgymDIUMhQiFCIYMpgyFDIUMhQyGD
IUMhQyFCGQIhQyFDGQIZAiFCIUIZAhkCGQIZAhkDGQIQwhDCEMIQwhDBEMIQwhDC
EMIQwRCBEIEQgQiBCIEIgQBBCIEIgQiBCIAIQQhBCEEIQQhBCEEIQQhBCAEIAQgB
EMEIgRDBEQIRAhDCEMEQwRkCGQIQwRDCGQMZAxkDEMIQwhkCGUMZAhkCGQIZAhkB
GQIhQiECGQIZAiEDGQIZAhkCGUIhQyFCGQIhQymDKYMhgxlCGUIhQjGEKYQhQiFB
KYMxxDHEKYIpgzHEKYMpgymDKUMxgymDKYMhQiFDKYQphCFDIUMhQyGDKYMpgyGD
IUMhQyFDIYMhQyEDIQMhQyFDIUMZAxkCIUMhQxkCGQIZQhkDGQMZAxECGQIZAhkC
EMIQwhDCEMIQwhCCEMIQwhDCEMIIwQiBCIEIgQiBCEEIgQiBCIEIgQiBCEEIQQhA
CAEIQQhBCEEAAAgBCAEIARDBCIEQgRkCGQIYwRCAEMEYwyEDEMEQwRDBGQIZAhDB
EIEQwSFDIUMZAhkCIUMZAhkBGUEhQiFDGQIZAyFDIUMhQynEKYQhgyFCIUMpgymD
KYMhQxkCIUMpQymEIUMhAiFDKYQphCFDIUIpgymDKYMpgyFCKYMpgymDIUIhQymE
KYQhQyFDIUMhQyGDIYMhQyFDIUMhQyGDIUMZAhkCIUMhQyFCGUMZAiFDIQMZAhkC
GQIZAhkCGQIRAhkCEQIRAhDBEMIQwhDCEMIIwhDCCMIQwgjCCMEIgQiBCIEIgQiB
CIEIgQiBCIEIgQhBCEEIQQhBCEEIQQhBAAAIAQgBCAEQwRCBEIEZAhkCGQIQwRDB
GQIZQxkCEMERASFDIUMZAhDBEMIZQyFDIUIZASFCIUMhAxkCGQIhQyFCIUMhQyFD
IQIpQylDKUMhAiFCKUMpgymDIUMhQyFDKUMpgylDIUIhQymDKYMhQiFCKYMpgymD
KUMhQymDKYMpgyFCIUMpgymDKUMhQiFDIYMhgyGDIUIhQyFCIUMhQyFDIUIZQiFD
IUMhQxlDGQIZQxlDEQIRAhkCGQMZAhjCEMIZAhECEQIQwRDCEMIQwhDCEMIQwgjC
EMIIwgiBCIEIggiBCIEIgQiBCIEIgQiBCIAIQQhBAEEIQQhBCEEIQQhBCAEIAQgB
EMEQwQjBEMEYwhjCEMEQgRDBGQIZAhDBEMEZAhkCGMIQwhDCGQMhAxkCGMIhAyFD
IUMZAhkCIUMhQyFDGUMZQxkCIUIhQyGDGUIZQiGDKYMpgyGCIUMhQyFDKYQpgyFC
IUIpgymDKYIhQimDKYMpgymCIUIpgymDKYMpQiFCKYMhgyFDIUMhQyFDKUMpQyFD
IUMZAiEDIUMhQxkCGQIhQyFDIUMZQhkCGQMZAxECEQIZAhkCGQIYwhjCGMMZAxjC
EMIQwhDCEMIIghDCCMIIwgjCCMIIwgiBCIEIggiBAIEIgQiBCIEIgQiBCEEIQQhB
CEEIQQhBAAAAAAgBCAEIARDCEMEQgRDBGMEYwhjCEMEYwhkCGQIQwRDBGQIZAxkC
GQIQwRkCGQIZAhDBGQIhQiFCGQEZAiFDIUMhAxkDGQMZAyFDIUMpgxkCIUIpgymD
KYMpQyFDIUMhQymEKYQhQiFDKYQphClDIQIpQymDKYMhgyFCKYMphCmEIUMhQymD
KYMhQyFCIUIhQyFDIUMhQyFDGUIhQiFDIUMhAhkCIUMhQyFDGQMZAhkDGQMQwhjC
GQIZAxkDGQIRAhECEQMQwhDBEMIQwhDCEMIIwgjCCMEIwgjCCMIIgQiBCIEQgQiB
CIEIgQiCCIEIQQhBCEEIQQhBCEEIQQhBCAEIAQgBCAEQwRCBEIEQwRjBGMEQwhCB
EMEZAhkCEMEQwRkDGQIZAhkCGMEZAiECGQIQwRkCIQMhQhkCGQIhQyFDGUMZQxlD
GQIhQyGDIUMZQhlCIYQpgylDKUMhQyFCIUIpgymDIUIhQimDKYMhQiFCKUMphCmD
KUMhQilDKYQpgyFDIUMpgymDIUMhQyFCIUMhgyFDIUMZQxlCGUIhQiFCIUIZAiEC
IUMhAxkDGQIZAxkDGMIQwhkDGQMZAxkCEQIQwhkCEMIQwRDCEMIQwhDCEMIQwgjC
CMIIgQiBCIEIgQiCCIEIgQCBCIEIgQiBCEEIQQhBCEEIQQhBCEEIQQAACAEIAQgB
EMIQwRCBEMIQwhjCEMIQgRDBGQIZAhkCEMEZAhkCGQIRAhDBGQIZAhkCEMEZAhlD
IUMZAhkCIUMhQyFDIUMhQxkCIUMphCFDGQIZAiFDIUMpQyFDIUMhAyFCKYMpgyFC
IUIpQymDKUMhAilDKUMpQyFCIUIpQimDKYMhQiFCKYMpgyFCIUIhQiFDIYMhQyFD
GUMZAiECIUMhQyECGQIhAyEDGUMZAxkCGQMZAxDDEMIZAhkCGQIZAxDCEMIRAhDC
EMIQwhDCEMIIwgjCEMIIwRDBEMEIgQiBCIEIgQiBCIEAgQiBCIEIgQhBCEEIQQgB
CEEIQQhBCEEIAQgBCAEIARDCEIEQgRDBEMEZAhDCEIEYwRkCGQIQwRDBEQIZAhkC
GMIQwhkCGQMZAhDBGQIhQyFDGQIZAiFDIUMhQyFDIQMZAiFCKYIhgxkCGQIhQyFD
IUMhQyEDIQMhQymDKYMhQiFCKUMpgyFDIQIpQylDKUMhQyFCIUMhgyGDIUIhQilD
KUMhQyECIUMhQyFDIUMhQyFDGQMhAyFDIUMhAhkCGQIhAxkDGQMZAhkCGQIYwhDC
EQMZAxkDEMIQwhDCEMIQwxDCEMIQwhDCCMIIwgjBCMEIwQiBCIEIgQiBCIEIgQiB
CIEIgQiBAIAAQQBBCEEIQQhBCEEIQQgBCAEIAQgBCAEQwRCBEIEQwRDCEMIQwRCB
EMEZAhkCGMEQwRkCGQIZAhEBEMEZAhkCGQIQwRjCIUMhQxkCGQIhQyFDIUMhQyED
GQIhQiGDIYMZQhkCIUMhQyFDIUMhQyECIUIpQylDIUIhQSlDKUMpQxkCIUMhQyFD
IUMhAiFDIUMhQyFCIQIpQyFDIUMhQiFDIUMhQyFDGUMhQhkCGQIhQyFDGQIZAhkD
GQIZAhkCGQIZAxkDGMIQwhjCGQIZAhkCEMIQwhDCEMIQwRDCEMIIwgjCCMIIwQiB
CIEIgQiBCIEIgQiBAIEIgQiBCIEIgQhBCEEAQAhBCEEIQQhBCEEIAQgBCAEIAQgB
CMEIwQiBEMEYwhDCGMIQgRDBGQMZAhjCEMEYwhkDGQIZAhDBGQIZAhkCEMEYwiFD
IQMZAhkCIUMhQyFDIUMZAxkDIUMhQylDIQIZAiFDIUMhQyFDIUMhAyFCKUMpQyFC
GQIhQyFDIUMZAiFDIUQpRCFDIUIhQymDKUMhQyECKUMpQylDIQIhAyFDKUMhQyFD
GUMZAxkCIUMhQxkCGQIZQhlDGQIZAxDCGQMZAxECEMIRAhkCGQIRAhDBEMIQwhDC
CMIQwhDCEMIQwhDCCIEIgQiBCIEIgQCBCIEIgQiBAIEIgQiBCIEIgAhBCEEIQQhB
CEEIQQhBCAEIAQgBCAEIARDCEIEQgRCBGMEQwRDCEMEQwRkCGQIYwRDBGMIZAhkC
GQIQwhkCGQIZAhDBGMEhQyFCGQIZAiFDIUMhQiFCIQIZAiFDIUMhQyECGQEhAyFD
IUMhQyFDIQMhAilDKUMhQiECIUMhQyFCGQIhQyGDIUMhQhlCIUIhgyFDIUIhAiFD
IUMhQxkCGUIhQyFDIUMhQxkDGQMZAhkDGQMZAhkCGQIZAhkDGQIZAhkDGQMRAhDC
EMIYwxkDGMIQwhDCEMIQwhCCEMIYwhDCCMIIwgjCCIEIgQiBCIEIQQiBCIIIgQiB
CIEIgQiBCEEIQQhBCEEIQQhBCEEIAQgBCAEIAQgBCAEQwQjBCIAQwRjCGMIYwhCB
EIEYwhkCEMIQwRjCGQIZAhjCGMEZAhkDGQMQwhDCIQMhAxkCGQIhQiFDIUIhQhkC
GQEZAiFDIUMZAhkCIUMhQyFDIUMhQxlDGUIhgyFDIUIZAiFDIUMhQxkCIUIpgyFD
IUMZQiFCKUMpQyECIQIhQyFDIUIZAhkCIUIhQyFDIUMZAxkCGQIZQiFDGQMZAhkD
GQMZAxkDGQIZAxkDEMIQwhDCGMIYwhjCEMIQwhDCEMIQghDCEMIQwhDCEMIQggiB
CIEIgQiBCIEIgQiBCIEAgQiBCIEIgAhBCEEIQQhBCEEIQQhBCAEIAQgBCAEIAQgB
CMIIggiBCIIQwhDDEMIQgRCBGMEZAhjBEIAYwRkCGQIYwhDBEQIZAxkCEMIQwiED
IQMZAhjBIQIhQyECIQIZAhkCGQIhQyFDGQIZAiFDIUMhQyFDIUMhAyECIUMhQyEC
GQIhQyFDIUMZAhlCIUMhQyFDGQIhQylDKUMhAxkCIUMhQyFDGQMhAyFCIUIhQiFC
GUIZAhkCIUMhAxkCGQIZAxkDGQIQwhjCGQIZAhDCEMEQwhDCEMIQwhDCEMIQwhDC
CIIQwhDCEMIQwhDCCIIIgQiBCIEIgQiBCIEIgQiBCIEIgQiBCIEIQQhBCEEIQQhB
CEEAQQgBCAEIAQgBCAEIARCCEIIIgRCBEMEQwhDCEIIQwRjCGMIYwhCBEMEYwhEC
EQIQwRDCGQIZAhDBEMEZAhkCGQIQwRkCIUIhQiFCGQIZAhkCIUMhQxkCGQIhQyFD
IUMhQyFDIUMZAiFDIUMhAhkCIUMhQyFDGUIZQiFDIUMhQxkCIUMpQyFDIQIhAiFD
IUMhQxkCGQIhAiFDIUIhQiECGQIZAhlDGQIZAhkCGQIZAhkCGQERAhkCGQIQwhDC
EMIQwhDCEMIQwRDCEMIQwgjCEMEQwRDBEMIQwQiBCIEIgQiBCIEIgQiBCIEIgQiB
CIEAgQhCCEEIQQhBCEEIAQgBCAEIAQgBCAEIAQgBCAEQgRCBEIAQgRjBGMIYwhCB
EIEYwhjDGMIQgRDCGQIZAhECEMIQwhkDGQIQwhDCGQMZAxjCGMIZAyEDIQMZAxkC
GQIZAiFDIUMZAhkBGQIhQiFDIUMZQxlCGQIhQyFDIUIZAiFDIUMhQxkCIUMpQyFE
IUMhAiECIUMhQxkCGQIhQyFDIUMZAhkCIQIhAyFDIUMZAhkCGQIhAiECGQIZAhkC
GQMZAhkCEMIZAxkDEMIQwhDCEMIQwhDCEMEQwhDCEMIQwhDCEMIQwgjCCIIIgQiB
CIEIgQiBCIEIgQiCCIEIgQhBCEEIQQhBCEAIAQhBCEEIQQhBCAEIAQgBCAEIAQgB
EIEQgRCBEIEQwhDCEMIQgRCBGMEYwhjCEIEQwRjDGMIQwhDBEMEZAhkCEMIQwhkD
GQMYwhDBGQIhQiFDGUIZAhkCGQIhQyFDGQIZARlCIUMhQxlCIUIZAhkCIUIhQxkC
GQIhQyFDIUMhAiFCIUMhQxlCGQIZAiFCIUMZAhkCIUMhQyFDGQIZQiFDIUMhQyEC
GQIZAhECGQIZAxjCGMIZAhkCGQIRAhDCGQMZAhDCEMIQwhDCEMIQwhDCEMIQwhDC
EIIQwRDBEMEIwgiBCIEAgQiCCIEIgQhBCEEIQQhBCEEIQQhBCEEIQQhACEEIQQhB
CEEIQQgBCAEIAQgBCAEIARCBEIEIgQiBEMIQwhDCEIEQgRjCGMIYwhCBEIEYwhjC
GMEQgRDBGQIZAhDBEMEZAhkCGMIYwRkCIQIhAhkCGQIZAhkCIUMhQyFBGQIhAiFC
IUIhQiFCGQIZAiFDIUMhQxkCIUMhQyFDGQIZAiFDIUMhQxkCGQIhAyFDIQMZAiFD
IUMhQxkCGQIZQiFCIUMZAxkDGQMZAhkCGQIYwhjCGQIZAhkCGQIQwhjCGMIQwRDC
EMIYwhDCEMIQghDCEMIQwhDCEMIQwhDCEIIIggiBCIEIgQiBCIEIgQiBCIEIgQhB
CEEIQQhBCEEIQAgBCEEIQQhBCEEIAQgBCAEIAQgBCAEQghCBCIEQgRCCEMIQwhCC
CIEQwhDCEMIIgRDBGQIZAhjBEMEQwRkCGQIQwRDBGQIZAxkCEMIZAhkDGQIZAhkC
GQIZAiFDIUMhAxjCIQIhQyFDIUMhAxkCGQIhQyFDIQIZAhkCIUMZQxkCGQIhQyFD
IQMhAhkCIQIhQxkCGQEhAiEDIUMZAhkCGUIZQyEDGQMZAxkCGQIZAxkCEMIQwhkC
GQIZAhkCEMIZAxjCEMIQwhDCEQMQwhDCEMIQwhDCEMIQwhDBEMIQwRCBEIEIgQiB
CIEIgQiBAIEIgQiBCEEIQQhBAEEAQQBBAEAIQQhBCEEIQQABCAEIAQgBCAEIAQgB
EIEIgQiACIEQgRDCEMIQgRCBEMIQwhDCEIEQgRjCGMIYwRCBEMEZAhkCEMEQwRkC
GQIYwhDBGQIhQhkCGQIZAhkCGQIhQyFDIQMZAhkCIUMhQyFCGQIZAhkCGUMhQyFD
GQIhAyFDIUMZAiECIUMhQyEDGQIZAhlDIUMZQhkCIUMhQhlCGQIZAhlCIQIZAhkC
GQIZARjCGQIZAhECEQERAhkCGQIZAhDBEQIQwhDCEMIQwhDCEMIQwhDCEMIQwhDC
CMIIgQjBCMEIgQiCCIEIQQiCCIEIgQiBCEEIgQhBCEEIQQhBCEEIQQBBCEEIQQhB
CAEIAQgBCAEIAQgBCAEIARCBEIEIgQiBEIIQwhDCEMEIgBDCEMIQwQiBEIEYwhjC
GMIQwhDCGQMZAhDCEMEZAhkCEQIQwRkCGQMZAhkCGQIZAhkCIUMhQyECGMEhAiED
IQMhAyECGQIZAiFDIUMhAhjCGQIhQyEDGQIhAiFDIUMhAxkCGQIZQiFDGQIZAhkC
IQIhAhkCGQIZAhlCGQIZAhkCGMIYwhjDGQMQwhDCEMIYwhkCEMIQwhDCEMIQwhDC
EMIQwhDCEMIQwRDBEMEQwQjBCMEIwQjBCIEIgQCBCIEIgQiBCIEIgQiBCEEIQQhB
AEEAQQBBCEEIQQhBCEEIQQAACAEIAQgBCAEIAQgBCAEQgRCBCEEIgRDCEMIQwhDC
CIEQgRDCEMIIgRCBGMIYwhjCEIIQwhDCGQIYwhCCGQIZAxkCEMIQwhkDGQIZAhDC
GQIZASEDIUMZAxDCGQIZAyEDIQMZAhkCGQIhQyEDIQMYwiEDIQMhAxkCGQIhQyED
GQMYwhkCIQIhQxkCGMIZAhkCGQIYwhkCGQIZQxkCGQIQwhDCEMIYwhkCGMIQwRDC
EMIQwhDCEMIQwhDCEMEQwRDBEMIQwhDCCMEIwRDCEMIIgQiBCIIIggiCCIIAgQiB
CIEIgQiBCIEIQQhBCEEIQQBACEEIQQgBCEEIQQhBAEEIAQgBCAEIAQgBCAEIAQgB
EIEQgQiBCIEQwhDCEMIQwQiBEMIQwhDCEMEQgRjCGMIQwhCBEMEZAxkCGMEQwRkC
IQMZAhDBGMIZAxkDGQMYwxjCGMIhAyEDGQMQwhkCGQMZAxkDGQMZAhkCGQIhAhkC
GMEZAiEDIQMYwRjBIQIhAhkCGMIZAiEDIQMZAxDCGQIZQhkCGMIYwhkCIQMZAhkC
EQEQwhDCGMMYwxjCEMIQwhDCEQIQwhCCEMIQwhCBEIEQwRDCEMIQwhDBEMIQwhDC
CIEIggiCEIIIgQiBCIEAgQiBCIEIgQiACEEIQQhBAEEIQQhBCEEAQQhBCEEIQQgB
CAEIAQgBCAEIAQgBCAEIARCBCIEIgQiBCMIQwhDCEMEQgRDBEMIQwgjBEIEQwhDC
EMIQwRCBGMIYwhjCEMEYwhkCGQIQwRDCGQIZAhkCGQIRAhDCGQMhAxkDEMIYwhkD
GQIZAhkCGQIZAhkCGQIZAhDBGQIhQiECGMEYwhkCGQIZAhkCGQIZAxkDGQIQwhkC
GQMZAxDCGMIZAhkCGQIZAhECEMIQwhkDGMMQwhDCEMIQwhDCEMIQwhDCEMIQwgjB
CMEQwhDCEMIIggiCCIIIggiBCIEIgQiBCIEIgQCBCIEIgQiBCIEIQQhBCEEIQQhA
CEEIQQhBCEEIQQhBAAEIAQgBCAEIAQgBCAEIAQgBCAEQgQiACIEIgQjBEIEQwRCB
CIAIwRDCEMIQgQiBEMIQwhDCEIEQgRjCGQIQwgiBEMIZAxkCEMIQwhkDGQIZAhEC
GMIQwhkDGQMYwxDCGMIZAxkCGQIZAhEBGMIZAhkCGQIQwRDCGQMZAxDCEMIZAxkD
GQIRAhkCGQMZAhkCEMEZAhkCGQIRAhDCGQIZAhkCGQIYwRDBEMEQwhjCEMIQwhDC
EMIQwhCBEIEQwhDCCIIIgQiBCMIQwhDBCIEIgQiBCIEIgQiBCIEIgQiBCIEIgAiB
CIEIgQhBCEEIQQhBCEEIQQgBCEEIQQhBCEEIQQgBCAEIAQgBCAEIAQgBCAEIAQgB
EIEQgQiACIEQgRCBEMEQgQiBCIIQwhDCCMEIgRDCEMIQwhDCCMEQwhjCEMIQwRDC
GQMYwhCBEMIZAhkCGQIRAhDCEMIZAxkDGMMQwhDCGQIZAhkCGQIYwhjCGQIZAhkC
EMEYwhkCGQIRARECGQIZAhkCGQIQwhkDGQIZAhjBGQIZAhkCEQIQwhjCGQIZAhjC
GMIYwhDCEMIQwhDBEMEQwhDCEMIQwhCCEIIQwgjCCIEIgRDBEMIQwgiBCIEIggiB
CIEIgQiBCIEIgQiBCEEIQQhBCEEIQQhACEEIQQhBCEEIAQhBCEEIQQhBCEEIAQgB
CAEIAQgBCAEIAQgBCAEIARCBEIEIgQiBCIEQghCCCIEIgAiBEMIQwgjBCIEQwhDC
EMIQwRCBEMIYwhDBCIEQwhjCGMIQwRDBGQIZAhECEQIQwhDCGMMZAxjCEMIQwhkC
GQIZAhECEMIQwhjCGQIZAhDBEMIZAhkCEMEQwRkCGQIZAhkCEMIZAhkCEQIQwhDC
GQIZAxjCGMIYwhjCGMIYwhjCEMIQwRDCEMIQwRDBEMEQwhDCEMIQgRDBEMEQgQiB
CIEQgRDCEIEIgQiBCIEIgQiACIEQgQiBCIEIgQiBCEEIgQiBCEEIQQhBCEEIQQgB
CEEIQQhBCEEIQQgBCAEIAQgBCAEIAQgBCAEIAQgBCAEIgQiBCIEIgQiBCIEQgRCB
CIAIgRDCEMIIgQiAEMEQwRDBEMEQgBjBGMIQwhCBEMIYwhjCEMEQwRkCGQIZAhkC
EMIQwRkCGQIZAhDBEMEZAhkCGQIZAhjCEMIQwhkCGQIQwRDCGQIZAhDBEMEZAhEC
GQIYwRDBGMIYwhjCGMIYwhkDGQIQwhDCEQIZAhjCGMIYwhDCEMEQwhDCEIIQgRCB
EMIQwgjBCIEIgRDCCIEIgQiBCIEIgQiBCIEIgQiBCIEIQAiBCIEIgQiBCIEIQQhB
CEEIQQhBCEAIQAhBCEEIQQhBCEEIQQhBCAEIAQgBCAEIAQgBCAEIAQgBCAEIAQgB
EIEIQQiBCIEIgRCCEIEQgQiAEIEQwRDCEIEIgRDCEMEQwhDBCIEQwRDCEMIIgRDC
EMIQwhDBEMEZAhkCGQIYwhDCEMEZAhkCGQIQwhDBGQIZAhkCGMEQwRDCEMIYwhjC
EMEQwRkCGQIYwRDBGQIZAhjCGMIQwhjCGQIYwhDBEMIYwhjCEMEQwhDCGMIYwhDC
EIIQgRCBEMEQwhDBEIEQgRDBEMEQwQiBEIEQggiBCIEIgQiBCIEIgQiBCIEIgQiB
CEEIQQiBCIEIgQhBCEEIQQhBCEEIAQhBCEEIQQhBCEEIQQhBCEEIAQgBCAEIAQgB
CAEIAQgBCAEIAQgBCAEIAQiBCEAIQQhAEIEQgRCBEIEIQBCBEMIQwgiBCIAQwRDB
EMEQgAiBEIEQwhDBCIAIwRDCEMIQwRDBGMIYwxjCEMIQwhDCGQIZAxkCEMEQwRkC
GQIZAhDCEMEQwRDCGQIZAhDBEMEYwhjCGMEQwRjCGMIYwhjCEMIQwhkCGMIQgRjB
GMIYwhDBEMEQwhECEMIYwhCCEIIQgRDBEMEQgQiBEIEQgRDBEIEIgQjBEIEIgQiB
CIEIgQiBCIEIgQiBCIEIgQCAAEAIgQiBCEEIQQhBAEEIQQhBCEEIQQhBCEEIQQAA
CAEIAQgBCAEIAQgBCAEIAQgBCAEIAQgBCAEIAQgBCAEQgQiBCIEIQQiBEIEQwRCB
CEAIgAiBEIEQgQhAEIEYgRCCCIEIgQjCEMIQwgiBCIEQwhDBCIAIgRDCEMIQwhDC
EMIQwhjCGQIZAhDBEMIQwhjCGMIYwhDCEMIQwhECEQIQwRDBGQIYwRDBEMEYwRDB
EMIQwhDBGMIYwhjCEIEYwRjCGMIQwRDBEMIYwhDCEMIQwgjBCIEQgRDBEIEIgQiB
EIIQgRCBCIEIgQiBCIEIgQiBCIEIgQiBAIEIgQiBCIEIQQhBCEEIQQgBCEEIQQhB
CEEIQQhBAAAIAAgBCAEIAQgBCAEIAQgBCAEIAQgBCAEIAQgBCAEIAQgBCAEIAQgB
CIEIgQCBCEEIgQiBCIEIgQhACEAQgRCBCIEIgBCBEIIQgRCBCIAQwRDBEMEIgAiB
EMIQwhCBCIEQwhDCEMIQwhDCEMIQwhjCGMIQgRCBGMIQwhDCEMIQwhDBEMIZAhjC
EMEQwRjCGMIYwRDBEMIRAhDCEMEQwRjBGMIQwRCBEMEYwhDCEMEQgRDBEMEQwRDB
EMIQgQiBEIEQgRCBCIAIgQiBCIEIgQiBCIEIggiBCIAIQAiBCIEIgQBBCEEIQQhB
AEAIQQhBCEEIQQhBCEEAAAgBCAEIAQgBCAEIAQgBCAEIAQgBCAEIAQgBCAEIAQgB
CAEIAQgBCAEIAQgBCAEIAQiBCIEIQQhBCEEQgRCBEIEIQQhBEIEQgQiBCIEIgRDB
EMEQwQiACIEQwgjBCIEIgRDBEMIIwQiBEMIQwhDCEMIQwQiBEMEQwhDCCIEQgRDB
EMEQwRDBEMEIwBDBEMIQwRCBEIEYwRjCEIEQgRDCEMIQwhDBEIEYwRjCEMEQgRCB
EMEQwRCAEIEQgRjBEIEQgRCBEIEIgRCBEIEQgQhACIAIgQiBCIEIQQhACEEIQQhB
CEEIQQhBCEEIQQhBCEEIQQhBCEEIAQgBCAEIAQgBCAEIAQgBCAEIAQgBCAEIAQgB
CAEIAQgBCAEIAQgBCAEIAQgBCAEIAQgBCAEIAQgBCAEIgQiBCEAIQAhACIAQgQiB
CIEIQRCBEIIIgQiBCIEQwRCBCIAIQBCAEIEQwQiACIAQwRDBCIEIgBDBEMEQwRDB
EIEQgRCBEMEQwgiBEIEQghDCEMIQwRDBEIAQgRjBEMEQgRCBGIEYgRCBEIEQwRDB
EMEQgBCBEIEQgRCBCIAQgRCBEIEQgAiACIAQwRCBEIEQgQhACEAIgAiBCEEIQAhA
CEAIQABBCEAIQQhBCEEIQQAACAEIAQgBCAEIAQgBCAEIAQgBCAEIAQgBCAEIAQgB
CAEIAQgBCAEIAQgBCAEIAQgBCAEIAQgBCAEIAQgBCAEIAQgBCAEIAQgBCAEIAQgB
CIEIQQhACEAIQQhBCIEIgQhACEAIQQiBCIEIQQhBEIIQQQiBCEAIgQiBCIEIgAiA
EIEQgRCAEIAQwRDBEIEQgQiACIEIwRDBEMEIgAiAEMEQwRCBEIEQgRCBEIEQwhCB
CIAIgBCBEIEQgQiBEIEQgQiBEIEIgRCBEIEQgQhACEAIgRCBCEEIQQhACEAIgAhA
CEAIQAhACEEIQQhBCEEIAQgBCAEIAQgBCAEIAQgBCAEIAQgBCAEIAQgBCAEIAQgB
CAEIAQgBCAEIAQgBCAEIAQgBCAEIAQgBCAEIAQgBCAEIAQgBCAEIAQgBCAEIAQgB
CAEIAQgBCAEIAQgBCAEIAQhBCEEAAQhBCEEQgQiBCIEIQQhBEIEQgRCBCEAIgRCB
CIEIQQhBCEEIgQiBCEAIQBCBEIAIgAhAEIEQgRCBEIEIgQiBCIEIgRCBCEAIQAhA
EIEQgRCBEIEIQAiAEIEQgQiACEAIgAiACEAIQAhACEEIQAhACEAIQQhBCEEAQAhA
CEEIQAhBCEEIAQgBCAEIAQgBCAEIAQgBCAEIAQgBCAEIAQgBCAEIAQgBCAEIAQgB
CAEIAQgBCAEIAQgBCAEIAQgBCAEIAQgBCAEIAQgBCAEIAQgBCAEIAQgBCAEIAQgB
CAEIAQgBCAEIAQgBCAEIAQgBCAEIAQgBCAEIAQgBCAEIQQABCEEIQQhBCEEIQQhB
AAAIQAhBCEEIQQAACEAIQQhBCEEAQQhAEIEQgQhACEAQgBCBCEAIQAiACIAIgAhA
CEAIQAhACIEIQQBACEAIQAhACEAIQAhACEAIQAhACEEAQAhACEAIQQhBCEEIQQgB
CAEIAQgBCAEIAQgBCAEIAQgBCAEIAQgBCAEIAQgBCAEIAQgBCAAIAAgACAAIAAgA
CAEIAQgBCAEIAQgBCAEIAQgBCAEIAQgBCAEIAQgBCAEIAQgBCAEIAQgBCAEIAQgB
CAEIAQgBCAEIAQgBCAEIAQgBCAEIAQgBCAEIAQgBCAEIAQgBCAEIAQgBCAEIAQgB
CEEIQQhBAAAAAAhBCEEIQQhBCEAIQAhBCEEAQAAACEEIQQhBCEEIQQhBCEEIQAhA
CEEIQQhBCEAIQQhBCEEIQQhBCAEIQQgBCEEIAQgBCAEIAQgBCAEIAAgACAAIAAgA
CAEIAQgBCAEIAQgBCAEIAQgBCAEIAQgBCAEIAQgBCAEIAQgBCAEIAQgBCAEIAQgB
EAEIAQgBCAEIAQABCAEIAQgBCAAIAQgBCAEIAQgBCAEIAQgBCAEIAQgBCAEIAQgB
CAEIAQgBCAEIAQgBCAEIAQgBCAEIAQgBCAEIAQgBCAEIAQgBCAEIAQgBCAEIAQgB
CAEIAQgBCAEIAQgBCAEIAQgBCAEIAQgBCAEIAQgBCAEIAAgACAEIAQgBCAEIAQgB
CAEIAQgBCAEIAQgBCAEIAQgBCAEIAQgBCAEIAQgBCAEIAQgBCAEIAQgACAEIAQgB
CAEIAAgACAEIAQgBCAEIAQgBCAEIAQgBCAEIAQgBCAEIAQgBCAEIAQgBCAEIAQgB
CAEIAQgBCAEIAQgBCAEIAQgBCAEIAQgBCAEIAQgBCAEIAQgBCAEIAQgBCAEIAQgB
CAAIAQgBCAEIAQgBCAEIAQgBCAEIAQgBCAEIAQgBCAEIAQgBCAEIAQgBCAEIAQgB
CAEIAQgBCAEIAQgBCAEIAQgBCAEIAQgBCAEIAQgBCAEIAQgBCAEIAQgBCAEIAQgB
CAEIAQgBCAEIAQgBCAEIAQgBCAEIAQgBCAEIAQgBCAEIAQgBCAEIAQgBCAEIAQgB
CAEIAQgBCAEIAQgBCAEIAQgBCAEIAQgBCAEIAQgBCAEIAQgBCAEIAQgBCAEIAQgB
EAEIAQgBCAEIAQgBCAEIAQgBCAEIAQgBCAEIAQgBCAEIAQgBCAEIAQgBAAEIAQgB
CAEIAAgBCAEIAQgBCAEIAQgBCAEIAQgBCAEIAQgBCAEIAQgBCAEIAQgBCAEIAQgB
CAEIAQgBCAEIAQgBCAEIAQgBCAEIAQgBCAEIAQgBCAEIAQgBCAEIAQgBCAEIAQgB
CAEIAQgBCAEIAQgBCAEIAQgBCAEIAQgBCAEIAQgBCAEIAQgBCAEIAQgBCAEIAQgB
CAEIAQgBCAEIAQgBCAEIAQgBCAEIAQgBCAEIAQgBCAEIAQgBCAEIAQgBCAEIAQgB
CAEIAQgBCAEAAQgBCAEIAQgBCAEQAQgBCAEIAQgBCAEIAQgBCAEIAQgBCAEIAQgB
CAEIAQgBAAAIAAABCAAIAAgBCAEIAQgBCAEIAQgBCAEIAQgBCAEIAQgBCAEIAQgB
CAEIAQgBCAEIAQgBCAEIAQgBCAEIAQgBCAEIAQgBCAEIAQgBCAEIAQgBCAEIAQgB
CAEIAQgBCAEIAQgBCAEIAQgBCAEIAQgBCAEIAQgBCAEIAQgBCAEIAQgBCAEIAQgB
CAEIAQgBCAEIAQgBCAEIAQgBCAEIAQgBCAEIAQgBCAEIAQgBCAEIAQgBCAEIAQgA
CAAIAQgBCAEIAAgACAEIAAgACAAIAAgACAAIAAgACAEAAQgBCAEIAAgBCAEIAQgB
CAEIAQgBCAAIAQgBCAEIAQABCAEIAQgBCAEIAQgBCAEIAQgBCAEIAQgBCAEIAQgB
CAEIAQgBCAEIAQgBCAEIAQgBCAEIAQgBCAEIAQgBCAEIAQgBCAEIAQgBCAEIAQgB
CAEIAQgBCAEIAQgBCAEIAQgBCAEIAQgBCAEIAQgBCAEIAQgBCAEIAQgBCAEIAQgB
CAEIAQgBCAEIAQgBCAEIAQgBCAEIAQgBCAEIAQgBCAEIAQgBCAEIAQgBCAEIAQgB
CAEIAQgBCAEIAQgBCAEIAQgBCAEIAQgBCAAIAAgBCAEIAQgBCAEIAQgBCAEIAQgB
CAEIAQAACAAIAQgBCAEIAAgACAEIAQgBCAEIAQgBCAEIAQgBCAEIAQgBCAEIAQgB
CAEIAQgBCAEIAQgBCAEIAQgBCAEIAQgBCAEIAQgBCAEIAQgBCAEIAQgBCAEIAQgB
CAEIAQgBCAEIAQgBCAEIAQgBCAEIAQgBCAEIAQgBCAEIAQgBCAEIAQgBCAEIAQgB
CAEIAQgBCAEIAQgBCAEIAQgBCAEIAQgBCAEIAQgBCAEIAQgBCAEIAQgBCAEIAQgB
CAEIAQgBCAEIAQgBCAEIAQgBCAEIAQgBCAEIAQgBCAEIAQgBCAEIAQgBCAEIAQgB
EAEIAQgBCAEIAQgBCAEIAQgBCAEIAQgBCAEIAQgBCAEIAQABCAEIAQgBCAEIAQgB
CAAIAQgBCAEIAQgBCAEIAAgACAEIAQgBCAEIAQgBCAEIAQgBCAEIAQgBCAEIAQgB
CAEIAQgBCAEIAQgBCAEIAQgBCAEIAQgBCAEIAQgBCAEIAQgBCAEIAQgBCAEIAQgB
CAEIAQgBCAEIAQgBCAEIAQgBCAEIAQgBCAEIAQgBCAEIAQgBCAEIAQgBCAEIAQgB
CAEIAQgBCAEIAQgBCAEIAQgBCAEIAQgBCAEIAQgBCAEIAQgBCAEIAQgBCAEIAQgB
CAEIAQgBCAEIAQgBCAEIAQgBCAEIAQgBCAEIAQgBAAEIAQgBCAEIAQgBCAEIAQgB
CAEIAQgBCAEIAQgBCAEIAQgBCAEIAQgBCAEIAQgBCAEIAQgBCAEIAQgBCAEIAQgB
CAEIAQgBCAEIAQgBCAEIAQgBCAEIAQgBCAEIAQgBCAEIAQgBCAEIAQgBCAEIAQgB
CAEIAQgBCAEIAQgBCAEIAQgBCAEIAQgBCAEIAQgBCAEIAQgBCAEIAQgBCAEIAQgB
CAEIAQgBCAEIAQgBCAEIAQgBCAEIAQgBCAEIAQgBCAEIAQgBCAEIAQgBCAEIAQgB
CAEIAQgBCAAIAAgACAAIAQgBCAEIAQgBCAAIAAgBCAEIAQgBCAEIAQgBAAEIAQgB
CAEIAQgACAEIAQgBCAEIAQgBCAEIAQgBCAEIAQgBCAEIAQgBCAEIAQgBCAEIAQgA
CAEIAQgBCAEIAQgBCAEIAQgBCAEIAQgBCAEIAQgBCAEIAQgBCAEIAQgBCAEIAQgB
CAEIAQgBCAEIAQgBCAEIAQgBCAEIAQgBCAEIAQgBCAEIAQgBCAEIAQgBCAEIAQgB
CAEIAQgBCAEIAQgBCAEIAQgBCAEIAQgBCAEIAQgBCAEIAQgBCAEIAQgBCAEIAQgB
CAEIAQgBCAEIAQgBCAEIAQgBCAEIAQgBCAEIAAgBCAEIAQgBCAEIAQgACAEIAQgB
CAEIAQgBCAEIAQgBCAEIAQgBCAEIAAgACAEIAQgBCAEIAQgBCAEIAQgBCAEIAQgB
CAEIAQgBCAEIAQgBCAEIAQgBCAEIAQgBCAEIAQgBCAEIAQgBCAEIAQgBCAEIAQgB
CAEIAQgBCAEIAQgBCAEIAQgBCAEIAQgBCAEIAQgBCAEIAQgBCAEIAQgBCAEIAQgB
CAEIAQgBCAEIAQgBCAEIAQgBCAEIAQgBCAEIAQgBCAEIAQgBCAEIAQgBCAEIAQgB
CAEIAQgBCAEIAQgBCAEIAQgBCAEIAQgBCAEIAQgBCAEIAQgBCAEIAQgBCAEIAQgB
CAEIAQgBCAEIAQgBCAEIAQgBCAEIAQgBCAEIAQgBCAEIAQgBCAEIAQgBCAEIAQgB
CAEIAQgACAEIAQgBCAEIAQgBCAEIAQgBCAEIAQgBCAEIAQgBCAEIAQgBCAEIAQgB
CAEIAQgBCAEIAQgBCAEIAQgBCAEIAQgBCAEIAQgBCAEIAQgBCAEIAQgBCAEIAQgB
CAEIAQgBCAEIAQgBCAEIAQgBCAEIAQgBCAEIAQgBCAEIAQgBCAEIAQgBCAEIAQgB
CAEIAQgBCAEIAQgBCAEIAQgBCAEIAQgBCAEIAQgBCAEIAQgBCAEIAQgBCAEIAQgB
CAEIAQgBCAEIAQgBCAEIAQgBCAEIAQgBCAEIAAgACAAIAAgBCAEIAQgBCAEIAQgB
CAEIAQgBCAEIAQgBCAEIAQgBCAEIAQgBCAEIAQgBCAEIAQgBCAEIAQgBCAEIAQgB
CAEIAQgBCAEIAQgBCAEIAQgBCAEIAQgBCAEIAQgBCAEIAQgBCAEIAQgBCAEIAQgB
CAEIAQgBCAEIAQgBCAEIAQgBCAEIAQgBCAEIAQgBCAEIAQgBCAEIAQgBCAEIAQgB
CAEIAQgBCAEIAQgBCAEIAQgBCAEIAQgBCAEIAQgBCAEIAQgBCAEIAQgBCAEIAQgB
CAEIAQgBCAEIAQgBCAEIAQgBCAEIAQgBCAEIAQgBCAEIAQgBCAEIAQgBCAEIAQgB
CAEIAQgBCAEIAQgACAAIAQgBCAEIAQgBCAEIAQgBCAEIAQgACAAIAQgBCAEIAQgB
CAEIAQgBCAEIAQgBCAEIAQgBCAEIAQgBCAEIAQgBCAEIAQgBCAEIAQgBCAEIAQgB
CAEIAQgBCAEIAQgBCAEIAQgBCAEIAQgBCAEIAQgBCAEIAQgBCAEIAQgBCAEIAQgB
CAEIAQgBCAEIAQgBCAEIAQgBCAEIAQgBCAEIAQgBCAEIAQgBCAEIAQgBCAEIAQgB
CAEIAQgBCAEIAQgBCAEIAQgBCAEIAQgBCAEIAQgBCAEIAQgBCAEIAQgBCAEIAQgB
CAEIAQgBCAEIAQgBCAEIAQgBCAEIAQgBCAEIAQgBCAEIAQgBCAEIAQgBCAEIAQgB
CAEIAQgBCAEIAQgBCAEIAQgBCAEIAQgBCAEIAQgBCAEIAQgBCAEIAQgBCAEIAQgB
CAEIAQgBCAEIAQgBCAEIAQgBCAEIAQgBCAEIAQgBCAEIAQgBCAEIAQgBCAEIAQgB
CAEIAQgBCAEIAQgBCAEIAQgBCAEIAQgBCAEIAQgBCAEIAQgBCAEIAQgBCAEIAQgB
CAEIAQgBCAEIAQgBCAEIAQgBCAEIAQgBCAEIAQgBCAEIAQgBCAEIAQgBCAEIAQgB
CAEIAQgBCAEIAQgBCAEIAQgBCAEIAAgBCAEIAQgBCAEIAQgBCAEIAQgBCAEIAQgB
CAEIAQgBCAEIAQgBCAEIAQgBCAEIAQgBCAEIAQgBCAEIAQgBCAEIAQgBCAEIAQgB
CAEIAQgBCAEIAQgBCAEIAQgBCAEIAQgBCAEIAQgBCAEIAQgBCAEIAQgBCAEIAQgB
CAEIAQgBCAEIAQgBCAEIAQgBCAEIAQgBCAEIAQgBCAEIAQgBCAEIAQgBCAEIAQgB
CAEIAQgBCAEIAQgBCAEIAQgBCAEIAQgBCAEIAQgBCAEIAQgBCAEIAQgBCAEIAQgB
CAEIAQgBCAEIAQgBCAEIAQgBCAEIAQgBCAEIAQgBCAEIAQgBCAEIAQgBCAEIAQgB
CAEIAQgBCAEIAQgBCAEIAQgBCAEIAQgBCAEIAQgBCAEIAQgBCAEIAQgBCAEIAQgB
CAEIAQgBCAEIAQgBCAEIAQgBCAEIAQgBCAEIAQgBCAEIAQgBCAEIAQgBCAEIAQgB
CAEIAQgBCAEIAQgBCAEIAQgBCAEIAQgBCAEIAQgBCAEIAQgBCAEIAQgBCAEIAQgB
CAEIAQgBCAEIAQgBCAEIAQgBCAEIAQgBCAEIAQgBCAEIAQgBCAEIAQgBCAEIAQgB
CAEIAQgBCAEIAQgBCAEIAQgBCAEIAQgBCAEIAQgBCAEIAQgBCAEIAQgBCAEIAQgB
CAEIAQgBCAEIAQgBCAEIAQgBCAEIAQgBCAEIAQgBCAEIAQgBCAEIAQgBCAEIAQgB
CAEIAQgBCAEIAQgBCAEIAQgBCAEIAQgBCAEIAQgBCAEIAQgBCAEIAQgBCAEIAQgB
CAEIAQgBCAEIAQgBCAEIAQgBCAEIAQgBCAEIAQgBCAEIAQgBCAEIAQgBCAEIAQgB
CAEIAQgBCAEIAQgBCAEIAQgBCAEIAQgBCAEIAQgBCAE=
END m9
frame    29 :  a book -0.18   led   0/255 h0.00 lvl-0.18   -
frame    30 :  a book -0.15   led   0/255 h0.00 lvl-0.15   -

stopped   : 31 frames, 31 good, capture overlapped with the compute, configuration C
            31 frames timed, 326 ms/frame mean (capture included)
            307 ms encode + 2 ms waiting for the sensor + 16 ms burst; 337 ms/frame by the clock
            483 ms shutter to LED, arming with 149 ms of compute left
            last frame mean RGB 22 28 16
            camera bus: worst gap 16 us against the 2000 us deadline (#12)
            usb: 0 outages, 0 ms off the bus, 0 re-attaches (#9)
            scene: THE ACQUIRE WAS NOT CONFIDENT IN THE FRAME THIS RUN STARTED FROM -
            the exposure never moved from its first reading. Every score above is
            against that picture; read the exposure ramp in the banner before
            keeping any of them (#26)
