
=== M9: fpga-open-vocab - describe it, the board spots it ===

clock     : 280 MHz requested; BOOTSEL is reachable for 1.5 s
clock     : 280 MHz system, core 1.25 V
reset     : chip_reset 00010000
            nothing new since the last banner - whatever reset the core left powman alone.
waiting for a bitstream on USB CDC (host/demo.py)
bitstream : 173124 bytes announced, crc32 0a2e9953
bitstream : received intact
configure : configured, CDONE high   CDONE=1 nSTATUS=0
crc       : DMA sniffer, calc=1 out_rev=1 out_inv=1
model     : 9 layers, 512-d embedding, 131072 B/buffer
weights   : 780720 B, crc32=0xF368CC6E  (144 ms to hash)

reference : encoder_fast on the flash test vector  (1810 ms)

link      : probing the wire by running the whole test vector over it
probe     : 3 forward data lines -> 512/512 floats exact, 311 ms
link      : configuration C, 3 forward data lines, 140.0 MHz

camera    : exposure ramp 28 29 29 30 24 19 20 20 20 19
camera    : live 128x128 RGB565, id 0x82, 16.0 MHz, expose 37 ms, read 16 ms, exposure settled after 10 frames
            regs fmt 02 res 00 bri 00 ev 00 wb 00 auto 00 state 26 id 82 fpga 20
            mean RGB 20 24 16  (tuned camera on a neutral scene: about 115 107 105)

queries   : waiting for a query set on USB CDC (host/demo.py)
queries   : 1 accepted, 512-d, crc ok
            scored as z = (cos - background) / std, where the background is this room's
            own mean over its first 30 frames and is then FROZEN - so a thing left in
            shot keeps its score instead of decaying into the furniture. 'N' re-learns
            it, 'H' switches to tracking. The COCO figures below are only the seed for
            frame 0 and the fixed std.
            std is THIS ROOM's, measured over the same 30 frames ('S' switches to COCO's).
            The thresholds below still mean the 90th percentile of a background; the
            background they now mean it against is this room empty, not 5000 COCO photos.
            z is EMA-smoothed at 0.35 (~5 frames) before ranking, so a state has to
            persist for about two seconds to be called.
            a book               match above z 1.23   (COCO background -0.144 +- 0.028, so cos -0.110)

loop      : capture, 8 convs on the T8, pool and head, then one cosine per query. 'B' for BOOTSEL, 'R' to restart,
            'P' to dump the next frame for host/cam.py, 'V' to dump its 512 floats for host/caption.py,
            'E' to provoke a fault so D1 shows its fault display, 'H' to freeze/unfreeze the background,
            'S' to switch the spread between this room's and COCO's, 'W' to hang on purpose and see
            the watchdog name the stage, 'C' to stall the camera bus on purpose and see it cost one frame,
            'U' to drop off USB on purpose and watch it come back, 'I' to drop off and refuse to,
            'N' to forget it and learn it again from now. 'P' and 'V' together describe the same frame.
            'O' closes the timing window, prints it and flips the capture between overlapped and serial;
            'D' does the same and flips the trigger between late and at-the-collect, which is #14's A/B.
            'L' freezes exposure and gain, then on a second press the white balance too - which goes green,
            and is the control. A third restores all three. Issue #30, and the one hotkey whose answer depends on when you press it.
            scores are z against this room's background, ranked; '*' means over its threshold.
            '1'..'6' enrol the next 20 frames as that class, and press again on a LATER visit
            to fold a second one in - 2 visits is what makes the enrolment guard mean
            something. Two classes in and the board decides by nearest reference instead of
            by threshold - see M21.
            '0' ENROLS THE EMPTY SCENE the same way, and it is worth a visit: with one, a frame
            is absent when the empty reference is the nearest of the three and no radius is
            involved. Without one the board falls back to the band - absent beyond 2.0 sep
            from every class - which scores 54.6% over 28 benches against the third reference's
            79.1%, because with two queries that band is an interval the empty scene can sit
            inside. #18.
            The first 30 frames set the baseline and it is then frozen, so anything left in
            shot KEEPS its score. Point the camera at the empty scene for those frames.
            Send a new set at any time to re-query - that resets the baseline too.

frame     0 :  a book +0.08   led   1/219 h0.07 lvl+0.08   -
frame     1 :  a book +0.08   led   1/219 h0.07 lvl+0.08   -
frame     2 :  a book +0.00   led   0/253 h0.00 lvl+0.00   -
frame     3 :  a book +0.01   led   0/248 h0.01 lvl+0.01   -
frame     4 :  a book +0.03   led   0/242 h0.02 lvl+0.03   -
frame     5 :  a book +0.01   led   0/249 h0.01 lvl+0.01   -
frame     6 :  a book +0.06   led   0/229 h0.05 lvl+0.06   -
frame     7 :  a book +0.05   led   0/231 h0.04 lvl+0.05   -
background: after 8 frames (warming up, room spread), this room reads  a book -0.136 +-0.0021 (COCO -0.144 +-0.0280)
frame     8 :  a book -0.06   led   0/255 h0.00 lvl-0.06   -
frame     9 :  a book +0.21   led   5/170 h0.17 lvl+0.21   -
frame    10 :  a book +0.77   led  92/ 29 h0.63 lvl+0.77   -
frame    11 :  a book +0.63   led  58/ 53 h0.51 lvl+0.63   -
frame    12 :  a book +0.80   led  99/ 25 h0.65 lvl+0.80   -
frame    13 :  a book +0.74   led  82/ 34 h0.60 lvl+0.74   -
frame    14 :  a book +0.71   led  76/ 39 h0.58 lvl+0.71   -
frame    15 :  a book -0.11   led   0/255 h0.00 lvl-0.11   -
frame    16 :  a book -0.66   led   0/255 h0.00 lvl-0.66   -
frame    17 :  a book -1.37   led   0/255 h0.00 lvl-1.37   -
frame    18 :  a book -0.35   led   0/255 h0.00 lvl-0.35   -
frame    19 :  a book -0.05   led   0/255 h0.00 lvl-0.05   -
frame    20 :  a book -0.44   led   0/255 h0.00 lvl-0.44   -
frame    21 :  a book -0.00   led   0/255 h0.00 lvl-0.00   -
frame    22 :  a book -0.28   led   0/255 h0.00 lvl-0.28   -
frame    23 :  a book -0.03   led   0/255 h0.00 lvl-0.03   -
frame    24 :  a book -0.16   led   0/255 h0.00 lvl-0.16   -
frame    25 :  a book -0.30   led   0/255 h0.00 lvl-0.30   -
frame    26 :  a book -0.38   led   0/255 h0.00 lvl-0.38   -
frame    27 :  a book -0.55   led   0/255 h0.00 lvl-0.55   -
frame    28 :  a book -1.07   led   0/255 h0.00 lvl-1.07   -
frame    29 :  a book -0.97   led   0/255 h0.00 lvl-0.97   -
frame    30 :  a book -1.06   led   0/255 h0.00 lvl-1.06   -
frame    31 :  a book -0.95   led   0/255 h0.00 lvl-0.95   -
frame    32 :  a book -1.06   led   0/255 h0.00 lvl-1.06   -
frame    33 :  a book -1.32   led   0/255 h0.00 lvl-1.32   -
frame    34 :  a book +0.05   led   0/234 h0.04 lvl+0.05   -
frame    35 :  a book -0.64   led   0/255 h0.00 lvl-0.64   -
frame    36 :  a book -0.21   led   0/255 h0.00 lvl-0.21   -
frame    37 :  a book -0.40   led   0/255 h0.00 lvl-0.40   -
frame    38 :  a book -0.41   led   0/255 h0.00 lvl-0.41   -
frame    39 :  a book -0.59   led   0/255 h0.00 lvl-0.59   -
frame    40 :  a book -0.70   led   0/255 h0.00 lvl-0.70   -
frame    41 :  a book +0.06   led   0/226 h0.05 lvl+0.06   -
frame    42 :  a book -0.45   led   0/255 h0.00 lvl-0.45   -
frame    43 :  a book -0.91   led   0/255 h0.00 lvl-0.91   -
frame    44 :  a book -1.28   led   0/255 h0.00 lvl-1.28   -
frame    45 :  a book -0.70   led   0/255 h0.00 lvl-0.70   -
frame    46 :  a book -0.24   led   0/255 h0.00 lvl-0.24   -
frame    47 :  a book +0.02   led   0/244 h0.02 lvl+0.02   -
frame    48 :  a book -0.82   led   0/255 h0.00 lvl-0.82   -
frame    49 :  a book +0.83   led 107/ 22 h0.67 lvl+0.83   -
frame    50 :  a book +2.19*   led 255/  0 h1.00 lvl+2.19   MATCH a book (cos -0.125)
frame    51 :  a book +3.71*   led 255/  0 h1.00 lvl+3.71   MATCH a book (cos -0.120)
frame    52 :  a book +4.44*   led 255/  0 h1.00 lvl+4.44   MATCH a book (cos -0.122)
frame    53 :  a book +3.84*   led 255/  0 h1.00 lvl+3.84   MATCH a book (cos -0.130)
frame    54 :  a book +5.03*   led 255/  0 h1.00 lvl+5.03   MATCH a book (cos -0.119)
frame    55 :  a book +4.43*   led 255/  0 h1.00 lvl+4.43   MATCH a book (cos -0.128)
frame    56 :  a book +4.73*   led 255/  0 h1.00 lvl+4.73   MATCH a book (cos -0.124)
frame    57 :  a book +5.02*   led 255/  0 h1.00 lvl+5.02   MATCH a book (cos -0.123)
frame    58 :  a book +2.72*   led 255/  0 h1.00 lvl+2.72   MATCH a book (cos -0.140)
frame    59 :  a book +0.45   led  27/ 95 h0.36 lvl+0.45   -
frame    60 :  a book -0.86   led   0/255 h0.00 lvl-0.86   -
frame    61 :  a book -1.12   led   0/255 h0.00 lvl-1.12   -

stopped   : 62 frames, 62 good, capture overlapped with the compute, configuration C
            62 frames timed, 325 ms/frame mean (capture included)
            307 ms encode + 0 ms waiting for the sensor + 16 ms burst; 335 ms/frame by the clock
            437 ms shutter to LED, arming with 113 ms of compute left
            last frame mean RGB 20 24 18
            camera bus: worst gap 16 us against the 2000 us deadline (#12)
            usb: 0 outages, 0 ms off the bus, 0 re-attaches (#9)
