..........
bitstream : 173124 bytes announced, crc32 0a2e9953
bitstream : received intact
configure : configured, CDONE high   CDONE=1 nSTATUS=0
crc       : DMA sniffer, calc=1 out_rev=1 out_inv=1
model     : 9 layers, 512-d embedding, 131072 B/buffer
weights   : 780720 B, crc32=0xF368CC6E  (126 ms to hash)

reference : encoder_fast on the flash test vector  (1584 ms)

link      : probing the wire by running the whole test vector over it
probe     : 3 forward data lines -> 512/512 floats exact, 269 ms
link      : configuration C, 3 forward data lines, 160.0 MHz

camera    : exposure ramp 86 88 90 92 95 96 98 98 99 100 100 100
camera    : live 128x128 RGB565, id 0x82, 16.0 MHz, expose 37 ms, read 16 ms, exposure settled after 12 frames
            mean RGB 101 102 99  (tuned camera on a neutral scene: about 115 107 105)

queries   : waiting for a query set on USB CDC (host/demo.py)
queries   : 2 accepted, 512-d, crc ok
            level axis carries 0.95 of one query's swing; most opposed pair +0.810
            scored as z = (cos - background) / std, where the background is this room's
            own mean over its first 30 frames and is then FROZEN - so a thing left in
            shot keeps its score instead of decaying into the furniture. 'N' re-learns
            it, 'H' switches to tracking. The COCO figures below are only the seed for
            frame 0 and the fixed std.
            std is THIS ROOM's, measured over the same 30 frames ('S' switches to COCO's).
            The thresholds below still mean the 90th percentile of a background; the
            background they now mean it against is this room empty, not 5000 COCO photos.
            z is EMA-smoothed at 0.35 (~5 frames) before ranking, so a state has to
            persist for about two seconds to be called.
            a closed book        match above z 1.23   (COCO background -0.159 +- 0.035, so cos -0.116)
            an opened book       match above z 1.23   (COCO background -0.151 +- 0.030, so cos -0.114)

loop      : capture, 8 convs on the T8, pool and head, then one cosine per query. 'B' for BOOTSEL, 'R' to restart,
            'P' to dump the next frame for host/cam.py, 'V' to dump its 512 floats for host/caption.py,
            'E' to provoke a fault so D1 shows its fault display, 'H' to freeze/unfreeze the background,
            'S' to switch the spread between this room's and COCO's, 'W' to hang on purpose and see
            the watchdog name the stage, 'C' to stall the camera bus on purpose and see it cost one frame,
            'U' to drop off USB on purpose and watch it come back, 'I' to drop off and refuse to,
            'N' to forget it and learn it again from now. 'P' and 'V' together describe the same frame.
            'O' closes the timing window, prints it and flips the capture between overlapped and serial;
            'D' does the same and flips the trigger between late and at-the-collect, which is #14's A/B.
            scores are z against this room's background, ranked; '*' means over its threshold.
            '1'..'6' enrol the next 20 frames as that class, and press again on a LATER visit
            to fold a second one in - 2 visits is what makes the enrolment guard mean
            something. Two classes in and the board decides by nearest reference instead of
            by threshold, and calls a frame absent when it is further than 2.0 sep from every
            one of them - see M21. The empty scene is not enrolled and '0' does nothing; see #18.
            The first 30 frames set the baseline and it is then frozen, so anything left in
            shot KEEPS its score. Point the camera at the empty scene for those frames.
            Send a new set at any time to re-query - that resets the baseline too.

frame     0 :  a closed book +0.56  an opened book +0.48   led  46/ 67 h0.46 lvl+0.52   -
frame     1 :  a closed book +0.33  an opened book +0.25   led  14/128 h0.27 lvl+0.29   -
frame     2 :  a closed book +0.22  an opened book +0.20   led   6/164 h0.18 lvl+0.21   -
frame     3 :  an opened book +0.11  a closed book +0.10   led   1/207 h0.09 lvl+0.10   -
frame     4 :  an opened book +0.10  a closed book +0.06   led   1/211 h0.08 lvl+0.08   -
frame     5 :  an opened book +0.05  a closed book +0.00   led   0/232 h0.04 lvl+0.03   -
frame     6 :  an opened book -0.00  a closed book -0.01   led   0/255 h0.00 lvl-0.01   -
frame     7 :  an opened book +0.01  a closed book +0.01   led   0/249 h0.01 lvl+0.01   -
background: after 8 frames (warming up, room spread), this room reads  a closed book -0.106 +-0.0022 (COCO -0.159 +-0.0351)  an opened book -0.111 +-0.0023 (COCO -0.151 +-0.0303)
frame     8 :  a closed book +0.52  an opened book +0.34   led  38/ 76 h0.42 lvl+0.43   -
frame     9 :  a closed book +1.27*  an opened book +0.77   led 255/  0 h1.00 lvl+1.02   MATCH a closed book (cos -0.100)
frame    10 :  a closed book +1.28*  an opened book +1.15   led 255/  0 h1.00 lvl+1.21   MATCH a closed book (cos -0.101)
frame    11 :  a closed book +1.51*  an opened book +1.07   led 255/  0 h1.00 lvl+1.29   MATCH a closed book (cos -0.099)
frame    12 :  an opened book +0.45  a closed book +0.43   led  27/ 94 h0.36 lvl+0.44   -
frame    13 :  an opened book +0.48  a closed book +0.32   led  32/ 86 h0.39 lvl+0.40   -
frame    14 :  an opened book +0.42  a closed book +0.19   led  24/101 h0.34 lvl+0.31   -
frame    15 :  an opened book -0.02  a closed book -0.26   led   0/255 h0.00 lvl-0.14   -
frame    16 :  an opened book -0.39  a closed book -0.52   led   0/255 h0.00 lvl-0.46   -
frame    17 :  an opened book +0.16  a closed book -0.06   led   3/188 h0.13 lvl+0.05   -
frame    18 :  an opened book +0.07  a closed book -0.01   led   1/223 h0.06 lvl+0.03   -
frame    19 :  a closed book -0.29  an opened book -0.29   led   0/255 h0.00 lvl-0.29   -
frame    20 :  a closed book +0.20  an opened book -0.39   led   5/173 h0.16 lvl-0.09   -
frame    21 :  a closed book +0.42  an opened book +0.11   led  24/103 h0.34 lvl+0.27   -
frame    22 :  a closed book +0.46  an opened book -0.14   led  29/ 92 h0.37 lvl+0.16   -
frame    23 :  a closed book -0.02  an opened book -0.17   led   0/255 h0.00 lvl-0.10   -
frame    24 :  a closed book -0.02  an opened book -0.15   led   0/255 h0.00 lvl-0.08   -
frame    25 :  an opened book +0.22  a closed book +0.12   led   6/166 h0.18 lvl+0.17   -
frame    26 :  an opened book +0.79  a closed book +0.62   led  96/ 27 h0.64 lvl+0.70   -
frame    27 :  a closed book +1.04  an opened book +0.85   led 178/  4 h0.85 lvl+0.95   -
frame    28 :  a closed book +0.77  an opened book +0.70   led  90/ 30 h0.62 lvl+0.74   -
frame    29 :  a closed book +1.15  an opened book +0.89   led 220/  1 h0.94 lvl+1.02   -
frame    30 :  an opened book +1.77*  a closed book +1.42*   led 255/  0 h1.00 lvl+1.59   MATCH an opened book (cos -0.102)
frame    31 :  an opened book +1.14  a closed book +0.89   led 217/  1 h0.93 lvl+1.01   -
frame    32 :  an opened book +1.13  a closed book +0.67   led 211/  1 h0.92 lvl+0.90   -
frame    33 :  an opened book +0.35  a closed book +0.13   led  16/121 h0.29 lvl+0.24   -
frame    34 :  a closed book +0.41  an opened book +0.30   led  23/104 h0.33 lvl+0.36   -
frame    35 :  an opened book +0.81  a closed book +0.77   led 101/ 24 h0.66 lvl+0.79   -
frame    36 :  an opened book +0.40  a closed book +0.13   led  22/107 h0.33 lvl+0.26   -
frame    37 :  an opened book +0.15  a closed book -0.70   led   2/192 h0.12 lvl-0.27   -
frame    38 :  an opened book +0.68  a closed book -0.13   led  69/ 43 h0.55 lvl+0.27   -
frame    39 :  an opened book +0.10  a closed book -0.18   led   1/212 h0.08 lvl-0.04   -
frame    40 :  an opened book +0.70  a closed book +0.50   led  74/ 40 h0.57 lvl+0.60   -
frame    41 :  an opened book +0.54  a closed book +0.23   led  42/ 71 h0.44 lvl+0.39   -

stopped   : 42 frames, 42 good, capture overlapped with the compute, configuration C
            42 frames timed, 283 ms/frame mean (capture included)
            265 ms encode + 1 ms waiting for the sensor + 16 ms burst; 292 ms/frame by the clock
            405 ms shutter to LED, arming with 119 ms of compute left
            last frame mean RGB 101 102 100
            camera bus: worst gap 17 us against the 2000 us deadline (#12)
            usb: 0 outages, 0 ms off the bus, 0 re-attaches (#9)
