
=== Does the white-balance lock reach the die, and does it hold? (#30, #33) ===

clock     : 320 MHz sys
sensor id : 0x82

-- bring-up --
  sensor id : 0x82  (legacy table)
  firmware  : 2023-03-03, fpga rev 32

-- warm-up, auto loops running --
  settled at luma 128

-- placing the ladder against this scene --
  the die's own AE, loop free and settled: 0x024c
  written        8     10     20     40     80    100    200    400    800   1000   2000   4000   8000  10000
  die says   024c?  024c?  024c?  024c?  0080   0100   024c?  024c?  024c?  024c?  2000   4000   024c?  024c?
  4 of 14 echoed the write; ? marks the ones that did not and are ignored
  0x00100 lands the die nearest its own choice (off by 332), so the ladder is 20 40 80 100 200 400

-- the handle, before anything is asked of the die --
  ladder at rest
    up    112 112 112 112 112 112
    down  112 112 112 112 112 112
    wobble 0, retrace 0 | H1 NO  H2 yes  -> NO HANDLE
  -- recovery ladder --
     rung 0: apply the auto mask a second time, no reset
  ladder after rung 0
    up    111 111 111 111 112 112
    down  111 111 111 111 111 111
    wobble 0, retrace 1 | H1 NO  H2 NO  -> NO HANDLE
     rung 1: 0x07 bit 1, the documented I2C reset
  ladder after rung 1
    up    112 112 112 112 112 112
    down  113 113 112 112 112 111
    wobble 0, retrace 1 | H1 NO  H2 NO  -> NO HANDLE
     rung 2: 0x07 bit 7, reset cache - i2crec came back on this
  ladder after rung 2
    up    113 113 113 113 113 113
    down  113 113 113 113 113 113
    wobble 0, retrace 0 | H1 NO  H2 yes  -> NO HANDLE
     rung 3: 0x07 bit 6, reset FPGA - what cam_begin() uses
  !! FIFO length 614400, buffer is 32768
  !! FIFO length 614400, buffer is 32768
  !! FIFO length 614400, buffer is 32768
  !! FIFO length 614400, buffer is 32768
  !! FIFO length 614400, buffer is 32768
  !! FIFO length 614400, buffer is 32768
  !! FIFO length 614400, buffer is 32768
  !! FIFO length 614400, buffer is 32768
  !! FIFO length 614400, buffer is 32768
  !! FIFO length 614400, buffer is 32768
  !! FIFO length 614400, buffer is 32768
  !! FIFO length 614400, buffer is 32768
  !! FIFO length 614400, buffer is 32768
  !! FIFO length 614400, buffer is 32768
  !! FIFO length 614400, buffer is 32768
  !! FIFO length 614400, buffer is 32768
  !! FIFO length 614400, buffer is 32768
  !! FIFO length 614400, buffer is 32768
  !! FIFO length 614400, buffer is 32768
  !! FIFO length 614400, buffer is 32768
  !! FIFO length 614400, buffer is 32768
  !! FIFO length 614400, buffer is 32768
  !! FIFO length 614400, buffer is 32768
  !! FIFO length 614400, buffer is 32768
  !! FIFO length 614400, buffer is 32768
  !! FIFO length 614400, buffer is 32768
  !! FIFO length 614400, buffer is 32768
  !! FIFO length 614400, buffer is 32768
  !! FIFO length 614400, buffer is 32768
  !! FIFO length 614400, buffer is 32768
  !! FIFO length 614400, buffer is 32768
  !! FIFO length 614400, buffer is 32768
  !! FIFO length 614400, buffer is 32768
  !! FIFO length 614400, buffer is 32768
  !! FIFO length 614400, buffer is 32768
  !! FIFO length 614400, buffer is 32768
  !! FIFO length 614400, buffer is 32768
  !! FIFO length 614400, buffer is 32768
  !! FIFO length 614400, buffer is 32768
  !! FIFO length 614400, buffer is 32768
  !! FIFO length 614400, buffer is 32768
  !! FIFO length 614400, buffer is 32768
  !! FIFO length 614400, buffer is 32768
  !! FIFO length 614400, buffer is 32768
  !! FIFO length 614400, buffer is 32768
  !! FIFO length 614400, buffer is 32768
  !! FIFO length 614400, buffer is 32768
  !! FIFO length 614400, buffer is 32768
  !! FIFO length 614400, buffer is 32768
  !! FIFO length 614400, buffer is 32768
  !! FIFO length 614400, buffer is 32768
  !! FIFO length 614400, buffer is 32768
  !! FIFO length 614400, buffer is 32768
  !! FIFO length 614400, buffer is 32768
  !! FIFO length 614400, buffer is 32768
  !! FIFO length 614400, buffer is 32768
  !! FIFO length 614400, buffer is 32768
  !! FIFO length 614400, buffer is 32768
  !! FIFO length 614400, buffer is 32768
  !! FIFO length 614400, buffer is 32768
  !! FIFO length 614400, buffer is 32768
  !! FIFO length 614400, buffer is 32768
  !! FIFO length 614400, buffer is 32768
  !! FIFO length 614400, buffer is 32768
  !! FIFO length 614400, buffer is 32768
  !! FIFO length 614400, buffer is 32768
  !! FIFO length 614400, buffer is 32768
  !! FIFO length 614400, buffer is 32768
  !! FIFO length 614400, buffer is 32768
  !! FIFO length 614400, buffer is 32768
  !! FIFO length 614400, buffer is 32768
  !! FIFO length 614400, buffer is 32768
  !! FIFO length 614400, buffer is 32768
  !! FIFO length 614400, buffer is 32768
  !! FIFO length 614400, buffer is 32768
  !! FIFO length 614400, buffer is 32768
  !! FIFO length 614400, buffer is 32768
  !! FIFO length 614400, buffer is 32768
  !! FIFO length 614400, buffer is 32768
  !! FIFO length 614400, buffer is 32768
  !! FIFO length 614400, buffer is 32768
  !! FIFO length 614400, buffer is 32768
  !! FIFO length 614400, buffer is 32768
  !! FIFO length 614400, buffer is 32768
  !! FIFO length 614400, buffer is 32768
  !! FIFO length 614400, buffer is 32768
  !! FIFO length 614400, buffer is 32768
  !! FIFO length 614400, buffer is 32768
  !! FIFO length 614400, buffer is 32768
  !! FIFO length 614400, buffer is 32768
  !! FIFO length 614400, buffer is 32768
  !! FIFO length 614400, buffer is 32768
  !! FIFO length 614400, buffer is 32768
  !! FIFO length 614400, buffer is 32768
  !! FIFO length 614400, buffer is 32768
  !! FIFO length 614400, buffer is 32768
  !! FIFO length 614400, buffer is 32768
  !! FIFO length 614400, buffer is 32768
  !! FIFO length 614400, buffer is 32768
  !! FIFO length 614400, buffer is 32768
  !! FIFO length 614400, buffer is 32768
  !! FIFO length 614400, buffer is 32768
  !! FIFO length 614400, buffer is 32768
  !! FIFO length 614400, buffer is 32768
  !! FIFO length 614400, buffer is 32768
  !! FIFO length 614400, buffer is 32768
  !! FIFO length 614400, buffer is 32768
  !! FIFO length 614400, buffer is 32768
  !! FIFO length 614400, buffer is 32768
  !! FIFO length 614400, buffer is 32768
  !! FIFO length 614400, buffer is 32768
  !! FIFO length 614400, buffer is 32768
  !! FIFO length 614400, buffer is 32768
  !! FIFO length 614400, buffer is 32768
  !! FIFO length 614400, buffer is 32768
  !! FIFO length 614400, buffer is 32768
  !! FIFO length 614400, buffer is 32768
  !! FIFO length 614400, buffer is 32768
  !! FIFO length 614400, buffer is 32768
  !! FIFO length 614400, buffer is 32768
  !! FIFO length 614400, buffer is 32768
  !! FIFO length 614400, buffer is 32768
  !! FIFO length 614400, buffer is 32768
  !! FIFO length 614400, buffer is 32768
  !! FIFO length 614400, buffer is 32768
  !! FIFO length 614400, buffer is 32768
  !! FIFO length 614400, buffer is 32768
  !! FIFO length 614400, buffer is 32768
  !! FIFO length 614400, buffer is 32768
  !! FIFO length 614400, buffer is 32768
  !! FIFO length 614400, buffer is 32768
  !! FIFO length 614400, buffer is 32768
  !! FIFO length 614400, buffer is 32768
  !! FIFO length 614400, buffer is 32768
  !! FIFO length 614400, buffer is 32768
  !! FIFO length 614400, buffer is 32768
  !! FIFO length 614400, buffer is 32768
  !! FIFO length 614400, buffer is 32768
  !! FIFO length 614400, buffer is 32768
  !! FIFO length 614400, buffer is 32768
  !! FIFO length 614400, buffer is 32768
  !! FIFO length 614400, buffer is 32768
  !! FIFO length 614400, buffer is 32768
  !! FIFO length 614400, buffer is 32768
  !! FIFO length 614400, buffer is 32768
  !! FIFO length 614400, buffer is 32768
  !! FIFO length 614400, buffer is 32768
  !! FIFO length 614400, buffer is 32768
  !! FIFO length 614400, buffer is 32768
  !! FIFO length 614400, buffer is 32768
  !! FIFO length 614400, buffer is 32768
  !! FIFO length 614400, buffer is 32768
  !! FIFO length 614400, buffer is 32768
  !! FIFO length 614400, buffer is 32768
  !! FIFO length 614400, buffer is 32768
  !! FIFO length 614400, buffer is 32768
  !! FIFO length 614400, buffer is 32768
  !! FIFO length 614400, buffer is 32768
  !! FIFO length 614400, buffer is 32768
  !! FIFO length 614400, buffer is 32768
  !! FIFO length 614400, buffer is 32768
  !! FIFO length 614400, buffer is 32768
  !! FIFO length 614400, buffer is 32768
  !! FIFO length 614400, buffer is 32768
  !! FIFO length 614400, buffer is 32768
  !! FIFO length 614400, buffer is 32768
  !! FIFO length 614400, buffer is 32768
  !! FIFO length 614400, buffer is 32768
  !! FIFO length 614400, buffer is 32768
  !! FIFO length 614400, buffer is 32768
  !! FIFO length 614400, buffer is 32768
  !! FIFO length 614400, buffer is 32768
  !! FIFO length 614400, buffer is 32768
  !! FIFO length 614400, buffer is 32768
  !! FIFO length 614400, buffer is 32768
  !! FIFO length 614400, buffer is 32768
  !! FIFO length 614400, buffer is 32768
  !! FIFO length 614400, buffer is 32768
  !! FIFO length 614400, buffer is 32768
  !! FIFO length 614400, buffer is 32768
  !! FIFO length 614400, buffer is 32768
  !! FIFO length 614400, buffer is 32768
  !! FIFO length 614400, buffer is 32768
  !! FIFO length 614400, buffer is 32768
  !! FIFO length 614400, buffer is 32768
  !! FIFO length 614400, buffer is 32768
  !! FIFO length 614400, buffer is 32768
  !! FIFO length 614400, buffer is 32768
  !! FIFO length 614400, buffer is 32768
  !! FIFO length 614400, buffer is 32768
  !! FIFO length 614400, buffer is 32768
  !! FIFO length 614400, buffer is 32768
  !! FIFO length 614400, buffer is 32768
  !! FIFO length 614400, buffer is 32768
  !! FIFO length 614400, buffer is 32768
  !! FIFO length 614400, buffer is 32768
  !! FIFO length 614400, buffer is 32768
  !! FIFO length 614400, buffer is 32768
  !! FIFO length 614400, buffer is 32768
  !! FIFO length 614400, buffer is 32768
  !! FIFO length 614400, buffer is 32768
  !! FIFO length 614400, buffer is 32768
  !! FIFO length 614400, buffer is 32768
  !! FIFO length 614400, buffer is 32768
  !! FIFO length 614400, buffer is 32768
  !! FIFO length 614400, buffer is 32768
  !! FIFO length 614400, buffer is 32768
  !! FIFO length 614400, buffer is 32768
  !! FIFO length 614400, buffer is 32768
  !! FIFO length 614400, buffer is 32768
  !! FIFO length 614400, buffer is 32768
  !! FIFO length 614400, buffer is 32768
  !! FIFO length 614400, buffer is 32768
  !! FIFO length 614400, buffer is 32768
  !! FIFO length 614400, buffer is 32768
  !! FIFO length 614400, buffer is 32768
  !! FIFO length 614400, buffer is 32768
  !! FIFO length 614400, buffer is 32768
  !! FIFO length 614400, buffer is 32768
  !! FIFO length 614400, buffer is 32768
  !! FIFO length 614400, buffer is 32768
  !! FIFO length 614400, buffer is 32768
  !! FIFO length 614400, buffer is 32768
  !! FIFO length 614400, buffer is 32768
  !! FIFO length 614400, buffer is 32768
  !! FIFO length 614400, buffer is 32768
  !! FIFO length 614400, buffer is 32768
  !! FIFO length 614400, buffer is 32768
  !! FIFO length 614400, buffer is 32768
  !! FIFO length 614400, buffer is 32768
  !! FIFO length 614400, buffer is 32768
  !! FIFO length 614400, buffer is 32768
  !! FIFO length 614400, buffer is 32768
  !! FIFO length 614400, buffer is 32768
  !! FIFO length 614400, buffer is 32768
  !! FIFO length 614400, buffer is 32768
  !! FIFO length 614400, buffer is 32768
  !! FIFO length 614400, buffer is 32768
  !! FIFO length 614400, buffer is 32768
  !! FIFO length 614400, buffer is 32768
  !! FIFO length 614400, buffer is 32768
  !! FIFO length 614400, buffer is 32768
  !! FIFO length 614400, buffer is 32768
  !! FIFO length 614400, buffer is 32768
  !! FIFO length 614400, buffer is 32768
  !! FIFO length 614400, buffer is 32768
  !! FIFO length 614400, buffer is 32768
  !! FIFO length 614400, buffer is 32768
  !! FIFO length 614400, buffer is 32768
  !! FIFO length 614400, buffer is 32768
  !! FIFO length 614400, buffer is 32768
  !! FIFO length 614400, buffer is 32768
  !! FIFO length 614400, buffer is 32768
  !! FIFO length 614400, buffer is 32768
  !! FIFO length 614400, buffer is 32768
  !! FIFO length 614400, buffer is 32768
  !! FIFO length 614400, buffer is 32768
  !! FIFO length 614400, buffer is 32768
  !! FIFO length 614400, buffer is 32768
  !! FIFO length 614400, buffer is 32768
  !! FIFO length 614400, buffer is 32768
  !! FIFO length 614400, buffer is 32768
  !! FIFO length 614400, buffer is 32768
  !! FIFO length 614400, buffer is 32768
  !! FIFO length 614400, buffer is 32768
  !! FIFO length 614400, buffer is 32768
  !! FIFO length 614400, buffer is 32768
  !! FIFO length 614400, buffer is 32768
  !! FIFO length 614400, buffer is 32768
  !! FIFO length 614400, buffer is 32768
  !! FIFO length 614400, buffer is 32768
  !! FIFO length 614400, buffer is 32768
  !! FIFO length 614400, buffer is 32768
  !! FIFO length 614400, buffer is 32768
  !! FIFO length 614400, buffer is 32768
  !! FIFO length 614400, buffer is 32768
  !! FIFO length 614400, buffer is 32768
  !! FIFO length 614400, buffer is 32768
  !! FIFO length 614400, buffer is 32768
  !! FIFO length 614400, buffer is 32768
  !! FIFO length 614400, buffer is 32768
  !! FIFO length 614400, buffer is 32768
  !! FIFO length 614400, buffer is 32768
  !! FIFO length 614400, buffer is 32768
  !! FIFO length 614400, buffer is 32768
  !! FIFO length 614400, buffer is 32768
  !! FIFO length 614400, buffer is 32768
  !! FIFO length 614400, buffer is 32768
  !! FIFO length 614400, buffer is 32768
  !! FIFO length 614400, buffer is 32768
  !! FIFO length 614400, buffer is 32768
  !! FIFO length 614400, buffer is 32768
  !! FIFO length 614400, buffer is 32768
  !! FIFO length 614400, buffer is 32768
  !! FIFO length 614400, buffer is 32768
  !! FIFO length 614400, buffer is 32768
  !! FIFO length 614400, buffer is 32768
  !! FIFO length 614400, buffer is 32768
  !! FIFO length 614400, buffer is 32768
  !! FIFO length 614400, buffer is 32768
  !! FIFO length 614400, buffer is 32768
  !! FIFO length 614400, buffer is 32768
  !! FIFO length 614400, buffer is 32768
  !! FIFO length 614400, buffer is 32768
  !! FIFO length 614400, buffer is 32768
  !! FIFO length 614400, buffer is 32768
  !! FIFO length 614400, buffer is 32768
  !! FIFO length 614400, buffer is 32768
  !! FIFO length 614400, buffer is 32768
  !! FIFO length 614400, buffer is 32768
  !! FIFO length 614400, buffer is 32768
  !! FIFO length 614400, buffer is 32768
  !! FIFO length 614400, buffer is 32768
  !! FIFO length 614400, buffer is 32768
  !! FIFO length 614400, buffer is 32768
  !! FIFO length 614400, buffer is 32768
  !! FIFO length 614400, buffer is 32768
  !! FIFO length 614400, buffer is 32768
  !! FIFO length 614400, buffer is 32768
  !! FIFO length 614400, buffer is 32768
  !! FIFO length 614400, buffer is 32768
  !! FIFO length 614400, buffer is 32768
  !! FIFO length 614400, buffer is 32768
  !! FIFO length 614400, buffer is 32768
  !! FIFO length 614400, buffer is 32768
  !! FIFO length 614400, buffer is 32768
  !! FIFO length 614400, buffer is 32768
  !! FIFO length 614400, buffer is 32768
  !! FIFO length 614400, buffer is 32768
  !! FIFO length 614400, buffer is 32768
  !! FIFO length 614400, buffer is 32768
  !! FIFO length 614400, buffer is 32768
  !! FIFO length 614400, buffer is 32768
  !! FIFO length 614400, buffer is 32768
  !! FIFO length 614400, buffer is 32768
  !! FIFO length 614400, buffer is 32768
  !! FIFO length 614400, buffer is 32768
  !! FIFO length 614400, buffer is 32768
  !! FIFO length 614400, buffer is 32768
  !! FIFO length 614400, buffer is 32768
  !! FIFO length 614400, buffer is 32768
  !! FIFO length 614400, buffer is 32768
  !! FIFO length 614400, buffer is 32768
  !! FIFO length 614400, buffer is 32768
  !! FIFO length 614400, buffer is 32768
  !! FIFO length 614400, buffer is 32768
  !! FIFO length 614400, buffer is 32768
  !! FIFO length 614400, buffer is 32768
  !! FIFO length 614400, buffer is 32768
  !! FIFO length 614400, buffer is 32768
  !! FIFO length 614400, buffer is 32768
  !! FIFO length 614400, buffer is 32768
  !! FIFO length 614400, buffer is 32768
  !! FIFO length 614400, buffer is 32768
  !! FIFO length 614400, buffer is 32768
  !! FIFO length 614400, buffer is 32768
  !! FIFO length 614400, buffer is 32768
  !! FIFO length 614400, buffer is 32768
  !! FIFO length 614400, buffer is 32768
  !! FIFO length 614400, buffer is 32768
  !! FIFO length 614400, buffer is 32768
  !! FIFO length 614400, buffer is 32768
  !! FIFO length 614400, buffer is 32768
  !! FIFO length 614400, buffer is 32768
  !! FIFO length 614400, buffer is 32768
  !! FIFO length 614400, buffer is 32768
  !! FIFO length 614400, buffer is 32768
  !! FIFO length 614400, buffer is 32768
  !! FIFO length 614400, buffer is 32768
  !! FIFO length 614400, buffer is 32768
  !! FIFO length 614400, buffer is 32768
  !! FIFO length 614400, buffer is 32768
  !! FIFO length 614400, buffer is 32768
  !! FIFO length 614400, buffer is 32768
  !! FIFO length 614400, buffer is 32768
  !! FIFO length 614400, buffer is 32768
  !! FIFO length 614400, buffer is 32768
  !! FIFO length 614400, buffer is 32768
  !! FIFO length 614400, buffer is 32768
  !! FIFO length 614400, buffer is 32768
  !! FIFO length 614400, buffer is 32768
  !! FIFO length 614400, buffer is 32768
  !! FIFO length 614400, buffer is 32768
  !! FIFO length 614400, buffer is 32768
  !! FIFO length 614400, buffer is 32768
  !! FIFO length 614400, buffer is 32768
  !! FIFO length 614400, buffer is 32768
  !! FIFO length 614400, buffer is 32768
  !! FIFO length 614400, buffer is 32768
  !! FIFO length 614400, buffer is 32768
  !! FIFO length 614400, buffer is 32768
  !! FIFO length 614400, buffer is 32768
  !! FIFO length 614400, buffer is 32768
  !! FIFO length 614400, buffer is 32768
  !! FIFO length 614400, buffer is 32768
  !! FIFO length 614400, buffer is 32768
  !! FIFO length 614400, buffer is 32768
  !! FIFO length 614400, buffer is 32768
  !! FIFO length 614400, buffer is 32768
  !! FIFO length 614400, buffer is 32768
  !! FIFO length 614400, buffer is 32768
  !! FIFO length 614400, buffer is 32768
  !! FIFO length 614400, buffer is 32768
  !! FIFO length 614400, buffer is 32768
  !! FIFO length 614400, buffer is 32768
  !! FIFO length 614400, buffer is 32768
  !! FIFO length 614400, buffer is 32768
  !! FIFO length 614400, buffer is 32768
  !! FIFO length 614400, buffer is 32768
  !! FIFO length 614400, buffer is 32768
  !! FIFO length 614400, buffer is 32768
  !! FIFO length 614400, buffer is 32768
  !! FIFO length 614400, buffer is 32768
  !! FIFO length 614400, buffer is 32768
  !! FIFO length 614400, buffer is 32768
  !! FIFO length 614400, buffer is 32768
  ladder after rung 3: CAPTURE FAILED - no frame came back, so there is nothing to
    read here either way.
     rung 4: the whole of cam_begin() again
  sensor id : 0x82  (legacy table)
  firmware  : 2023-03-03, fpga rev 32
  ladder after rung 4
    up    123 123 123 123 123 123
    down  123 123 123 123 123 123
    wobble 0, retrace 0 | H1 NO  H2 yes  -> NO HANDLE
  no rung passed. Top rung minus bottom rung, by rung:  0:1  1:0  2:0  3:0  4:0

RESULT : NO HANDLE, AND NO RUNG BROUGHT IT BACK - not the mask again, not
         0x07 bit 1, not bit 7, not bit 6, not the whole of cam_begin().
         Nothing below can be read as a statement about white balance,
         and the flat boot is worse than 20260907-i2crec left it: that
         directory always recovered. Power-cycle the hub and repeat.
