Warning: You are sending unauthenticated requests to the HF Hub. Please set a HF_TOKEN to enable higher rate limits and faster downloads.
WARNING:huggingface_hub.utils._http:Warning: You are sending unauthenticated requests to the HF Hub. Please set a HF_TOKEN to enable higher rate limits and faster downloads.
pair      : 'a glass with tea'  vs  'an empty glass'
stills    : 12 from bench/stills/20260822-synth-glass/pos, 12 from bench/stills/20260822-synth-glass/neg
rounds    : ['r?'] / ['r?']
teacher   : ViT-SO400M-14-SigLIP2:webli, 7 templates
basis     : emb_train2017_SO400M-pca512-a0.5.basis.npz
student   : so400m-full-a05, epoch 37
device    : mps

==============================================================================
MARGIN AUC BY STAGE, on the phrases as the board sends them
  teacher 1152   sep 0.778  |sep| 0.778  within 0.778  drift   n/a
                 gap 0.7378 =   1.0 sd   round swing not measured - one round   (sd 0.7035)
                 per round: r? 0.778
  pca 512        sep 0.722  |sep| 0.722  within 0.722  drift   n/a
                 gap 0.6158 =   0.8 sd   round swing not measured - one round   (sd 0.7350)
                 per round: r? 0.722
  student fp32   sep 0.583  |sep| 0.583  within 0.583  drift   n/a
                 gap 0.1037 =   0.1 sd   round swing not measured - one round   (sd 0.7078)
                 per round: r? 0.583

==============================================================================
WITHIN SCENE - the same picture in two states, so the scene cancels
  teacher 1152   scenes  12   right way round 12/12   mean +0.7378 =   1.3 sd   (sd 0.5657)
  pca 512        scenes  12   right way round 12/12   mean +0.6158 =   1.1 sd   (sd 0.5430)
  student fp32   scenes  12   right way round 5/12   mean +0.1037 =   0.3 sd   (sd 0.3416)

==============================================================================
AND WITH THE QUERY TAKEN OUT OF IT - a fitted axis, held out by round
  teacher 1152   held-out oracle AUC n/a - needs two or more rounds
  pca 512        held-out oracle AUC n/a - needs two or more rounds
  student fp32   held-out oracle AUC n/a - needs two or more rounds
  A stage that reads high here and low above holds the difference and is
  merely not being asked for it. A stage low in both has lost it.

  trivial cue: frame mean luma AUC 0.590  (100.3 vs 104.4)

  class axis, student fp32 against pca 512: cos +0.222   (1.0 = the same difference, 0.0 = an unrelated one)
