Warning: You are sending unauthenticated requests to the HF Hub. Please set a HF_TOKEN to enable higher rate limits and faster downloads.
WARNING:huggingface_hub.utils._http:Warning: You are sending unauthenticated requests to the HF Hub. Please set a HF_TOKEN to enable higher rate limits and faster downloads.
pair      : 'an opened book'  vs  'a closed book'
stills    : 14 from bench/stills/20260822-synth-book-crop2/pos, 14 from bench/stills/20260822-synth-book-crop2/neg
rounds    : ['r?'] / ['r?']
teacher   : ViT-SO400M-14-SigLIP2:webli, 7 templates
basis     : emb_train2017_SO400M-pca512-a0.5.basis.npz
student   : so400m-full-a05, epoch 37
device    : mps

==============================================================================
MARGIN AUC BY STAGE, on the phrases as the board sends them
  teacher 1152         sep 0.888  |sep| 0.888  within 0.888  drift   n/a
                       gap 0.7925 =   1.8 sd   round swing not measured - one round   (sd 0.4335)
                       per round: r? 0.888
  pca 512              sep 0.888  |sep| 0.888  within 0.888  drift   n/a
                       gap 0.9377 =   1.9 sd   round swing not measured - one round   (sd 0.4986)
                       per round: r? 0.888
  student fp32         sep 0.602  |sep| 0.602  within 0.602  drift   n/a
                       gap 0.1826 =   0.3 sd   round swing not measured - one round   (sd 0.6025)
                       per round: r? 0.602

==============================================================================
WITHIN SCENE - the same picture in two states, so the scene cancels
  teacher 1152         scenes  14   right way round 13/14   mean +0.7925 =   1.4 sd   (sd 0.5726)
  pca 512              scenes  14   right way round 13/14   mean +0.9377 =   1.4 sd   (sd 0.6670)
  student fp32         scenes  14   right way round 10/14   mean +0.1826 =   0.2 sd   (sd 0.7336)

==============================================================================
AND WITH THE QUERY TAKEN OUT OF IT - a fitted axis, held out by round
  teacher 1152         held-out oracle AUC n/a - needs two or more rounds
  pca 512              held-out oracle AUC n/a - needs two or more rounds
  student fp32         held-out oracle AUC n/a - needs two or more rounds
  A stage that reads high here and low above holds the difference and is
  merely not being asked for it. A stage low in both has lost it.

  trivial cue: frame mean luma AUC 0.658  (115.9 vs 100.9)

  class axis, student fp32 against pca 512: cos +0.005   (1.0 = the same difference, 0.0 = an unrelated one)

###### and again with only the pairs both judges passed

Warning: You are sending unauthenticated requests to the HF Hub. Please set a HF_TOKEN to enable higher rate limits and faster downloads.
WARNING:huggingface_hub.utils._http:Warning: You are sending unauthenticated requests to the HF Hub. Please set a HF_TOKEN to enable higher rate limits and faster downloads.
pair      : 'an opened book'  vs  'a closed book'
keep      : 10 stems from bench/stills/20260822-synth-book-crop2/keep.txt
stills    : 10 from bench/stills/20260822-synth-book-crop2/pos, 10 from bench/stills/20260822-synth-book-crop2/neg
rounds    : ['r?'] / ['r?']
teacher   : ViT-SO400M-14-SigLIP2:webli, 7 templates
basis     : emb_train2017_SO400M-pca512-a0.5.basis.npz
student   : so400m-full-a05, epoch 37
device    : mps

==============================================================================
MARGIN AUC BY STAGE, on the phrases as the board sends them
  teacher 1152         sep 0.940  |sep| 0.940  within 0.940  drift   n/a
                       gap 0.7458 =   2.1 sd   round swing not measured - one round   (sd 0.3630)
                       per round: r? 0.940
  pca 512              sep 0.910  |sep| 0.910  within 0.910  drift   n/a
                       gap 0.8422 =   2.0 sd   round swing not measured - one round   (sd 0.4120)
                       per round: r? 0.910
  student fp32         sep 0.700  |sep| 0.700  within 0.700  drift   n/a
                       gap 0.3167 =   0.7 sd   round swing not measured - one round   (sd 0.4542)
                       per round: r? 0.700

==============================================================================
WITHIN SCENE - the same picture in two states, so the scene cancels
  teacher 1152         scenes  10   right way round 9/10   mean +0.7458 =   1.3 sd   (sd 0.5799)
  pca 512              scenes  10   right way round 9/10   mean +0.8422 =   1.3 sd   (sd 0.6414)
  student fp32         scenes  10   right way round 7/10   mean +0.3167 =   0.7 sd   (sd 0.4235)

==============================================================================
AND WITH THE QUERY TAKEN OUT OF IT - a fitted axis, held out by round
  teacher 1152         held-out oracle AUC n/a - needs two or more rounds
  pca 512              held-out oracle AUC n/a - needs two or more rounds
  student fp32         held-out oracle AUC n/a - needs two or more rounds
  A stage that reads high here and low above holds the difference and is
  merely not being asked for it. A stage low in both has lost it.

  trivial cue: frame mean luma AUC 0.650  (113.6 vs 97.6)

  class axis, student fp32 against pca 512: cos +0.058   (1.0 = the same difference, 0.0 = an unrelated one)
