bitstream : rtl/bitstreams/m16/gemm_top_wide.hex (Efinity ASCII hex), 173124 bytes, crc32=0x0A2E9953
export    : model/runs/so400m-full-a05/export/weights.bin, run so400m-full-a05, 780720 bytes, crc32=0xF368CC6E
thresholds: model/cache/thresholds_so400m-full-a05.json, 67 queries at 10% FPR on camera geometry, median z 1.23
teacher   : ViT-SO400M-14-SigLIP2:webli, 7 templates, on mps
space     : projected by emb_train2017_SO400M-pca512-a0.5.basis.npz -> 512-d
Warning: You are sending unauthenticated requests to the HF Hub. Please set a HF_TOKEN to enable higher rate limits and faster downloads.
WARNING:huggingface_hub.utils._http:Warning: You are sending unauthenticated requests to the HF Hub. Please set a HF_TOKEN to enable higher rate limits and faster downloads.
embeddings: model/cache/eval_int8_so400m-full-a05_camera.npy, 5000 x 512 on camera geometry - free-text queries get measured calibration, not the median
query     : a book               plain    z> 1.23 (background -0.144 +-0.028, cos -0.110)   measured on 5000 eval images, z from the median row
            1 calibrated from the embedding cache (a book) - measured, but over all images rather than that query's negatives, and with no AUC behind the threshold
queries   : 1 x 512-d, 2104 bytes, background frozen after 30 frames, room spread, z smoothed
port      : /dev/cu.usbmodem21201

=== M9: fpga-open-vocab - describe it, the board spots it ===

clock     : 320 MHz requested; BOOTSEL is reachable for 1.5 s
clock     : 320 MHz system, core 1.25 V
reset     : chip_reset 00010000
            nothing new since the last banner - whatever reset the core left powman alone.
waiting for a bitstream on USB CDC (host/demo.py)
bitstream : 173124 bytes announced, crc32 0a2e9953
bitstream : received intact
configure : configured, CDONE high   CDONE=1 nSTATUS=0
crc       : DMA sniffer, calc=1 out_rev=1 out_inv=1
model     : 9 layers, 512-d embedding, 131072 B/buffer
weights   : 780720 B, crc32=0xF368CC6E  (126 ms to hash)

reference : encoder_fast on the flash test vector  (1584 ms)

link      : probing the wire by running the whole test vector over it
probe     : 3 forward data lines -> 512/512 floats exact, 268 ms
link      : configuration C, 3 forward data lines, 160.0 MHz

camera    : exposure ramp 5+100 5+200 5+400 5 7 7 7 7 6 7 7 7 7 7 7 7 7 7 7 7 7 7 7 7 7 7 7 7 7 7 7 7 7 7 7 7 7 7 7 7
camera    : live 128x128 RGB565, id 0x82, 16.0 MHz, expose 59 ms, read 16 ms, EXPOSURE NEVER SETTLED after 40 frames
            mean RGB 8 6 8  (tuned camera on a neutral scene: about 115 107 105)
            ^ that is the bottom of the sensor's range after 40 frames of auto-exposure.
              If the room is not actually dark, the sensor has not started: check the lens cap,
              then cold-power-cycle the board - USB out for ten seconds, not a reflash.

queries   : waiting for a query set on USB CDC (host/demo.py)flash     : crc32 0xF368CC6E matches model/runs/so400m-full-a05/export/export.json

queries   : 1 accepted, 512-d, crc ok
            scored as z = (cos - background) / std, where the background is this room's
            own mean over its first 30 frames and is then FROZEN - so a thing left in
            shot keeps its score instead of decaying into the furniture. 'N' re-learns
            it, 'H' switches to tracking. The COCO figures below are only the seed for
            frame 0 and the fixed std.
            std is THIS ROOM's, measured over the same 30 frames ('S' switches to COCO's).
            The thresholds below still mean the 90th percentile of a background; the
            background they now mean it against is this room empty, not 5000 COCO photos.
            z is EMA-smoothed at 0.35 (~5 frames) before ranking, so a state has to
            persist for about two seconds to be called.
            a book               match above z 1.23   (COCO background -0.144 +- 0.028, so cos -0.110)

loop      : capture, 8 convs on the T8, pool and head, then one cosine per query. 'B' for BOOTSEL, 'R' to restart,
            'P' to dump the next frame for host/cam.py, 'V' to dump its 512 floats for host/caption.py,
            'E' to provoke a fault so D1 shows its fault display, 'H' to freeze/unfreeze the background,
            'S' to switch the spread between this room's and COCO's, 'W' to hang on purpose and see
            the watchdog name the stage, 'C' to stall the camera bus on purpose and see it cost one frame,
            'U' to drop off USB on purpose and watch it come back, 'I' to drop off and refuse to,
            'N' to forget it and learn it again from now. 'P' and 'V' together describe the same frame.
            'O' closes the timing window, prints it and flips the capture between overlapped and serial;
            'D' does the same and flips the trigger between late and at-the-collect, which is #14's A/B.
            scores are z against this room's background, ranked; '*' means over its threshold.
            '1'..'6' enrol the next 20 frames as that class, and press again on a LATER visit
            to fold a second one in - 2 visits is what makes the enrolment guard mean
            something. Two classes in and the board decides by nearest reference instead of
            by threshold, and calls a frame absent when it is further than 2.0 sep from every
            one of them - see M21. The empty scene is not enrolled and '0' does nothing; see #18.
            The first 30 frames set the baseline and it is then frozen, so anything left in
            shot KEEPS its score. Point the camera at the empty scene for those frames.
            Send a new set at any time to re-query - that resets the baseline too.

frame     0 :  a book +0.19   led   4/176 h0.15 lvl+0.19   -
frame     1 :  a book +0.14   led   2/195 h0.12 lvl+0.14   -
frame     2 :  a book +0.12   led   2/202 h0.10 lvl+0.12   -
frame     3 :  a book +0.04   led   0/237 h0.03 lvl+0.04   -

stopped   : 4 frames, 4 good, capture overlapped with the compute, configuration C
            4 frames timed, 297 ms/frame mean (capture included)
            266 ms encode + 14 ms waiting for the sensor + 16 ms burst; 292 ms/frame by the clock
            405 ms shutter to LED, arming with 152 ms of compute left
            last frame mean RGB 8 5 8
            camera bus: worst gap 17 us against the 2000 us deadline (#12)
            usb: 0 outages, 0 ms off the bus, 0 re-attaches (#9)
            scene: THE ACQUIRE WAS NOT CONFIDENT IN THE FRAME THIS RUN STARTED FROM -
            the frame was at the bottom of the sensor's range. Every score above is
            against that picture; read the exposure ramp in the banner before
            keeping any of them (#26)

saved     : /tmp/m9.log  (3 frame lines, 1 query set)
            no match                         3 frames  (100%)
