
=== M9: fpga-open-vocab - describe it, the board spots it ===

clock     : 320 MHz requested; BOOTSEL is reachable for 1.5 s
clock     : 320 MHz system, core 1.25 V
reset     : chip_reset 00010000
            nothing new since the last banner - whatever reset the core left powman alone.
waiting for a bitstream on USB CDC (host/demo.py)
bitstream : 173124 bytes announced, crc32 0a2e9953
bitstream : received intact
configure : configured, CDONE high   CDONE=1 nSTATUS=0
crc       : DMA sniffer, calc=1 out_rev=1 out_inv=1
model     : 9 layers, 512-d embedding, 131072 B/buffer
weights   : 780720 B, crc32=0xF368CC6E  (126 ms to hash)

reference : encoder_fast on the flash test vector  (1583 ms)

link      : probing the wire by running the whole test vector over it
probe     : 3 forward data lines -> 512/512 floats exact, 272 ms
link      : configuration C, 3 forward data lines, 160.0 MHz

camera    : exposure ramp 33 34 35 36 37 38~ 40 46 52 58 65 71 78 83 88 97 106 113 120 129 133 134 133 133 133
camera    : live 128x128 RGB565, id 0x82, 16.0 MHz, expose 37 ms, read 16 ms, exposure settled after 25 frames
            regs fmt 02 res 00 bri 00 ev 00 wb 00 auto 00 state 26 id 82 fpga 20
            reset gate: polls 425, first state 21, busy yes   defaults polls: ae 0 ag 10 awb 10 wbmode 10
            #33: the auto loops were switched back on 1 time during the ramp
            mean RGB 135 133 134  (tuned camera on a neutral scene: about 115 107 105)

queries   : waiting for a query set on USB CDC (host/demo.py)
queries   : 2 accepted, 512-d, crc ok
            level axis carries 0.95 of one query's swing; most opposed pair +0.810
            scored as z = (cos - background) / std, where the background is this room's
            own mean over its first 30 frames and is then FROZEN - so a thing left in
            shot keeps its score instead of decaying into the furniture. 'N' re-learns
            it, 'H' switches to tracking. The COCO figures below are only the seed for
            frame 0 and the fixed std.
            std is THIS ROOM's, measured over the same 30 frames ('S' switches to COCO's).
            The thresholds below still mean the 90th percentile of a background; the
            background they now mean it against is this room empty, not 5000 COCO photos.
            a closed book        match above z 1.23   (COCO background -0.159 +- 0.035, so cos -0.116)
            an opened book       match above z 1.23   (COCO background -0.151 +- 0.030, so cos -0.114)

loop      : capture, 8 convs on the T8, pool and head, then one cosine per query. 'B' for BOOTSEL, 'R' to restart,
            'P' to dump the next frame for host/cam.py, 'V' to dump its 512 floats for host/caption.py,
            'E' to provoke a fault so D1 shows its fault display, 'H' to freeze/unfreeze the background,
            'S' to switch the spread between this room's and COCO's, 'W' to hang on purpose and see
            the watchdog name the stage, 'C' to stall the camera bus on purpose and see it cost one frame,
            'U' to drop off USB on purpose and watch it come back, 'I' to drop off and refuse to,
            'N' to forget it and learn it again from now. 'P' and 'V' together describe the same frame.
            'O' closes the timing window, prints it and flips the capture between overlapped and serial;
            'D' does the same and flips the trigger between late and at-the-collect, which is #14's A/B.
            'L' freezes exposure and gain, then on a second press the white balance too - which goes green,
            and is the control. A third restores all three. Issue #30, and the one hotkey whose answer depends on when you press it.
            scores are z against this room's background, ranked; '*' means over its threshold.
            '1'..'6' enrol the next 20 frames as that class, and press again on a LATER visit
            to fold a second one in - 2 visits is what makes the enrolment guard mean
            something. Two classes in and the board decides by nearest reference instead of
            by threshold - see M21.
            '0' ENROLS THE EMPTY SCENE the same way, and it is worth a visit: with one, a frame
            is absent when the empty reference is the nearest of the three and no radius is
            involved. Without one the board falls back to the band - absent beyond 2.0 sep
            from every class - which scores 54.6% over 28 benches against the third reference's
            79.1%, because with two queries that band is an interval the empty scene can sit
            inside. #18.
            The first 30 frames set the baseline and it is then frozen, so anything left in
            shot KEEPS its score. Point the camera at the empty scene for those frames.
            Send a new set at any time to re-query - that resets the baseline too.

frame     0 :  a closed book +1.68*  an opened book +1.28*   led 255/  0 h1.00 lvl+1.48   MATCH a closed book (cos -0.100)
frame     1 :  a closed book +0.10  an opened book +0.08   led   1/214 h0.08 lvl+0.09   -
frame     2 :  a closed book +0.03  an opened book +0.02   led   0/244 h0.02 lvl+0.02   -
frame     3 :  a closed book -0.25  an opened book -0.28   led   0/255 h0.00 lvl-0.26   -
frame     4 :  an opened book -0.17  a closed book -0.24   led   0/255 h0.00 lvl-0.21   -
frame     5 :  a closed book +0.07  an opened book +0.05   led   0/224 h0.06 lvl+0.06   -
frame     6 :  a closed book -0.11  an opened book -0.18   led   0/255 h0.00 lvl-0.14   -
frame     7 :  an opened book +0.00  a closed book -0.07   led   0/254 h0.00 lvl-0.03   -
background: after 8 frames (warming up, room spread), this room reads  a closed book -0.103 +-0.0045 (COCO -0.159 +-0.0351)  an opened book -0.114 +-0.0039 (COCO -0.151 +-0.0303)
frame     8 :  an opened book +2.04*  a closed book +1.89*   led 255/  0 h1.00 lvl+1.97   MATCH an opened book (cos -0.107)
frame     9 :  a closed book +2.43*  an opened book +1.48*   led 255/  0 h1.00 lvl+1.96   MATCH a closed book (cos -0.089)
frame    10 :  a closed book +0.49  an opened book -0.04   led  34/ 83 h0.40 lvl+0.22   -
frame    11 :  a closed book +0.70  an opened book -0.15   led  74/ 40 h0.57 lvl+0.27   -
frame    12 :  a closed book -0.06  an opened book -0.80   led   0/255 h0.00 lvl-0.43   -
frame    13 :  a closed book -1.90  an opened book -2.20   led   0/255 h0.00 lvl-2.05   -
frame    14 :  a closed book -0.12  an opened book -0.46   led   0/255 h0.00 lvl-0.29   -
frame    15 :  an opened book +0.23  a closed book -0.12   led   6/162 h0.19 lvl+0.05   -
frame    16 :  a closed book -0.65  an opened book -0.92   led   0/255 h0.00 lvl-0.78   -
frame    17 :  an opened book -1.61  a closed book -2.26   led   0/255 h0.00 lvl-1.93   -
frame    18 :  an opened book -0.28  a closed book -1.20   led   0/255 h0.00 lvl-0.74   -
frame    19 :  a closed book -0.79  an opened book -0.84   led   0/255 h0.00 lvl-0.82   -
frame    20 :  a closed book +1.72*  an opened book +1.71*   led 255/  0 h1.00 lvl+1.72   MATCH a closed book (cos -0.092)
frame    21 :  a closed book +0.22  an opened book +0.01   led   6/164 h0.18 lvl+0.11   -
frame    22 :  an opened book +1.06  a closed book +0.72   led 183/  3 h0.86 lvl+0.89   -
frame    23 :  a closed book +0.21  an opened book -0.08   led   5/168 h0.17 lvl+0.07   -
frame    24 :  an opened book +0.72  a closed book +0.46   led  79/ 36 h0.59 lvl+0.59   -
frame    25 :  an opened book +0.41  a closed book +0.13   led  22/106 h0.33 lvl+0.27   -
frame    26 :  an opened book +0.28  a closed book -0.36   led  10/146 h0.22 lvl-0.04   -
frame    27 :  an opened book +0.21  a closed book -0.03   led   5/169 h0.17 lvl+0.09   -
frame    28 :  a closed book -1.01  an opened book -1.51   led   0/255 h0.00 lvl-1.26   -
frame    29 :  a closed book -0.45  an opened book -0.64   led   0/255 h0.00 lvl-0.54   -
frame    30 :  a closed book +0.54  an opened book -0.30   led  41/ 72 h0.44 lvl+0.12   -
frame    31 :  an opened book +1.12  a closed book +0.77   led 208/  1 h0.91 lvl+0.95   -
frame    32 :  a closed book +0.92  an opened book +0.65   led 135/ 12 h0.75 lvl+0.79   -
frame    33 :  a closed book -0.27  an opened book -0.71   led   0/255 h0.00 lvl-0.49   -
frame    34 :  a closed book +0.50  an opened book -0.19   led  36/ 80 h0.41 lvl+0.16   -
frame    35 :  an opened book +0.88  a closed book +0.82   led 121/ 16 h0.71 lvl+0.85   -
frame    36 :  a closed book +1.38*  an opened book +1.21   led 255/  0 h1.00 lvl+1.29   MATCH a closed book (cos -0.094)
frame    37 :  a closed book +1.86*  an opened book +1.54*   led 255/  0 h1.00 lvl+1.70   MATCH a closed book (cos -0.092)
frame    38 :  an opened book -0.24  a closed book -0.80   led   0/255 h0.00 lvl-0.52   -
frame    39 :  a closed book -0.90  an opened book -1.13   led   0/255 h0.00 lvl-1.01   -
frame    40 :  a closed book +0.25  an opened book +0.05   led   8/155 h0.20 lvl+0.15   -
frame    41 :  a closed book -0.36  an opened book -0.73   led   0/255 h0.00 lvl-0.54   -
frame    42 :  a closed book +0.73  an opened book +0.16   led  80/ 36 h0.59 lvl+0.45   -
frame    43 :  a closed book -0.60  an opened book -0.63   led   0/255 h0.00 lvl-0.61   -
frame    44 :  an opened book -0.12  a closed book -0.25   led   0/255 h0.00 lvl-0.18   -
frame    45 :  an opened book +0.97  a closed book +0.89   led 152/  8 h0.79 lvl+0.93   -
frame    46 :  an opened book -0.73  a closed book -1.36   led   0/255 h0.00 lvl-1.05   -
frame    47 :  an opened book +0.27  a closed book -0.26   led   9/147 h0.22 lvl+0.01   -
frame    48 :  an opened book +0.19  a closed book -0.06   led   4/178 h0.15 lvl+0.06   -
frame    49 :  a closed book +0.51  an opened book +0.20   led  36/ 79 h0.41 lvl+0.36   -
frame    50 :  a closed book -0.27  an opened book -0.46   led   0/255 h0.00 lvl-0.36   -
frame    51 :  a closed book +0.44  an opened book -0.41   led  26/ 97 h0.36 lvl+0.02   -
frame    52 :  a closed book +0.48  an opened book +0.15   led  32/ 86 h0.39 lvl+0.32   -
frame    53 :  a closed book -0.96  an opened book -1.74   led   0/255 h0.00 lvl-1.35   -
frame    54 :  a closed book +0.09  an opened book -0.17   led   1/216 h0.07 lvl-0.04   -
frame    55 :  an opened book -1.06  a closed book -1.28   led   0/255 h0.00 lvl-1.17   -
frame    56 :  a closed book -0.57  an opened book -0.70   led   0/255 h0.00 lvl-0.63   -
frame    57 :  a closed book -1.31  an opened book -1.64   led   0/255 h0.00 lvl-1.47   -
frame    58 :  a closed book -0.26  an opened book -1.27   led   0/255 h0.00 lvl-0.77   -
frame    59 :  a closed book -0.16  an opened book -0.45   led   0/255 h0.00 lvl-0.30   -
frame    60 :  a closed book -0.53  an opened book -0.78   led   0/255 h0.00 lvl-0.66   -
frame    61 :  an opened book -0.41  a closed book -1.01   led   0/255 h0.00 lvl-0.71   -
frame    62 :  a closed book -0.26  an opened book -0.54   led   0/255 h0.00 lvl-0.40   -
frame    63 :  an opened book +0.63  a closed book +0.52   led  58/ 53 h0.51 lvl+0.57   -
frame    64 :  a closed book -2.03  an opened book -2.40   led   0/255 h0.00 lvl-2.22   -
frame    65 :  a closed book -0.93  an opened book -1.05   led   0/255 h0.00 lvl-0.99   -
frame    66 :  a closed book -0.97  an opened book -1.24   led   0/255 h0.00 lvl-1.11   -
frame    67 :  a closed book +0.13  an opened book -0.12   led   2/199 h0.11 lvl+0.01   -
frame    68 :  a closed book -0.49  an opened book -0.96   led   0/255 h0.00 lvl-0.73   -
frame    69 :  an opened book -0.38  a closed book -0.62   led   0/255 h0.00 lvl-0.50   -
frame    70 :  a closed book +1.17  an opened book +1.07   led 228/  0 h0.95 lvl+1.12   -
frame    71 :  an opened book +0.33  a closed book +0.09   led  14/129 h0.27 lvl+0.21   -
frame    72 :  an opened book +0.77  a closed book -0.11   led  91/ 29 h0.63 lvl+0.33   -
frame    73 :  an opened book +0.06  a closed book -0.10   led   0/228 h0.05 lvl-0.02   -
frame    74 :  an opened book +1.29*  a closed book +0.92   led 255/  0 h1.00 lvl+1.10   MATCH an opened book (cos -0.109)
frame    75 :  an opened book +1.02  a closed book +0.47   led 169/  5 h0.83 lvl+0.74   -
frame    76 :  an opened book +0.81  a closed book +0.10   led 102/ 24 h0.66 lvl+0.46   -
frame    77 :  an opened book +0.71  a closed book -0.18   led  75/ 39 h0.57 lvl+0.26   -
frame    78 :  an opened book +1.43*  a closed book +1.31*   led 255/  0 h1.00 lvl+1.37   MATCH an opened book (cos -0.108)
frame    79 :  an opened book -0.66  a closed book -0.72   led   0/255 h0.00 lvl-0.69   -
frame    80 :  an opened book -1.25  a closed book -1.76   led   0/255 h0.00 lvl-1.50   -
frame    81 :  an opened book -0.34  a closed book -0.69   led   0/255 h0.00 lvl-0.52   -
frame    82 :  an opened book -1.00  a closed book -1.11   led   0/255 h0.00 lvl-1.06   -
frame    83 :  an opened book +0.43  a closed book +0.05   led  25/100 h0.35 lvl+0.24   -
frame    84 :  an opened book -0.28  a closed book -0.53   led   0/255 h0.00 lvl-0.41   -
frame    85 :  a closed book +0.50  an opened book +0.23   led  35/ 81 h0.41 lvl+0.37   -
frame    86 :  an opened book -0.93  a closed book -1.39   led   0/255 h0.00 lvl-1.16   -
frame    87 :  an opened book +0.14  a closed book -0.07   led   2/197 h0.11 lvl+0.03   -
frame    88 :  an opened book -0.47  a closed book -0.59   led   0/255 h0.00 lvl-0.53   -
frame    89 :  a closed book -0.42  an opened book -0.48   led   0/255 h0.00 lvl-0.45   -
frame    90 :  an opened book +0.31  a closed book -0.62   led  12/135 h0.25 lvl-0.16   -
frame    91 :  an opened book -0.26  a closed book -0.48   led   0/255 h0.00 lvl-0.37   -
frame    92 :  an opened book +0.58  a closed book +0.33   led  49/ 62 h0.47 lvl+0.46   -
frame    93 :  an opened book -0.80  a closed book -1.05   led   0/255 h0.00 lvl-0.92   -
frame    94 :  an opened book +0.88  a closed book +0.79   led 122/ 16 h0.71 lvl+0.83   -
frame    95 :  an opened book -0.25  a closed book -0.96   led   0/255 h0.00 lvl-0.60   -
frame    96 :  an opened book -0.73  a closed book -0.75   led   0/255 h0.00 lvl-0.74   -
frame    97 :  an opened book +0.26  a closed book -0.64   led   8/151 h0.21 lvl-0.19   -
frame    98 :  an opened book -0.92  a closed book -1.77   led   0/255 h0.00 lvl-1.34   -
frame    99 :  an opened book +0.50  a closed book -0.70   led  35/ 82 h0.40 lvl-0.10   -
background: after 30 frames (frozen, room spread), this room reads  a closed book -0.102 +-0.0055 (COCO -0.159 +-0.0351)  an opened book -0.114 +-0.0042 (COCO -0.151 +-0.0303)
frame   100 :  an opened book +0.38  a closed book -0.05   led  19/114 h0.31 lvl+0.16   -
frame   101 :  a closed book -0.29  an opened book -0.32   led   0/255 h0.00 lvl-0.31   -
frame   102 :  a closed book -0.02  an opened book -0.02   led   0/255 h0.00 lvl-0.02   -
frame   103 :  an opened book -1.30  a closed book -1.89   led   0/255 h0.00 lvl-1.59   -
frame   104 :  an opened book -0.32  a closed book -0.92   led   0/255 h0.00 lvl-0.62   -
frame   105 :  an opened book +0.94  a closed book -0.02   led 141/ 11 h0.76 lvl+0.46   -
frame   106 :  an opened book -0.18  a closed book -0.75   led   0/255 h0.00 lvl-0.46   -
frame   107 :  a closed book +0.10  an opened book -0.46   led   1/211 h0.08 lvl-0.18   -
frame   108 :  an opened book +0.54  a closed book +0.44   led  42/ 72 h0.44 lvl+0.49   -
frame   109 :  an opened book -0.91  a closed book -1.43   led   0/255 h0.00 lvl-1.17   -
frame   110 :  an opened book -1.08  a closed book -1.55   led   0/255 h0.00 lvl-1.31   -
frame   111 :  an opened book +0.06  a closed book -0.55   led   0/227 h0.05 lvl-0.24   -
frame   112 :  an opened book +0.62  a closed book +0.05   led  57/ 54 h0.50 lvl+0.34   -
frame   113 :  an opened book -0.71  a closed book -1.23   led   0/255 h0.00 lvl-0.97   -
frame   114 :  an opened book -0.30  a closed book -0.66   led   0/255 h0.00 lvl-0.48   -
frame   115 :  an opened book +0.38  a closed book -0.58   led  19/113 h0.31 lvl-0.10   -
frame   116 :  a closed book -0.45  an opened book -0.50   led   0/255 h0.00 lvl-0.47   -
frame   117 :  an opened book +0.17  a closed book +0.06   led   3/183 h0.14 lvl+0.12   -
frame   118 :  an opened book -0.04  a closed book -0.77   led   0/255 h0.00 lvl-0.41   -
frame   119 :  an opened book +0.12  a closed book -0.44   led   1/205 h0.09 lvl-0.16   -
frame   120 :  an opened book +1.28*  a closed book +0.95   led 255/  0 h1.00 lvl+1.11   MATCH an opened book (cos -0.109)
frame   121 :  an opened book -0.29  a closed book -0.81   led   0/255 h0.00 lvl-0.55   -
frame   122 :  an opened book +0.70  a closed book +0.05   led  74/ 40 h0.57 lvl+0.37   -
frame   123 :  an opened book -0.70  a closed book -1.12   led   0/255 h0.00 lvl-0.91   -
frame   124 :  an opened book -0.66  a closed book -1.41   led   0/255 h0.00 lvl-1.03   -
frame   125 :  an opened book +1.10  a closed book +0.25   led 198/  2 h0.89 lvl+0.67   -
frame   126 :  an opened book -1.73  a closed book -2.10   led   0/255 h0.00 lvl-1.91   -
frame   127 :  an opened book -1.99  a closed book -2.19   led   0/255 h0.00 lvl-2.09   -
frame   128 :  an opened book -0.92  a closed book -1.35   led   0/255 h0.00 lvl-1.13   -
frame   129 :  an opened book -0.75  a closed book -0.77   led   0/255 h0.00 lvl-0.76   -
frame   130 :  an opened book -0.36  a closed book -0.75   led   0/255 h0.00 lvl-0.56   -
frame   131 :  an opened book -0.30  a closed book -0.85   led   0/255 h0.00 lvl-0.58   -
frame   132 :  a closed book -1.98  an opened book -2.02   led   0/255 h0.00 lvl-2.00   -
frame   133 :  an opened book -0.60  a closed book -1.20   led   0/255 h0.00 lvl-0.90   -
frame   134 :  an opened book -0.82  a closed book -1.50   led   0/255 h0.00 lvl-1.16   -
frame   135 :  an opened book -1.98  a closed book -2.15   led   0/255 h0.00 lvl-2.07   -
frame   136 :  an opened book -0.42  a closed book -0.76   led   0/255 h0.00 lvl-0.59   -
frame   137 :  an opened book -0.86  a closed book -1.17   led   0/255 h0.00 lvl-1.02   -
frame   138 :  an opened book -0.27  a closed book -1.11   led   0/255 h0.00 lvl-0.69   -
frame   139 :  an opened book +1.32*  a closed book +0.64   led 255/  0 h1.00 lvl+0.98   MATCH an opened book (cos -0.109)
frame   140 :  an opened book -0.99  a closed book -1.22   led   0/255 h0.00 lvl-1.10   -
frame   141 :  an opened book +0.24  a closed book -0.53   led   7/160 h0.19 lvl-0.15   -
frame   142 :  an opened book -1.17  a closed book -1.59   led   0/255 h0.00 lvl-1.38   -
frame   143 :  an opened book +0.63  a closed book +0.14   led  58/ 53 h0.51 lvl+0.39   -
frame   144 :  an opened book -0.17  a closed book -1.21   led   0/255 h0.00 lvl-0.69   -
frame   145 :  an opened book -1.24  a closed book -1.33   led   0/255 h0.00 lvl-1.29   -
frame   146 :  an opened book -0.13  a closed book -0.93   led   0/255 h0.00 lvl-0.53   -
frame   147 :  an opened book -0.37  a closed book -0.77   led   0/255 h0.00 lvl-0.57   -
frame   148 :  an opened book +0.16  a closed book -0.83   led   3/189 h0.13 lvl-0.34   -
frame   149 :  an opened book +0.14  a closed book -0.81   led   2/196 h0.11 lvl-0.33   -
frame   150 :  an opened book -1.14  a closed book -1.44   led   0/255 h0.00 lvl-1.29   -
frame   151 :  an opened book -1.79  a closed book -2.03   led   0/255 h0.00 lvl-1.91   -
frame   152 :  an opened book +1.09  a closed book +0.64   led 197/  2 h0.89 lvl+0.87   -
frame   153 :  an opened book -0.63  a closed book -1.23   led   0/255 h0.00 lvl-0.93   -
frame   154 :  an opened book +0.15  a closed book -0.60   led   2/192 h0.12 lvl-0.22   -
frame   155 :  an opened book +0.37  a closed book +0.12   led  18/117 h0.30 lvl+0.24   -
frame   156 :  an opened book +1.49*  a closed book +0.71   led 255/  0 h1.00 lvl+1.10   MATCH an opened book (cos -0.108)
frame   157 :  a closed book -0.40  an opened book -0.55   led   0/255 h0.00 lvl-0.48   -
frame   158 :  an opened book -1.47  a closed book -1.58   led   0/255 h0.00 lvl-1.52   -
frame   159 :  an opened book -1.16  a closed book -1.62   led   0/255 h0.00 lvl-1.39   -
frame   160 :  a closed book -0.52  an opened book -0.68   led   0/255 h0.00 lvl-0.60   -
frame   161 :  a closed book +0.33  an opened book -0.03   led  14/127 h0.27 lvl+0.15   -
frame   162 :  an opened book -0.02  a closed book -0.13   led   0/255 h0.00 lvl-0.08   -
frame   163 :  an opened book -0.78  a closed book -0.81   led   0/255 h0.00 lvl-0.80   -
frame   164 :  a closed book +0.54  an opened book +0.32   led  42/ 71 h0.44 lvl+0.43   -
frame   165 :  an opened book -0.92  a closed book -1.28   led   0/255 h0.00 lvl-1.10   -
frame   166 :  an opened book +1.40*  a closed book +0.49   led 255/  0 h1.00 lvl+0.95   MATCH an opened book (cos -0.108)
frame   167 :  an opened book +0.19  a closed book -0.52   led   4/175 h0.16 lvl-0.16   -
frame   168 :  an opened book +0.43  a closed book +0.06   led  25/ 99 h0.35 lvl+0.24   -
frame   169 :  an opened book -0.69  a closed book -0.91   led   0/255 h0.00 lvl-0.80   -
frame   170 :  a closed book +0.56  an opened book +0.55   led  45/ 67 h0.45 lvl+0.55   -
frame   171 :  a closed book -0.91  an opened book -1.16   led   0/255 h0.00 lvl-1.03   -
frame   172 :  an opened book -0.59  a closed book -0.76   led   0/255 h0.00 lvl-0.68   -
frame   173 :  a closed book -0.49  an opened book -0.65   led   0/255 h0.00 lvl-0.57   -
frame   174 :  a closed book +1.55*  an opened book +1.35*   led 255/  0 h1.00 lvl+1.45   MATCH a closed book (cos -0.093)
frame   175 :  an opened book -0.60  a closed book -0.77   led   0/255 h0.00 lvl-0.69   -
frame   176 :  a closed book -0.72  an opened book -1.02   led   0/255 h0.00 lvl-0.87   -
frame   177 :  a closed book -0.67  an opened book -0.94   led   0/255 h0.00 lvl-0.81   -
frame   178 :  a closed book -0.17  an opened book -0.28   led   0/255 h0.00 lvl-0.22   -
frame   179 :  an opened book +1.40*  a closed book +1.16   led 255/  0 h1.00 lvl+1.28   MATCH an opened book (cos -0.108)
frame   180 :  an opened book +0.04  a closed book -0.42   led   0/239 h0.03 lvl-0.19   -
frame   181 :  a closed book -0.59  an opened book -0.62   led   0/255 h0.00 lvl-0.60   -
frame   182 :  a closed book -0.21  an opened book -0.29   led   0/255 h0.00 lvl-0.25   -
frame   183 :  a closed book +0.47  an opened book -0.16   led  30/ 89 h0.38 lvl+0.15   -
frame   184 :  an opened book -0.95  a closed book -1.20   led   0/255 h0.00 lvl-1.07   -
frame   185 :  an opened book -1.54  a closed book -1.70   led   0/255 h0.00 lvl-1.62   -
frame   186 :  an opened book -0.10  a closed book -0.32   led   0/255 h0.00 lvl-0.21   -
frame   187 :  an opened book -0.88  a closed book -1.21   led   0/255 h0.00 lvl-1.05   -
frame   188 :  a closed book -0.54  an opened book -0.67   led   0/255 h0.00 lvl-0.60   -
frame   189 :  an opened book +0.58  a closed book +0.55   led  50/ 62 h0.48 lvl+0.57   -
frame   190 :  an opened book +0.25  a closed book -0.28   led   8/155 h0.20 lvl-0.02   -
frame   191 :  an opened book +0.83  a closed book +0.67   led 108/ 21 h0.68 lvl+0.75   -
frame   192 :  an opened book +0.22  a closed book +0.15   led   6/164 h0.18 lvl+0.19   -
frame   193 :  a closed book -0.09  an opened book -0.18   led   0/255 h0.00 lvl-0.13   -
frame   194 :  a closed book +0.49  an opened book +0.44   led  33/ 84 h0.40 lvl+0.46   -
frame   195 :  a closed book -0.75  an opened book -1.40   led   0/255 h0.00 lvl-1.08   -
frame   196 :  a closed book -0.62  an opened book -0.69   led   0/255 h0.00 lvl-0.66   -
frame   197 :  an opened book -1.74  a closed book -1.79   led   0/255 h0.00 lvl-1.76   -
frame   198 :  an opened book +1.39*  a closed book +0.81   led 255/  0 h1.00 lvl+1.10   MATCH an opened book (cos -0.109)
frame   199 :  an opened book -0.44  a closed book -0.63   led   0/255 h0.00 lvl-0.53   -
background: after 30 frames (frozen, room spread), this room reads  a closed book -0.102 +-0.0055 (COCO -0.159 +-0.0351)  an opened book -0.114 +-0.0042 (COCO -0.151 +-0.0303)
frame   200 :  an opened book +0.71  a closed book +0.52   led  77/ 38 h0.58 lvl+0.62   -
frame   201 :  a closed book +1.75*  an opened book +1.38*   led 255/  0 h1.00 lvl+1.56   MATCH a closed book (cos -0.092)
frame   202 :  a closed book +1.95*  an opened book +1.89*   led 255/  0 h1.00 lvl+1.92   MATCH a closed book (cos -0.091)
frame   203 :  an opened book +1.30*  a closed book +0.41   led 255/  0 h1.00 lvl+0.85   MATCH an opened book (cos -0.109)
frame   204 :  an opened book +0.98  a closed book +0.89   led 155/  8 h0.80 lvl+0.94   -
frame   205 :  a closed book -0.88  an opened book -1.07   led   0/255 h0.00 lvl-0.97   -
frame   206 :  an opened book +1.79*  a closed book +1.58*   led 255/  0 h1.00 lvl+1.68   MATCH an opened book (cos -0.107)
frame   207 :  an opened book -0.44  a closed book -0.62   led   0/255 h0.00 lvl-0.53   -
frame   208 :  a closed book +1.06  an opened book +0.79   led 184/  3 h0.86 lvl+0.93   -
frame   209 :  an opened book -0.12  a closed book -0.47   led   0/255 h0.00 lvl-0.29   -
frame   210 :  an opened book +2.11*  a closed book +1.75*   led 255/  0 h1.00 lvl+1.93   MATCH an opened book (cos -0.105)
frame   211 :  an opened book +1.66*  a closed book +1.20   led 255/  0 h1.00 lvl+1.43   MATCH an opened book (cos -0.107)
frame   212 :  an opened book +0.12  a closed book -0.33   led   1/205 h0.09 lvl-0.11   -
frame   213 :  an opened book +0.63  a closed book +0.31   led  59/ 52 h0.52 lvl+0.47   -
frame   214 :  an opened book +0.58  a closed book +0.25   led  49/ 62 h0.47 lvl+0.42   -
frame   215 :  a closed book +0.47  an opened book +0.44   led  30/ 89 h0.38 lvl+0.45   -
frame   216 :  a closed book +0.44  an opened book -0.06   led  26/ 97 h0.36 lvl+0.19   -
frame   217 :  an opened book -0.67  a closed book -0.84   led   0/255 h0.00 lvl-0.76   -
frame   218 :  a closed book +0.93  an opened book +0.89   led 139/ 11 h0.76 lvl+0.91   -
frame   219 :  an opened book +1.30*  a closed book +0.87   led 255/  0 h1.00 lvl+1.09   MATCH an opened book (cos -0.109)
frame   220 :  a closed book +1.54*  an opened book +1.23   led 255/  0 h1.00 lvl+1.38   MATCH a closed book (cos -0.093)
frame   221 :  an opened book +0.14  a closed book +0.10   led   2/197 h0.11 lvl+0.12   -
frame   222 :  an opened book +1.89*  a closed book +1.57*   led 255/  0 h1.00 lvl+1.73   MATCH an opened book (cos -0.106)
frame   223 :  a closed book +0.14  an opened book -0.32   led   2/197 h0.11 lvl-0.09   -
frame   224 :  an opened book +1.25*  a closed book +0.97   led 255/  0 h1.00 lvl+1.11   MATCH an opened book (cos -0.109)
frame   225 :  an opened book +1.22  a closed book +0.54   led 250/  0 h0.99 lvl+0.88   -
frame   226 :  an opened book +1.36*  a closed book +0.77   led 255/  0 h1.00 lvl+1.06   MATCH an opened book (cos -0.109)
frame   227 :  an opened book +1.37*  a closed book +0.38   led 255/  0 h1.00 lvl+0.87   MATCH an opened book (cos -0.109)
frame   228 :  a closed book -0.08  an opened book -0.27   led   0/255 h0.00 lvl-0.17   -
frame   229 :  an opened book -0.06  a closed book -0.33   led   0/255 h0.00 lvl-0.19   -
frame   230 :  an opened book +0.92  a closed book +0.78   led 135/ 12 h0.75 lvl+0.85   -
frame   231 :  a closed book +0.92  an opened book +0.81   led 133/ 13 h0.74 lvl+0.86   -
frame   232 :  an opened book +0.44  a closed book +0.34   led  27/ 95 h0.36 lvl+0.39   -
frame   233 :  an opened book +1.69*  a closed book +1.31*   led 255/  0 h1.00 lvl+1.50   MATCH an opened book (cos -0.107)
frame   234 :  an opened book +1.67*  a closed book +1.33*   led 255/  0 h1.00 lvl+1.50   MATCH an opened book (cos -0.107)
frame   235 :  an opened book +1.37*  a closed book +0.60   led 255/  0 h1.00 lvl+0.99   MATCH an opened book (cos -0.109)
frame   236 :  a closed book -0.18  an opened book -0.36   led   0/255 h0.00 lvl-0.27   -
frame   237 :  an opened book +0.61  a closed book +0.46   led  55/ 56 h0.50 lvl+0.53   -
frame   238 :  an opened book +1.13  a closed book +0.34   led 213/  1 h0.92 lvl+0.74   -
frame   239 :  an opened book -0.16  a closed book -0.35   led   0/255 h0.00 lvl-0.25   -
frame   240 :  an opened book +0.18  a closed book -0.53   led   4/180 h0.15 lvl-0.18   -
frame   241 :  a closed book +0.98  an opened book +0.89   led 156/  7 h0.80 lvl+0.94   -
frame   242 :  an opened book +0.76  a closed book +0.44   led  88/ 31 h0.62 lvl+0.60   -
frame   243 :  an opened book -0.29  a closed book -0.88   led   0/255 h0.00 lvl-0.58   -
frame   244 :  an opened book -0.64  a closed book -1.27   led   0/255 h0.00 lvl-0.96   -
frame   245 :  an opened book +1.31*  a closed book +0.71   led 255/  0 h1.00 lvl+1.01   MATCH an opened book (cos -0.109)
frame   246 :  an opened book -0.02  a closed book -0.34   led   0/255 h0.00 lvl-0.18   -
frame   247 :  an opened book +1.17  a closed book +0.94   led 231/  0 h0.96 lvl+1.06   -
frame   248 :  an opened book +0.23  a closed book -0.43   led   6/162 h0.19 lvl-0.10   -
frame   249 :  an opened book -0.46  a closed book -1.28   led   0/255 h0.00 lvl-0.87   -
frame   250 :  an opened book +2.08*  a closed book +1.26*   led 255/  0 h1.00 lvl+1.67   MATCH an opened book (cos -0.106)
frame   251 :  an opened book +1.04  a closed book +0.16   led 176/  4 h0.85 lvl+0.60   -
frame   252 :  an opened book +2.48*  a closed book +1.62*   led 255/  0 h1.00 lvl+2.05   MATCH an opened book (cos -0.104)
frame   253 :  an opened book +0.89  a closed book -0.15   led 126/ 15 h0.73 lvl+0.37   -
frame   254 :  an opened book +0.01  a closed book -0.65   led   0/251 h0.01 lvl-0.32   -
frame   255 :  an opened book +1.54*  a closed book +0.88   led 255/  0 h1.00 lvl+1.21   MATCH an opened book (cos -0.108)
frame   256 :  an opened book +0.88  a closed book +0.46   led 122/ 16 h0.72 lvl+0.67   -
frame   257 :  an opened book +1.81*  a closed book +1.19   led 255/  0 h1.00 lvl+1.50   MATCH an opened book (cos -0.107)
frame   258 :  an opened book +0.85  a closed book +0.57   led 113/ 19 h0.69 lvl+0.71   -
frame   259 :  an opened book +1.27*  a closed book +0.43   led 255/  0 h1.00 lvl+0.85   MATCH an opened book (cos -0.109)
frame   260 :  a closed book +0.93  an opened book +0.77   led 138/ 11 h0.76 lvl+0.85   -
frame   261 :  an opened book +1.64*  a closed book +0.98   led 255/  0 h1.00 lvl+1.31   MATCH an opened book (cos -0.107)
frame   262 :  an opened book +1.63*  a closed book +1.20   led 255/  0 h1.00 lvl+1.41   MATCH an opened book (cos -0.108)
frame   263 :  an opened book +0.97  a closed book +0.67   led 152/  8 h0.79 lvl+0.82   -
frame   264 :  an opened book +1.06  a closed book +0.56   led 183/  3 h0.86 lvl+0.81   -
frame   265 :  an opened book +1.16  a closed book +0.47   led 226/  0 h0.95 lvl+0.81   -
frame   266 :  an opened book +1.06  a closed book +0.75   led 183/  3 h0.86 lvl+0.90   -
frame   267 :  an opened book +1.30*  a closed book +0.52   led 255/  0 h1.00 lvl+0.91   MATCH an opened book (cos -0.109)
frame   268 :  an opened book +1.56*  a closed book +0.54   led 255/  0 h1.00 lvl+1.05   MATCH an opened book (cos -0.108)
frame   269 :  an opened book +1.07  a closed book +0.56   led 186/  3 h0.87 lvl+0.81   -
frame   270 :  a closed book +0.09  an opened book -0.18   led   1/216 h0.07 lvl-0.05   -
frame   271 :  an opened book +0.69  a closed book +0.30   led  71/ 42 h0.56 lvl+0.49   -
frame   272 :  an opened book +1.46*  a closed book +0.96   led 255/  0 h1.00 lvl+1.21   MATCH an opened book (cos -0.108)
frame   273 :  a closed book +1.37*  an opened book +1.03   led 255/  0 h1.00 lvl+1.20   MATCH a closed book (cos -0.094)
frame   274 :  an opened book +0.83  a closed book +0.52   led 108/ 21 h0.68 lvl+0.68   -
frame   275 :  an opened book +1.63*  a closed book +1.21   led 255/  0 h1.00 lvl+1.42   MATCH an opened book (cos -0.108)
frame   276 :  a closed book +0.72  an opened book +0.56   led  79/ 36 h0.59 lvl+0.64   -
frame   277 :  an opened book +1.72*  a closed book +1.44*   led 255/  0 h1.00 lvl+1.58   MATCH an opened book (cos -0.107)
frame   278 :  an opened book +0.52  a closed book +0.48   led  39/ 76 h0.42 lvl+0.50   -
frame   279 :  an opened book +1.40*  a closed book +0.57   led 255/  0 h1.00 lvl+0.98   MATCH an opened book (cos -0.108)
frame   280 :  an opened book +1.90*  a closed book +1.24*   led 255/  0 h1.00 lvl+1.57   MATCH an opened book (cos -0.106)
frame   281 :  an opened book +0.96  a closed book +0.74   led 148/  9 h0.78 lvl+0.85   -
frame   282 :  a closed book +0.76  an opened book +0.71   led  87/ 31 h0.61 lvl+0.73   -
frame   283 :  an opened book +1.31*  a closed book +0.72   led 255/  0 h1.00 lvl+1.01   MATCH an opened book (cos -0.109)
frame   284 :  an opened book +0.93  a closed book -0.06   led 139/ 11 h0.76 lvl+0.44   -
frame   285 :  an opened book +1.17  a closed book +0.88   led 229/  0 h0.95 lvl+1.03   -
frame   286 :  an opened book +0.14  a closed book -0.49   led   2/195 h0.11 lvl-0.18   -
frame   287 :  an opened book -0.79  a closed book -0.91   led   0/255 h0.00 lvl-0.85   -
frame   288 :  an opened book +0.72  a closed book +0.19   led  78/ 37 h0.58 lvl+0.46   -
frame   289 :  an opened book +0.26  a closed book +0.03   led   9/150 h0.21 lvl+0.15   -
frame   290 :  an opened book +0.29  a closed book +0.26   led  11/140 h0.24 lvl+0.27   -
frame   291 :  an opened book +1.12  a closed book +0.92   led 207/  1 h0.91 lvl+1.02   -
frame   292 :  an opened book +0.92  a closed book +0.29   led 134/ 13 h0.75 lvl+0.60   -
frame   293 :  an opened book +1.01  a closed book +0.12   led 166/  6 h0.82 lvl+0.57   -
frame   294 :  an opened book +0.78  a closed book -0.30   led  93/ 28 h0.63 lvl+0.24   -
frame   295 :  a closed book +0.53  an opened book +0.49   led  40/ 74 h0.43 lvl+0.51   -
frame   296 :  an opened book +0.45  a closed book +0.07   led  28/ 93 h0.37 lvl+0.26   -
frame   297 :  an opened book +1.56*  a closed book +0.94   led 255/  0 h1.00 lvl+1.25   MATCH an opened book (cos -0.108)
frame   298 :  an opened book +0.63  a closed book +0.44   led  59/ 52 h0.51 lvl+0.53   -
frame   299 :  an opened book +1.75*  a closed book +0.91   led 255/  0 h1.00 lvl+1.33   MATCH an opened book (cos -0.107)
background: after 30 frames (frozen, room spread), this room reads  a closed book -0.102 +-0.0055 (COCO -0.159 +-0.0351)  an opened book -0.114 +-0.0042 (COCO -0.151 +-0.0303)
frame   300 :  an opened book +1.90*  a closed book +1.20   led 255/  0 h1.00 lvl+1.55   MATCH an opened book (cos -0.106)
frame   301 :  a closed book +1.31*  an opened book +1.28*   led 255/  0 h1.00 lvl+1.30   MATCH a closed book (cos -0.095)
frame   302 :  a closed book +0.39  an opened book +0.36   led  20/111 h0.31 lvl+0.37   -
frame   303 :  an opened book +0.58  a closed book -0.32   led  48/ 63 h0.47 lvl+0.13   -
frame   304 :  a closed book +1.19  an opened book +0.75   led 236/  0 h0.97 lvl+0.97   -
frame   305 :  an opened book +0.62  a closed book +0.44   led  56/ 55 h0.50 lvl+0.53   -
frame   306 :  an opened book +1.99*  a closed book +1.73*   led 255/  0 h1.00 lvl+1.86   MATCH an opened book (cos -0.106)
frame   307 :  an opened book +1.20  a closed book +1.04   led 243/  0 h0.98 lvl+1.12   -
frame   308 :  an opened book +1.50*  a closed book +0.78   led 255/  0 h1.00 lvl+1.14   MATCH an opened book (cos -0.108)
frame   309 :  a closed book +1.16  an opened book +1.11   led 226/  0 h0.95 lvl+1.13   -
frame   310 :  an opened book +0.33  a closed book +0.08   led  15/127 h0.27 lvl+0.21   -
frame   311 :  an opened book +0.70  a closed book +0.68   led  73/ 40 h0.57 lvl+0.69   -
frame   312 :  a closed book -0.02  an opened book -0.58   led   0/255 h0.00 lvl-0.30   -
frame   313 :  a closed book +1.17  an opened book +0.62   led 227/  0 h0.95 lvl+0.89   -
frame   314 :  an opened book +0.88  a closed book +0.68   led 121/ 16 h0.71 lvl+0.78   -
frame   315 :  a closed book +1.53*  an opened book +0.64   led 255/  0 h1.00 lvl+1.09   MATCH a closed book (cos -0.093)
frame   316 :  a closed book +3.00*  an opened book +2.80*   led 255/  0 h1.00 lvl+2.90   MATCH a closed book (cos -0.085)
frame   317 :  a closed book +1.94*  an opened book +1.91*   led 255/  0 h1.00 lvl+1.92   MATCH a closed book (cos -0.091)
frame   318 :  an opened book +0.99  a closed book +0.82   led 159/  7 h0.81 lvl+0.91   -
frame   319 :  an opened book +1.92*  a closed book +1.85*   led 255/  0 h1.00 lvl+1.89   MATCH an opened book (cos -0.106)
frame   320 :  an opened book +1.64*  a closed book +1.52*   led 255/  0 h1.00 lvl+1.58   MATCH an opened book (cos -0.107)
frame   321 :  an opened book +0.64  a closed book +0.34   led  61/ 50 h0.52 lvl+0.49   -
frame   322 :  a closed book +0.82  an opened book -0.04   led 103/ 23 h0.66 lvl+0.39   -
frame   323 :  an opened book +2.42*  a closed book +2.01*   led 255/  0 h1.00 lvl+2.21   MATCH an opened book (cos -0.104)
frame   324 :  a closed book +2.48*  an opened book +2.13*   led 255/  0 h1.00 lvl+2.30   MATCH a closed book (cos -0.088)
frame   325 :  an opened book +1.30*  a closed book +1.07   led 255/  0 h1.00 lvl+1.18   MATCH an opened book (cos -0.109)
frame   326 :  a closed book +1.22  an opened book +0.69   led 249/  0 h0.99 lvl+0.96   -
frame   327 :  a closed book +1.29*  an opened book +1.25*   led 255/  0 h1.00 lvl+1.27   MATCH a closed book (cos -0.095)
frame   328 :  an opened book +3.12*  a closed book +3.03*   led 255/  0 h1.00 lvl+3.07   MATCH an opened book (cos -0.101)
frame   329 :  a closed book +0.82  an opened book +0.54   led 105/ 22 h0.67 lvl+0.68   -
frame   330 :  an opened book +1.76*  a closed book +1.62*   led 255/  0 h1.00 lvl+1.69   MATCH an opened book (cos -0.107)
frame   331 :  a closed book +1.95*  an opened book +1.34*   led 255/  0 h1.00 lvl+1.64   MATCH a closed book (cos -0.091)
frame   332 :  an opened book -0.03  a closed book -0.23   led   0/255 h0.00 lvl-0.13   -
frame   333 :  an opened book -0.14  a closed book -0.59   led   0/255 h0.00 lvl-0.36   -
frame   334 :  an opened book +1.47*  a closed book +1.07   led 255/  0 h1.00 lvl+1.27   MATCH an opened book (cos -0.108)
frame   335 :  an opened book +0.72  a closed book +0.29   led  78/ 37 h0.58 lvl+0.51   -
frame   336 :  an opened book +1.41*  a closed book +1.27*   led 255/  0 h1.00 lvl+1.34   MATCH an opened book (cos -0.108)
frame   337 :  a closed book +0.75  an opened book +0.73   led  85/ 32 h0.61 lvl+0.74   -
frame   338 :  an opened book +1.81*  a closed book +1.21   led 255/  0 h1.00 lvl+1.51   MATCH an opened book (cos -0.107)
frame   339 :  an opened book +2.41*  a closed book +2.04*   led 255/  0 h1.00 lvl+2.23   MATCH an opened book (cos -0.104)
frame   340 :  an opened book +2.01*  a closed book +1.41*   led 255/  0 h1.00 lvl+1.71   MATCH an opened book (cos -0.106)
frame   341 :  an opened book +0.24  a closed book +0.07   led   7/157 h0.20 lvl+0.16   -
frame   342 :  a closed book -0.29  an opened book -0.33   led   0/255 h0.00 lvl-0.31   -
frame   343 :  an opened book +1.67*  a closed book +1.31*   led 255/  0 h1.00 lvl+1.49   MATCH an opened book (cos -0.107)
frame   344 :  a closed book +1.44*  an opened book +1.37*   led 255/  0 h1.00 lvl+1.41   MATCH a closed book (cos -0.094)
frame   345 :  a closed book +0.14  an opened book -0.18   led   2/195 h0.12 lvl-0.02   -
frame   346 :  an opened book +0.59  a closed book +0.22   led  51/ 60 h0.48 lvl+0.41   -
frame   347 :  an opened book +0.87  a closed book +0.51   led 120/ 17 h0.71 lvl+0.69   -
frame   348 :  a closed book +1.15  an opened book +1.15   led 220/  1 h0.94 lvl+1.15   -
frame   349 :  a closed book +0.68  an opened book +0.35   led  69/ 43 h0.55 lvl+0.52   -
frame   350 :  a closed book +1.89*  an opened book +1.74*   led 255/  0 h1.00 lvl+1.82   MATCH a closed book (cos -0.091)
frame   351 :  a closed book +1.11  an opened book +1.02   led 205/  1 h0.90 lvl+1.06   -
frame   352 :  an opened book +0.55  a closed book +0.52   led  44/ 68 h0.45 lvl+0.54   -
frame   353 :  a closed book +1.65*  an opened book +1.52*   led 255/  0 h1.00 lvl+1.59   MATCH a closed book (cos -0.093)
frame   354 :  a closed book +2.51*  an opened book +1.59*   led 255/  0 h1.00 lvl+2.05   MATCH a closed book (cos -0.088)
frame   355 :  a closed book +1.51*  an opened book +1.15   led 255/  0 h1.00 lvl+1.33   MATCH a closed book (cos -0.093)
frame   356 :  a closed book +0.51  an opened book +0.34   led  37/ 77 h0.42 lvl+0.43   -
frame   357 :  an opened book +0.28  a closed book +0.04   led  10/145 h0.23 lvl+0.16   -
frame   358 :  a closed book +0.67  an opened book -0.14   led  67/ 45 h0.54 lvl+0.26   -
frame   359 :  an opened book +0.24  a closed book +0.21   led   7/159 h0.19 lvl+0.22   -
frame   360 :  a closed book +0.07  an opened book +0.04   led   0/224 h0.06 lvl+0.06   -
frame   361 :  a closed book +2.07*  an opened book +1.23*   led 255/  0 h1.00 lvl+1.65   MATCH a closed book (cos -0.090)
frame   362 :  an opened book +1.89*  a closed book +1.80*   led 255/  0 h1.00 lvl+1.84   MATCH an opened book (cos -0.106)
frame   363 :  a closed book +1.48*  an opened book +0.96   led 255/  0 h1.00 lvl+1.22   MATCH a closed book (cos -0.094)
frame   364 :  an opened book +2.79*  a closed book +2.24*   led 255/  0 h1.00 lvl+2.51   MATCH an opened book (cos -0.103)
frame   365 :  an opened book +1.82*  a closed book +1.78*   led 255/  0 h1.00 lvl+1.80   MATCH an opened book (cos -0.107)
frame   366 :  a closed book +1.41*  an opened book +1.27*   led 255/  0 h1.00 lvl+1.34   MATCH a closed book (cos -0.094)
frame   367 :  a closed book +0.90  an opened book +0.21   led 130/ 14 h0.74 lvl+0.56   -
frame   368 :  an opened book +1.75*  a closed book +1.16   led 255/  0 h1.00 lvl+1.46   MATCH an opened book (cos -0.107)
frame   369 :  a closed book +0.69  an opened book +0.60   led  71/ 42 h0.56 lvl+0.65   -
frame   370 :  a closed book +2.69*  an opened book +1.81*   led 255/  0 h1.00 lvl+2.25   MATCH a closed book (cos -0.087)
frame   371 :  a closed book +0.91  an opened book -0.09   led 132/ 13 h0.74 lvl+0.41   -
frame   372 :  an opened book +2.04*  a closed book +1.61*   led 255/  0 h1.00 lvl+1.82   MATCH an opened book (cos -0.106)
frame   373 :  a closed book +0.78  an opened book +0.28   led  94/ 28 h0.64 lvl+0.53   -
frame   374 :  a closed book -0.06  an opened book -0.26   led   0/255 h0.00 lvl-0.16   -
frame   375 :  a closed book +1.28*  an opened book +0.77   led 255/  0 h1.00 lvl+1.03   MATCH a closed book (cos -0.095)
frame   376 :  a closed book +1.62*  an opened book +0.93   led 255/  0 h1.00 lvl+1.28   MATCH a closed book (cos -0.093)
frame   377 :  a closed book +1.90*  an opened book +0.78   led 255/  0 h1.00 lvl+1.34   MATCH a closed book (cos -0.091)
frame   378 :  a closed book +1.43*  an opened book +1.11   led 255/  0 h1.00 lvl+1.27   MATCH a closed book (cos -0.094)
frame   379 :  a closed book +1.57*  an opened book +1.11   led 255/  0 h1.00 lvl+1.34   MATCH a closed book (cos -0.093)
frame   380 :  a closed book +2.44*  an opened book +1.55*   led 255/  0 h1.00 lvl+2.00   MATCH a closed book (cos -0.088)
frame   381 :  a closed book +1.61*  an opened book +0.86   led 255/  0 h1.00 lvl+1.23   MATCH a closed book (cos -0.093)
frame   382 :  a closed book +1.68*  an opened book +0.69   led 255/  0 h1.00 lvl+1.18   MATCH a closed book (cos -0.093)
frame   383 :  a closed book +1.24*  an opened book +0.36   led 255/  0 h1.00 lvl+0.80   MATCH a closed book (cos -0.095)
frame   384 :  a closed book +1.73*  an opened book +1.08   led 255/  0 h1.00 lvl+1.41   MATCH a closed book (cos -0.092)
frame   385 :  a closed book +1.81*  an opened book +1.73*   led 255/  0 h1.00 lvl+1.77   MATCH a closed book (cos -0.092)
frame   386 :  a closed book +0.54  an opened book -0.47   led  41/ 73 h0.44 lvl+0.03   -
frame   387 :  a closed book +1.54*  an opened book +1.18   led 255/  0 h1.00 lvl+1.36   MATCH a closed book (cos -0.093)
frame   388 :  a closed book +1.66*  an opened book +1.54*   led 255/  0 h1.00 lvl+1.60   MATCH a closed book (cos -0.093)
frame   389 :  a closed book +0.54  an opened book +0.36   led  41/ 72 h0.44 lvl+0.45   -
frame   390 :  a closed book +1.30*  an opened book +0.63   led 255/  0 h1.00 lvl+0.97   MATCH a closed book (cos -0.095)
frame   391 :  a closed book +0.95  an opened book +0.80   led 145/ 10 h0.77 lvl+0.88   -
frame   392 :  a closed book +1.40*  an opened book +0.83   led 255/  0 h1.00 lvl+1.12   MATCH a closed book (cos -0.094)
frame   393 :  a closed book +1.93*  an opened book +1.81*   led 255/  0 h1.00 lvl+1.87   MATCH a closed book (cos -0.091)
frame   394 :  a closed book +1.94*  an opened book +0.74   led 255/  0 h1.00 lvl+1.34   MATCH a closed book (cos -0.091)
frame   395 :  a closed book +2.90*  an opened book +1.96*   led 255/  0 h1.00 lvl+2.43   MATCH a closed book (cos -0.086)
frame   396 :  a closed book +1.44*  an opened book +0.81   led 255/  0 h1.00 lvl+1.13   MATCH a closed book (cos -0.094)
frame   397 :  a closed book +2.33*  an opened book +1.62*   led 255/  0 h1.00 lvl+1.98   MATCH a closed book (cos -0.089)
frame   398 :  a closed book +2.79*  an opened book +2.44*   led 255/  0 h1.00 lvl+2.61   MATCH a closed book (cos -0.086)
frame   399 :  a closed book +1.67*  an opened book +0.44   led 255/  0 h1.00 lvl+1.06   MATCH a closed book (cos -0.093)
background: after 30 frames (frozen, room spread), this room reads  a closed book -0.102 +-0.0055 (COCO -0.159 +-0.0351)  an opened book -0.114 +-0.0042 (COCO -0.151 +-0.0303)
frame   400 :  a closed book +1.04  an opened book +0.15   led 177/  4 h0.85 lvl+0.60   -
frame   401 :  a closed book +2.50*  an opened book +2.16*   led 255/  0 h1.00 lvl+2.33   MATCH a closed book (cos -0.088)
frame   402 :  a closed book -0.06  an opened book -1.01   led   0/255 h0.00 lvl-0.54   -
frame   403 :  a closed book +0.85  an opened book +0.05   led 115/ 19 h0.70 lvl+0.45   -
frame   404 :  a closed book +0.65  an opened book +0.14   led  62/ 49 h0.53 lvl+0.39   -
frame   405 :  a closed book +2.89*  an opened book +2.59*   led 255/  0 h1.00 lvl+2.74   MATCH a closed book (cos -0.086)
frame   406 :  a closed book +0.21  an opened book -0.14   led   5/167 h0.17 lvl+0.04   -
frame   407 :  a closed book +1.49*  an opened book +1.22   led 255/  0 h1.00 lvl+1.35   MATCH a closed book (cos -0.094)
frame   408 :  a closed book +0.54  an opened book -0.28   led  42/ 72 h0.44 lvl+0.13   -
frame   409 :  a closed book +1.41*  an opened book +0.09   led 255/  0 h1.00 lvl+0.75   MATCH a closed book (cos -0.094)
frame   410 :  a closed book +1.11  an opened book +0.18   led 202/  2 h0.90 lvl+0.64   -
frame   411 :  a closed book +1.29*  an opened book +1.06   led 255/  0 h1.00 lvl+1.17   MATCH a closed book (cos -0.095)
frame   412 :  a closed book +1.74*  an opened book +1.42*   led 255/  0 h1.00 lvl+1.58   MATCH a closed book (cos -0.092)
frame   413 :  a closed book +2.23*  an opened book +0.61   led 255/  0 h1.00 lvl+1.42   MATCH a closed book (cos -0.090)
frame   414 :  a closed book +2.11*  an opened book +1.36*   led 255/  0 h1.00 lvl+1.73   MATCH a closed book (cos -0.090)
frame   415 :  a closed book +0.78  an opened book +0.67   led  94/ 28 h0.64 lvl+0.72   -
frame   416 :  a closed book +2.11*  an opened book +1.24*   led 255/  0 h1.00 lvl+1.67   MATCH a closed book (cos -0.090)
frame   417 :  a closed book +2.12*  an opened book +1.32*   led 255/  0 h1.00 lvl+1.72   MATCH a closed book (cos -0.090)
frame   418 :  a closed book +0.99  an opened book +0.85   led 160/  7 h0.81 lvl+0.92   -
frame   419 :  a closed book +1.96*  an opened book +1.20   led 255/  0 h1.00 lvl+1.58   MATCH a closed book (cos -0.091)
frame   420 :  a closed book +1.97*  an opened book +0.99   led 255/  0 h1.00 lvl+1.48   MATCH a closed book (cos -0.091)
frame   421 :  a closed book +0.77  an opened book +0.71   led  91/ 29 h0.62 lvl+0.74   -
frame   422 :  a closed book +0.52  an opened book -0.43   led  39/ 75 h0.43 lvl+0.05   -
frame   423 :  a closed book +1.44*  an opened book +0.14   led 255/  0 h1.00 lvl+0.79   MATCH a closed book (cos -0.094)
frame   424 :  a closed book +1.76*  an opened book +1.37*   led 255/  0 h1.00 lvl+1.56   MATCH a closed book (cos -0.092)
frame   425 :  a closed book +0.46  an opened book -0.11   led  29/ 91 h0.37 lvl+0.18   -
frame   426 :  a closed book +1.68*  an opened book +1.23   led 255/  0 h1.00 lvl+1.45   MATCH a closed book (cos -0.093)
frame   427 :  a closed book +2.14*  an opened book +2.06*   led 255/  0 h1.00 lvl+2.10   MATCH a closed book (cos -0.090)
frame   428 :  a closed book +1.77*  an opened book +1.12   led 255/  0 h1.00 lvl+1.44   MATCH a closed book (cos -0.092)
frame   429 :  a closed book +2.37*  an opened book +1.81*   led 255/  0 h1.00 lvl+2.09   MATCH a closed book (cos -0.089)
frame   430 :  a closed book +2.12*  an opened book +1.49*   led 255/  0 h1.00 lvl+1.80   MATCH a closed book (cos -0.090)
frame   431 :  a closed book +0.87  an opened book +0.04   led 119/ 17 h0.71 lvl+0.45   -
frame   432 :  a closed book +2.07*  an opened book +1.67*   led 255/  0 h1.00 lvl+1.87   MATCH a closed book (cos -0.090)
frame   433 :  a closed book +1.33*  an opened book +0.35   led 255/  0 h1.00 lvl+0.84   MATCH a closed book (cos -0.094)
frame   434 :  a closed book +2.20*  an opened book +1.26*   led 255/  0 h1.00 lvl+1.73   MATCH a closed book (cos -0.090)
frame   435 :  a closed book +0.75  an opened book -0.22   led  86/ 32 h0.61 lvl+0.26   -
frame   436 :  a closed book +1.85*  an opened book +0.86   led 255/  0 h1.00 lvl+1.35   MATCH a closed book (cos -0.092)
frame   437 :  a closed book +2.75*  an opened book +2.63*   led 255/  0 h1.00 lvl+2.69   MATCH a closed book (cos -0.087)
frame   438 :  a closed book +1.98*  an opened book +1.40*   led 255/  0 h1.00 lvl+1.69   MATCH a closed book (cos -0.091)
frame   439 :  a closed book +1.43*  an opened book +1.06   led 255/  0 h1.00 lvl+1.24   MATCH a closed book (cos -0.094)
frame   440 :  a closed book +0.06  an opened book -0.15   led   0/228 h0.05 lvl-0.05   -
frame   441 :  a closed book +2.04*  an opened book +1.25*   led 255/  0 h1.00 lvl+1.65   MATCH a closed book (cos -0.091)
frame   442 :  a closed book +0.49  an opened book +0.19   led  34/ 83 h0.40 lvl+0.34   -
frame   443 :  a closed book +1.47*  an opened book +0.84   led 255/  0 h1.00 lvl+1.16   MATCH a closed book (cos -0.094)
frame   444 :  a closed book +1.71*  an opened book +0.83   led 255/  0 h1.00 lvl+1.27   MATCH a closed book (cos -0.092)
frame   445 :  an opened book +2.67*  a closed book +2.67*   led 255/  0 h1.00 lvl+2.67   MATCH an opened book (cos -0.103)
frame   446 :  a closed book +0.94  an opened book +0.83   led 141/ 11 h0.76 lvl+0.88   -
frame   447 :  a closed book +0.57  an opened book +0.03   led  47/ 64 h0.47 lvl+0.30   -
frame   448 :  an opened book -0.32  a closed book -0.65   led   0/255 h0.00 lvl-0.48   -
frame   449 :  a closed book +0.19  an opened book -0.14   led   4/175 h0.16 lvl+0.03   -
frame   450 :  an opened book +0.73  a closed book +0.47   led  80/ 36 h0.59 lvl+0.60   -
frame   451 :  a closed book +1.71*  an opened book +1.01   led 255/  0 h1.00 lvl+1.36   MATCH a closed book (cos -0.092)
frame   452 :  an opened book +3.23*  a closed book +3.07*   led 255/  0 h1.00 lvl+3.15   MATCH an opened book (cos -0.101)
frame   453 :  an opened book +2.11*  a closed book +2.02*   led 255/  0 h1.00 lvl+2.06   MATCH an opened book (cos -0.106)
frame   454 :  a closed book +2.07*  an opened book +1.14   led 255/  0 h1.00 lvl+1.61   MATCH a closed book (cos -0.090)
frame   455 :  a closed book +1.35*  an opened book +0.57   led 255/  0 h1.00 lvl+0.96   MATCH a closed book (cos -0.094)
frame   456 :  a closed book +2.34*  an opened book +1.60*   led 255/  0 h1.00 lvl+1.97   MATCH a closed book (cos -0.089)
frame   457 :  a closed book +1.03  an opened book +0.63   led 172/  5 h0.84 lvl+0.83   -
frame   458 :  an opened book +2.29*  a closed book +2.14*   led 255/  0 h1.00 lvl+2.22   MATCH an opened book (cos -0.105)
frame   459 :  an opened book +1.69*  a closed book +1.57*   led 255/  0 h1.00 lvl+1.63   MATCH an opened book (cos -0.107)
frame   460 :  a closed book +1.38*  an opened book +0.74   led 255/  0 h1.00 lvl+1.06   MATCH a closed book (cos -0.094)
frame   461 :  a closed book +1.37*  an opened book +1.22   led 255/  0 h1.00 lvl+1.29   MATCH a closed book (cos -0.094)
frame   462 :  a closed book +2.94*  an opened book +2.65*   led 255/  0 h1.00 lvl+2.80   MATCH a closed book (cos -0.086)
frame   463 :  a closed book +2.26*  an opened book +1.65*   led 255/  0 h1.00 lvl+1.95   MATCH a closed book (cos -0.089)
frame   464 :  a closed book +0.73  an opened book +0.55   led  81/ 35 h0.59 lvl+0.64   -
frame   465 :  a closed book +1.20  an opened book +1.17   led 243/  0 h0.98 lvl+1.19   -
frame   466 :  a closed book +1.72*  an opened book +1.48*   led 255/  0 h1.00 lvl+1.60   MATCH a closed book (cos -0.092)
frame   467 :  a closed book +1.20  an opened book +0.69   led 240/  0 h0.97 lvl+0.94   -
frame   468 :  a closed book +1.49*  an opened book +0.68   led 255/  0 h1.00 lvl+1.09   MATCH a closed book (cos -0.094)
frame   469 :  a closed book +1.78*  an opened book +1.78*   led 255/  0 h1.00 lvl+1.78   MATCH a closed book (cos -0.092)
frame   470 :  a closed book +1.59*  an opened book +1.37*   led 255/  0 h1.00 lvl+1.48   MATCH a closed book (cos -0.093)
frame   471 :  an opened book +0.99  a closed book +0.97   led 160/  7 h0.81 lvl+0.98   -
frame   472 :  a closed book +1.01  an opened book +0.55   led 164/  6 h0.82 lvl+0.78   -
frame   473 :  a closed book +0.81  an opened book +0.29   led 102/ 24 h0.66 lvl+0.55   -
frame   474 :  a closed book +1.31*  an opened book +1.12   led 255/  0 h1.00 lvl+1.21   MATCH a closed book (cos -0.095)
frame   475 :  an opened book +0.59  a closed book +0.46   led  50/ 61 h0.48 lvl+0.52   -
frame   476 :  an opened book +1.00  a closed book +0.95   led 162/  6 h0.81 lvl+0.97   -
frame   477 :  a closed book +0.70  an opened book +0.14   led  74/ 40 h0.57 lvl+0.42   -
frame   478 :  a closed book +1.56*  an opened book +1.50*   led 255/  0 h1.00 lvl+1.53   MATCH a closed book (cos -0.093)
frame   479 :  a closed book +1.21  an opened book +0.34   led 246/  0 h0.98 lvl+0.77   -
frame   480 :  an opened book +1.94*  a closed book +1.88*   led 255/  0 h1.00 lvl+1.91   MATCH an opened book (cos -0.106)
frame   481 :  a closed book +1.57*  an opened book +1.51*   led 255/  0 h1.00 lvl+1.54   MATCH a closed book (cos -0.093)
frame   482 :  a closed book +1.03  an opened book +0.97   led 172/  5 h0.84 lvl+1.00   -
frame   483 :  a closed book +1.88*  an opened book +1.23   led 255/  0 h1.00 lvl+1.55   MATCH a closed book (cos -0.091)
frame   484 :  a closed book +1.03  an opened book +0.07   led 175/  4 h0.84 lvl+0.55   -
frame   485 :  a closed book +0.47  an opened book -0.33   led  30/ 89 h0.38 lvl+0.07   -
frame   486 :  a closed book +1.37*  an opened book +0.81   led 255/  0 h1.00 lvl+1.09   MATCH a closed book (cos -0.094)
frame   487 :  a closed book +1.98*  an opened book +1.52*   led 255/  0 h1.00 lvl+1.75   MATCH a closed book (cos -0.091)
frame   488 :  a closed book +0.23  an opened book -0.47   led   6/162 h0.19 lvl-0.12   -
frame   489 :  a closed book +1.71*  an opened book +0.98   led 255/  0 h1.00 lvl+1.35   MATCH a closed book (cos -0.092)
frame   490 :  a closed book +2.51*  an opened book +1.25*   led 255/  0 h1.00 lvl+1.88   MATCH a closed book (cos -0.088)
frame   491 :  a closed book +0.62  an opened book -0.39   led  57/ 54 h0.50 lvl+0.12   -
frame   492 :  a closed book +1.44*  an opened book +0.35   led 255/  0 h1.00 lvl+0.89   MATCH a closed book (cos -0.094)
frame   493 :  a closed book +1.88*  an opened book -0.03   led 255/  0 h1.00 lvl+0.93   MATCH a closed book (cos -0.091)
frame   494 :  a closed book +1.08  an opened book -0.39   led 191/  3 h0.88 lvl+0.34   -
frame   495 :  a closed book +0.95  an opened book -0.77   led 145/ 10 h0.77 lvl+0.09   -
frame   496 :  a closed book +2.55*  an opened book +0.22   led 255/  0 h1.00 lvl+1.38   MATCH a closed book (cos -0.088)
frame   497 :  a closed book +1.77*  an opened book +0.16   led 255/  0 h1.00 lvl+0.97   MATCH a closed book (cos -0.092)
frame   498 :  a closed book +2.26*  an opened book +0.77   led 255/  0 h1.00 lvl+1.52   MATCH a closed book (cos -0.089)
frame   499 :  a closed book +1.38*  an opened book -0.42   led 255/  0 h1.00 lvl+0.48   MATCH a closed book (cos -0.094)
background: after 30 frames (frozen, room spread), this room reads  a closed book -0.102 +-0.0055 (COCO -0.159 +-0.0351)  an opened book -0.114 +-0.0042 (COCO -0.151 +-0.0303)
frame   500 :  a closed book +1.91*  an opened book +0.29   led 255/  0 h1.00 lvl+1.10   MATCH a closed book (cos -0.091)
frame   501 :  a closed book +2.82*  an opened book +1.27*   led 255/  0 h1.00 lvl+2.04   MATCH a closed book (cos -0.086)
frame   502 :  a closed book +1.54*  an opened book +0.26   led 255/  0 h1.00 lvl+0.90   MATCH a closed book (cos -0.093)
frame   503 :  a closed book +1.10  an opened book -0.39   led 199/  2 h0.89 lvl+0.35   -
frame   504 :  a closed book +1.36*  an opened book +0.05   led 255/  0 h1.00 lvl+0.70   MATCH a closed book (cos -0.094)
frame   505 :  a closed book +2.51*  an opened book +0.79   led 255/  0 h1.00 lvl+1.65   MATCH a closed book (cos -0.088)
frame   506 :  a closed book +3.14*  an opened book +1.36*   led 255/  0 h1.00 lvl+2.25   MATCH a closed book (cos -0.084)
frame   507 :  a closed book +1.97*  an opened book +0.51   led 255/  0 h1.00 lvl+1.24   MATCH a closed book (cos -0.091)
frame   508 :  a closed book +2.73*  an opened book +0.43   led 255/  0 h1.00 lvl+1.58   MATCH a closed book (cos -0.087)
frame   509 :  a closed book +3.77*  an opened book +2.69*   led 255/  0 h1.00 lvl+3.23   MATCH a closed book (cos -0.081)
frame   510 :  a closed book +2.16*  an opened book +0.20   led 255/  0 h1.00 lvl+1.18   MATCH a closed book (cos -0.090)
frame   511 :  a closed book +3.05*  an opened book +2.13*   led 255/  0 h1.00 lvl+2.59   MATCH a closed book (cos -0.085)
frame   512 :  a closed book +2.47*  an opened book +1.56*   led 255/  0 h1.00 lvl+2.02   MATCH a closed book (cos -0.088)
frame   513 :  a closed book +0.72  an opened book -1.49   led  79/ 37 h0.59 lvl-0.39   -
frame   514 :  a closed book +1.28*  an opened book -0.22   led 255/  0 h1.00 lvl+0.53   MATCH a closed book (cos -0.095)
frame   515 :  a closed book +2.79*  an opened book +1.02   led 255/  0 h1.00 lvl+1.90   MATCH a closed book (cos -0.086)
frame   516 :  a closed book +2.58*  an opened book +0.85   led 255/  0 h1.00 lvl+1.72   MATCH a closed book (cos -0.088)
frame   517 :  a closed book +2.51*  an opened book +0.69   led 255/  0 h1.00 lvl+1.60   MATCH a closed book (cos -0.088)
frame   518 :  a closed book +2.65*  an opened book +1.21   led 255/  0 h1.00 lvl+1.93   MATCH a closed book (cos -0.087)
frame   519 :  a closed book +1.95*  an opened book +0.61   led 255/  0 h1.00 lvl+1.28   MATCH a closed book (cos -0.091)
frame   520 :  a closed book +3.30*  an opened book +0.87   led 255/  0 h1.00 lvl+2.08   MATCH a closed book (cos -0.084)
frame   521 :  a closed book +0.93  an opened book -0.95   led 137/ 12 h0.75 lvl-0.01   -
frame   522 :  a closed book +1.78*  an opened book -0.58   led 255/  0 h1.00 lvl+0.60   MATCH a closed book (cos -0.092)
frame   523 :  a closed book +2.42*  an opened book +0.76   led 255/  0 h1.00 lvl+1.59   MATCH a closed book (cos -0.088)
frame   524 :  a closed book +1.78*  an opened book -0.27   led 255/  0 h1.00 lvl+0.75   MATCH a closed book (cos -0.092)
frame   525 :  a closed book +1.60*  an opened book -0.27   led 255/  0 h1.00 lvl+0.66   MATCH a closed book (cos -0.093)
frame   526 :  a closed book +2.55*  an opened book +0.65   led 255/  0 h1.00 lvl+1.60   MATCH a closed book (cos -0.088)
frame   527 :  a closed book +1.58*  an opened book -0.01   led 255/  0 h1.00 lvl+0.79   MATCH a closed book (cos -0.093)
frame   528 :  a closed book +2.10*  an opened book +0.69   led 255/  0 h1.00 lvl+1.40   MATCH a closed book (cos -0.090)
frame   529 :  a closed book +1.19  an opened book -0.27   led 236/  0 h0.97 lvl+0.46   -
frame   530 :  a closed book +0.91  an opened book -0.22   led 130/ 14 h0.74 lvl+0.34   -
frame   531 :  a closed book +1.21  an opened book -0.45   led 246/  0 h0.98 lvl+0.38   -
frame   532 :  a closed book +2.42*  an opened book +1.35*   led 255/  0 h1.00 lvl+1.89   MATCH a closed book (cos -0.088)
frame   533 :  a closed book +2.19*  an opened book +0.37   led 255/  0 h1.00 lvl+1.28   MATCH a closed book (cos -0.090)
frame   534 :  a closed book +1.21  an opened book -0.24   led 244/  0 h0.98 lvl+0.48   -
frame   535 :  a closed book +1.35*  an opened book -0.86   led 255/  0 h1.00 lvl+0.24   MATCH a closed book (cos -0.094)
frame   536 :  a closed book +1.15  an opened book +0.25   led 218/  1 h0.93 lvl+0.70   -
frame   537 :  a closed book +1.02  an opened book -0.86   led 168/  5 h0.83 lvl+0.08   -
frame   538 :  a closed book +2.00*  an opened book +0.73   led 255/  0 h1.00 lvl+1.37   MATCH a closed book (cos -0.091)
frame   539 :  a closed book +1.97*  an opened book +1.23   led 255/  0 h1.00 lvl+1.60   MATCH a closed book (cos -0.091)
frame   540 :  a closed book +1.36*  an opened book -0.08   led 255/  0 h1.00 lvl+0.64   MATCH a closed book (cos -0.094)
frame   541 :  a closed book +1.13  an opened book -0.93   led 210/  1 h0.92 lvl+0.10   -
frame   542 :  a closed book +2.15*  an opened book -0.20   led 255/  0 h1.00 lvl+0.97   MATCH a closed book (cos -0.090)
frame   543 :  a closed book +1.57*  an opened book +0.76   led 255/  0 h1.00 lvl+1.17   MATCH a closed book (cos -0.093)
frame   544 :  a closed book +1.82*  an opened book +0.85   led 255/  0 h1.00 lvl+1.33   MATCH a closed book (cos -0.092)
frame   545 :  a closed book +1.78*  an opened book -0.43   led 255/  0 h1.00 lvl+0.67   MATCH a closed book (cos -0.092)
frame   546 :  a closed book +2.06*  an opened book -0.04   led 255/  0 h1.00 lvl+1.01   MATCH a closed book (cos -0.090)
frame   547 :  a closed book +1.42*  an opened book +0.10   led 255/  0 h1.00 lvl+0.76   MATCH a closed book (cos -0.094)
frame   548 :  a closed book +2.13*  an opened book +0.07   led 255/  0 h1.00 lvl+1.10   MATCH a closed book (cos -0.090)
frame   549 :  a closed book +3.06*  an opened book +1.98*   led 255/  0 h1.00 lvl+2.52   MATCH a closed book (cos -0.085)
frame   550 :  a closed book +1.39*  an opened book -0.52   led 255/  0 h1.00 lvl+0.44   MATCH a closed book (cos -0.094)
frame   551 :  a closed book +2.07*  an opened book +0.59   led 255/  0 h1.00 lvl+1.33   MATCH a closed book (cos -0.090)
frame   552 :  a closed book +1.50*  an opened book +0.08   led 255/  0 h1.00 lvl+0.79   MATCH a closed book (cos -0.094)
frame   553 :  a closed book +2.66*  an opened book +1.41*   led 255/  0 h1.00 lvl+2.03   MATCH a closed book (cos -0.087)
frame   554 :  a closed book +1.69*  an opened book -0.34   led 255/  0 h1.00 lvl+0.68   MATCH a closed book (cos -0.092)
frame   555 :  a closed book +0.00  an opened book -0.80   led   0/253 h0.00 lvl-0.40   -
frame   556 :  a closed book +0.41  an opened book -0.95   led  23/104 h0.33 lvl-0.27   -
frame   557 :  a closed book +0.51  an opened book -0.91   led  36/ 80 h0.41 lvl-0.20   -
frame   558 :  a closed book +0.60  an opened book -0.34   led  52/ 59 h0.48 lvl+0.13   -
frame   559 :  a closed book +0.52  an opened book -0.87   led  38/ 77 h0.42 lvl-0.18   -
frame   560 :  a closed book +1.14  an opened book -0.56   led 215/  1 h0.92 lvl+0.29   -
frame   561 :  a closed book -0.67  an opened book -2.02   led   0/255 h0.00 lvl-1.35   -
frame   562 :  a closed book +0.13  an opened book -1.28   led   2/199 h0.11 lvl-0.58   -
frame   563 :  a closed book -0.24  an opened book -1.07   led   0/255 h0.00 lvl-0.65   -
frame   564 :  a closed book +0.93  an opened book -0.24   led 139/ 11 h0.76 lvl+0.35   -
frame   565 :  a closed book +0.34  an opened book -0.38   led  15/126 h0.27 lvl-0.02   -
frame   566 :  a closed book +0.31  an opened book -0.86   led  13/134 h0.25 lvl-0.27   -
frame   567 :  a closed book +0.91  an opened book +0.32   led 130/ 13 h0.74 lvl+0.61   -
frame   568 :  a closed book +1.03  an opened book +0.06   led 174/  4 h0.84 lvl+0.55   -
frame   569 :  a closed book +0.27  an opened book -0.27   led   9/147 h0.22 lvl-0.00   -
frame   570 :  a closed book +2.68*  an opened book +1.48*   led 255/  0 h1.00 lvl+2.08   MATCH a closed book (cos -0.087)
frame   571 :  a closed book -0.71  an opened book -2.58   led   0/255 h0.00 lvl-1.65   -
frame   572 :  a closed book +2.63*  an opened book +0.32   led 255/  0 h1.00 lvl+1.47   MATCH a closed book (cos -0.087)
frame   573 :  a closed book +2.48*  an opened book +0.00   led 255/  0 h1.00 lvl+1.24   MATCH a closed book (cos -0.088)
frame   574 :  a closed book +1.26*  an opened book +0.08   led 255/  0 h1.00 lvl+0.67   MATCH a closed book (cos -0.095)
frame   575 :  a closed book +1.10  an opened book +0.23   led 200/  2 h0.90 lvl+0.67   -
frame   576 :  a closed book +2.11*  an opened book +1.08   led 255/  0 h1.00 lvl+1.59   MATCH a closed book (cos -0.090)
frame   577 :  a closed book +0.98  an opened book -0.30   led 154/  8 h0.79 lvl+0.34   -
frame   578 :  a closed book +0.95  an opened book -0.36   led 146/  9 h0.78 lvl+0.30   -
frame   579 :  a closed book +2.17*  an opened book -0.10   led 255/  0 h1.00 lvl+1.04   MATCH a closed book (cos -0.090)
frame   580 :  a closed book +2.19*  an opened book +0.36   led 255/  0 h1.00 lvl+1.27   MATCH a closed book (cos -0.090)
frame   581 :  a closed book +1.54*  an opened book +0.06   led 255/  0 h1.00 lvl+0.80   MATCH a closed book (cos -0.093)
frame   582 :  a closed book +1.54*  an opened book -0.00   led 255/  0 h1.00 lvl+0.77   MATCH a closed book (cos -0.093)
frame   583 :  a closed book +1.65*  an opened book -0.20   led 255/  0 h1.00 lvl+0.73   MATCH a closed book (cos -0.093)
frame   584 :  a closed book +1.38*  an opened book -0.78   led 255/  0 h1.00 lvl+0.30   MATCH a closed book (cos -0.094)
frame   585 :  a closed book +2.28*  an opened book +0.46   led 255/  0 h1.00 lvl+1.37   MATCH a closed book (cos -0.089)
frame   586 :  a closed book +1.66*  an opened book -0.14   led 255/  0 h1.00 lvl+0.76   MATCH a closed book (cos -0.093)
frame   587 :  a closed book +0.84  an opened book -1.22   led 109/ 21 h0.68 lvl-0.19   -
frame   588 :  a closed book +2.08*  an opened book -0.15   led 255/  0 h1.00 lvl+0.97   MATCH a closed book (cos -0.090)
frame   589 :  a closed book +1.23  an opened book -1.14   led 253/  0 h1.00 lvl+0.04   -
frame   590 :  a closed book +1.90*  an opened book -0.25   led 255/  0 h1.00 lvl+0.83   MATCH a closed book (cos -0.091)
frame   591 :  a closed book +0.93  an opened book -0.21   led 137/ 12 h0.75 lvl+0.36   -
frame   592 :  a closed book +1.64*  an opened book +0.60   led 255/  0 h1.00 lvl+1.12   MATCH a closed book (cos -0.093)
frame   593 :  a closed book +0.81  an opened book -0.54   led 103/ 23 h0.66 lvl+0.14   -
frame   594 :  a closed book +1.74*  an opened book +0.48   led 255/  0 h1.00 lvl+1.11   MATCH a closed book (cos -0.092)
frame   595 :  a closed book +2.06*  an opened book -0.13   led 255/  0 h1.00 lvl+0.96   MATCH a closed book (cos -0.090)
frame   596 :  a closed book +2.12*  an opened book +0.12   led 255/  0 h1.00 lvl+1.12   MATCH a closed book (cos -0.090)
frame   597 :  a closed book +2.08*  an opened book +0.33   led 255/  0 h1.00 lvl+1.20   MATCH a closed book (cos -0.090)
frame   598 :  a closed book +1.59*  an opened book -0.67   led 255/  0 h1.00 lvl+0.46   MATCH a closed book (cos -0.093)
frame   599 :  a closed book +1.69*  an opened book -0.48   led 255/  0 h1.00 lvl+0.61   MATCH a closed book (cos -0.092)
background: after 30 frames (frozen, room spread), this room reads  a closed book -0.102 +-0.0055 (COCO -0.159 +-0.0351)  an opened book -0.114 +-0.0042 (COCO -0.151 +-0.0303)
frame   600 :  a closed book +1.58*  an opened book -0.40   led 255/  0 h1.00 lvl+0.59   MATCH a closed book (cos -0.093)
frame   601 :  a closed book +1.76*  an opened book -0.07   led 255/  0 h1.00 lvl+0.85   MATCH a closed book (cos -0.092)

stopped   : 602 frames, 602 good, capture overlapped with the compute, configuration C
            602 frames timed, 285 ms/frame mean (capture included)
            268 ms encode + 0 ms waiting for the sensor + 16 ms burst; 295 ms/frame by the clock
            371 ms shutter to LED, arming with 87 ms of compute left
            last frame mean RGB 130 126 128
            camera bus: worst gap 23 us against the 2000 us deadline (#12)
            usb: 0 outages, 0 ms off the bus, 0 re-attaches (#9)
