
=== M9: fpga-open-vocab - describe it, the board spots it ===

clock     : 320 MHz requested; BOOTSEL is reachable for 1.5 s
clock     : 320 MHz system, core 1.25 V
reset     : chip_reset 00010000
            nothing new since the last banner - whatever reset the core left powman alone.
waiting for a bitstream on USB CDC (host/demo.py)
bitstream : 173124 bytes announced, crc32 0a2e9953
bitstream : received intact
configure : configured, CDONE high   CDONE=1 nSTATUS=0
crc       : DMA sniffer, calc=1 out_rev=1 out_inv=1
model     : 9 layers, 512-d embedding, 131072 B/buffer
weights   : 780720 B, crc32=0xF368CC6E  (126 ms to hash)

reference : encoder_fast on the flash test vector  (1583 ms)

link      : probing the wire by running the whole test vector over it
probe     : 3 forward data lines -> 512/512 floats exact, 272 ms
link      : configuration C, 3 forward data lines, 160.0 MHz

camera    : exposure ramp 32 76 86 95 102 114 124 129 130 132 133 134 134 134 134
camera    : live 128x128 RGB565, id 0x82, 16.0 MHz, expose 37 ms, read 16 ms, exposure settled after 15 frames
            regs fmt 02 res 00 bri 00 ev 00 wb 00 auto 00 state 26 id 82 fpga 20
            reset gate: polls 425, first state 21, busy yes   defaults polls: ae 0 ag 10 awb 10 wbmode 5
            mean RGB 136 133 135  (tuned camera on a neutral scene: about 115 107 105)

queries   : waiting for a query set on USB CDC (host/demo.py)
queries   : 2 accepted, 512-d, crc ok
            level axis carries 0.95 of one query's swing; most opposed pair +0.810
            scored as z = (cos - background) / std, where the background is this room's
            own mean over its first 30 frames and is then FROZEN - so a thing left in
            shot keeps its score instead of decaying into the furniture. 'N' re-learns
            it, 'H' switches to tracking. The COCO figures below are only the seed for
            frame 0 and the fixed std.
            std is THIS ROOM's, measured over the same 30 frames ('S' switches to COCO's).
            The thresholds below still mean the 90th percentile of a background; the
            background they now mean it against is this room empty, not 5000 COCO photos.
            a closed book        match above z 1.23   (COCO background -0.159 +- 0.035, so cos -0.116)
            an opened book       match above z 1.23   (COCO background -0.151 +- 0.030, so cos -0.114)

loop      : capture, 8 convs on the T8, pool and head, then one cosine per query. 'B' for BOOTSEL, 'R' to restart,
            'P' to dump the next frame for host/cam.py, 'V' to dump its 512 floats for host/caption.py,
            'E' to provoke a fault so D1 shows its fault display, 'H' to freeze/unfreeze the background,
            'S' to switch the spread between this room's and COCO's, 'W' to hang on purpose and see
            the watchdog name the stage, 'C' to stall the camera bus on purpose and see it cost one frame,
            'U' to drop off USB on purpose and watch it come back, 'I' to drop off and refuse to,
            'N' to forget it and learn it again from now. 'P' and 'V' together describe the same frame.
            'O' closes the timing window, prints it and flips the capture between overlapped and serial;
            'D' does the same and flips the trigger between late and at-the-collect, which is #14's A/B.
            'L' freezes exposure and gain, then on a second press the white balance too - which goes green,
            and is the control. A third restores all three. Issue #30, and the one hotkey whose answer depends on when you press it.
            scores are z against this room's background, ranked; '*' means over its threshold.
            '1'..'6' enrol the next 20 frames as that class, and press again on a LATER visit
            to fold a second one in - 2 visits is what makes the enrolment guard mean
            something. Two classes in and the board decides by nearest reference instead of
            by threshold - see M21.
            '0' ENROLS THE EMPTY SCENE the same way, and it is worth a visit: with one, a frame
            is absent when the empty reference is the nearest of the three and no radius is
            involved. Without one the board falls back to the band - absent beyond 2.0 sep
            from every class - which scores 54.6% over 28 benches against the third reference's
            79.1%, because with two queries that band is an interval the empty scene can sit
            inside. #18.
            The first 30 frames set the baseline and it is then frozen, so anything left in
            shot KEEPS its score. Point the camera at the empty scene for those frames.
            Send a new set at any time to re-query - that resets the baseline too.

frame     0 :  a closed book +1.82*  an opened book +1.30*   led 255/  0 h1.00 lvl+1.56   MATCH a closed book (cos -0.095)
frame     1 :  an opened book +0.22  a closed book +0.17   led   6/167 h0.18 lvl+0.19   -
frame     2 :  a closed book -0.22  an opened book -0.34   led   0/255 h0.00 lvl-0.28   -
frame     3 :  a closed book -0.06  an opened book -0.07   led   0/255 h0.00 lvl-0.07   -
frame     4 :  an opened book -0.02  a closed book -0.06   led   0/255 h0.00 lvl-0.04   -
frame     5 :  an opened book +0.05  a closed book -0.01   led   0/233 h0.04 lvl+0.02   -
frame     6 :  an opened book -0.04  a closed book -0.04   led   0/255 h0.00 lvl-0.04   -
frame     7 :  an opened book -0.02  a closed book -0.03   led   0/255 h0.00 lvl-0.03   -
background: after 8 frames (warming up, room spread), this room reads  a closed book -0.096 +-0.0031 (COCO -0.159 +-0.0351)  an opened book -0.112 +-0.0038 (COCO -0.151 +-0.0303)
frame     8 :  an opened book +0.27  a closed book -1.91   led   9/148 h0.22 lvl-0.82   -
frame     9 :  a closed book +2.32*  an opened book +1.29*   led 255/  0 h1.00 lvl+1.81   MATCH a closed book (cos -0.089)
frame    10 :  a closed book +1.62*  an opened book +1.16   led 255/  0 h1.00 lvl+1.39   MATCH a closed book (cos -0.089)
frame    11 :  a closed book +0.45  an opened book -0.00   led  28/ 94 h0.36 lvl+0.22   -
frame    12 :  a closed book +0.78  an opened book +0.74   led  93/ 28 h0.63 lvl+0.76   -
frame    13 :  an opened book -0.47  a closed book -1.22   led   0/255 h0.00 lvl-0.84   -
frame    14 :  an opened book -0.34  a closed book -0.60   led   0/255 h0.00 lvl-0.47   -
frame    15 :  a closed book +0.93  an opened book +0.87   led 139/ 11 h0.76 lvl+0.90   -
frame    16 :  an opened book +0.47  a closed book -0.09   led  31/ 88 h0.38 lvl+0.19   -
frame    17 :  an opened book -0.38  a closed book -1.18   led   0/255 h0.00 lvl-0.78   -
frame    18 :  a closed book -0.42  an opened book -1.51   led   0/255 h0.00 lvl-0.96   -
frame    19 :  a closed book +1.21  an opened book +0.81   led 248/  0 h0.99 lvl+1.01   -
frame    20 :  a closed book +1.43*  an opened book +1.17   led 255/  0 h1.00 lvl+1.30   MATCH a closed book (cos -0.090)
frame    21 :  an opened book +0.47  a closed book -0.49   led  30/ 89 h0.38 lvl-0.01   -
frame    22 :  a closed book -0.36  an opened book -0.93   led   0/255 h0.00 lvl-0.64   -
frame    23 :  a closed book +1.27*  an opened book +1.15   led 255/  0 h1.00 lvl+1.21   MATCH a closed book (cos -0.090)
frame    24 :  an opened book +0.44  a closed book +0.29   led  26/ 97 h0.35 lvl+0.36   -
frame    25 :  a closed book +0.01  an opened book -0.45   led   0/248 h0.01 lvl-0.22   -
frame    26 :  an opened book -0.07  a closed book -0.32   led   0/255 h0.00 lvl-0.20   -
frame    27 :  an opened book +0.87  a closed book +0.64   led 119/ 17 h0.71 lvl+0.76   -
frame    28 :  an opened book -1.88  a closed book -2.20   led   0/255 h0.00 lvl-2.04   -
frame    29 :  a closed book +0.24  an opened book -0.22   led   7/160 h0.19 lvl+0.01   -
frame    30 :  an opened book -2.46  a closed book -3.16   led   0/255 h0.00 lvl-2.81   -
frame    31 :  an opened book +0.88  a closed book +0.80   led 123/ 16 h0.72 lvl+0.84   -
frame    32 :  an opened book -0.52  a closed book -0.92   led   0/255 h0.00 lvl-0.72   -
frame    33 :  an opened book +0.73  a closed book +0.21   led  81/ 35 h0.60 lvl+0.47   -
frame    34 :  an opened book -0.85  a closed book -0.96   led   0/255 h0.00 lvl-0.91   -
frame    35 :  an opened book +0.57  a closed book +0.36   led  46/ 66 h0.46 lvl+0.46   -
frame    36 :  a closed book -1.91  an opened book -2.10   led   0/255 h0.00 lvl-2.00   -
frame    37 :  a closed book +1.23*  an opened book +0.65   led 255/  0 h1.00 lvl+0.94   MATCH a closed book (cos -0.091)
frame    38 :  an opened book +2.30*  a closed book +2.11*   led 255/  0 h1.00 lvl+2.21   MATCH an opened book (cos -0.104)
frame    39 :  a closed book -0.17  an opened book -1.16   led   0/255 h0.00 lvl-0.67   -
frame    40 :  an opened book +0.16  a closed book -0.22   led   3/186 h0.13 lvl-0.03   -
frame    41 :  an opened book +0.55  a closed book +0.02   led  44/ 69 h0.45 lvl+0.29   -
frame    42 :  an opened book -0.30  a closed book -0.38   led   0/255 h0.00 lvl-0.34   -
frame    43 :  an opened book +0.62  a closed book -0.12   led  57/ 54 h0.50 lvl+0.25   -
frame    44 :  a closed book +1.14  an opened book +0.85   led 217/  1 h0.93 lvl+0.99   -
frame    45 :  a closed book +0.82  an opened book +0.78   led 104/ 23 h0.67 lvl+0.80   -
frame    46 :  a closed book +1.77*  an opened book +0.81   led 255/  0 h1.00 lvl+1.29   MATCH a closed book (cos -0.089)
frame    47 :  a closed book +1.91*  an opened book +1.75*   led 255/  0 h1.00 lvl+1.83   MATCH a closed book (cos -0.088)
frame    48 :  an opened book +1.02  a closed book +0.37   led 168/  5 h0.83 lvl+0.69   -
frame    49 :  an opened book -1.08  a closed book -1.47   led   0/255 h0.00 lvl-1.28   -
frame    50 :  an opened book -0.30  a closed book -0.91   led   0/255 h0.00 lvl-0.61   -
frame    51 :  an opened book +0.99  a closed book +0.48   led 159/  7 h0.81 lvl+0.73   -
frame    52 :  a closed book +1.69*  an opened book +0.87   led 255/  0 h1.00 lvl+1.28   MATCH a closed book (cos -0.089)
frame    53 :  a closed book -1.54  an opened book -2.23   led   0/255 h0.00 lvl-1.89   -
frame    54 :  an opened book +0.12  a closed book +0.09   led   1/205 h0.09 lvl+0.10   -
frame    55 :  a closed book -0.44  an opened book -1.40   led   0/255 h0.00 lvl-0.92   -
frame    56 :  an opened book +1.84*  a closed book +1.65*   led 255/  0 h1.00 lvl+1.74   MATCH an opened book (cos -0.106)
frame    57 :  an opened book +0.96  a closed book -0.28   led 148/  9 h0.78 lvl+0.34   -
frame    58 :  an opened book +0.50  a closed book +0.47   led  36/ 80 h0.41 lvl+0.49   -
frame    59 :  a closed book +0.47  an opened book -0.39   led  31/ 88 h0.38 lvl+0.04   -
frame    60 :  a closed book +0.34  an opened book -0.43   led  15/126 h0.27 lvl-0.05   -
frame    61 :  an opened book +0.28  a closed book +0.14   led  10/144 h0.23 lvl+0.21   -
frame    62 :  an opened book +0.98  a closed book +0.59   led 155/  8 h0.80 lvl+0.78   -
frame    63 :  a closed book +1.35*  an opened book +0.49   led 255/  0 h1.00 lvl+0.92   MATCH a closed book (cos -0.090)
frame    64 :  a closed book +1.11  an opened book +0.93   led 205/  1 h0.91 lvl+1.02   -
frame    65 :  a closed book +1.42*  an opened book +0.68   led 255/  0 h1.00 lvl+1.05   MATCH a closed book (cos -0.090)
frame    66 :  a closed book +1.18  an opened book +0.62   led 234/  0 h0.96 lvl+0.90   -
frame    67 :  a closed book -1.46  an opened book -3.08   led   0/255 h0.00 lvl-2.27   -
frame    68 :  a closed book +0.94  an opened book +0.79   led 140/ 11 h0.76 lvl+0.86   -
frame    69 :  a closed book +0.25  an opened book -0.24   led   8/155 h0.20 lvl+0.01   -
frame    70 :  a closed book +1.06  an opened book -0.06   led 185/  3 h0.87 lvl+0.50   -
frame    71 :  an opened book +0.53  a closed book +0.15   led  40/ 74 h0.43 lvl+0.34   -
frame    72 :  a closed book +2.37*  an opened book +2.09*   led 255/  0 h1.00 lvl+2.23   MATCH a closed book (cos -0.086)
frame    73 :  a closed book +1.42*  an opened book +0.76   led 255/  0 h1.00 lvl+1.09   MATCH a closed book (cos -0.090)
frame    74 :  a closed book -0.45  an opened book -0.65   led   0/255 h0.00 lvl-0.55   -
frame    75 :  an opened book +1.55*  a closed book +1.48*   led 255/  0 h1.00 lvl+1.52   MATCH an opened book (cos -0.107)
frame    76 :  a closed book +1.36*  an opened book +1.13   led 255/  0 h1.00 lvl+1.24   MATCH a closed book (cos -0.090)
frame    77 :  a closed book -1.84  an opened book -2.61   led   0/255 h0.00 lvl-2.23   -
frame    78 :  an opened book +1.20  a closed book +0.26   led 240/  0 h0.97 lvl+0.73   -
frame    79 :  a closed book +1.19  an opened book +0.50   led 239/  0 h0.97 lvl+0.85   -
frame    80 :  an opened book -0.06  a closed book -0.61   led   0/255 h0.00 lvl-0.33   -
frame    81 :  a closed book -2.14  an opened book -2.56   led   0/255 h0.00 lvl-2.35   -
frame    82 :  a closed book +0.11  an opened book -0.44   led   1/210 h0.09 lvl-0.17   -
frame    83 :  an opened book +2.11*  a closed book +1.27*   led 255/  0 h1.00 lvl+1.69   MATCH an opened book (cos -0.105)
frame    84 :  a closed book -0.21  an opened book -1.09   led   0/255 h0.00 lvl-0.65   -
frame    85 :  a closed book +1.59*  an opened book +1.35*   led 255/  0 h1.00 lvl+1.47   MATCH a closed book (cos -0.089)
frame    86 :  a closed book +1.32*  an opened book +0.68   led 255/  0 h1.00 lvl+1.00   MATCH a closed book (cos -0.090)
frame    87 :  an opened book +1.97*  a closed book +1.05   led 255/  0 h1.00 lvl+1.51   MATCH an opened book (cos -0.105)
frame    88 :  an opened book +0.39  a closed book -0.26   led  20/110 h0.32 lvl+0.06   -
frame    89 :  a closed book +1.14  an opened book +1.01   led 218/  1 h0.93 lvl+1.08   -
frame    90 :  a closed book -1.04  an opened book -1.09   led   0/255 h0.00 lvl-1.06   -
frame    91 :  a closed book -0.96  an opened book -1.51   led   0/255 h0.00 lvl-1.23   -
frame    92 :  a closed book +1.70*  an opened book +1.41*   led 255/  0 h1.00 lvl+1.55   MATCH a closed book (cos -0.089)
frame    93 :  a closed book +0.47  an opened book -0.04   led  31/ 88 h0.38 lvl+0.22   -
frame    94 :  a closed book -0.38  an opened book -0.83   led   0/255 h0.00 lvl-0.61   -
frame    95 :  an opened book -3.19  a closed book -3.21   led   0/255 h0.00 lvl-3.20   -
frame    96 :  a closed book +1.37*  an opened book +1.02   led 255/  0 h1.00 lvl+1.20   MATCH a closed book (cos -0.090)
frame    97 :  a closed book +0.41  an opened book -0.21   led  23/104 h0.33 lvl+0.10   -
frame    98 :  a closed book -2.30  an opened book -2.96   led   0/255 h0.00 lvl-2.63   -
frame    99 :  an opened book +0.56  a closed book -0.08   led  44/ 68 h0.45 lvl+0.24   -
background: after 30 frames (frozen, room spread), this room reads  a closed book -0.095 +-0.0039 (COCO -0.159 +-0.0351)  an opened book -0.111 +-0.0029 (COCO -0.151 +-0.0303)
frame   100 :  a closed book +0.77  an opened book +0.65   led  91/ 29 h0.63 lvl+0.71   -
frame   101 :  a closed book +2.05*  an opened book +1.42*   led 255/  0 h1.00 lvl+1.73   MATCH a closed book (cos -0.087)
frame   102 :  a closed book +0.55  an opened book -0.49   led  44/ 69 h0.45 lvl+0.03   -
frame   103 :  a closed book +0.51  an opened book +0.02   led  36/ 79 h0.41 lvl+0.26   -
frame   104 :  an opened book +0.09  a closed book -0.53   led   1/217 h0.07 lvl-0.22   -
frame   105 :  an opened book +0.89  a closed book +0.59   led 127/ 15 h0.73 lvl+0.74   -
frame   106 :  a closed book +0.64  an opened book +0.14   led  61/ 50 h0.52 lvl+0.39   -
frame   107 :  an opened book +0.43  a closed book +0.26   led  25/ 99 h0.35 lvl+0.34   -
frame   108 :  an opened book +0.02  a closed book -0.17   led   0/247 h0.01 lvl-0.08   -
frame   109 :  an opened book +0.34  a closed book +0.23   led  15/124 h0.28 lvl+0.29   -
frame   110 :  an opened book +1.69*  a closed book +1.26*   led 255/  0 h1.00 lvl+1.47   MATCH an opened book (cos -0.106)
frame   111 :  an opened book +2.06*  a closed book +1.53*   led 255/  0 h1.00 lvl+1.80   MATCH an opened book (cos -0.105)
frame   112 :  an opened book +0.48  a closed book +0.41   led  32/ 86 h0.39 lvl+0.45   -
frame   113 :  a closed book -0.41  an opened book -1.20   led   0/255 h0.00 lvl-0.81   -
frame   114 :  a closed book -0.04  an opened book -1.32   led   0/255 h0.00 lvl-0.68   -
frame   115 :  an opened book +1.44*  a closed book +1.28*   led 255/  0 h1.00 lvl+1.36   MATCH an opened book (cos -0.107)
frame   116 :  an opened book -1.03  a closed book -1.49   led   0/255 h0.00 lvl-1.26   -
frame   117 :  a closed book +2.15*  an opened book +1.45*   led 255/  0 h1.00 lvl+1.80   MATCH a closed book (cos -0.087)
frame   118 :  a closed book -0.58  an opened book -0.82   led   0/255 h0.00 lvl-0.70   -
frame   119 :  a closed book +0.08  an opened book -0.33   led   1/221 h0.06 lvl-0.13   -
frame   120 :  an opened book +1.01  a closed book +0.43   led 165/  6 h0.82 lvl+0.72   -
frame   121 :  an opened book +2.46*  a closed book +1.92*   led 255/  0 h1.00 lvl+2.19   MATCH an opened book (cos -0.104)
frame   122 :  an opened book +1.84*  a closed book +0.91   led 255/  0 h1.00 lvl+1.38   MATCH an opened book (cos -0.106)
frame   123 :  a closed book +2.05*  an opened book +2.01*   led 255/  0 h1.00 lvl+2.03   MATCH a closed book (cos -0.087)
frame   124 :  an opened book +0.31  a closed book -0.42   led  12/134 h0.25 lvl-0.06   -
frame   125 :  a closed book +0.14  an opened book -0.90   led   2/195 h0.11 lvl-0.38   -
frame   126 :  a closed book +2.59*  an opened book +1.00   led 255/  0 h1.00 lvl+1.79   MATCH a closed book (cos -0.085)
frame   127 :  a closed book +1.74*  an opened book +0.27   led 255/  0 h1.00 lvl+1.00   MATCH a closed book (cos -0.089)
frame   128 :  a closed book +0.34  an opened book +0.08   led  15/126 h0.27 lvl+0.21   -
frame   129 :  a closed book +1.75*  an opened book +0.95   led 255/  0 h1.00 lvl+1.35   MATCH a closed book (cos -0.089)
frame   130 :  a closed book +1.86*  an opened book +1.29*   led 255/  0 h1.00 lvl+1.58   MATCH a closed book (cos -0.088)
frame   131 :  an opened book +0.64  a closed book -0.12   led  61/ 50 h0.52 lvl+0.26   -
frame   132 :  an opened book +1.57*  a closed book +1.06   led 255/  0 h1.00 lvl+1.31   MATCH an opened book (cos -0.107)
frame   133 :  an opened book +1.54*  a closed book +1.34*   led 255/  0 h1.00 lvl+1.44   MATCH an opened book (cos -0.107)
frame   134 :  a closed book +1.41*  an opened book +1.29*   led 255/  0 h1.00 lvl+1.35   MATCH a closed book (cos -0.090)
frame   135 :  a closed book +0.04  an opened book -0.56   led   0/237 h0.03 lvl-0.26   -
frame   136 :  a closed book -0.02  an opened book -0.04   led   0/255 h0.00 lvl-0.03   -
frame   137 :  a closed book +1.09  an opened book +0.47   led 195/  2 h0.89 lvl+0.78   -
frame   138 :  an opened book +1.14  a closed book +0.88   led 215/  1 h0.93 lvl+1.01   -
frame   139 :  a closed book +1.31*  an opened book +0.63   led 255/  0 h1.00 lvl+0.97   MATCH a closed book (cos -0.090)
frame   140 :  a closed book +0.06  an opened book -0.36   led   0/229 h0.05 lvl-0.15   -
frame   141 :  a closed book +0.33  an opened book -0.47   led  14/128 h0.27 lvl-0.07   -
frame   142 :  a closed book +1.13  an opened book +0.31   led 212/  1 h0.92 lvl+0.72   -
frame   143 :  an opened book +0.72  a closed book +0.28   led  79/ 36 h0.59 lvl+0.50   -
frame   144 :  a closed book +2.33*  an opened book +1.49*   led 255/  0 h1.00 lvl+1.91   MATCH a closed book (cos -0.086)
frame   145 :  a closed book +1.38*  an opened book +0.61   led 255/  0 h1.00 lvl+0.99   MATCH a closed book (cos -0.090)
frame   146 :  a closed book +0.83  an opened book +0.58   led 108/ 21 h0.68 lvl+0.71   -
frame   147 :  a closed book +2.16*  an opened book +1.77*   led 255/  0 h1.00 lvl+1.96   MATCH a closed book (cos -0.087)
frame   148 :  an opened book +2.38*  a closed book +1.93*   led 255/  0 h1.00 lvl+2.15   MATCH an opened book (cos -0.104)
frame   149 :  a closed book +2.62*  an opened book +1.83*   led 255/  0 h1.00 lvl+2.23   MATCH a closed book (cos -0.085)
frame   150 :  an opened book +2.81*  a closed book +2.48*   led 255/  0 h1.00 lvl+2.64   MATCH an opened book (cos -0.103)
frame   151 :  an opened book +1.88*  a closed book +1.63*   led 255/  0 h1.00 lvl+1.75   MATCH an opened book (cos -0.106)
frame   152 :  a closed book +1.26*  an opened book +0.73   led 255/  0 h1.00 lvl+0.99   MATCH a closed book (cos -0.091)
frame   153 :  a closed book +0.19  an opened book -0.22   led   4/175 h0.16 lvl-0.01   -
frame   154 :  a closed book +3.72*  an opened book +3.34*   led 255/  0 h1.00 lvl+3.53   MATCH a closed book (cos -0.081)
frame   155 :  a closed book +2.09*  an opened book +2.05*   led 255/  0 h1.00 lvl+2.07   MATCH a closed book (cos -0.087)
frame   156 :  a closed book +1.24*  an opened book +0.72   led 255/  0 h1.00 lvl+0.98   MATCH a closed book (cos -0.091)
frame   157 :  an opened book +2.52*  a closed book +2.42*   led 255/  0 h1.00 lvl+2.47   MATCH an opened book (cos -0.104)
frame   158 :  a closed book +2.01*  an opened book +1.29*   led 255/  0 h1.00 lvl+1.65   MATCH a closed book (cos -0.088)
frame   159 :  a closed book +1.53*  an opened book +1.27*   led 255/  0 h1.00 lvl+1.40   MATCH a closed book (cos -0.089)
frame   160 :  a closed book -1.09  an opened book -1.38   led   0/255 h0.00 lvl-1.23   -
frame   161 :  a closed book -0.64  an opened book -2.51   led   0/255 h0.00 lvl-1.57   -
frame   162 :  a closed book +1.35*  an opened book +0.64   led 255/  0 h1.00 lvl+0.99   MATCH a closed book (cos -0.090)
frame   163 :  an opened book +0.93  a closed book +0.45   led 139/ 11 h0.76 lvl+0.69   -
frame   164 :  a closed book +1.55*  an opened book +1.40*   led 255/  0 h1.00 lvl+1.48   MATCH a closed book (cos -0.089)
frame   165 :  a closed book +0.71  an opened book +0.65   led  75/ 39 h0.57 lvl+0.68   -
frame   166 :  a closed book +0.64  an opened book -0.02   led  61/ 50 h0.52 lvl+0.31   -
frame   167 :  a closed book +2.40*  an opened book +1.77*   led 255/  0 h1.00 lvl+2.09   MATCH a closed book (cos -0.086)
frame   168 :  a closed book +2.33*  an opened book +1.50*   led 255/  0 h1.00 lvl+1.91   MATCH a closed book (cos -0.086)
frame   169 :  a closed book +0.75  an opened book -0.11   led  86/ 32 h0.61 lvl+0.32   -
frame   170 :  a closed book +2.10*  an opened book +1.36*   led 255/  0 h1.00 lvl+1.73   MATCH a closed book (cos -0.087)
frame   171 :  a closed book -0.61  an opened book -1.61   led   0/255 h0.00 lvl-1.11   -
frame   172 :  an opened book +1.05  a closed book -0.51   led 180/  4 h0.85 lvl+0.27   -
frame   173 :  an opened book +1.84*  a closed book +1.40*   led 255/  0 h1.00 lvl+1.62   MATCH an opened book (cos -0.106)
frame   174 :  an opened book +0.64  a closed book +0.31   led  61/ 51 h0.52 lvl+0.47   -
frame   175 :  a closed book -0.19  an opened book -1.38   led   0/255 h0.00 lvl-0.78   -
frame   176 :  a closed book +0.66  an opened book +0.18   led  65/ 47 h0.54 lvl+0.42   -
frame   177 :  an opened book -0.47  a closed book -1.07   led   0/255 h0.00 lvl-0.77   -
frame   178 :  a closed book +0.78  an opened book +0.50   led  94/ 28 h0.64 lvl+0.64   -
frame   179 :  an opened book +1.69*  a closed book +1.66*   led 255/  0 h1.00 lvl+1.68   MATCH an opened book (cos -0.106)
frame   180 :  an opened book +1.42*  a closed book +1.42*   led 255/  0 h1.00 lvl+1.42   MATCH an opened book (cos -0.107)
frame   181 :  an opened book +2.57*  a closed book +2.28*   led 255/  0 h1.00 lvl+2.43   MATCH an opened book (cos -0.104)
frame   182 :  a closed book +1.81*  an opened book +1.29*   led 255/  0 h1.00 lvl+1.55   MATCH a closed book (cos -0.088)
frame   183 :  a closed book +0.29  an opened book -0.12   led  11/141 h0.24 lvl+0.08   -
frame   184 :  an opened book +1.77*  a closed book +1.13   led 255/  0 h1.00 lvl+1.45   MATCH an opened book (cos -0.106)
frame   185 :  an opened book -1.62  a closed book -1.70   led   0/255 h0.00 lvl-1.66   -
frame   186 :  a closed book +0.82  an opened book -0.30   led 104/ 23 h0.67 lvl+0.26   -
frame   187 :  a closed book +3.47*  an opened book +3.24*   led 255/  0 h1.00 lvl+3.36   MATCH a closed book (cos -0.082)
frame   188 :  a closed book -0.71  an opened book -1.12   led   0/255 h0.00 lvl-0.92   -
frame   189 :  a closed book +1.23  an opened book +0.94   led 253/  0 h1.00 lvl+1.08   -
frame   190 :  an opened book +3.03*  a closed book +1.68*   led 255/  0 h1.00 lvl+2.36   MATCH an opened book (cos -0.102)
frame   191 :  an opened book +2.83*  a closed book +2.71*   led 255/  0 h1.00 lvl+2.77   MATCH an opened book (cos -0.103)
frame   192 :  an opened book +0.95  a closed book +0.09   led 145/ 10 h0.77 lvl+0.52   -
frame   193 :  a closed book +1.21  an opened book +0.99   led 248/  0 h0.99 lvl+1.10   -
frame   194 :  an opened book -0.02  a closed book -0.68   led   0/255 h0.00 lvl-0.35   -
frame   195 :  an opened book +0.17  a closed book -1.56   led   3/185 h0.14 lvl-0.70   -
frame   196 :  an opened book +1.52*  a closed book +0.77   led 255/  0 h1.00 lvl+1.15   MATCH an opened book (cos -0.107)
frame   197 :  an opened book +1.50*  a closed book +0.56   led 255/  0 h1.00 lvl+1.03   MATCH an opened book (cos -0.107)
frame   198 :  an opened book +1.59*  a closed book +1.36*   led 255/  0 h1.00 lvl+1.47   MATCH an opened book (cos -0.107)
frame   199 :  an opened book +0.79  a closed book +0.65   led  97/ 26 h0.65 lvl+0.72   -
background: after 30 frames (frozen, room spread), this room reads  a closed book -0.095 +-0.0039 (COCO -0.159 +-0.0351)  an opened book -0.111 +-0.0029 (COCO -0.151 +-0.0303)
frame   200 :  a closed book +0.72  an opened book +0.15   led  79/ 36 h0.59 lvl+0.44   -
frame   201 :  a closed book +0.69  an opened book +0.01   led  71/ 42 h0.56 lvl+0.35   -
frame   202 :  a closed book -0.63  an opened book -1.65   led   0/255 h0.00 lvl-1.14   -
frame   203 :  an opened book +0.43  a closed book +0.05   led  26/ 98 h0.35 lvl+0.24   -
frame   204 :  an opened book +1.47*  a closed book +1.11   led 255/  0 h1.00 lvl+1.29   MATCH an opened book (cos -0.107)
frame   205 :  an opened book -0.07  a closed book -0.36   led   0/255 h0.00 lvl-0.22   -
frame   206 :  an opened book -0.48  a closed book -0.69   led   0/255 h0.00 lvl-0.58   -
frame   207 :  an opened book +0.74  a closed book +0.35   led  84/ 33 h0.60 lvl+0.55   -
frame   208 :  an opened book +1.76*  a closed book +1.40*   led 255/  0 h1.00 lvl+1.58   MATCH an opened book (cos -0.106)
frame   209 :  an opened book +0.41  a closed book +0.15   led  23/105 h0.33 lvl+0.28   -
frame   210 :  an opened book -1.06  a closed book -1.33   led   0/255 h0.00 lvl-1.19   -
frame   211 :  a closed book +0.12  an opened book -0.17   led   2/203 h0.10 lvl-0.02   -
frame   212 :  an opened book +0.22  a closed book -0.33   led   6/166 h0.18 lvl-0.06   -
frame   213 :  an opened book +0.26  a closed book +0.00   led   8/153 h0.21 lvl+0.13   -
frame   214 :  an opened book +0.46  a closed book +0.23   led  30/ 90 h0.38 lvl+0.34   -
frame   215 :  a closed book +0.82  an opened book +0.33   led 105/ 23 h0.67 lvl+0.58   -
frame   216 :  a closed book +0.14  an opened book -0.09   led   2/194 h0.12 lvl+0.03   -
frame   217 :  a closed book +0.77  an opened book +0.31   led  90/ 30 h0.62 lvl+0.54   -
frame   218 :  a closed book +0.75  an opened book +0.41   led  85/ 32 h0.61 lvl+0.58   -
frame   219 :  an opened book -0.35  a closed book -0.81   led   0/255 h0.00 lvl-0.58   -
frame   220 :  an opened book -0.25  a closed book -0.58   led   0/255 h0.00 lvl-0.41   -
frame   221 :  a closed book -0.03  an opened book -0.14   led   0/255 h0.00 lvl-0.09   -
frame   222 :  an opened book +0.73  a closed book -0.10   led  80/ 35 h0.59 lvl+0.31   -
frame   223 :  an opened book +0.35  a closed book -0.22   led  16/122 h0.29 lvl+0.06   -
frame   224 :  a closed book -0.77  an opened book -0.77   led   0/255 h0.00 lvl-0.77   -
frame   225 :  an opened book -0.34  a closed book -0.65   led   0/255 h0.00 lvl-0.50   -
frame   226 :  an opened book +0.29  a closed book -0.10   led  11/140 h0.24 lvl+0.09   -
frame   227 :  an opened book +3.00*  a closed book +2.10*   led 255/  0 h1.00 lvl+2.55   MATCH an opened book (cos -0.102)
frame   228 :  an opened book +3.00*  a closed book +1.81*   led 255/  0 h1.00 lvl+2.40   MATCH an opened book (cos -0.102)
frame   229 :  an opened book -0.40  a closed book -1.22   led   0/255 h0.00 lvl-0.81   -
frame   230 :  a closed book -0.13  an opened book -0.65   led   0/255 h0.00 lvl-0.39   -
frame   231 :  an opened book +2.66*  a closed book +1.95*   led 255/  0 h1.00 lvl+2.31   MATCH an opened book (cos -0.103)
frame   232 :  an opened book +1.53*  a closed book +1.01   led 255/  0 h1.00 lvl+1.27   MATCH an opened book (cos -0.107)
frame   233 :  a closed book +1.98*  an opened book +1.12   led 255/  0 h1.00 lvl+1.55   MATCH a closed book (cos -0.088)
frame   234 :  an opened book -0.44  a closed book -0.96   led   0/255 h0.00 lvl-0.70   -
frame   235 :  a closed book -2.19  an opened book -2.53   led   0/255 h0.00 lvl-2.36   -
frame   236 :  an opened book +0.85  a closed book -0.41   led 113/ 19 h0.69 lvl+0.22   -
frame   237 :  an opened book +0.52  a closed book +0.02   led  38/ 76 h0.42 lvl+0.27   -
frame   238 :  a closed book +0.12  an opened book -0.16   led   1/204 h0.10 lvl-0.02   -
frame   239 :  a closed book +0.85  an opened book +0.57   led 113/ 19 h0.69 lvl+0.71   -
frame   240 :  an opened book -0.74  a closed book -1.91   led   0/255 h0.00 lvl-1.33   -
frame   241 :  a closed book +1.03  an opened book +0.50   led 174/  5 h0.84 lvl+0.77   -
frame   242 :  an opened book +2.02*  a closed book +1.51*   led 255/  0 h1.00 lvl+1.76   MATCH an opened book (cos -0.105)
frame   243 :  an opened book +1.60*  a closed book +1.36*   led 255/  0 h1.00 lvl+1.48   MATCH an opened book (cos -0.106)
frame   244 :  an opened book +0.92  a closed book +0.34   led 136/ 12 h0.75 lvl+0.63   -
frame   245 :  a closed book +0.47  an opened book +0.19   led  31/ 89 h0.38 lvl+0.33   -
frame   246 :  an opened book -0.01  a closed book -0.80   led   0/255 h0.00 lvl-0.41   -
frame   247 :  a closed book -0.72  an opened book -0.88   led   0/255 h0.00 lvl-0.80   -
frame   248 :  an opened book -0.86  a closed book -1.03   led   0/255 h0.00 lvl-0.94   -
frame   249 :  an opened book -0.03  a closed book -0.48   led   0/255 h0.00 lvl-0.25   -
frame   250 :  an opened book +2.17*  a closed book +0.99   led 255/  0 h1.00 lvl+1.58   MATCH an opened book (cos -0.105)
frame   251 :  an opened book +1.44*  a closed book +0.02   led 255/  0 h1.00 lvl+0.73   MATCH an opened book (cos -0.107)
frame   252 :  a closed book -1.72  an opened book -2.04   led   0/255 h0.00 lvl-1.88   -
frame   253 :  an opened book +0.31  a closed book -0.77   led  12/135 h0.25 lvl-0.23   -
frame   254 :  an opened book -0.18  a closed book -0.24   led   0/255 h0.00 lvl-0.21   -
frame   255 :  an opened book -0.29  a closed book -0.71   led   0/255 h0.00 lvl-0.50   -
frame   256 :  an opened book +1.34*  a closed book +1.03   led 255/  0 h1.00 lvl+1.18   MATCH an opened book (cos -0.107)
frame   257 :  a closed book -0.49  an opened book -0.77   led   0/255 h0.00 lvl-0.63   -
frame   258 :  an opened book +2.29*  a closed book +1.40*   led 255/  0 h1.00 lvl+1.84   MATCH an opened book (cos -0.104)
frame   259 :  an opened book +0.57  a closed book +0.04   led  47/ 65 h0.46 lvl+0.31   -
frame   260 :  an opened book +0.69  a closed book +0.12   led  72/ 41 h0.56 lvl+0.41   -
frame   261 :  an opened book -0.86  a closed book -1.11   led   0/255 h0.00 lvl-0.98   -
frame   262 :  an opened book +0.30  a closed book +0.17   led  11/138 h0.24 lvl+0.23   -
frame   263 :  an opened book +1.64*  a closed book +1.56*   led 255/  0 h1.00 lvl+1.60   MATCH an opened book (cos -0.106)
frame   264 :  an opened book +2.58*  a closed book +1.33*   led 255/  0 h1.00 lvl+1.96   MATCH an opened book (cos -0.104)
frame   265 :  an opened book +1.13  a closed book -0.86   led 210/  1 h0.92 lvl+0.13   -
frame   266 :  an opened book +2.16*  a closed book +1.74*   led 255/  0 h1.00 lvl+1.95   MATCH an opened book (cos -0.105)
frame   267 :  an opened book +2.27*  a closed book +1.32*   led 255/  0 h1.00 lvl+1.79   MATCH an opened book (cos -0.105)
frame   268 :  an opened book +2.01*  a closed book +1.12   led 255/  0 h1.00 lvl+1.57   MATCH an opened book (cos -0.105)
frame   269 :  an opened book -1.04  a closed book -2.72   led   0/255 h0.00 lvl-1.88   -
frame   270 :  an opened book -0.13  a closed book -0.29   led   0/255 h0.00 lvl-0.21   -
frame   271 :  an opened book +0.32  a closed book -0.29   led  13/133 h0.26 lvl+0.01   -
frame   272 :  an opened book +1.10  a closed book -0.19   led 199/  2 h0.89 lvl+0.46   -
frame   273 :  an opened book +0.78  a closed book +0.70   led  95/ 27 h0.64 lvl+0.74   -
frame   274 :  an opened book +1.40*  a closed book +0.08   led 255/  0 h1.00 lvl+0.74   MATCH an opened book (cos -0.107)
frame   275 :  a closed book +1.17  an opened book +0.60   led 231/  0 h0.96 lvl+0.89   -
frame   276 :  an opened book -0.98  a closed book -1.72   led   0/255 h0.00 lvl-1.35   -
frame   277 :  an opened book +0.88  a closed book +0.28   led 122/ 16 h0.71 lvl+0.58   -
frame   278 :  an opened book +1.25*  a closed book +0.16   led 255/  0 h1.00 lvl+0.71   MATCH an opened book (cos -0.108)
frame   279 :  an opened book +0.76  a closed book +0.10   led  87/ 31 h0.61 lvl+0.43   -
frame   280 :  an opened book +0.85  a closed book -0.25   led 114/ 19 h0.69 lvl+0.30   -
frame   281 :  an opened book +1.31*  a closed book -0.01   led 255/  0 h1.00 lvl+0.65   MATCH an opened book (cos -0.107)
frame   282 :  an opened book +1.27*  a closed book +0.19   led 255/  0 h1.00 lvl+0.73   MATCH an opened book (cos -0.107)
frame   283 :  an opened book -0.09  a closed book -1.08   led   0/255 h0.00 lvl-0.59   -
frame   284 :  an opened book -0.94  a closed book -2.38   led   0/255 h0.00 lvl-1.66   -
frame   285 :  an opened book +1.25*  a closed book -0.03   led 255/  0 h1.00 lvl+0.61   MATCH an opened book (cos -0.108)
frame   286 :  an opened book +1.32*  a closed book -0.03   led 255/  0 h1.00 lvl+0.64   MATCH an opened book (cos -0.107)
frame   287 :  an opened book +1.98*  a closed book +0.02   led 255/  0 h1.00 lvl+1.00   MATCH an opened book (cos -0.105)
frame   288 :  an opened book +0.23  a closed book -1.00   led   7/161 h0.19 lvl-0.38   -
frame   289 :  a closed book -0.85  an opened book -1.36   led   0/255 h0.00 lvl-1.10   -
frame   290 :  an opened book +0.63  a closed book -0.16   led  58/ 53 h0.51 lvl+0.23   -
frame   291 :  an opened book +0.65  a closed book -0.15   led  63/ 49 h0.53 lvl+0.25   -
frame   292 :  an opened book -0.84  a closed book -2.02   led   0/255 h0.00 lvl-1.43   -
frame   293 :  a closed book -0.30  an opened book -0.40   led   0/255 h0.00 lvl-0.35   -
frame   294 :  an opened book -1.57  a closed book -1.59   led   0/255 h0.00 lvl-1.58   -
frame   295 :  an opened book -1.52  a closed book -2.57   led   0/255 h0.00 lvl-2.04   -
frame   296 :  an opened book -0.47  a closed book -1.25   led   0/255 h0.00 lvl-0.86   -
frame   297 :  an opened book -0.71  a closed book -1.31   led   0/255 h0.00 lvl-1.01   -
frame   298 :  an opened book -1.00  a closed book -1.29   led   0/255 h0.00 lvl-1.15   -
frame   299 :  an opened book -0.15  a closed book -1.45   led   0/255 h0.00 lvl-0.80   -
background: after 30 frames (frozen, room spread), this room reads  a closed book -0.095 +-0.0039 (COCO -0.159 +-0.0351)  an opened book -0.111 +-0.0029 (COCO -0.151 +-0.0303)
frame   300 :  an opened book +0.06  a closed book -0.75   led   0/227 h0.05 lvl-0.34   -
frame   301 :  an opened book +0.56  a closed book -0.81   led  45/ 67 h0.46 lvl-0.12   -
frame   302 :  an opened book -0.74  a closed book -0.84   led   0/255 h0.00 lvl-0.79   -
frame   303 :  an opened book +0.51  a closed book -0.59   led  37/ 78 h0.42 lvl-0.04   -
frame   304 :  an opened book +0.98  a closed book +0.49   led 156/  7 h0.80 lvl+0.74   -
frame   305 :  an opened book -0.11  a closed book -1.10   led   0/255 h0.00 lvl-0.60   -
frame   306 :  an opened book +0.51  a closed book -0.71   led  37/ 78 h0.41 lvl-0.10   -
frame   307 :  an opened book +3.18*  a closed book +1.14   led 255/  0 h1.00 lvl+2.16   MATCH an opened book (cos -0.102)
frame   308 :  an opened book -0.96  a closed book -2.26   led   0/255 h0.00 lvl-1.61   -
frame   309 :  an opened book +1.06  a closed book -0.70   led 185/  3 h0.86 lvl+0.18   -
frame   310 :  an opened book +0.35  a closed book +0.11   led  16/124 h0.28 lvl+0.23   -
frame   311 :  an opened book +1.31*  a closed book +0.13   led 255/  0 h1.00 lvl+0.72   MATCH an opened book (cos -0.107)
frame   312 :  an opened book +0.22  a closed book -0.65   led   6/166 h0.18 lvl-0.21   -
frame   313 :  an opened book -1.44  a closed book -2.20   led   0/255 h0.00 lvl-1.82   -
frame   314 :  an opened book +0.58  a closed book -0.33   led  49/ 63 h0.47 lvl+0.12   -
frame   315 :  an opened book -0.80  a closed book -2.05   led   0/255 h0.00 lvl-1.43   -
frame   316 :  a closed book -1.53  an opened book -1.69   led   0/255 h0.00 lvl-1.61   -
frame   317 :  an opened book -1.04  a closed book -1.22   led   0/255 h0.00 lvl-1.13   -
frame   318 :  an opened book +0.97  a closed book -0.01   led 151/  8 h0.79 lvl+0.48   -
frame   319 :  an opened book +0.47  a closed book -0.80   led  31/ 88 h0.38 lvl-0.17   -
frame   320 :  an opened book +0.32  a closed book -0.36   led  13/131 h0.26 lvl-0.02   -
frame   321 :  an opened book -1.65  a closed book -3.21   led   0/255 h0.00 lvl-2.43   -
frame   322 :  an opened book +1.85*  a closed book +0.36   led 255/  0 h1.00 lvl+1.10   MATCH an opened book (cos -0.106)
frame   323 :  an opened book +0.29  a closed book -0.78   led  11/140 h0.24 lvl-0.24   -
frame   324 :  a closed book -0.59  an opened book -0.75   led   0/255 h0.00 lvl-0.67   -
frame   325 :  an opened book +0.55  a closed book -1.32   led  43/ 70 h0.44 lvl-0.39   -
frame   326 :  an opened book -1.04  a closed book -1.13   led   0/255 h0.00 lvl-1.08   -
frame   327 :  an opened book +0.71  a closed book -0.64   led  75/ 39 h0.57 lvl+0.03   -
frame   328 :  an opened book +1.57*  a closed book -0.06   led 255/  0 h1.00 lvl+0.76   MATCH an opened book (cos -0.107)
frame   329 :  an opened book -0.60  a closed book -0.95   led   0/255 h0.00 lvl-0.78   -
frame   330 :  an opened book -2.73  a closed book -3.47   led   0/255 h0.00 lvl-3.10   -
frame   331 :  an opened book +0.55  a closed book +0.05   led  44/ 68 h0.45 lvl+0.30   -
frame   332 :  an opened book +0.95  a closed book -0.37   led 146/  9 h0.78 lvl+0.29   -
frame   333 :  an opened book +0.87  a closed book +0.30   led 120/ 17 h0.71 lvl+0.59   -
frame   334 :  an opened book -0.47  a closed book -2.10   led   0/255 h0.00 lvl-1.29   -
frame   335 :  an opened book +1.06  a closed book -0.97   led 182/  3 h0.86 lvl+0.04   -
frame   336 :  an opened book +0.51  a closed book -0.20   led  37/ 79 h0.41 lvl+0.16   -
frame   337 :  an opened book +1.49*  a closed book +0.66   led 255/  0 h1.00 lvl+1.07   MATCH an opened book (cos -0.107)
frame   338 :  a closed book -0.16  an opened book -0.54   led   0/255 h0.00 lvl-0.35   -
frame   339 :  an opened book +0.71  a closed book +0.42   led  76/ 38 h0.58 lvl+0.57   -
frame   340 :  a closed book -1.42  an opened book -1.46   led   0/255 h0.00 lvl-1.44   -
frame   341 :  an opened book +0.41  a closed book +0.26   led  23/105 h0.33 lvl+0.33   -
frame   342 :  an opened book +0.98  a closed book +0.32   led 153/  8 h0.79 lvl+0.65   -
frame   343 :  an opened book -0.93  a closed book -1.48   led   0/255 h0.00 lvl-1.20   -
frame   344 :  an opened book -1.66  a closed book -2.17   led   0/255 h0.00 lvl-1.91   -
frame   345 :  a closed book -0.02  an opened book -0.26   led   0/255 h0.00 lvl-0.14   -
frame   346 :  an opened book -0.90  a closed book -1.47   led   0/255 h0.00 lvl-1.19   -
frame   347 :  an opened book +0.68  a closed book -0.35   led  70/ 43 h0.56 lvl+0.17   -
frame   348 :  an opened book +1.03  a closed book +0.37   led 173/  5 h0.84 lvl+0.70   -
frame   349 :  an opened book +0.84  a closed book -0.00   led 111/ 20 h0.69 lvl+0.42   -
frame   350 :  an opened book +0.53  a closed book +0.50   led  40/ 73 h0.43 lvl+0.52   -
frame   351 :  an opened book -1.23  a closed book -1.35   led   0/255 h0.00 lvl-1.29   -
frame   352 :  an opened book +0.20  a closed book -0.55   led   5/172 h0.16 lvl-0.17   -
frame   353 :  an opened book -0.31  a closed book -1.31   led   0/255 h0.00 lvl-0.81   -
frame   354 :  an opened book -0.61  a closed book -1.33   led   0/255 h0.00 lvl-0.97   -
frame   355 :  an opened book -0.88  a closed book -1.20   led   0/255 h0.00 lvl-1.04   -
frame   356 :  an opened book -0.39  a closed book -1.52   led   0/255 h0.00 lvl-0.96   -
frame   357 :  an opened book -0.26  a closed book -0.66   led   0/255 h0.00 lvl-0.46   -
frame   358 :  an opened book +2.17*  a closed book +1.28*   led 255/  0 h1.00 lvl+1.73   MATCH an opened book (cos -0.105)
frame   359 :  a closed book -0.51  an opened book -0.71   led   0/255 h0.00 lvl-0.61   -
frame   360 :  an opened book +1.88*  a closed book +1.04   led 255/  0 h1.00 lvl+1.46   MATCH an opened book (cos -0.106)
frame   361 :  a closed book -0.06  an opened book -0.21   led   0/255 h0.00 lvl-0.13   -
frame   362 :  a closed book +1.28*  an opened book +1.10   led 255/  0 h1.00 lvl+1.19   MATCH a closed book (cos -0.090)
frame   363 :  a closed book +3.74*  an opened book +1.31*   led 255/  0 h1.00 lvl+2.53   MATCH a closed book (cos -0.081)
frame   364 :  a closed book +2.65*  an opened book -0.25   led 255/  0 h1.00 lvl+1.20   MATCH a closed book (cos -0.085)
frame   365 :  a closed book +2.53*  an opened book +0.33   led 255/  0 h1.00 lvl+1.43   MATCH a closed book (cos -0.086)
frame   366 :  a closed book +1.91*  an opened book +1.31*   led 255/  0 h1.00 lvl+1.61   MATCH a closed book (cos -0.088)
frame   367 :  a closed book +0.69  an opened book -0.73   led  72/ 41 h0.56 lvl-0.02   -
frame   368 :  a closed book +2.53*  an opened book +1.29*   led 255/  0 h1.00 lvl+1.91   MATCH a closed book (cos -0.086)
frame   369 :  a closed book +2.61*  an opened book +0.04   led 255/  0 h1.00 lvl+1.32   MATCH a closed book (cos -0.085)
frame   370 :  a closed book +1.06  an opened book -1.39   led 182/  3 h0.86 lvl-0.16   -
frame   371 :  a closed book +2.93*  an opened book +0.20   led 255/  0 h1.00 lvl+1.57   MATCH a closed book (cos -0.084)
frame   372 :  a closed book +3.22*  an opened book +1.30*   led 255/  0 h1.00 lvl+2.26   MATCH a closed book (cos -0.083)
frame   373 :  a closed book +2.39*  an opened book +0.16   led 255/  0 h1.00 lvl+1.27   MATCH a closed book (cos -0.086)
frame   374 :  a closed book +0.53  an opened book -1.62   led  39/ 75 h0.43 lvl-0.55   -
frame   375 :  a closed book +2.15*  an opened book -0.23   led 255/  0 h1.00 lvl+0.96   MATCH a closed book (cos -0.087)
frame   376 :  a closed book +2.69*  an opened book +0.09   led 255/  0 h1.00 lvl+1.39   MATCH a closed book (cos -0.085)
frame   377 :  a closed book +1.13  an opened book -1.35   led 213/  1 h0.92 lvl-0.11   -
frame   378 :  a closed book +0.68  an opened book -0.68   led  69/ 43 h0.55 lvl-0.00   -
frame   379 :  a closed book +3.05*  an opened book +1.36*   led 255/  0 h1.00 lvl+2.21   MATCH a closed book (cos -0.084)
frame   380 :  a closed book +2.30*  an opened book -0.42   led 255/  0 h1.00 lvl+0.94   MATCH a closed book (cos -0.087)
frame   381 :  a closed book +0.53  an opened book -0.18   led  41/ 73 h0.43 lvl+0.17   -
frame   382 :  a closed book +1.45*  an opened book -0.37   led 255/  0 h1.00 lvl+0.54   MATCH a closed book (cos -0.090)
frame   383 :  a closed book +0.05  an opened book -1.06   led   0/232 h0.04 lvl-0.50   -
frame   384 :  a closed book +2.40*  an opened book +1.46*   led 255/  0 h1.00 lvl+1.93   MATCH a closed book (cos -0.086)
frame   385 :  a closed book +3.79*  an opened book +1.56*   led 255/  0 h1.00 lvl+2.68   MATCH a closed book (cos -0.081)
frame   386 :  a closed book +2.39*  an opened book +0.93   led 255/  0 h1.00 lvl+1.66   MATCH a closed book (cos -0.086)
frame   387 :  a closed book +1.98*  an opened book +0.42   led 255/  0 h1.00 lvl+1.20   MATCH a closed book (cos -0.088)
frame   388 :  a closed book +2.24*  an opened book -0.42   led 255/  0 h1.00 lvl+0.91   MATCH a closed book (cos -0.087)
frame   389 :  a closed book +2.05*  an opened book +0.97   led 255/  0 h1.00 lvl+1.51   MATCH a closed book (cos -0.087)
frame   390 :  a closed book +1.08  an opened book +0.10   led 191/  3 h0.88 lvl+0.59   -
frame   391 :  a closed book +1.91*  an opened book +0.19   led 255/  0 h1.00 lvl+1.05   MATCH a closed book (cos -0.088)
frame   392 :  a closed book +1.36*  an opened book -0.42   led 255/  0 h1.00 lvl+0.47   MATCH a closed book (cos -0.090)
frame   393 :  a closed book +0.17  an opened book -1.95   led   3/184 h0.14 lvl-0.89   -
frame   394 :  a closed book +2.51*  an opened book +0.69   led 255/  0 h1.00 lvl+1.60   MATCH a closed book (cos -0.086)
frame   395 :  a closed book +1.56*  an opened book -0.50   led 255/  0 h1.00 lvl+0.53   MATCH a closed book (cos -0.089)
frame   396 :  a closed book +2.06*  an opened book +0.81   led 255/  0 h1.00 lvl+1.44   MATCH a closed book (cos -0.087)
frame   397 :  a closed book +2.98*  an opened book +1.20   led 255/  0 h1.00 lvl+2.09   MATCH a closed book (cos -0.084)
frame   398 :  a closed book +0.99  an opened book -0.94   led 159/  7 h0.81 lvl+0.03   -
frame   399 :  a closed book +1.95*  an opened book -0.06   led 255/  0 h1.00 lvl+0.95   MATCH a closed book (cos -0.088)
background: after 30 frames (frozen, room spread), this room reads  a closed book -0.095 +-0.0039 (COCO -0.159 +-0.0351)  an opened book -0.111 +-0.0029 (COCO -0.151 +-0.0303)
frame   400 :  a closed book +1.84*  an opened book +0.19   led 255/  0 h1.00 lvl+1.02   MATCH a closed book (cos -0.088)
frame   401 :  a closed book +1.33*  an opened book -0.61   led 255/  0 h1.00 lvl+0.36   MATCH a closed book (cos -0.090)
frame   402 :  a closed book +2.16*  an opened book +0.86   led 255/  0 h1.00 lvl+1.51   MATCH a closed book (cos -0.087)
frame   403 :  a closed book +2.74*  an opened book +0.94   led 255/  0 h1.00 lvl+1.84   MATCH a closed book (cos -0.085)
frame   404 :  a closed book +1.10  an opened book -0.11   led 198/  2 h0.89 lvl+0.49   -
frame   405 :  a closed book +4.13*  an opened book +2.06*   led 255/  0 h1.00 lvl+3.09   MATCH a closed book (cos -0.079)
frame   406 :  a closed book +3.92*  an opened book +2.25*   led 255/  0 h1.00 lvl+3.08   MATCH a closed book (cos -0.080)
frame   407 :  a closed book +1.92*  an opened book -0.00   led 255/  0 h1.00 lvl+0.96   MATCH a closed book (cos -0.088)
frame   408 :  a closed book +1.68*  an opened book +0.43   led 255/  0 h1.00 lvl+1.05   MATCH a closed book (cos -0.089)
frame   409 :  a closed book +0.43  an opened book -1.00   led  25/ 99 h0.35 lvl-0.28   -
frame   410 :  a closed book +1.33*  an opened book -1.08   led 255/  0 h1.00 lvl+0.13   MATCH a closed book (cos -0.090)
frame   411 :  a closed book +1.68*  an opened book +0.50   led 255/  0 h1.00 lvl+1.09   MATCH a closed book (cos -0.089)
frame   412 :  a closed book +1.21  an opened book -0.24   led 245/  0 h0.98 lvl+0.48   -
frame   413 :  a closed book +1.19  an opened book -0.29   led 239/  0 h0.97 lvl+0.45   -
frame   414 :  a closed book +1.55*  an opened book -0.23   led 255/  0 h1.00 lvl+0.66   MATCH a closed book (cos -0.089)
frame   415 :  a closed book +0.72  an opened book -1.13   led  79/ 36 h0.59 lvl-0.20   -
frame   416 :  a closed book +3.38*  an opened book +1.79*   led 255/  0 h1.00 lvl+2.58   MATCH a closed book (cos -0.082)
frame   417 :  a closed book -0.28  an opened book -2.36   led   0/255 h0.00 lvl-1.32   -
frame   418 :  a closed book +3.06*  an opened book +1.08   led 255/  0 h1.00 lvl+2.07   MATCH a closed book (cos -0.084)
frame   419 :  a closed book +1.14  an opened book -1.02   led 217/  1 h0.93 lvl+0.06   -
frame   420 :  a closed book +0.37  an opened book -1.94   led  19/115 h0.30 lvl-0.79   -
frame   421 :  a closed book +2.71*  an opened book +1.25*   led 255/  0 h1.00 lvl+1.98   MATCH a closed book (cos -0.085)
frame   422 :  a closed book +0.25  an opened book -0.44   led   8/155 h0.20 lvl-0.10   -
frame   423 :  a closed book +1.32*  an opened book -0.88   led 255/  0 h1.00 lvl+0.22   MATCH a closed book (cos -0.090)
frame   424 :  a closed book +1.21  an opened book -0.70   led 246/  0 h0.98 lvl+0.25   -
frame   425 :  a closed book +1.37*  an opened book +0.60   led 255/  0 h1.00 lvl+0.99   MATCH a closed book (cos -0.090)
frame   426 :  a closed book +1.84*  an opened book +1.24*   led 255/  0 h1.00 lvl+1.54   MATCH a closed book (cos -0.088)
frame   427 :  a closed book +1.62*  an opened book -0.96   led 255/  0 h1.00 lvl+0.33   MATCH a closed book (cos -0.089)
frame   428 :  a closed book +1.81*  an opened book +0.90   led 255/  0 h1.00 lvl+1.35   MATCH a closed book (cos -0.088)
frame   429 :  a closed book -0.30  an opened book -0.74   led   0/255 h0.00 lvl-0.52   -
frame   430 :  a closed book +1.90*  an opened book +0.43   led 255/  0 h1.00 lvl+1.16   MATCH a closed book (cos -0.088)
frame   431 :  a closed book +1.62*  an opened book +0.57   led 255/  0 h1.00 lvl+1.09   MATCH a closed book (cos -0.089)
frame   432 :  a closed book +0.54  an opened book -0.97   led  42/ 71 h0.44 lvl-0.21   -
frame   433 :  a closed book +1.39*  an opened book -0.49   led 255/  0 h1.00 lvl+0.45   MATCH a closed book (cos -0.090)
frame   434 :  a closed book +2.98*  an opened book +1.00   led 255/  0 h1.00 lvl+1.99   MATCH a closed book (cos -0.084)
frame   435 :  a closed book +1.59*  an opened book +0.14   led 255/  0 h1.00 lvl+0.86   MATCH a closed book (cos -0.089)
frame   436 :  a closed book +1.84*  an opened book +0.21   led 255/  0 h1.00 lvl+1.03   MATCH a closed book (cos -0.088)
frame   437 :  a closed book +0.57  an opened book +0.36   led  46/ 66 h0.46 lvl+0.47   -
frame   438 :  a closed book +1.12  an opened book -0.44   led 208/  1 h0.91 lvl+0.34   -
frame   439 :  a closed book +2.12*  an opened book -0.39   led 255/  0 h1.00 lvl+0.86   MATCH a closed book (cos -0.087)
frame   440 :  a closed book +0.86  an opened book -0.14   led 117/ 18 h0.70 lvl+0.36   -
frame   441 :  a closed book +0.56  an opened book -0.25   led  45/ 67 h0.45 lvl+0.15   -
frame   442 :  a closed book +2.18*  an opened book +0.41   led 255/  0 h1.00 lvl+1.30   MATCH a closed book (cos -0.087)
frame   443 :  an opened book +1.67*  a closed book +1.29*   led 255/  0 h1.00 lvl+1.48   MATCH an opened book (cos -0.106)
frame   444 :  a closed book +2.44*  an opened book +1.47*   led 255/  0 h1.00 lvl+1.96   MATCH a closed book (cos -0.086)
frame   445 :  a closed book +1.73*  an opened book -0.01   led 255/  0 h1.00 lvl+0.86   MATCH a closed book (cos -0.089)
frame   446 :  a closed book +0.41  an opened book -0.58   led  23/105 h0.33 lvl-0.08   -
frame   447 :  an opened book +1.81*  a closed book +1.42*   led 255/  0 h1.00 lvl+1.62   MATCH an opened book (cos -0.106)
frame   448 :  an opened book +1.36*  a closed book +1.10   led 255/  0 h1.00 lvl+1.23   MATCH an opened book (cos -0.107)
frame   449 :  an opened book +0.02  a closed book -0.60   led   0/246 h0.02 lvl-0.29   -
frame   450 :  an opened book +0.15  a closed book -0.31   led   2/193 h0.12 lvl-0.08   -
frame   451 :  an opened book +1.68*  a closed book +1.61*   led 255/  0 h1.00 lvl+1.64   MATCH an opened book (cos -0.106)
frame   452 :  an opened book +1.80*  a closed book +1.42*   led 255/  0 h1.00 lvl+1.61   MATCH an opened book (cos -0.106)
frame   453 :  a closed book +4.14*  an opened book +3.04*   led 255/  0 h1.00 lvl+3.59   MATCH a closed book (cos -0.079)
frame   454 :  a closed book +3.76*  an opened book +3.43*   led 255/  0 h1.00 lvl+3.60   MATCH a closed book (cos -0.081)
frame   455 :  a closed book +3.29*  an opened book +2.51*   led 255/  0 h1.00 lvl+2.90   MATCH a closed book (cos -0.083)
frame   456 :  a closed book +2.24*  an opened book +1.28*   led 255/  0 h1.00 lvl+1.76   MATCH a closed book (cos -0.087)
frame   457 :  a closed book +2.87*  an opened book +2.21*   led 255/  0 h1.00 lvl+2.54   MATCH a closed book (cos -0.084)
frame   458 :  a closed book +3.04*  an opened book +1.63*   led 255/  0 h1.00 lvl+2.33   MATCH a closed book (cos -0.084)
frame   459 :  a closed book +2.37*  an opened book +1.79*   led 255/  0 h1.00 lvl+2.08   MATCH a closed book (cos -0.086)
frame   460 :  a closed book +1.98*  an opened book +1.68*   led 255/  0 h1.00 lvl+1.83   MATCH a closed book (cos -0.088)
frame   461 :  a closed book +2.51*  an opened book +1.60*   led 255/  0 h1.00 lvl+2.05   MATCH a closed book (cos -0.086)
frame   462 :  a closed book +1.85*  an opened book +1.32*   led 255/  0 h1.00 lvl+1.58   MATCH a closed book (cos -0.088)
frame   463 :  an opened book +3.78*  a closed book +2.95*   led 255/  0 h1.00 lvl+3.37   MATCH an opened book (cos -0.100)
frame   464 :  a closed book +1.87*  an opened book +1.75*   led 255/  0 h1.00 lvl+1.81   MATCH a closed book (cos -0.088)
frame   465 :  an opened book +1.75*  a closed book +1.25*   led 255/  0 h1.00 lvl+1.50   MATCH an opened book (cos -0.106)
frame   466 :  an opened book +0.93  a closed book +0.12   led 137/ 12 h0.75 lvl+0.53   -
frame   467 :  an opened book +2.31*  a closed book +1.25*   led 255/  0 h1.00 lvl+1.78   MATCH an opened book (cos -0.104)
frame   468 :  a closed book +0.39  an opened book +0.21   led  20/111 h0.32 lvl+0.30   -
frame   469 :  an opened book +1.18  a closed book +0.96   led 233/  0 h0.96 lvl+1.07   -
frame   470 :  a closed book +4.58*  an opened book +3.05*   led 255/  0 h1.00 lvl+3.82   MATCH a closed book (cos -0.078)
frame   471 :  a closed book +3.20*  an opened book +0.72   led 255/  0 h1.00 lvl+1.96   MATCH a closed book (cos -0.083)
frame   472 :  a closed book +3.68*  an opened book +1.92*   led 255/  0 h1.00 lvl+2.80   MATCH a closed book (cos -0.081)
frame   473 :  a closed book +2.01*  an opened book +1.62*   led 255/  0 h1.00 lvl+1.81   MATCH a closed book (cos -0.088)
frame   474 :  a closed book +4.30*  an opened book +1.55*   led 255/  0 h1.00 lvl+2.92   MATCH a closed book (cos -0.079)
frame   475 :  a closed book +4.40*  an opened book +2.93*   led 255/  0 h1.00 lvl+3.66   MATCH a closed book (cos -0.078)
frame   476 :  a closed book +2.14*  an opened book +0.16   led 255/  0 h1.00 lvl+1.15   MATCH a closed book (cos -0.087)
frame   477 :  a closed book +2.82*  an opened book +1.50*   led 255/  0 h1.00 lvl+2.16   MATCH a closed book (cos -0.084)
frame   478 :  a closed book +1.93*  an opened book +0.44   led 255/  0 h1.00 lvl+1.19   MATCH a closed book (cos -0.088)
frame   479 :  a closed book +3.33*  an opened book +1.28*   led 255/  0 h1.00 lvl+2.31   MATCH a closed book (cos -0.082)
frame   480 :  a closed book +3.48*  an opened book +1.40*   led 255/  0 h1.00 lvl+2.44   MATCH a closed book (cos -0.082)
frame   481 :  a closed book +2.07*  an opened book +0.18   led 255/  0 h1.00 lvl+1.12   MATCH a closed book (cos -0.087)
frame   482 :  a closed book +3.15*  an opened book +0.53   led 255/  0 h1.00 lvl+1.84   MATCH a closed book (cos -0.083)
frame   483 :  a closed book +1.95*  an opened book +0.42   led 255/  0 h1.00 lvl+1.19   MATCH a closed book (cos -0.088)
frame   484 :  a closed book +4.08*  an opened book +2.23*   led 255/  0 h1.00 lvl+3.15   MATCH a closed book (cos -0.080)
frame   485 :  a closed book +2.35*  an opened book +0.16   led 255/  0 h1.00 lvl+1.25   MATCH a closed book (cos -0.086)
frame   486 :  a closed book +3.37*  an opened book +2.20*   led 255/  0 h1.00 lvl+2.79   MATCH a closed book (cos -0.082)
frame   487 :  a closed book +4.03*  an opened book +2.62*   led 255/  0 h1.00 lvl+3.33   MATCH a closed book (cos -0.080)
frame   488 :  a closed book +2.24*  an opened book +1.29*   led 255/  0 h1.00 lvl+1.76   MATCH a closed book (cos -0.087)
frame   489 :  a closed book +1.57*  an opened book +0.17   led 255/  0 h1.00 lvl+0.87   MATCH a closed book (cos -0.089)
frame   490 :  a closed book +1.80*  an opened book +0.10   led 255/  0 h1.00 lvl+0.95   MATCH a closed book (cos -0.088)
frame   491 :  a closed book +4.02*  an opened book +2.90*   led 255/  0 h1.00 lvl+3.46   MATCH a closed book (cos -0.080)
frame   492 :  a closed book +3.73*  an opened book +1.94*   led 255/  0 h1.00 lvl+2.83   MATCH a closed book (cos -0.081)
frame   493 :  a closed book +3.50*  an opened book +1.35*   led 255/  0 h1.00 lvl+2.43   MATCH a closed book (cos -0.082)
frame   494 :  a closed book +3.73*  an opened book +1.88*   led 255/  0 h1.00 lvl+2.80   MATCH a closed book (cos -0.081)
frame   495 :  a closed book +2.91*  an opened book +2.15*   led 255/  0 h1.00 lvl+2.53   MATCH a closed book (cos -0.084)
frame   496 :  a closed book +3.97*  an opened book +3.29*   led 255/  0 h1.00 lvl+3.63   MATCH a closed book (cos -0.080)
frame   497 :  a closed book +2.52*  an opened book +0.79   led 255/  0 h1.00 lvl+1.65   MATCH a closed book (cos -0.086)
frame   498 :  a closed book +3.05*  an opened book +1.79*   led 255/  0 h1.00 lvl+2.42   MATCH a closed book (cos -0.084)
frame   499 :  a closed book +3.90*  an opened book +2.18*   led 255/  0 h1.00 lvl+3.04   MATCH a closed book (cos -0.080)
background: after 30 frames (frozen, room spread), this room reads  a closed book -0.095 +-0.0039 (COCO -0.159 +-0.0351)  an opened book -0.111 +-0.0029 (COCO -0.151 +-0.0303)
frame   500 :  a closed book +3.23*  an opened book +2.02*   led 255/  0 h1.00 lvl+2.63   MATCH a closed book (cos -0.083)
frame   501 :  a closed book +2.87*  an opened book +0.89   led 255/  0 h1.00 lvl+1.88   MATCH a closed book (cos -0.084)
frame   502 :  a closed book +3.49*  an opened book +2.67*   led 255/  0 h1.00 lvl+3.08   MATCH a closed book (cos -0.082)
frame   503 :  a closed book +0.67  an opened book -0.41   led  66/ 46 h0.54 lvl+0.13   -
frame   504 :  a closed book +2.56*  an opened book +0.80   led 255/  0 h1.00 lvl+1.68   MATCH a closed book (cos -0.085)
frame   505 :  a closed book +1.87*  an opened book +1.15   led 255/  0 h1.00 lvl+1.51   MATCH a closed book (cos -0.088)
frame   506 :  a closed book +4.96*  an opened book +2.93*   led 255/  0 h1.00 lvl+3.95   MATCH a closed book (cos -0.076)
frame   507 :  a closed book +3.36*  an opened book +2.64*   led 255/  0 h1.00 lvl+3.00   MATCH a closed book (cos -0.082)
frame   508 :  a closed book +1.41*  an opened book +0.72   led 255/  0 h1.00 lvl+1.06   MATCH a closed book (cos -0.090)
frame   509 :  an opened book +2.38*  a closed book +2.05*   led 255/  0 h1.00 lvl+2.22   MATCH an opened book (cos -0.104)
frame   510 :  a closed book +2.46*  an opened book +2.25*   led 255/  0 h1.00 lvl+2.36   MATCH a closed book (cos -0.086)
frame   511 :  a closed book +0.79  an opened book -1.79   led  97/ 26 h0.64 lvl-0.50   -
frame   512 :  a closed book +1.07  an opened book -1.00   led 189/  3 h0.87 lvl+0.03   -
frame   513 :  a closed book +1.89*  an opened book +0.68   led 255/  0 h1.00 lvl+1.29   MATCH a closed book (cos -0.088)
frame   514 :  a closed book +3.61*  an opened book +1.74*   led 255/  0 h1.00 lvl+2.68   MATCH a closed book (cos -0.081)
frame   515 :  a closed book +1.19  an opened book -0.70   led 236/  0 h0.97 lvl+0.24   -
frame   516 :  a closed book +1.85*  an opened book -0.20   led 255/  0 h1.00 lvl+0.83   MATCH a closed book (cos -0.088)
frame   517 :  a closed book +2.30*  an opened book +0.56   led 255/  0 h1.00 lvl+1.43   MATCH a closed book (cos -0.086)
frame   518 :  a closed book +2.79*  an opened book +1.51*   led 255/  0 h1.00 lvl+2.15   MATCH a closed book (cos -0.085)
frame   519 :  a closed book +3.31*  an opened book +1.58*   led 255/  0 h1.00 lvl+2.45   MATCH a closed book (cos -0.083)
frame   520 :  a closed book +2.06*  an opened book +0.74   led 255/  0 h1.00 lvl+1.40   MATCH a closed book (cos -0.087)
frame   521 :  a closed book +3.80*  an opened book +3.07*   led 255/  0 h1.00 lvl+3.43   MATCH a closed book (cos -0.081)
frame   522 :  a closed book +4.12*  an opened book +3.17*   led 255/  0 h1.00 lvl+3.64   MATCH a closed book (cos -0.079)
frame   523 :  a closed book +0.71  an opened book -1.45   led  76/ 39 h0.58 lvl-0.37   -
frame   524 :  a closed book +2.45*  an opened book +1.37*   led 255/  0 h1.00 lvl+1.91   MATCH a closed book (cos -0.086)
frame   525 :  a closed book +1.61*  an opened book -0.22   led 255/  0 h1.00 lvl+0.70   MATCH a closed book (cos -0.089)
frame   526 :  a closed book +0.35  an opened book -1.09   led  16/123 h0.28 lvl-0.37   -
frame   527 :  a closed book +3.08*  an opened book +1.60*   led 255/  0 h1.00 lvl+2.34   MATCH a closed book (cos -0.083)
frame   528 :  a closed book +1.28*  an opened book +0.81   led 255/  0 h1.00 lvl+1.05   MATCH a closed book (cos -0.090)
frame   529 :  a closed book -0.53  an opened book -1.24   led   0/255 h0.00 lvl-0.89   -
frame   530 :  a closed book +2.45*  an opened book +1.41*   led 255/  0 h1.00 lvl+1.93   MATCH a closed book (cos -0.086)
frame   531 :  a closed book +2.20*  an opened book +0.30   led 255/  0 h1.00 lvl+1.25   MATCH a closed book (cos -0.087)
frame   532 :  a closed book +1.50*  an opened book -0.52   led 255/  0 h1.00 lvl+0.49   MATCH a closed book (cos -0.090)
frame   533 :  a closed book +1.48*  an opened book +0.24   led 255/  0 h1.00 lvl+0.86   MATCH a closed book (cos -0.090)
frame   534 :  a closed book +2.11*  an opened book +0.78   led 255/  0 h1.00 lvl+1.44   MATCH a closed book (cos -0.087)
frame   535 :  a closed book +3.24*  an opened book +1.97*   led 255/  0 h1.00 lvl+2.61   MATCH a closed book (cos -0.083)
frame   536 :  a closed book +2.11*  an opened book +0.65   led 255/  0 h1.00 lvl+1.38   MATCH a closed book (cos -0.087)
frame   537 :  a closed book +1.74*  an opened book +0.24   led 255/  0 h1.00 lvl+0.99   MATCH a closed book (cos -0.089)
frame   538 :  a closed book +3.63*  an opened book +2.54*   led 255/  0 h1.00 lvl+3.08   MATCH a closed book (cos -0.081)
frame   539 :  a closed book +2.42*  an opened book +0.25   led 255/  0 h1.00 lvl+1.34   MATCH a closed book (cos -0.086)
frame   540 :  a closed book +1.80*  an opened book +0.18   led 255/  0 h1.00 lvl+0.99   MATCH a closed book (cos -0.088)
frame   541 :  a closed book +1.72*  an opened book +1.37*   led 255/  0 h1.00 lvl+1.55   MATCH a closed book (cos -0.089)
frame   542 :  a closed book +3.51*  an opened book +1.76*   led 255/  0 h1.00 lvl+2.64   MATCH a closed book (cos -0.082)
frame   543 :  a closed book +1.56*  an opened book -0.21   led 255/  0 h1.00 lvl+0.68   MATCH a closed book (cos -0.089)
frame   544 :  a closed book +0.65  an opened book -0.87   led  62/ 49 h0.53 lvl-0.11   -
frame   545 :  a closed book +1.27*  an opened book +0.29   led 255/  0 h1.00 lvl+0.78   MATCH a closed book (cos -0.091)
frame   546 :  a closed book +2.27*  an opened book +1.48*   led 255/  0 h1.00 lvl+1.88   MATCH a closed book (cos -0.087)
frame   547 :  a closed book +3.00*  an opened book +1.60*   led 255/  0 h1.00 lvl+2.30   MATCH a closed book (cos -0.084)
frame   548 :  a closed book +2.36*  an opened book +1.52*   led 255/  0 h1.00 lvl+1.94   MATCH a closed book (cos -0.086)
frame   549 :  a closed book +1.83*  an opened book +0.89   led 255/  0 h1.00 lvl+1.36   MATCH a closed book (cos -0.088)
frame   550 :  a closed book +2.42*  an opened book +1.75*   led 255/  0 h1.00 lvl+2.08   MATCH a closed book (cos -0.086)
frame   551 :  a closed book +0.17  an opened book +0.10   led   3/185 h0.14 lvl+0.14   -
frame   552 :  a closed book +1.62*  an opened book +0.10   led 255/  0 h1.00 lvl+0.86   MATCH a closed book (cos -0.089)
frame   553 :  a closed book +1.66*  an opened book +1.45*   led 255/  0 h1.00 lvl+1.56   MATCH a closed book (cos -0.089)
frame   554 :  a closed book +2.23*  an opened book +1.19   led 255/  0 h1.00 lvl+1.71   MATCH a closed book (cos -0.087)
frame   555 :  a closed book +2.24*  an opened book +0.72   led 255/  0 h1.00 lvl+1.48   MATCH a closed book (cos -0.087)
frame   556 :  a closed book +1.55*  an opened book +0.65   led 255/  0 h1.00 lvl+1.10   MATCH a closed book (cos -0.089)
frame   557 :  a closed book +1.84*  an opened book +0.88   led 255/  0 h1.00 lvl+1.36   MATCH a closed book (cos -0.088)
frame   558 :  a closed book +2.77*  an opened book +0.92   led 255/  0 h1.00 lvl+1.84   MATCH a closed book (cos -0.085)
frame   559 :  a closed book +2.19*  an opened book +0.17   led 255/  0 h1.00 lvl+1.18   MATCH a closed book (cos -0.087)
frame   560 :  a closed book +1.34*  an opened book -0.30   led 255/  0 h1.00 lvl+0.52   MATCH a closed book (cos -0.090)
frame   561 :  a closed book +1.70*  an opened book +1.16   led 255/  0 h1.00 lvl+1.43   MATCH a closed book (cos -0.089)
frame   562 :  a closed book +2.41*  an opened book +0.54   led 255/  0 h1.00 lvl+1.48   MATCH a closed book (cos -0.086)
frame   563 :  a closed book +2.67*  an opened book +1.54*   led 255/  0 h1.00 lvl+2.10   MATCH a closed book (cos -0.085)
frame   564 :  a closed book -0.70  an opened book -1.83   led   0/255 h0.00 lvl-1.26   -
frame   565 :  a closed book +0.03  an opened book -2.27   led   0/241 h0.03 lvl-1.12   -
frame   566 :  a closed book +1.68*  an opened book -0.80   led 255/  0 h1.00 lvl+0.44   MATCH a closed book (cos -0.089)
frame   567 :  a closed book +2.34*  an opened book +0.97   led 255/  0 h1.00 lvl+1.65   MATCH a closed book (cos -0.086)
frame   568 :  a closed book +0.02  an opened book -1.91   led   0/247 h0.01 lvl-0.95   -
frame   569 :  a closed book +2.56*  an opened book +0.61   led 255/  0 h1.00 lvl+1.59   MATCH a closed book (cos -0.085)
frame   570 :  a closed book +2.13*  an opened book +1.04   led 255/  0 h1.00 lvl+1.59   MATCH a closed book (cos -0.087)
frame   571 :  a closed book +2.22*  an opened book +0.78   led 255/  0 h1.00 lvl+1.50   MATCH a closed book (cos -0.087)
frame   572 :  a closed book +1.15  an opened book +0.38   led 222/  1 h0.94 lvl+0.77   -
frame   573 :  a closed book -0.25  an opened book -1.12   led   0/255 h0.00 lvl-0.68   -
frame   574 :  a closed book +2.19*  an opened book +1.45*   led 255/  0 h1.00 lvl+1.82   MATCH a closed book (cos -0.087)
frame   575 :  a closed book +1.35*  an opened book +1.08   led 255/  0 h1.00 lvl+1.22   MATCH a closed book (cos -0.090)
frame   576 :  a closed book +1.81*  an opened book +0.57   led 255/  0 h1.00 lvl+1.19   MATCH a closed book (cos -0.088)
frame   577 :  a closed book +1.49*  an opened book -0.07   led 255/  0 h1.00 lvl+0.71   MATCH a closed book (cos -0.090)
frame   578 :  a closed book +0.77  an opened book -0.70   led  92/ 29 h0.63 lvl+0.04   -
frame   579 :  a closed book +3.99*  an opened book +3.31*   led 255/  0 h1.00 lvl+3.65   MATCH a closed book (cos -0.080)
frame   580 :  a closed book +1.26*  an opened book +0.30   led 255/  0 h1.00 lvl+0.78   MATCH a closed book (cos -0.091)
frame   581 :  a closed book +1.31*  an opened book +0.74   led 255/  0 h1.00 lvl+1.02   MATCH a closed book (cos -0.090)
frame   582 :  a closed book +0.29  an opened book -0.71   led  11/141 h0.24 lvl-0.21   -
frame   583 :  a closed book +1.61*  an opened book +0.78   led 255/  0 h1.00 lvl+1.20   MATCH a closed book (cos -0.089)
frame   584 :  a closed book +2.17*  an opened book +0.21   led 255/  0 h1.00 lvl+1.19   MATCH a closed book (cos -0.087)
frame   585 :  a closed book +2.43*  an opened book +1.64*   led 255/  0 h1.00 lvl+2.04   MATCH a closed book (cos -0.086)
frame   586 :  a closed book +1.62*  an opened book +0.76   led 255/  0 h1.00 lvl+1.19   MATCH a closed book (cos -0.089)
frame   587 :  a closed book +3.00*  an opened book +2.78*   led 255/  0 h1.00 lvl+2.89   MATCH a closed book (cos -0.084)
frame   588 :  a closed book +2.86*  an opened book +1.36*   led 255/  0 h1.00 lvl+2.11   MATCH a closed book (cos -0.084)
frame   589 :  an opened book +1.91*  a closed book +1.89*   led 255/  0 h1.00 lvl+1.90   MATCH an opened book (cos -0.106)
frame   590 :  a closed book +1.78*  an opened book +0.37   led 255/  0 h1.00 lvl+1.08   MATCH a closed book (cos -0.089)
frame   591 :  a closed book +2.67*  an opened book +1.24*   led 255/  0 h1.00 lvl+1.96   MATCH a closed book (cos -0.085)
frame   592 :  a closed book +0.48  an opened book -0.85   led  32/ 86 h0.39 lvl-0.19   -
frame   593 :  a closed book +3.03*  an opened book +2.92*   led 255/  0 h1.00 lvl+2.97   MATCH a closed book (cos -0.084)
frame   594 :  a closed book +2.52*  an opened book +1.68*   led 255/  0 h1.00 lvl+2.10   MATCH a closed book (cos -0.086)
frame   595 :  a closed book +3.07*  an opened book +1.88*   led 255/  0 h1.00 lvl+2.48   MATCH a closed book (cos -0.084)
frame   596 :  a closed book +1.45*  an opened book +0.94   led 255/  0 h1.00 lvl+1.19   MATCH a closed book (cos -0.090)
frame   597 :  a closed book +2.31*  an opened book +1.32*   led 255/  0 h1.00 lvl+1.82   MATCH a closed book (cos -0.086)
frame   598 :  a closed book +3.04*  an opened book +2.11*   led 255/  0 h1.00 lvl+2.57   MATCH a closed book (cos -0.084)
frame   599 :  a closed book +2.13*  an opened book +1.77*   led 255/  0 h1.00 lvl+1.95   MATCH a closed book (cos -0.087)
background: after 30 frames (frozen, room spread), this room reads  a closed book -0.095 +-0.0039 (COCO -0.159 +-0.0351)  an opened book -0.111 +-0.0029 (COCO -0.151 +-0.0303)
frame   600 :  a closed book +0.52  an opened book -0.40   led  38/ 76 h0.42 lvl+0.06   -
frame   601 :  a closed book +2.89*  an opened book +2.20*   led 255/  0 h1.00 lvl+2.54   MATCH a closed book (cos -0.084)

stopped   : 602 frames, 602 good, capture overlapped with the compute, configuration C
            602 frames timed, 285 ms/frame mean (capture included)
            268 ms encode + 0 ms waiting for the sensor + 16 ms burst; 295 ms/frame by the clock
            373 ms shutter to LED, arming with 74 ms of compute left
            last frame mean RGB 131 129 132
            camera bus: worst gap 19 us against the 2000 us deadline (#12)
            usb: 0 outages, 0 ms off the bus, 0 re-attaches (#9)
