
=== M9: fpga-open-vocab - describe it, the board spots it ===

clock     : 320 MHz requested; BOOTSEL is reachable for 1.5 s
clock     : 320 MHz system, core 1.25 V
reset     : chip_reset 00010000
            nothing new since the last banner - whatever reset the core left powman alone.
waiting for a bitstream on USB CDC (host/demo.py)
bitstream : 173124 bytes announced, crc32 0a2e9953
bitstream : received intact
configure : configured, CDONE high   CDONE=1 nSTATUS=0
crc       : DMA sniffer, calc=1 out_rev=1 out_inv=1
model     : 9 layers, 512-d embedding, 131072 B/buffer
weights   : 780720 B, crc32=0xF368CC6E  (126 ms to hash)

reference : encoder_fast on the flash test vector  (1583 ms)

link      : probing the wire by running the whole test vector over it
probe     : 3 forward data lines -> 512/512 floats exact, 272 ms
link      : configuration C, 3 forward data lines, 160.0 MHz

camera    : exposure ramp 36 39 41 43 46 47 49 50 51 51 51 51
camera    : live 128x128 RGB565, id 0x82, 16.0 MHz, expose 37 ms, read 16 ms, exposure settled after 12 frames
            regs fmt 02 res 00 bri 00 ev 00 wb 00 auto 00 state 26 id 82 fpga 20
            reset gate: polls 425, first state 21, busy yes   defaults polls: ae 0 ag 10 awb 0 wbmode 10
            mean RGB 50 55 47  (tuned camera on a neutral scene: about 115 107 105)

queries   : waiting for a query set on USB CDC (host/demo.py)
queries   : 2 accepted, 512-d, crc ok
            level axis carries 0.95 of one query's swing; most opposed pair +0.810
            scored as z = (cos - background) / std, where the background is this room's
            own mean over its first 30 frames and is then FROZEN - so a thing left in
            shot keeps its score instead of decaying into the furniture. 'N' re-learns
            it, 'H' switches to tracking. The COCO figures below are only the seed for
            frame 0 and the fixed std.
            std is THIS ROOM's, measured over the same 30 frames ('S' switches to COCO's).
            The thresholds below still mean the 90th percentile of a background; the
            background they now mean it against is this room empty, not 5000 COCO photos.
            a closed book        match above z 1.23   (COCO background -0.159 +- 0.035, so cos -0.116)
            an opened book       match above z 1.23   (COCO background -0.151 +- 0.030, so cos -0.114)

loop      : capture, 8 convs on the T8, pool and head, then one cosine per query. 'B' for BOOTSEL, 'R' to restart,
            'P' to dump the next frame for host/cam.py, 'V' to dump its 512 floats for host/caption.py,
            'E' to provoke a fault so D1 shows its fault display, 'H' to freeze/unfreeze the background,
            'S' to switch the spread between this room's and COCO's, 'W' to hang on purpose and see
            the watchdog name the stage, 'C' to stall the camera bus on purpose and see it cost one frame,
            'U' to drop off USB on purpose and watch it come back, 'I' to drop off and refuse to,
            'N' to forget it and learn it again from now. 'P' and 'V' together describe the same frame.
            'O' closes the timing window, prints it and flips the capture between overlapped and serial;
            'D' does the same and flips the trigger between late and at-the-collect, which is #14's A/B.
            'L' freezes exposure and gain, then on a second press the white balance too - which goes green,
            and is the control. A third restores all three. Issue #30, and the one hotkey whose answer depends on when you press it.
            scores are z against this room's background, ranked; '*' means over its threshold.
            '1'..'6' enrol the next 20 frames as that class, and press again on a LATER visit
            to fold a second one in - 2 visits is what makes the enrolment guard mean
            something. Two classes in and the board decides by nearest reference instead of
            by threshold - see M21.
            '0' ENROLS THE EMPTY SCENE the same way, and it is worth a visit: with one, a frame
            is absent when the empty reference is the nearest of the three and no radius is
            involved. Without one the board falls back to the band - absent beyond 2.0 sep
            from every class - which scores 54.6% over 28 benches against the third reference's
            79.1%, because with two queries that band is an interval the empty scene can sit
            inside. #18.
            The first 30 frames set the baseline and it is then frozen, so anything left in
            shot KEEPS its score. Point the camera at the empty scene for those frames.
            Send a new set at any time to re-query - that resets the baseline too.

frame     0 :  a closed book +1.75*  an opened book +1.25*   led 255/  0 h1.00 lvl+1.50   MATCH a closed book (cos -0.098)
frame     1 :  a closed book +0.02  an opened book +0.01   led   0/248 h0.01 lvl+0.01   -
frame     2 :  a closed book -0.37  an opened book -0.45   led   0/255 h0.00 lvl-0.41   -
frame     3 :  an opened book -0.21  a closed book -0.23   led   0/255 h0.00 lvl-0.22   -
frame     4 :  a closed book -0.24  an opened book -0.27   led   0/255 h0.00 lvl-0.26   -
frame     5 :  an opened book +0.04  a closed book +0.03   led   0/237 h0.03 lvl+0.03   -
frame     6 :  a closed book -0.22  an opened book -0.32   led   0/255 h0.00 lvl-0.27   -
frame     7 :  an opened book +0.09  a closed book +0.02   led   1/216 h0.07 lvl+0.05   -
background: after 8 frames (warming up, room spread), this room reads  a closed book -0.107 +-0.0062 (COCO -0.159 +-0.0351)  an opened book -0.122 +-0.0065 (COCO -0.151 +-0.0303)
frame     8 :  an opened book +0.57  a closed book -0.11   led  47/ 65 h0.46 lvl+0.23   -
frame     9 :  an opened book +1.55*  a closed book +0.64   led 255/  0 h1.00 lvl+1.09   MATCH an opened book (cos -0.111)
frame    10 :  an opened book -0.34  a closed book -0.59   led   0/255 h0.00 lvl-0.47   -
frame    11 :  a closed book +2.44*  an opened book +0.87   led 255/  0 h1.00 lvl+1.66   MATCH a closed book (cos -0.093)
frame    12 :  a closed book +1.19  an opened book +0.94   led 236/  0 h0.96 lvl+1.06   -
frame    13 :  a closed book +0.60  an opened book +0.41   led  52/ 59 h0.49 lvl+0.50   -
frame    14 :  a closed book +1.72*  an opened book +1.51*   led 255/  0 h1.00 lvl+1.61   MATCH a closed book (cos -0.094)
frame    15 :  an opened book +0.44  a closed book +0.40   led  27/ 95 h0.36 lvl+0.42   -
frame    16 :  an opened book +1.10  a closed book +0.99   led 200/  2 h0.90 lvl+1.05   -
frame    17 :  an opened book +1.14  a closed book +0.29   led 217/  1 h0.93 lvl+0.72   -
frame    18 :  a closed book +0.89  an opened book +0.49   led 126/ 15 h0.73 lvl+0.69   -
frame    19 :  an opened book -0.00  a closed book -0.43   led   0/255 h0.00 lvl-0.22   -
frame    20 :  a closed book -1.26  an opened book -1.45   led   0/255 h0.00 lvl-1.36   -
frame    21 :  an opened book -0.85  a closed book -1.44   led   0/255 h0.00 lvl-1.15   -
frame    22 :  a closed book -2.89  an opened book -3.01   led   0/255 h0.00 lvl-2.95   -
frame    23 :  an opened book -0.23  a closed book -0.38   led   0/255 h0.00 lvl-0.30   -
frame    24 :  an opened book -0.74  a closed book -0.88   led   0/255 h0.00 lvl-0.81   -
frame    25 :  an opened book +0.24  a closed book +0.17   led   7/159 h0.19 lvl+0.20   -
frame    26 :  a closed book +0.50  an opened book +0.40   led  35/ 81 h0.41 lvl+0.45   -
frame    27 :  a closed book +0.48  an opened book +0.19   led  32/ 86 h0.39 lvl+0.33   -
frame    28 :  an opened book +1.88*  a closed book +1.47*   led 255/  0 h1.00 lvl+1.68   MATCH an opened book (cos -0.107)
frame    29 :  a closed book +0.46  an opened book +0.32   led  30/ 90 h0.38 lvl+0.39   -
frame    30 :  a closed book +0.84  an opened book +0.79   led 110/ 20 h0.68 lvl+0.81   -
frame    31 :  a closed book +0.35  an opened book -0.09   led  16/122 h0.29 lvl+0.13   -
frame    32 :  an opened book +0.84  a closed book +0.59   led 110/ 20 h0.68 lvl+0.71   -
frame    33 :  an opened book -0.40  a closed book -0.68   led   0/255 h0.00 lvl-0.54   -
frame    34 :  an opened book +0.13  a closed book -0.39   led   2/201 h0.10 lvl-0.13   -
frame    35 :  an opened book -0.65  a closed book -0.86   led   0/255 h0.00 lvl-0.76   -
frame    36 :  an opened book -1.19  a closed book -1.68   led   0/255 h0.00 lvl-1.43   -
frame    37 :  an opened book -0.32  a closed book -1.12   led   0/255 h0.00 lvl-0.72   -
frame    38 :  an opened book -1.00  a closed book -1.49   led   0/255 h0.00 lvl-1.25   -
frame    39 :  an opened book -0.25  a closed book -0.54   led   0/255 h0.00 lvl-0.40   -
frame    40 :  an opened book +0.83  a closed book +0.16   led 108/ 21 h0.68 lvl+0.49   -
frame    41 :  a closed book +0.49  an opened book +0.46   led  33/ 84 h0.40 lvl+0.48   -
frame    42 :  an opened book +0.76  a closed book +0.67   led  88/ 31 h0.61 lvl+0.71   -
frame    43 :  a closed book +0.51  an opened book +0.23   led  37/ 78 h0.42 lvl+0.37   -
frame    44 :  an opened book +0.97  a closed book +0.82   led 150/  9 h0.78 lvl+0.89   -
frame    45 :  an opened book -0.01  a closed book -0.07   led   0/255 h0.00 lvl-0.04   -
frame    46 :  an opened book +0.39  a closed book +0.26   led  20/111 h0.32 lvl+0.33   -
frame    47 :  an opened book +0.56  a closed book +0.37   led  45/ 67 h0.46 lvl+0.46   -
frame    48 :  a closed book -0.18  an opened book -0.55   led   0/255 h0.00 lvl-0.37   -
frame    49 :  an opened book -1.46  a closed book -1.66   led   0/255 h0.00 lvl-1.56   -
frame    50 :  an opened book -0.87  a closed book -1.20   led   0/255 h0.00 lvl-1.03   -
frame    51 :  a closed book -0.01  an opened book -0.17   led   0/255 h0.00 lvl-0.09   -
frame    52 :  a closed book -1.11  an opened book -1.51   led   0/255 h0.00 lvl-1.31   -
frame    53 :  an opened book -0.55  a closed book -0.66   led   0/255 h0.00 lvl-0.61   -
frame    54 :  an opened book +0.21  a closed book -0.54   led   5/170 h0.17 lvl-0.17   -
frame    55 :  an opened book -0.83  a closed book -1.08   led   0/255 h0.00 lvl-0.96   -
frame    56 :  an opened book -1.00  a closed book -1.16   led   0/255 h0.00 lvl-1.08   -
frame    57 :  an opened book -1.02  a closed book -1.23   led   0/255 h0.00 lvl-1.13   -
frame    58 :  an opened book -1.31  a closed book -1.73   led   0/255 h0.00 lvl-1.52   -
frame    59 :  an opened book -0.83  a closed book -1.01   led   0/255 h0.00 lvl-0.92   -
frame    60 :  an opened book -0.66  a closed book -1.61   led   0/255 h0.00 lvl-1.13   -
frame    61 :  an opened book -0.13  a closed book -1.20   led   0/255 h0.00 lvl-0.67   -
frame    62 :  a closed book +0.42  an opened book -0.19   led  24/102 h0.34 lvl+0.11   -
frame    63 :  an opened book -0.63  a closed book -1.42   led   0/255 h0.00 lvl-1.03   -
frame    64 :  an opened book -0.50  a closed book -0.61   led   0/255 h0.00 lvl-0.56   -
frame    65 :  an opened book +0.41  a closed book +0.32   led  23/104 h0.34 lvl+0.37   -
frame    66 :  an opened book -0.12  a closed book -0.27   led   0/255 h0.00 lvl-0.19   -
frame    67 :  an opened book -0.69  a closed book -0.99   led   0/255 h0.00 lvl-0.84   -
frame    68 :  an opened book -1.23  a closed book -1.68   led   0/255 h0.00 lvl-1.46   -
frame    69 :  an opened book -0.04  a closed book -0.57   led   0/255 h0.00 lvl-0.30   -
frame    70 :  a closed book +0.60  an opened book +0.55   led  52/ 59 h0.49 lvl+0.58   -
frame    71 :  a closed book -0.64  an opened book -0.67   led   0/255 h0.00 lvl-0.66   -
frame    72 :  an opened book -0.88  a closed book -1.92   led   0/255 h0.00 lvl-1.40   -
frame    73 :  a closed book +0.30  an opened book +0.12   led  12/137 h0.25 lvl+0.21   -
frame    74 :  an opened book +0.08  a closed book +0.01   led   1/220 h0.06 lvl+0.04   -
frame    75 :  an opened book -0.41  a closed book -0.94   led   0/255 h0.00 lvl-0.68   -
frame    76 :  an opened book +0.81  a closed book +0.07   led 102/ 24 h0.66 lvl+0.44   -
frame    77 :  an opened book +0.04  a closed book -0.63   led   0/237 h0.03 lvl-0.29   -
frame    78 :  a closed book -0.61  an opened book -0.92   led   0/255 h0.00 lvl-0.76   -
frame    79 :  an opened book -0.21  a closed book -0.33   led   0/255 h0.00 lvl-0.27   -
frame    80 :  an opened book -0.71  a closed book -1.15   led   0/255 h0.00 lvl-0.93   -
frame    81 :  a closed book -0.99  an opened book -0.99   led   0/255 h0.00 lvl-0.99   -
frame    82 :  a closed book +0.12  an opened book +0.11   led   2/204 h0.10 lvl+0.11   -
frame    83 :  a closed book -0.56  an opened book -0.60   led   0/255 h0.00 lvl-0.58   -
frame    84 :  a closed book -0.92  an opened book -1.54   led   0/255 h0.00 lvl-1.23   -
frame    85 :  a closed book -0.33  an opened book -0.34   led   0/255 h0.00 lvl-0.34   -
frame    86 :  an opened book +0.45  a closed book +0.11   led  28/ 94 h0.37 lvl+0.28   -
frame    87 :  a closed book -0.92  an opened book -1.10   led   0/255 h0.00 lvl-1.01   -
frame    88 :  an opened book +1.37*  a closed book +0.61   led 255/  0 h1.00 lvl+0.99   MATCH an opened book (cos -0.110)
frame    89 :  an opened book -0.38  a closed book -0.66   led   0/255 h0.00 lvl-0.52   -
frame    90 :  an opened book +0.14  a closed book +0.08   led   2/196 h0.11 lvl+0.11   -
frame    91 :  a closed book -0.31  an opened book -0.49   led   0/255 h0.00 lvl-0.40   -
frame    92 :  an opened book +0.41  a closed book -0.31   led  23/103 h0.34 lvl+0.05   -
frame    93 :  an opened book -0.27  a closed book -1.09   led   0/255 h0.00 lvl-0.68   -
frame    94 :  an opened book -0.06  a closed book -0.61   led   0/255 h0.00 lvl-0.34   -
frame    95 :  an opened book +0.52  a closed book -0.06   led  38/ 76 h0.42 lvl+0.23   -
frame    96 :  a closed book +0.34  an opened book +0.33   led  15/125 h0.28 lvl+0.34   -
frame    97 :  an opened book +0.24  a closed book -0.14   led   7/157 h0.20 lvl+0.05   -
frame    98 :  a closed book +0.60  an opened book +0.32   led  53/ 58 h0.49 lvl+0.46   -
frame    99 :  an opened book -0.09  a closed book -0.30   led   0/255 h0.00 lvl-0.20   -
background: after 30 frames (frozen, room spread), this room reads  a closed book -0.104 +-0.0068 (COCO -0.159 +-0.0351)  an opened book -0.119 +-0.0065 (COCO -0.151 +-0.0303)
frame   100 :  a closed book +0.85  an opened book +0.84   led 112/ 20 h0.69 lvl+0.84   -
frame   101 :  an opened book -0.97  a closed book -1.53   led   0/255 h0.00 lvl-1.25   -
frame   102 :  an opened book +0.35  a closed book -0.53   led  16/123 h0.28 lvl-0.09   -
frame   103 :  an opened book -1.34  a closed book -1.93   led   0/255 h0.00 lvl-1.64   -
frame   104 :  an opened book -1.64  a closed book -2.42   led   0/255 h0.00 lvl-2.03   -
frame   105 :  a closed book -4.50  an opened book -5.62   led   0/255 h0.00 lvl-5.06   -
frame   106 :  an opened book -2.53  a closed book -3.03   led   0/255 h0.00 lvl-2.78   -
frame   107 :  an opened book -2.37  a closed book -3.61   led   0/255 h0.00 lvl-2.99   -
frame   108 :  an opened book -2.56  a closed book -4.09   led   0/255 h0.00 lvl-3.32   -
frame   109 :  an opened book -1.55  a closed book -2.98   led   0/255 h0.00 lvl-2.26   -
frame   110 :  an opened book -1.39  a closed book -2.85   led   0/255 h0.00 lvl-2.12   -
frame   111 :  an opened book -1.41  a closed book -2.53   led   0/255 h0.00 lvl-1.97   -
frame   112 :  an opened book -3.24  a closed book -3.85   led   0/255 h0.00 lvl-3.54   -
frame   113 :  an opened book -2.65  a closed book -2.89   led   0/255 h0.00 lvl-2.77   -
frame   114 :  an opened book -1.13  a closed book -2.01   led   0/255 h0.00 lvl-1.57   -
frame   115 :  an opened book -3.34  a closed book -3.70   led   0/255 h0.00 lvl-3.52   -
frame   116 :  a closed book -2.60  an opened book -3.01   led   0/255 h0.00 lvl-2.80   -
frame   117 :  a closed book -1.51  an opened book -1.97   led   0/255 h0.00 lvl-1.74   -
frame   118 :  a closed book -2.27  an opened book -2.54   led   0/255 h0.00 lvl-2.40   -
frame   119 :  a closed book -0.08  an opened book -1.38   led   0/255 h0.00 lvl-0.73   -
frame   120 :  an opened book -1.30  a closed book -1.30   led   0/255 h0.00 lvl-1.30   -
frame   121 :  a closed book -0.16  an opened book -0.45   led   0/255 h0.00 lvl-0.31   -
frame   122 :  a closed book +0.36  an opened book +0.00   led  17/119 h0.29 lvl+0.18   -
frame   123 :  a closed book +0.77  an opened book +0.57   led  92/ 29 h0.63 lvl+0.67   -
frame   124 :  an opened book -0.18  a closed book -0.67   led   0/255 h0.00 lvl-0.43   -
frame   125 :  an opened book +0.12  a closed book +0.02   led   2/203 h0.10 lvl+0.07   -
frame   126 :  an opened book +0.96  a closed book -0.13   led 148/  9 h0.78 lvl+0.42   -
frame   127 :  a closed book -0.07  an opened book -0.16   led   0/255 h0.00 lvl-0.12   -
frame   128 :  an opened book -0.40  a closed book -0.68   led   0/255 h0.00 lvl-0.54   -
frame   129 :  a closed book +0.20  an opened book +0.06   led   5/172 h0.16 lvl+0.13   -
frame   130 :  a closed book +0.36  an opened book -0.17   led  17/119 h0.29 lvl+0.09   -
frame   131 :  a closed book +0.96  an opened book +0.52   led 147/  9 h0.78 lvl+0.74   -
frame   132 :  a closed book -0.77  an opened book -1.25   led   0/255 h0.00 lvl-1.01   -
frame   133 :  a closed book +0.13  an opened book -0.53   led   2/198 h0.11 lvl-0.20   -
frame   134 :  an opened book -0.41  a closed book -0.85   led   0/255 h0.00 lvl-0.63   -
frame   135 :  a closed book +0.19  an opened book -0.30   led   4/176 h0.15 lvl-0.05   -
frame   136 :  a closed book -0.14  an opened book -0.64   led   0/255 h0.00 lvl-0.39   -
frame   137 :  a closed book +0.60  an opened book +0.22   led  52/ 59 h0.49 lvl+0.41   -
frame   138 :  an opened book -1.23  a closed book -1.48   led   0/255 h0.00 lvl-1.35   -
frame   139 :  an opened book -0.20  a closed book -0.29   led   0/255 h0.00 lvl-0.24   -
frame   140 :  an opened book -0.07  a closed book -0.13   led   0/255 h0.00 lvl-0.10   -
frame   141 :  a closed book -1.49  an opened book -1.98   led   0/255 h0.00 lvl-1.73   -
frame   142 :  a closed book +0.67  an opened book +0.49   led  66/ 46 h0.54 lvl+0.58   -
frame   143 :  a closed book +0.86  an opened book +0.79   led 115/ 19 h0.70 lvl+0.82   -
frame   144 :  a closed book +0.52  an opened book +0.35   led  39/ 76 h0.42 lvl+0.43   -
frame   145 :  an opened book +0.88  a closed book +0.78   led 123/ 16 h0.72 lvl+0.83   -
frame   146 :  a closed book -0.20  an opened book -0.69   led   0/255 h0.00 lvl-0.44   -
frame   147 :  a closed book -0.55  an opened book -1.03   led   0/255 h0.00 lvl-0.79   -
frame   148 :  a closed book +0.39  an opened book +0.08   led  20/111 h0.32 lvl+0.23   -
frame   149 :  an opened book -1.58  a closed book -1.77   led   0/255 h0.00 lvl-1.67   -
frame   150 :  a closed book +1.64*  an opened book +0.15   led 255/  0 h1.00 lvl+0.89   MATCH a closed book (cos -0.093)
frame   151 :  a closed book +0.49  an opened book -0.13   led  34/ 83 h0.40 lvl+0.18   -
frame   152 :  a closed book -1.14  an opened book -1.97   led   0/255 h0.00 lvl-1.56   -
frame   153 :  an opened book -2.13  a closed book -2.72   led   0/255 h0.00 lvl-2.42   -
frame   154 :  an opened book -1.00  a closed book -1.47   led   0/255 h0.00 lvl-1.24   -
frame   155 :  an opened book -0.48  a closed book -0.80   led   0/255 h0.00 lvl-0.64   -
frame   156 :  an opened book -0.87  a closed book -1.59   led   0/255 h0.00 lvl-1.23   -
frame   157 :  a closed book -0.53  an opened book -1.09   led   0/255 h0.00 lvl-0.81   -
frame   158 :  an opened book -0.64  a closed book -1.19   led   0/255 h0.00 lvl-0.91   -
frame   159 :  an opened book +0.60  a closed book +0.44   led  53/ 58 h0.49 lvl+0.52   -
frame   160 :  an opened book -0.07  a closed book -0.57   led   0/255 h0.00 lvl-0.32   -
frame   161 :  a closed book +0.82  an opened book +0.75   led 104/ 23 h0.67 lvl+0.78   -
frame   162 :  an opened book +0.30  a closed book -0.20   led  11/139 h0.24 lvl+0.05   -
frame   163 :  an opened book +1.28*  a closed book +0.92   led 255/  0 h1.00 lvl+1.10   MATCH an opened book (cos -0.110)
frame   164 :  an opened book +0.52  a closed book -0.37   led  38/ 76 h0.42 lvl+0.08   -
frame   165 :  a closed book +1.58*  an opened book +1.37*   led 255/  0 h1.00 lvl+1.48   MATCH a closed book (cos -0.094)
frame   166 :  a closed book +0.44  an opened book +0.13   led  27/ 96 h0.36 lvl+0.28   -
frame   167 :  an opened book +1.52*  a closed book +1.44*   led 255/  0 h1.00 lvl+1.48   MATCH an opened book (cos -0.109)
frame   168 :  an opened book +0.09  a closed book -0.11   led   1/214 h0.08 lvl-0.01   -
frame   169 :  an opened book +1.71*  a closed book +0.99   led 255/  0 h1.00 lvl+1.35   MATCH an opened book (cos -0.107)
frame   170 :  a closed book +1.32*  an opened book +1.28*   led 255/  0 h1.00 lvl+1.30   MATCH a closed book (cos -0.095)
frame   171 :  an opened book +0.12  a closed book -0.08   led   1/205 h0.09 lvl+0.02   -
frame   172 :  an opened book +0.60  a closed book +0.41   led  53/ 58 h0.49 lvl+0.51   -
frame   173 :  a closed book +0.16  an opened book +0.10   led   3/188 h0.13 lvl+0.13   -
frame   174 :  an opened book +0.60  a closed book +0.22   led  52/ 59 h0.49 lvl+0.41   -
frame   175 :  a closed book +0.47  an opened book +0.24   led  31/ 88 h0.38 lvl+0.35   -
frame   176 :  an opened book +1.41*  a closed book +1.32*   led 255/  0 h1.00 lvl+1.37   MATCH an opened book (cos -0.109)
frame   177 :  a closed book +1.79*  an opened book +1.61*   led 255/  0 h1.00 lvl+1.70   MATCH a closed book (cos -0.092)
frame   178 :  an opened book +1.02  a closed book +1.02   led 171/  5 h0.83 lvl+1.02   -
frame   179 :  an opened book +0.64  a closed book +0.14   led  60/ 51 h0.52 lvl+0.39   -
frame   180 :  an opened book +0.59  a closed book +0.56   led  51/ 61 h0.48 lvl+0.57   -
frame   181 :  an opened book -0.18  a closed book -0.23   led   0/255 h0.00 lvl-0.21   -
frame   182 :  a closed book +0.77  an opened book +0.58   led  92/ 29 h0.63 lvl+0.68   -
frame   183 :  a closed book +1.14  an opened book +1.12   led 215/  1 h0.93 lvl+1.13   -
frame   184 :  a closed book +0.05  an opened book -0.06   led   0/232 h0.04 lvl-0.01   -
frame   185 :  an opened book +1.21  a closed book +0.86   led 246/  0 h0.98 lvl+1.03   -
frame   186 :  a closed book +0.47  an opened book +0.38   led  30/ 89 h0.38 lvl+0.42   -
frame   187 :  an opened book +0.42  a closed book -0.20   led  24/102 h0.34 lvl+0.11   -
frame   188 :  a closed book +0.23  an opened book +0.22   led   7/161 h0.19 lvl+0.22   -
frame   189 :  an opened book +1.04  a closed book +0.97   led 177/  4 h0.85 lvl+1.01   -
frame   190 :  a closed book +0.05  an opened book -0.12   led   0/235 h0.04 lvl-0.04   -
frame   191 :  an opened book +0.98  a closed book +0.37   led 154/  8 h0.80 lvl+0.67   -
frame   192 :  a closed book +0.83  an opened book +0.64   led 107/ 22 h0.67 lvl+0.74   -
frame   193 :  a closed book +0.87  an opened book +0.59   led 119/ 17 h0.71 lvl+0.73   -
frame   194 :  a closed book +0.82  an opened book +0.11   led 104/ 23 h0.66 lvl+0.46   -
frame   195 :  an opened book +0.41  a closed book +0.15   led  23/104 h0.34 lvl+0.28   -
frame   196 :  a closed book +0.07  an opened book +0.06   led   1/223 h0.06 lvl+0.07   -
frame   197 :  an opened book +1.56*  a closed book +1.48*   led 255/  0 h1.00 lvl+1.52   MATCH an opened book (cos -0.108)
frame   198 :  an opened book +0.60  a closed book +0.06   led  52/ 59 h0.48 lvl+0.33   -
frame   199 :  a closed book +0.99  an opened book +0.52   led 158/  7 h0.81 lvl+0.75   -
background: after 30 frames (frozen, room spread), this room reads  a closed book -0.104 +-0.0068 (COCO -0.159 +-0.0351)  an opened book -0.119 +-0.0065 (COCO -0.151 +-0.0303)
frame   200 :  a closed book +1.74*  an opened book +1.16   led 255/  0 h1.00 lvl+1.45   MATCH a closed book (cos -0.092)
frame   201 :  an opened book +1.07  a closed book +0.70   led 188/  3 h0.87 lvl+0.88   -
frame   202 :  a closed book +0.22  an opened book -0.02   led   6/165 h0.18 lvl+0.10   -
frame   203 :  a closed book +0.73  an opened book +0.58   led  81/ 35 h0.59 lvl+0.65   -
frame   204 :  an opened book -0.67  a closed book -1.43   led   0/255 h0.00 lvl-1.05   -
frame   205 :  a closed book +0.19  an opened book +0.11   led   4/177 h0.15 lvl+0.15   -
frame   206 :  an opened book +1.00  a closed book +0.24   led 162/  6 h0.81 lvl+0.62   -
frame   207 :  an opened book +1.14  a closed book +0.54   led 214/  1 h0.92 lvl+0.84   -
frame   208 :  an opened book +0.46  a closed book +0.38   led  29/ 91 h0.37 lvl+0.42   -
frame   209 :  a closed book +0.87  an opened book +0.84   led 118/ 17 h0.70 lvl+0.85   -
frame   210 :  an opened book +0.90  a closed book +0.39   led 128/ 14 h0.73 lvl+0.64   -
frame   211 :  an opened book -0.01  a closed book -0.36   led   0/255 h0.00 lvl-0.18   -
frame   212 :  an opened book +0.96  a closed book +0.71   led 149/  9 h0.78 lvl+0.84   -
frame   213 :  an opened book +0.24  a closed book +0.20   led   7/157 h0.20 lvl+0.22   -
frame   214 :  a closed book +1.20  an opened book +0.89   led 240/  0 h0.97 lvl+1.04   -
frame   215 :  a closed book -0.08  an opened book -0.31   led   0/255 h0.00 lvl-0.19   -
frame   216 :  a closed book +0.68  an opened book +0.58   led  69/ 44 h0.55 lvl+0.63   -
frame   217 :  an opened book +0.11  a closed book -0.56   led   1/210 h0.09 lvl-0.23   -
frame   218 :  a closed book +1.05  an opened book +0.88   led 181/  4 h0.85 lvl+0.96   -
frame   219 :  a closed book +0.70  an opened book +0.59   led  73/ 40 h0.57 lvl+0.64   -
frame   220 :  a closed book +1.06  an opened book +0.75   led 185/  3 h0.86 lvl+0.91   -
frame   221 :  an opened book +0.86  a closed book +0.56   led 116/ 18 h0.70 lvl+0.71   -
frame   222 :  a closed book +0.52  an opened book +0.26   led  38/ 77 h0.42 lvl+0.39   -
frame   223 :  a closed book +1.03  an opened book +0.70   led 172/  5 h0.84 lvl+0.86   -
frame   224 :  an opened book +1.04  a closed book +0.78   led 177/  4 h0.85 lvl+0.91   -
frame   225 :  an opened book +1.24*  a closed book +0.64   led 255/  0 h1.00 lvl+0.94   MATCH an opened book (cos -0.111)
frame   226 :  a closed book +0.59  an opened book +0.50   led  51/ 61 h0.48 lvl+0.54   -
frame   227 :  an opened book +0.92  a closed book +0.61   led 134/ 12 h0.75 lvl+0.76   -
frame   228 :  a closed book +1.86*  an opened book +1.81*   led 255/  0 h1.00 lvl+1.83   MATCH a closed book (cos -0.092)
frame   229 :  a closed book +0.21  an opened book +0.19   led   5/167 h0.17 lvl+0.20   -
frame   230 :  an opened book -0.30  a closed book -0.64   led   0/255 h0.00 lvl-0.47   -
frame   231 :  a closed book +0.47  an opened book +0.29   led  31/ 89 h0.38 lvl+0.38   -
frame   232 :  a closed book +0.67  an opened book +0.44   led  68/ 45 h0.55 lvl+0.56   -
frame   233 :  a closed book +0.81  an opened book +0.46   led 102/ 24 h0.66 lvl+0.64   -
frame   234 :  an opened book +1.15  a closed book +0.68   led 222/  1 h0.94 lvl+0.92   -
frame   235 :  an opened book -0.06  a closed book -0.09   led   0/255 h0.00 lvl-0.07   -
frame   236 :  an opened book +0.43  a closed book +0.31   led  25/ 99 h0.35 lvl+0.37   -
frame   237 :  a closed book +0.25  an opened book +0.20   led   7/156 h0.20 lvl+0.22   -
frame   238 :  a closed book +1.43*  an opened book +0.84   led 255/  0 h1.00 lvl+1.14   MATCH a closed book (cos -0.095)
frame   239 :  an opened book +1.18  a closed book +0.47   led 232/  0 h0.96 lvl+0.83   -
frame   240 :  an opened book +1.43*  a closed book +1.32*   led 255/  0 h1.00 lvl+1.38   MATCH an opened book (cos -0.109)
frame   241 :  an opened book +0.29  a closed book -0.19   led  11/141 h0.24 lvl+0.05   -
frame   242 :  a closed book +1.27*  an opened book +1.16   led 255/  0 h1.00 lvl+1.22   MATCH a closed book (cos -0.096)
frame   243 :  a closed book +1.05  an opened book +0.96   led 181/  4 h0.86 lvl+1.01   -
frame   244 :  an opened book +1.26*  a closed book +1.00   led 255/  0 h1.00 lvl+1.13   MATCH an opened book (cos -0.110)
frame   245 :  an opened book +0.98  a closed book +0.86   led 155/  8 h0.80 lvl+0.92   -
frame   246 :  a closed book +0.47  an opened book +0.21   led  30/ 89 h0.38 lvl+0.34   -
frame   247 :  an opened book +0.70  a closed book +0.46   led  74/ 40 h0.57 lvl+0.58   -
frame   248 :  a closed book +1.51*  an opened book +0.74   led 255/  0 h1.00 lvl+1.12   MATCH a closed book (cos -0.094)
frame   249 :  an opened book +0.56  a closed book +0.02   led  45/ 67 h0.46 lvl+0.29   -
frame   250 :  an opened book +0.42  a closed book -0.51   led  25/100 h0.35 lvl-0.04   -
frame   251 :  a closed book +0.17  an opened book -0.47   led   3/185 h0.14 lvl-0.15   -
frame   252 :  a closed book -0.07  an opened book -0.11   led   0/255 h0.00 lvl-0.09   -
frame   253 :  a closed book +0.16  an opened book -0.10   led   3/187 h0.13 lvl+0.03   -
frame   254 :  an opened book +0.80  a closed book +0.47   led  99/ 25 h0.65 lvl+0.63   -
frame   255 :  an opened book +0.22  a closed book -0.16   led   6/165 h0.18 lvl+0.03   -
frame   256 :  an opened book +0.16  a closed book +0.11   led   3/186 h0.13 lvl+0.13   -
frame   257 :  a closed book +0.07  an opened book -0.10   led   0/224 h0.06 lvl-0.02   -
frame   258 :  an opened book +0.58  a closed book +0.56   led  48/ 63 h0.47 lvl+0.57   -
frame   259 :  a closed book +0.84  an opened book +0.59   led 110/ 20 h0.68 lvl+0.72   -
frame   260 :  an opened book +1.03  a closed book +0.83   led 174/  4 h0.84 lvl+0.93   -
frame   261 :  a closed book +0.27  an opened book +0.23   led   9/147 h0.22 lvl+0.25   -
frame   262 :  an opened book -0.29  a closed book -0.40   led   0/255 h0.00 lvl-0.34   -
frame   263 :  a closed book +0.28  an opened book +0.23   led  10/146 h0.23 lvl+0.25   -
frame   264 :  a closed book +1.91*  an opened book +1.62*   led 255/  0 h1.00 lvl+1.76   MATCH a closed book (cos -0.091)
frame   265 :  an opened book -0.41  a closed book -0.57   led   0/255 h0.00 lvl-0.49   -
frame   266 :  an opened book +1.50*  a closed book +1.46*   led 255/  0 h1.00 lvl+1.48   MATCH an opened book (cos -0.109)
frame   267 :  an opened book +1.47*  a closed book +1.29*   led 255/  0 h1.00 lvl+1.38   MATCH an opened book (cos -0.109)
frame   268 :  a closed book +0.80  an opened book +0.44   led  99/ 25 h0.65 lvl+0.62   -
frame   269 :  an opened book +1.07  a closed book +0.71   led 189/  3 h0.87 lvl+0.89   -
frame   270 :  a closed book +1.48*  an opened book +1.47*   led 255/  0 h1.00 lvl+1.48   MATCH a closed book (cos -0.094)
frame   271 :  a closed book +1.03  an opened book +0.88   led 173/  5 h0.84 lvl+0.96   -
frame   272 :  a closed book +1.19  an opened book +1.09   led 235/  0 h0.96 lvl+1.14   -
frame   273 :  a closed book +1.10  an opened book +0.95   led 201/  2 h0.90 lvl+1.02   -
frame   274 :  an opened book +0.99  a closed book +0.58   led 157/  7 h0.80 lvl+0.78   -
frame   275 :  an opened book -0.33  a closed book -0.53   led   0/255 h0.00 lvl-0.43   -
frame   276 :  a closed book +0.03  an opened book -0.24   led   0/241 h0.03 lvl-0.10   -
frame   277 :  an opened book +0.34  a closed book -0.24   led  15/125 h0.28 lvl+0.05   -
frame   278 :  an opened book +1.24*  a closed book +0.69   led 255/  0 h1.00 lvl+0.96   MATCH an opened book (cos -0.111)
frame   279 :  a closed book +0.75  an opened book +0.65   led  85/ 33 h0.61 lvl+0.70   -
frame   280 :  a closed book +0.76  an opened book +0.54   led  87/ 31 h0.61 lvl+0.65   -
frame   281 :  an opened book +1.00  a closed book +0.54   led 162/  6 h0.81 lvl+0.77   -
frame   282 :  an opened book +0.86  a closed book +0.66   led 116/ 18 h0.70 lvl+0.76   -
frame   283 :  a closed book +0.53  an opened book +0.31   led  40/ 74 h0.43 lvl+0.42   -
frame   284 :  an opened book +1.55*  a closed book +1.51*   led 255/  0 h1.00 lvl+1.53   MATCH an opened book (cos -0.109)
frame   285 :  an opened book +0.88  a closed book +0.41   led 123/ 16 h0.72 lvl+0.65   -
frame   286 :  a closed book +0.78  an opened book +0.68   led  94/ 28 h0.63 lvl+0.73   -
frame   287 :  a closed book +0.67  an opened book +0.41   led  67/ 45 h0.55 lvl+0.54   -
frame   288 :  an opened book +1.17  a closed book +0.87   led 228/  0 h0.95 lvl+1.02   -
frame   289 :  an opened book +1.87*  a closed book +1.76*   led 255/  0 h1.00 lvl+1.82   MATCH an opened book (cos -0.106)
frame   290 :  an opened book +1.88*  a closed book +1.79*   led 255/  0 h1.00 lvl+1.84   MATCH an opened book (cos -0.106)
frame   291 :  an opened book +1.09  a closed book +0.46   led 194/  2 h0.88 lvl+0.77   -
frame   292 :  an opened book +0.87  a closed book +0.64   led 118/ 17 h0.71 lvl+0.75   -
frame   293 :  an opened book +1.88*  a closed book +1.42*   led 255/  0 h1.00 lvl+1.65   MATCH an opened book (cos -0.106)
frame   294 :  an opened book +1.03  a closed book +0.31   led 172/  5 h0.84 lvl+0.67   -
frame   295 :  a closed book +1.68*  an opened book +1.31*   led 255/  0 h1.00 lvl+1.49   MATCH a closed book (cos -0.093)
frame   296 :  an opened book +1.10  a closed book +0.73   led 201/  2 h0.90 lvl+0.92   -
frame   297 :  an opened book +0.78  a closed book +0.57   led  95/ 27 h0.64 lvl+0.68   -
frame   298 :  a closed book +0.68  an opened book +0.37   led  70/ 43 h0.56 lvl+0.53   -
frame   299 :  an opened book +1.51*  a closed book +1.35*   led 255/  0 h1.00 lvl+1.43   MATCH an opened book (cos -0.109)
background: after 30 frames (frozen, room spread), this room reads  a closed book -0.104 +-0.0068 (COCO -0.159 +-0.0351)  an opened book -0.119 +-0.0065 (COCO -0.151 +-0.0303)
frame   300 :  a closed book +1.12  an opened book +0.82   led 209/  1 h0.91 lvl+0.97   -
frame   301 :  an opened book +1.51*  a closed book +1.49*   led 255/  0 h1.00 lvl+1.50   MATCH an opened book (cos -0.109)
frame   302 :  an opened book -0.16  a closed book -0.25   led   0/255 h0.00 lvl-0.21   -
frame   303 :  an opened book +1.08  a closed book +0.59   led 193/  2 h0.88 lvl+0.84   -
frame   304 :  an opened book +0.66  a closed book +0.05   led  65/ 47 h0.54 lvl+0.36   -
frame   305 :  an opened book +1.34*  a closed book +1.01   led 255/  0 h1.00 lvl+1.18   MATCH an opened book (cos -0.110)
frame   306 :  a closed book +0.63  an opened book +0.63   led  59/ 52 h0.51 lvl+0.63   -
frame   307 :  a closed book +0.86  an opened book +0.83   led 115/ 19 h0.70 lvl+0.84   -
frame   308 :  a closed book +0.78  an opened book +0.59   led  93/ 28 h0.63 lvl+0.68   -
frame   309 :  an opened book +0.35  a closed book +0.18   led  16/123 h0.28 lvl+0.26   -
frame   310 :  a closed book +0.66  an opened book +0.62   led  64/ 48 h0.53 lvl+0.64   -
frame   311 :  an opened book +1.16  a closed book +0.53   led 223/  1 h0.94 lvl+0.84   -
frame   312 :  an opened book +1.46*  a closed book +0.43   led 255/  0 h1.00 lvl+0.94   MATCH an opened book (cos -0.109)
frame   313 :  a closed book +1.46*  an opened book +1.33*   led 255/  0 h1.00 lvl+1.40   MATCH a closed book (cos -0.094)
frame   314 :  an opened book +1.14  a closed book +0.89   led 214/  1 h0.92 lvl+1.01   -
frame   315 :  an opened book +0.52  a closed book +0.20   led  39/ 75 h0.43 lvl+0.36   -
frame   316 :  a closed book +1.00  an opened book +0.96   led 161/  6 h0.81 lvl+0.98   -
frame   317 :  an opened book +0.48  a closed book -0.06   led  33/ 85 h0.39 lvl+0.21   -
frame   318 :  an opened book -0.09  a closed book -0.81   led   0/255 h0.00 lvl-0.45   -
frame   319 :  an opened book +0.19  a closed book -0.09   led   4/178 h0.15 lvl+0.05   -
frame   320 :  an opened book +0.35  a closed book +0.30   led  16/121 h0.29 lvl+0.33   -
frame   321 :  an opened book +1.22  a closed book +0.85   led 249/  0 h0.99 lvl+1.03   -
frame   322 :  an opened book +0.64  a closed book +0.17   led  61/ 50 h0.52 lvl+0.41   -
frame   323 :  an opened book +1.21  a closed book +1.02   led 245/  0 h0.98 lvl+1.11   -
frame   324 :  an opened book +1.33*  a closed book +1.07   led 255/  0 h1.00 lvl+1.20   MATCH an opened book (cos -0.110)
frame   325 :  a closed book +1.35*  an opened book +1.06   led 255/  0 h1.00 lvl+1.21   MATCH a closed book (cos -0.095)
frame   326 :  an opened book +0.81  a closed book +0.55   led 101/ 24 h0.66 lvl+0.68   -
frame   327 :  a closed book +0.81  an opened book +0.75   led 101/ 24 h0.66 lvl+0.78   -
frame   328 :  a closed book +2.57*  an opened book +2.28*   led 255/  0 h1.00 lvl+2.42   MATCH a closed book (cos -0.087)
frame   329 :  an opened book +1.28*  a closed book +1.01   led 255/  0 h1.00 lvl+1.15   MATCH an opened book (cos -0.110)
frame   330 :  a closed book +1.58*  an opened book +1.21   led 255/  0 h1.00 lvl+1.39   MATCH a closed book (cos -0.094)
frame   331 :  a closed book +1.07  an opened book +0.73   led 190/  3 h0.87 lvl+0.90   -
frame   332 :  an opened book +1.68*  a closed book +1.59*   led 255/  0 h1.00 lvl+1.64   MATCH an opened book (cos -0.108)
frame   333 :  an opened book +1.48*  a closed book +1.21   led 255/  0 h1.00 lvl+1.35   MATCH an opened book (cos -0.109)
frame   334 :  an opened book +1.35*  a closed book +1.18   led 255/  0 h1.00 lvl+1.26   MATCH an opened book (cos -0.110)
frame   335 :  a closed book +1.55*  an opened book +1.51*   led 255/  0 h1.00 lvl+1.53   MATCH a closed book (cos -0.094)
frame   336 :  a closed book +1.38*  an opened book +0.95   led 255/  0 h1.00 lvl+1.17   MATCH a closed book (cos -0.095)
frame   337 :  an opened book +1.46*  a closed book +1.35*   led 255/  0 h1.00 lvl+1.40   MATCH an opened book (cos -0.109)
frame   338 :  an opened book +1.03  a closed book +0.73   led 173/  5 h0.84 lvl+0.88   -
frame   339 :  a closed book +1.90*  an opened book +1.79*   led 255/  0 h1.00 lvl+1.84   MATCH a closed book (cos -0.091)
frame   340 :  an opened book +1.29*  a closed book +0.83   led 255/  0 h1.00 lvl+1.06   MATCH an opened book (cos -0.110)
frame   341 :  a closed book -0.45  an opened book -0.56   led   0/255 h0.00 lvl-0.50   -
frame   342 :  an opened book +1.04  a closed book +0.30   led 176/  4 h0.85 lvl+0.67   -
frame   343 :  a closed book +1.22  an opened book +0.88   led 253/  0 h1.00 lvl+1.05   -
frame   344 :  an opened book -0.12  a closed book -0.29   led   0/255 h0.00 lvl-0.21   -
frame   345 :  an opened book -0.04  a closed book -0.18   led   0/255 h0.00 lvl-0.11   -
frame   346 :  an opened book +0.70  a closed book +0.43   led  75/ 39 h0.57 lvl+0.56   -
frame   347 :  an opened book +0.03  a closed book -0.61   led   0/243 h0.02 lvl-0.29   -
frame   348 :  an opened book +0.57  a closed book +0.12   led  47/ 65 h0.46 lvl+0.35   -
frame   349 :  a closed book +0.65  an opened book +0.13   led  64/ 48 h0.53 lvl+0.39   -
frame   350 :  an opened book +0.97  a closed book +0.88   led 150/  9 h0.79 lvl+0.92   -
frame   351 :  an opened book +1.32*  a closed book +0.85   led 255/  0 h1.00 lvl+1.08   MATCH an opened book (cos -0.110)
frame   352 :  an opened book -0.29  a closed book -0.70   led   0/255 h0.00 lvl-0.50   -
frame   353 :  an opened book +1.15  a closed book +0.92   led 221/  1 h0.94 lvl+1.04   -
frame   354 :  an opened book +0.24  a closed book -0.19   led   7/157 h0.20 lvl+0.03   -
frame   355 :  a closed book +1.92*  an opened book +1.85*   led 255/  0 h1.00 lvl+1.88   MATCH a closed book (cos -0.091)
frame   356 :  an opened book -0.05  a closed book -0.77   led   0/255 h0.00 lvl-0.41   -
frame   357 :  an opened book -0.45  a closed book -1.04   led   0/255 h0.00 lvl-0.75   -
frame   358 :  a closed book +1.24*  an opened book +0.92   led 255/  0 h1.00 lvl+1.08   MATCH a closed book (cos -0.096)
frame   359 :  a closed book +1.02  an opened book +0.94   led 170/  5 h0.83 lvl+0.98   -
frame   360 :  a closed book +1.17  an opened book +0.68   led 231/  0 h0.96 lvl+0.93   -
frame   361 :  an opened book -0.52  a closed book -0.65   led   0/255 h0.00 lvl-0.59   -
frame   362 :  a closed book +0.82  an opened book +0.74   led 104/ 23 h0.66 lvl+0.78   -
frame   363 :  an opened book -0.45  a closed book -0.77   led   0/255 h0.00 lvl-0.61   -
frame   364 :  an opened book +0.59  a closed book +0.53   led  51/ 60 h0.48 lvl+0.56   -
frame   365 :  a closed book -0.52  an opened book -1.81   led   0/255 h0.00 lvl-1.17   -
frame   366 :  a closed book -1.20  an opened book -1.67   led   0/255 h0.00 lvl-1.43   -
frame   367 :  a closed book -0.14  an opened book -0.18   led   0/255 h0.00 lvl-0.16   -
frame   368 :  an opened book -1.54  a closed book -1.87   led   0/255 h0.00 lvl-1.71   -
frame   369 :  a closed book +0.56  an opened book +0.18   led  45/ 67 h0.46 lvl+0.37   -
frame   370 :  a closed book +1.64*  an opened book +0.90   led 255/  0 h1.00 lvl+1.27   MATCH a closed book (cos -0.093)
frame   371 :  an opened book +0.38  a closed book +0.06   led  20/112 h0.31 lvl+0.22   -
frame   372 :  a closed book +0.80  an opened book +0.25   led  99/ 25 h0.65 lvl+0.53   -
frame   373 :  an opened book +0.34  a closed book -0.16   led  15/124 h0.28 lvl+0.09   -
frame   374 :  a closed book +0.48  an opened book +0.44   led  32/ 87 h0.39 lvl+0.46   -
frame   375 :  a closed book +1.03  an opened book +0.85   led 173/  5 h0.84 lvl+0.94   -
frame   376 :  an opened book -0.14  a closed book -0.23   led   0/255 h0.00 lvl-0.18   -
frame   377 :  a closed book +0.53  an opened book +0.53   led  41/ 73 h0.43 lvl+0.53   -
frame   378 :  a closed book +0.49  an opened book +0.22   led  33/ 84 h0.40 lvl+0.35   -
frame   379 :  an opened book -0.17  a closed book -0.48   led   0/255 h0.00 lvl-0.33   -
frame   380 :  an opened book +0.01  a closed book -0.12   led   0/249 h0.01 lvl-0.06   -
frame   381 :  a closed book -0.08  an opened book -0.54   led   0/255 h0.00 lvl-0.31   -
frame   382 :  a closed book -0.52  an opened book -0.96   led   0/255 h0.00 lvl-0.74   -
frame   383 :  an opened book -0.18  a closed book -0.20   led   0/255 h0.00 lvl-0.19   -
frame   384 :  a closed book -1.44  an opened book -1.89   led   0/255 h0.00 lvl-1.66   -
frame   385 :  a closed book -1.01  an opened book -1.23   led   0/255 h0.00 lvl-1.12   -
frame   386 :  a closed book +0.23  an opened book -0.47   led   6/162 h0.19 lvl-0.12   -
frame   387 :  a closed book -0.04  an opened book -0.40   led   0/255 h0.00 lvl-0.22   -
frame   388 :  an opened book -0.84  a closed book -1.37   led   0/255 h0.00 lvl-1.10   -
frame   389 :  a closed book +0.53  an opened book -0.12   led  41/ 73 h0.43 lvl+0.21   -
frame   390 :  a closed book +0.53  an opened book +0.28   led  40/ 73 h0.43 lvl+0.41   -
frame   391 :  an opened book -1.00  a closed book -1.03   led   0/255 h0.00 lvl-1.02   -
frame   392 :  an opened book +1.08  a closed book +0.73   led 193/  2 h0.88 lvl+0.90   -
frame   393 :  an opened book -0.44  a closed book -0.61   led   0/255 h0.00 lvl-0.52   -
frame   394 :  an opened book -0.04  a closed book -0.36   led   0/255 h0.00 lvl-0.20   -
frame   395 :  an opened book -0.40  a closed book -0.67   led   0/255 h0.00 lvl-0.54   -
frame   396 :  an opened book -0.35  a closed book -0.66   led   0/255 h0.00 lvl-0.50   -
frame   397 :  a closed book -0.42  an opened book -0.56   led   0/255 h0.00 lvl-0.49   -
frame   398 :  an opened book -0.03  a closed book -0.76   led   0/255 h0.00 lvl-0.40   -
frame   399 :  an opened book -2.15  a closed book -2.52   led   0/255 h0.00 lvl-2.34   -
background: after 30 frames (frozen, room spread), this room reads  a closed book -0.104 +-0.0068 (COCO -0.159 +-0.0351)  an opened book -0.119 +-0.0065 (COCO -0.151 +-0.0303)
frame   400 :  a closed book -1.77  an opened book -1.97   led   0/255 h0.00 lvl-1.87   -
frame   401 :  a closed book -2.12  an opened book -3.28   led   0/255 h0.00 lvl-2.70   -
frame   402 :  a closed book -2.54  an opened book -3.43   led   0/255 h0.00 lvl-2.98   -
frame   403 :  an opened book +0.05  a closed book -1.50   led   0/231 h0.04 lvl-0.72   -
frame   404 :  an opened book -1.02  a closed book -1.73   led   0/255 h0.00 lvl-1.38   -
frame   405 :  an opened book -0.25  a closed book -0.72   led   0/255 h0.00 lvl-0.48   -
frame   406 :  a closed book -0.15  an opened book -0.21   led   0/255 h0.00 lvl-0.18   -
frame   407 :  a closed book -1.02  an opened book -1.52   led   0/255 h0.00 lvl-1.27   -
frame   408 :  a closed book +0.17  an opened book -0.12   led   3/185 h0.13 lvl+0.02   -
frame   409 :  a closed book -0.83  an opened book -0.90   led   0/255 h0.00 lvl-0.87   -
frame   410 :  a closed book +1.61*  an opened book +0.84   led 255/  0 h1.00 lvl+1.23   MATCH a closed book (cos -0.093)
frame   411 :  a closed book -1.30  an opened book -1.89   led   0/255 h0.00 lvl-1.60   -
frame   412 :  a closed book -0.29  an opened book -0.39   led   0/255 h0.00 lvl-0.34   -
frame   413 :  a closed book -0.38  an opened book -0.52   led   0/255 h0.00 lvl-0.45   -
frame   414 :  a closed book -1.57  an opened book -1.66   led   0/255 h0.00 lvl-1.62   -
frame   415 :  a closed book -0.82  an opened book -0.98   led   0/255 h0.00 lvl-0.90   -
frame   416 :  a closed book -0.70  an opened book -1.16   led   0/255 h0.00 lvl-0.93   -
frame   417 :  a closed book -0.19  an opened book -0.61   led   0/255 h0.00 lvl-0.40   -
frame   418 :  an opened book +0.47  a closed book +0.45   led  31/ 87 h0.39 lvl+0.46   -
frame   419 :  an opened book +0.26  a closed book -0.29   led   8/151 h0.21 lvl-0.02   -
frame   420 :  a closed book +1.94*  an opened book +1.29*   led 255/  0 h1.00 lvl+1.61   MATCH a closed book (cos -0.091)
frame   421 :  an opened book +0.49  a closed book -0.03   led  34/ 83 h0.40 lvl+0.23   -
frame   422 :  an opened book +0.04  a closed book -0.58   led   0/237 h0.03 lvl-0.27   -
frame   423 :  an opened book +1.05  a closed book +0.98   led 179/  4 h0.85 lvl+1.01   -
frame   424 :  an opened book +1.16  a closed book +1.02   led 222/  1 h0.94 lvl+1.09   -
frame   425 :  an opened book +1.26*  a closed book +0.69   led 255/  0 h1.00 lvl+0.98   MATCH an opened book (cos -0.110)
frame   426 :  an opened book -0.08  a closed book -0.29   led   0/255 h0.00 lvl-0.19   -
frame   427 :  an opened book +0.21  a closed book +0.18   led   5/170 h0.17 lvl+0.19   -
frame   428 :  an opened book +0.78  a closed book +0.63   led  95/ 27 h0.64 lvl+0.71   -
frame   429 :  an opened book +0.99  a closed book +0.46   led 159/  7 h0.81 lvl+0.73   -
frame   430 :  a closed book +1.67*  an opened book +1.35*   led 255/  0 h1.00 lvl+1.51   MATCH a closed book (cos -0.093)
frame   431 :  an opened book -0.12  a closed book -0.51   led   0/255 h0.00 lvl-0.31   -
frame   432 :  a closed book +1.38*  an opened book +1.30*   led 255/  0 h1.00 lvl+1.34   MATCH a closed book (cos -0.095)
frame   433 :  a closed book +1.52*  an opened book +1.49*   led 255/  0 h1.00 lvl+1.50   MATCH a closed book (cos -0.094)
frame   434 :  a closed book +0.74  an opened book +0.47   led  84/ 33 h0.61 lvl+0.61   -
frame   435 :  an opened book +0.71  a closed book +0.46   led  75/ 39 h0.57 lvl+0.59   -
frame   436 :  an opened book +0.99  a closed book +0.18   led 159/  7 h0.81 lvl+0.59   -
frame   437 :  an opened book +0.78  a closed book +0.39   led  95/ 27 h0.64 lvl+0.59   -
frame   438 :  an opened book +0.01  a closed book -0.16   led   0/252 h0.01 lvl-0.07   -
frame   439 :  an opened book +1.34*  a closed book +0.82   led 255/  0 h1.00 lvl+1.08   MATCH an opened book (cos -0.110)
frame   440 :  an opened book +1.65*  a closed book +1.48*   led 255/  0 h1.00 lvl+1.56   MATCH an opened book (cos -0.108)
frame   441 :  an opened book +0.78  a closed book +0.50   led  94/ 28 h0.63 lvl+0.64   -
frame   442 :  an opened book +1.38*  a closed book +1.32*   led 255/  0 h1.00 lvl+1.35   MATCH an opened book (cos -0.110)
frame   443 :  a closed book +1.44*  an opened book +1.04   led 255/  0 h1.00 lvl+1.24   MATCH a closed book (cos -0.094)
frame   444 :  an opened book +0.62  a closed book +0.22   led  56/ 55 h0.50 lvl+0.42   -
frame   445 :  a closed book +1.26*  an opened book +1.19   led 255/  0 h1.00 lvl+1.22   MATCH a closed book (cos -0.096)
frame   446 :  an opened book +1.27*  a closed book +0.93   led 255/  0 h1.00 lvl+1.10   MATCH an opened book (cos -0.110)
frame   447 :  an opened book +0.61  a closed book -0.21   led  55/ 56 h0.50 lvl+0.20   -
frame   448 :  a closed book +1.11  an opened book +0.89   led 202/  2 h0.90 lvl+1.00   -
frame   449 :  an opened book +0.92  a closed book +0.60   led 135/ 12 h0.75 lvl+0.76   -
frame   450 :  an opened book +1.11  a closed book +0.56   led 202/  2 h0.90 lvl+0.83   -
frame   451 :  a closed book +0.69  an opened book +0.62   led  71/ 42 h0.56 lvl+0.65   -
frame   452 :  an opened book +0.97  a closed book +0.52   led 152/  8 h0.79 lvl+0.74   -
frame   453 :  an opened book +0.21  a closed book -0.41   led   5/170 h0.17 lvl-0.10   -
frame   454 :  an opened book +0.74  a closed book +0.51   led  82/ 34 h0.60 lvl+0.62   -
frame   455 :  a closed book +0.62  an opened book +0.43   led  57/ 54 h0.51 lvl+0.53   -
frame   456 :  an opened book +1.61*  a closed book +0.79   led 255/  0 h1.00 lvl+1.20   MATCH an opened book (cos -0.108)
frame   457 :  a closed book +2.07*  an opened book +1.54*   led 255/  0 h1.00 lvl+1.81   MATCH a closed book (cos -0.090)
frame   458 :  an opened book +1.63*  a closed book +1.31*   led 255/  0 h1.00 lvl+1.47   MATCH an opened book (cos -0.108)
frame   459 :  an opened book +1.14  a closed book +0.38   led 217/  1 h0.93 lvl+0.76   -
frame   460 :  an opened book +1.28*  a closed book +0.87   led 255/  0 h1.00 lvl+1.08   MATCH an opened book (cos -0.110)
frame   461 :  a closed book +1.21  an opened book +0.89   led 245/  0 h0.98 lvl+1.05   -
frame   462 :  a closed book +1.90*  an opened book +1.74*   led 255/  0 h1.00 lvl+1.82   MATCH a closed book (cos -0.091)
frame   463 :  a closed book +1.57*  an opened book +1.39*   led 255/  0 h1.00 lvl+1.48   MATCH a closed book (cos -0.094)
frame   464 :  a closed book +1.47*  an opened book +1.46*   led 255/  0 h1.00 lvl+1.46   MATCH a closed book (cos -0.094)
frame   465 :  an opened book +1.18  a closed book +0.77   led 234/  0 h0.96 lvl+0.98   -
frame   466 :  a closed book +0.37  an opened book +0.21   led  18/116 h0.30 lvl+0.29   -
frame   467 :  an opened book +1.50*  a closed book +1.07   led 255/  0 h1.00 lvl+1.29   MATCH an opened book (cos -0.109)
frame   468 :  a closed book +1.24*  an opened book +0.76   led 255/  0 h1.00 lvl+1.00   MATCH a closed book (cos -0.096)
frame   469 :  a closed book +1.64*  an opened book +1.36*   led 255/  0 h1.00 lvl+1.50   MATCH a closed book (cos -0.093)
frame   470 :  a closed book +0.49  an opened book +0.44   led  34/ 82 h0.40 lvl+0.47   -
frame   471 :  a closed book +0.30  an opened book +0.26   led  11/139 h0.24 lvl+0.28   -
frame   472 :  an opened book +0.64  a closed book +0.16   led  60/ 51 h0.52 lvl+0.40   -
frame   473 :  a closed book +0.72  an opened book +0.70   led  79/ 36 h0.59 lvl+0.71   -
frame   474 :  a closed book +0.82  an opened book +0.59   led 103/ 23 h0.66 lvl+0.70   -
frame   475 :  a closed book -0.54  an opened book -1.04   led   0/255 h0.00 lvl-0.79   -
frame   476 :  a closed book +0.96  an opened book +0.36   led 149/  9 h0.78 lvl+0.66   -
frame   477 :  a closed book -1.09  an opened book -1.97   led   0/255 h0.00 lvl-1.53   -
frame   478 :  a closed book -1.46  an opened book -1.81   led   0/255 h0.00 lvl-1.64   -
frame   479 :  a closed book -1.71  an opened book -1.92   led   0/255 h0.00 lvl-1.82   -
frame   480 :  a closed book -1.29  an opened book -1.37   led   0/255 h0.00 lvl-1.33   -
frame   481 :  a closed book -1.74  an opened book -2.32   led   0/255 h0.00 lvl-2.03   -
frame   482 :  a closed book -0.74  an opened book -0.85   led   0/255 h0.00 lvl-0.79   -
frame   483 :  a closed book -0.82  an opened book -1.26   led   0/255 h0.00 lvl-1.04   -
frame   484 :  an opened book -2.31  a closed book -2.43   led   0/255 h0.00 lvl-2.37   -
frame   485 :  an opened book -0.97  a closed book -2.14   led   0/255 h0.00 lvl-1.56   -
frame   486 :  an opened book -0.93  a closed book -2.49   led   0/255 h0.00 lvl-1.71   -
frame   487 :  an opened book -1.64  a closed book -2.24   led   0/255 h0.00 lvl-1.94   -
frame   488 :  an opened book -2.82  a closed book -3.12   led   0/255 h0.00 lvl-2.97   -
frame   489 :  an opened book -1.63  a closed book -2.63   led   0/255 h0.00 lvl-2.13   -
frame   490 :  an opened book -1.15  a closed book -2.04   led   0/255 h0.00 lvl-1.60   -
frame   491 :  an opened book -0.99  a closed book -1.08   led   0/255 h0.00 lvl-1.03   -
frame   492 :  a closed book +0.34  an opened book -0.04   led  15/125 h0.28 lvl+0.15   -
frame   493 :  a closed book +1.79*  an opened book +0.96   led 255/  0 h1.00 lvl+1.37   MATCH a closed book (cos -0.092)
frame   494 :  a closed book +0.92  an opened book +0.67   led 136/ 12 h0.75 lvl+0.79   -
frame   495 :  an opened book +0.54  a closed book +0.12   led  42/ 71 h0.44 lvl+0.33   -
frame   496 :  a closed book +2.16*  an opened book +1.68*   led 255/  0 h1.00 lvl+1.92   MATCH a closed book (cos -0.090)
frame   497 :  an opened book +0.20  a closed book +0.13   led   5/171 h0.17 lvl+0.17   -
frame   498 :  a closed book +2.38*  an opened book +2.32*   led 255/  0 h1.00 lvl+2.35   MATCH a closed book (cos -0.088)
frame   499 :  an opened book +0.95  a closed book +0.79   led 145/ 10 h0.77 lvl+0.87   -
background: after 30 frames (frozen, room spread), this room reads  a closed book -0.104 +-0.0068 (COCO -0.159 +-0.0351)  an opened book -0.119 +-0.0065 (COCO -0.151 +-0.0303)
frame   500 :  an opened book +2.15*  a closed book +2.07*   led 255/  0 h1.00 lvl+2.11   MATCH an opened book (cos -0.105)
frame   501 :  an opened book +2.39*  a closed book +2.38*   led 255/  0 h1.00 lvl+2.39   MATCH an opened book (cos -0.103)
frame   502 :  an opened book +1.33*  a closed book +1.07   led 255/  0 h1.00 lvl+1.20   MATCH an opened book (cos -0.110)
frame   503 :  a closed book +1.31*  an opened book +1.13   led 255/  0 h1.00 lvl+1.22   MATCH a closed book (cos -0.095)
frame   504 :  a closed book +1.62*  an opened book +1.44*   led 255/  0 h1.00 lvl+1.53   MATCH a closed book (cos -0.093)
frame   505 :  a closed book +1.48*  an opened book +1.31*   led 255/  0 h1.00 lvl+1.40   MATCH a closed book (cos -0.094)
frame   506 :  a closed book +1.85*  an opened book +1.56*   led 255/  0 h1.00 lvl+1.71   MATCH a closed book (cos -0.092)
frame   507 :  a closed book -0.04  an opened book -0.27   led   0/255 h0.00 lvl-0.15   -
frame   508 :  a closed book +0.77  an opened book +0.72   led  92/ 29 h0.63 lvl+0.75   -
frame   509 :  a closed book +1.26*  an opened book +1.01   led 255/  0 h1.00 lvl+1.14   MATCH a closed book (cos -0.096)
frame   510 :  an opened book +1.51*  a closed book +1.34*   led 255/  0 h1.00 lvl+1.42   MATCH an opened book (cos -0.109)
frame   511 :  a closed book +1.29*  an opened book +0.82   led 255/  0 h1.00 lvl+1.06   MATCH a closed book (cos -0.096)
frame   512 :  an opened book +2.33*  a closed book +1.95*   led 255/  0 h1.00 lvl+2.14   MATCH an opened book (cos -0.104)
frame   513 :  a closed book +1.57*  an opened book +0.89   led 255/  0 h1.00 lvl+1.23   MATCH a closed book (cos -0.094)
frame   514 :  an opened book +1.37*  a closed book +1.06   led 255/  0 h1.00 lvl+1.22   MATCH an opened book (cos -0.110)
frame   515 :  an opened book +1.84*  a closed book +1.44*   led 255/  0 h1.00 lvl+1.64   MATCH an opened book (cos -0.107)
frame   516 :  a closed book +0.91  an opened book +0.85   led 132/ 13 h0.74 lvl+0.88   -
frame   517 :  an opened book +1.62*  a closed book +1.32*   led 255/  0 h1.00 lvl+1.47   MATCH an opened book (cos -0.108)
frame   518 :  a closed book +0.98  an opened book +0.94   led 154/  8 h0.80 lvl+0.96   -
frame   519 :  an opened book +0.03  a closed book +0.00   led   0/241 h0.03 lvl+0.02   -
frame   520 :  a closed book +1.79*  an opened book +1.26*   led 255/  0 h1.00 lvl+1.53   MATCH a closed book (cos -0.092)
frame   521 :  a closed book +2.47*  an opened book +2.06*   led 255/  0 h1.00 lvl+2.26   MATCH a closed book (cos -0.088)
frame   522 :  a closed book +0.87  an opened book +0.77   led 119/ 17 h0.71 lvl+0.82   -
frame   523 :  a closed book +1.56*  an opened book +1.18   led 255/  0 h1.00 lvl+1.37   MATCH a closed book (cos -0.094)
frame   524 :  a closed book +2.34*  an opened book +1.55*   led 255/  0 h1.00 lvl+1.94   MATCH a closed book (cos -0.088)
frame   525 :  a closed book +0.08  an opened book -0.14   led   1/221 h0.06 lvl-0.03   -
frame   526 :  an opened book +0.66  a closed book -0.05   led  65/ 47 h0.54 lvl+0.31   -
frame   527 :  a closed book +1.61*  an opened book +1.02   led 255/  0 h1.00 lvl+1.32   MATCH a closed book (cos -0.093)
frame   528 :  a closed book +2.27*  an opened book +2.25*   led 255/  0 h1.00 lvl+2.26   MATCH a closed book (cos -0.089)
frame   529 :  a closed book +2.20*  an opened book +1.76*   led 255/  0 h1.00 lvl+1.98   MATCH a closed book (cos -0.089)
frame   530 :  an opened book +1.25*  a closed book +1.10   led 255/  0 h1.00 lvl+1.18   MATCH an opened book (cos -0.110)
frame   531 :  an opened book +1.36*  a closed book +1.08   led 255/  0 h1.00 lvl+1.22   MATCH an opened book (cos -0.110)
frame   532 :  a closed book +0.66  an opened book +0.01   led  66/ 46 h0.54 lvl+0.34   -
frame   533 :  an opened book +2.18*  a closed book +2.15*   led 255/  0 h1.00 lvl+2.16   MATCH an opened book (cos -0.105)
frame   534 :  an opened book +0.73  a closed book +0.34   led  81/ 35 h0.59 lvl+0.54   -
frame   535 :  an opened book +0.73  a closed book +0.67   led  80/ 35 h0.59 lvl+0.70   -
frame   536 :  a closed book +1.20  an opened book +0.78   led 240/  0 h0.97 lvl+0.99   -
frame   537 :  an opened book +0.02  a closed book -0.37   led   0/247 h0.01 lvl-0.18   -
frame   538 :  an opened book +0.98  a closed book +0.87   led 154/  8 h0.79 lvl+0.92   -
frame   539 :  a closed book +1.15  an opened book +0.86   led 219/  1 h0.93 lvl+1.00   -
frame   540 :  a closed book +1.70*  an opened book +1.38*   led 255/  0 h1.00 lvl+1.54   MATCH a closed book (cos -0.093)
frame   541 :  an opened book +1.68*  a closed book +1.65*   led 255/  0 h1.00 lvl+1.67   MATCH an opened book (cos -0.108)
frame   542 :  an opened book +1.59*  a closed book +1.14   led 255/  0 h1.00 lvl+1.36   MATCH an opened book (cos -0.108)
frame   543 :  a closed book +1.59*  an opened book +1.42*   led 255/  0 h1.00 lvl+1.50   MATCH a closed book (cos -0.094)
frame   544 :  an opened book +0.71  a closed book +0.36   led  76/ 38 h0.58 lvl+0.54   -
frame   545 :  an opened book +0.46  a closed book +0.33   led  30/ 90 h0.38 lvl+0.39   -
frame   546 :  an opened book +1.36*  a closed book +0.91   led 255/  0 h1.00 lvl+1.13   MATCH an opened book (cos -0.110)
frame   547 :  a closed book +1.36*  an opened book +1.32*   led 255/  0 h1.00 lvl+1.34   MATCH a closed book (cos -0.095)
frame   548 :  an opened book +0.76  a closed book +0.33   led  87/ 31 h0.61 lvl+0.55   -
frame   549 :  a closed book +2.51*  an opened book +1.69*   led 255/  0 h1.00 lvl+2.10   MATCH a closed book (cos -0.087)
frame   550 :  a closed book +1.83*  an opened book +1.56*   led 255/  0 h1.00 lvl+1.69   MATCH a closed book (cos -0.092)
frame   551 :  a closed book +1.83*  an opened book +1.49*   led 255/  0 h1.00 lvl+1.66   MATCH a closed book (cos -0.092)
frame   552 :  an opened book +0.34  a closed book +0.28   led  15/127 h0.27 lvl+0.31   -
frame   553 :  a closed book +1.46*  an opened book +1.31*   led 255/  0 h1.00 lvl+1.38   MATCH a closed book (cos -0.094)
frame   554 :  an opened book +2.07*  a closed book +1.92*   led 255/  0 h1.00 lvl+1.99   MATCH an opened book (cos -0.105)
frame   555 :  an opened book +2.57*  a closed book +2.32*   led 255/  0 h1.00 lvl+2.45   MATCH an opened book (cos -0.102)
frame   556 :  an opened book +1.04  a closed book +0.95   led 176/  4 h0.84 lvl+0.99   -
frame   557 :  an opened book +1.49*  a closed book +1.33*   led 255/  0 h1.00 lvl+1.41   MATCH an opened book (cos -0.109)
frame   558 :  an opened book +2.17*  a closed book +1.71*   led 255/  0 h1.00 lvl+1.94   MATCH an opened book (cos -0.105)
frame   559 :  a closed book +1.76*  an opened book +1.47*   led 255/  0 h1.00 lvl+1.62   MATCH a closed book (cos -0.092)
frame   560 :  an opened book +2.23*  a closed book +2.04*   led 255/  0 h1.00 lvl+2.13   MATCH an opened book (cos -0.104)
frame   561 :  an opened book +2.12*  a closed book +2.10*   led 255/  0 h1.00 lvl+2.11   MATCH an opened book (cos -0.105)
frame   562 :  an opened book +1.23  a closed book +1.07   led 254/  0 h1.00 lvl+1.15   -
frame   563 :  a closed book +1.22  an opened book +1.17   led 251/  0 h0.99 lvl+1.20   -
frame   564 :  a closed book +0.92  an opened book +0.79   led 135/ 12 h0.75 lvl+0.85   -
frame   565 :  a closed book +2.75*  an opened book +2.61*   led 255/  0 h1.00 lvl+2.68   MATCH a closed book (cos -0.086)
frame   566 :  an opened book +2.64*  a closed book +2.54*   led 255/  0 h1.00 lvl+2.59   MATCH an opened book (cos -0.101)
frame   567 :  a closed book +1.18  an opened book +1.12   led 232/  0 h0.96 lvl+1.15   -
frame   568 :  an opened book +1.02  a closed book +0.45   led 168/  5 h0.83 lvl+0.73   -
frame   569 :  an opened book +1.67*  a closed book +1.40*   led 255/  0 h1.00 lvl+1.54   MATCH an opened book (cos -0.108)
frame   570 :  an opened book +1.50*  a closed book +1.32*   led 255/  0 h1.00 lvl+1.41   MATCH an opened book (cos -0.109)
frame   571 :  a closed book +1.83*  an opened book +1.70*   led 255/  0 h1.00 lvl+1.76   MATCH a closed book (cos -0.092)
frame   572 :  a closed book +1.59*  an opened book +1.23*   led 255/  0 h1.00 lvl+1.41   MATCH a closed book (cos -0.094)
frame   573 :  an opened book +0.60  a closed book +0.53   led  54/ 57 h0.49 lvl+0.57   -
frame   574 :  an opened book +1.43*  a closed book +1.31*   led 255/  0 h1.00 lvl+1.37   MATCH an opened book (cos -0.109)
frame   575 :  an opened book +0.39  a closed book +0.09   led  20/112 h0.31 lvl+0.24   -
frame   576 :  an opened book +1.44*  a closed book +1.37*   led 255/  0 h1.00 lvl+1.41   MATCH an opened book (cos -0.109)
frame   577 :  an opened book +1.02  a closed book +0.72   led 168/  5 h0.83 lvl+0.87   -
frame   578 :  an opened book -0.12  a closed book -0.59   led   0/255 h0.00 lvl-0.36   -
frame   579 :  a closed book +1.00  an opened book +0.89   led 161/  7 h0.81 lvl+0.94   -
frame   580 :  a closed book +1.23*  an opened book +1.08   led 255/  0 h1.00 lvl+1.16   MATCH a closed book (cos -0.096)
frame   581 :  a closed book +2.00*  an opened book +1.65*   led 255/  0 h1.00 lvl+1.83   MATCH a closed book (cos -0.091)
frame   582 :  a closed book +1.02  an opened book +0.74   led 170/  5 h0.83 lvl+0.88   -
frame   583 :  a closed book +1.20  an opened book +1.18   led 240/  0 h0.97 lvl+1.19   -
frame   584 :  a closed book +1.49*  an opened book +1.44*   led 255/  0 h1.00 lvl+1.47   MATCH a closed book (cos -0.094)
frame   585 :  an opened book +1.00  a closed book +0.79   led 162/  6 h0.81 lvl+0.90   -
frame   586 :  a closed book +1.85*  an opened book +1.82*   led 255/  0 h1.00 lvl+1.83   MATCH a closed book (cos -0.092)
frame   587 :  a closed book +2.00*  an opened book +1.57*   led 255/  0 h1.00 lvl+1.78   MATCH a closed book (cos -0.091)
frame   588 :  a closed book +0.88  an opened book +0.48   led 122/ 16 h0.71 lvl+0.68   -
frame   589 :  an opened book +1.50*  a closed book +1.20   led 255/  0 h1.00 lvl+1.35   MATCH an opened book (cos -0.109)
frame   590 :  a closed book +0.59  an opened book +0.55   led  52/ 60 h0.48 lvl+0.57   -
frame   591 :  an opened book +1.72*  a closed book +1.53*   led 255/  0 h1.00 lvl+1.63   MATCH an opened book (cos -0.107)
frame   592 :  a closed book +1.02  an opened book +0.88   led 169/  5 h0.83 lvl+0.95   -
frame   593 :  a closed book +1.57*  an opened book +1.02   led 255/  0 h1.00 lvl+1.29   MATCH a closed book (cos -0.094)
frame   594 :  a closed book +2.07*  an opened book +1.81*   led 255/  0 h1.00 lvl+1.94   MATCH a closed book (cos -0.090)
frame   595 :  a closed book +0.53  an opened book +0.38   led  41/ 73 h0.43 lvl+0.46   -
frame   596 :  a closed book +1.51*  an opened book +1.17   led 255/  0 h1.00 lvl+1.34   MATCH a closed book (cos -0.094)
frame   597 :  an opened book -0.07  a closed book -0.25   led   0/255 h0.00 lvl-0.16   -
frame   598 :  an opened book +1.46*  a closed book +1.27*   led 255/  0 h1.00 lvl+1.37   MATCH an opened book (cos -0.109)
frame   599 :  a closed book +1.33*  an opened book +0.97   led 255/  0 h1.00 lvl+1.15   MATCH a closed book (cos -0.095)
background: after 30 frames (frozen, room spread), this room reads  a closed book -0.104 +-0.0068 (COCO -0.159 +-0.0351)  an opened book -0.119 +-0.0065 (COCO -0.151 +-0.0303)
frame   600 :  a closed book +1.30*  an opened book +1.19   led 255/  0 h1.00 lvl+1.24   MATCH a closed book (cos -0.095)
frame   601 :  a closed book +1.35*  an opened book +1.14   led 255/  0 h1.00 lvl+1.25   MATCH a closed book (cos -0.095)

stopped   : 602 frames, 602 good, capture overlapped with the compute, configuration C
            602 frames timed, 285 ms/frame mean (capture included)
            268 ms encode + 0 ms waiting for the sensor + 16 ms burst; 295 ms/frame by the clock
            372 ms shutter to LED, arming with 81 ms of compute left
            last frame mean RGB 56 62 56
            camera bus: worst gap 19 us against the 2000 us deadline (#12)
            usb: 0 outages, 0 ms off the bus, 0 re-attaches (#9)
