
=== M9: fpga-open-vocab - describe it, the board spots it ===

clock     : 320 MHz requested; BOOTSEL is reachable for 1.5 s
clock     : 320 MHz system, core 1.25 V
reset     : chip_reset 00010000
            nothing new since the last banner - whatever reset the core left powman alone.
waiting for a bitstream on USB CDC (host/demo.py)
bitstream : 173124 bytes announced, crc32 0a2e9953
bitstream : received intact
configure : configured, CDONE high   CDONE=1 nSTATUS=0
crc       : DMA sniffer, calc=1 out_rev=1 out_inv=1
model     : 9 layers, 512-d embedding, 131072 B/buffer
weights   : 780720 B, crc32=0xF368CC6E  (126 ms to hash)

reference : encoder_fast on the flash test vector  (1583 ms)

link      : probing the wire by running the whole test vector over it
probe     : 3 forward data lines -> 512/512 floats exact, 272 ms
link      : configuration C, 3 forward data lines, 160.0 MHz

camera    : exposure ramp 33 34 35 36 37 37~ 41 45 52 58 65 70 77 82 86 97 105 113 118 128 133 133 133 133 133
camera    : live 128x128 RGB565, id 0x82, 16.0 MHz, expose 37 ms, read 16 ms, exposure settled after 25 frames
            regs fmt 02 res 00 bri 00 ev 00 wb 00 auto 00 state 26 id 82 fpga 20
            reset gate: polls 425, first state 21, busy yes   defaults polls: ae 0 ag 10 awb 0 wbmode 10
            #33: the auto loops were switched back on 1 time during the ramp
            mean RGB 134 132 134  (tuned camera on a neutral scene: about 115 107 105)

queries   : waiting for a query set on USB CDC (host/demo.py)
queries   : 2 accepted, 512-d, crc ok
            level axis carries 0.95 of one query's swing; most opposed pair +0.810
            scored as z = (cos - background) / std, where the background is this room's
            own mean over its first 30 frames and is then FROZEN - so a thing left in
            shot keeps its score instead of decaying into the furniture. 'N' re-learns
            it, 'H' switches to tracking. The COCO figures below are only the seed for
            frame 0 and the fixed std.
            std is THIS ROOM's, measured over the same 30 frames ('S' switches to COCO's).
            The thresholds below still mean the 90th percentile of a background; the
            background they now mean it against is this room empty, not 5000 COCO photos.
            a closed book        match above z 1.23   (COCO background -0.159 +- 0.035, so cos -0.116)
            an opened book       match above z 1.23   (COCO background -0.151 +- 0.030, so cos -0.114)

loop      : capture, 8 convs on the T8, pool and head, then one cosine per query. 'B' for BOOTSEL, 'R' to restart,
            'P' to dump the next frame for host/cam.py, 'V' to dump its 512 floats for host/caption.py,
            'E' to provoke a fault so D1 shows its fault display, 'H' to freeze/unfreeze the background,
            'S' to switch the spread between this room's and COCO's, 'W' to hang on purpose and see
            the watchdog name the stage, 'C' to stall the camera bus on purpose and see it cost one frame,
            'U' to drop off USB on purpose and watch it come back, 'I' to drop off and refuse to,
            'N' to forget it and learn it again from now. 'P' and 'V' together describe the same frame.
            'O' closes the timing window, prints it and flips the capture between overlapped and serial;
            'D' does the same and flips the trigger between late and at-the-collect, which is #14's A/B.
            'L' freezes exposure and gain, then on a second press the white balance too - which goes green,
            and is the control. A third restores all three. Issue #30, and the one hotkey whose answer depends on when you press it.
            scores are z against this room's background, ranked; '*' means over its threshold.
            '1'..'6' enrol the next 20 frames as that class, and press again on a LATER visit
            to fold a second one in - 2 visits is what makes the enrolment guard mean
            something. Two classes in and the board decides by nearest reference instead of
            by threshold - see M21.
            '0' ENROLS THE EMPTY SCENE the same way, and it is worth a visit: with one, a frame
            is absent when the empty reference is the nearest of the three and no radius is
            involved. Without one the board falls back to the band - absent beyond 2.0 sep
            from every class - which scores 54.6% over 28 benches against the third reference's
            79.1%, because with two queries that band is an interval the empty scene can sit
            inside. #18.
            The first 30 frames set the baseline and it is then frozen, so anything left in
            shot KEEPS its score. Point the camera at the empty scene for those frames.
            Send a new set at any time to re-query - that resets the baseline too.

frame     0 :  a closed book +1.68*  an opened book +1.14   led 255/  0 h1.00 lvl+1.41   MATCH a closed book (cos -0.100)
frame     1 :  a closed book +0.09  an opened book +0.06   led   1/214 h0.08 lvl+0.08   -
frame     2 :  an opened book +0.21  a closed book +0.17   led   5/169 h0.17 lvl+0.19   -
frame     3 :  an opened book +0.18  a closed book +0.15   led   4/178 h0.15 lvl+0.17   -
frame     4 :  an opened book -0.07  a closed book -0.08   led   0/255 h0.00 lvl-0.08   -
frame     5 :  an opened book -0.14  a closed book -0.21   led   0/255 h0.00 lvl-0.17   -
frame     6 :  an opened book -0.08  a closed book -0.10   led   0/255 h0.00 lvl-0.09   -
frame     7 :  a closed book -0.01  an opened book -0.07   led   0/255 h0.00 lvl-0.04   -
background: after 8 frames (warming up, room spread), this room reads  a closed book -0.098 +-0.0040 (COCO -0.159 +-0.0351)  an opened book -0.114 +-0.0034 (COCO -0.151 +-0.0303)
frame     8 :  a closed book -0.49  an opened book -0.68   led   0/255 h0.00 lvl-0.59   -
frame     9 :  an opened book -0.16  a closed book -0.70   led   0/255 h0.00 lvl-0.43   -
frame    10 :  a closed book +1.93*  an opened book +1.67*   led 255/  0 h1.00 lvl+1.80   MATCH a closed book (cos -0.091)
frame    11 :  a closed book +0.94  an opened book +0.54   led 142/ 11 h0.77 lvl+0.74   -
frame    12 :  a closed book +1.19  an opened book +0.24   led 237/  0 h0.97 lvl+0.71   -
frame    13 :  a closed book +0.23  an opened book +0.12   led   7/160 h0.19 lvl+0.18   -
frame    14 :  an opened book +1.65*  a closed book +1.52*   led 255/  0 h1.00 lvl+1.59   MATCH an opened book (cos -0.108)
frame    15 :  an opened book +0.91  a closed book +0.67   led 130/ 13 h0.74 lvl+0.79   -
frame    16 :  a closed book +0.36  an opened book -0.12   led  17/118 h0.30 lvl+0.12   -
frame    17 :  an opened book +2.49*  a closed book +1.86*   led 255/  0 h1.00 lvl+2.17   MATCH an opened book (cos -0.105)
frame    18 :  a closed book +2.07*  an opened book +1.75*   led 255/  0 h1.00 lvl+1.91   MATCH a closed book (cos -0.087)
frame    19 :  a closed book +0.95  an opened book +0.12   led 145/ 10 h0.77 lvl+0.53   -
frame    20 :  an opened book -1.75  a closed book -2.20   led   0/255 h0.00 lvl-1.98   -
frame    21 :  an opened book +2.08*  a closed book +1.52*   led 255/  0 h1.00 lvl+1.80   MATCH an opened book (cos -0.105)
frame    22 :  a closed book -0.02  an opened book -0.15   led   0/255 h0.00 lvl-0.08   -
frame    23 :  an opened book +1.42*  a closed book +0.84   led 255/  0 h1.00 lvl+1.13   MATCH an opened book (cos -0.107)
frame    24 :  a closed book -0.22  an opened book -1.19   led   0/255 h0.00 lvl-0.71   -
frame    25 :  an opened book +0.34  a closed book +0.05   led  16/124 h0.28 lvl+0.20   -
frame    26 :  a closed book -1.21  an opened book -1.52   led   0/255 h0.00 lvl-1.36   -
frame    27 :  a closed book +0.50  an opened book +0.23   led  36/ 80 h0.41 lvl+0.37   -
frame    28 :  a closed book +1.57*  an opened book +0.96   led 255/  0 h1.00 lvl+1.26   MATCH a closed book (cos -0.088)
frame    29 :  a closed book +1.22  an opened book +0.95   led 251/  0 h0.99 lvl+1.09   -
frame    30 :  a closed book -0.64  an opened book -1.11   led   0/255 h0.00 lvl-0.88   -
frame    31 :  an opened book +0.25  a closed book -0.18   led   8/155 h0.20 lvl+0.03   -
frame    32 :  a closed book -0.30  an opened book -0.36   led   0/255 h0.00 lvl-0.33   -
frame    33 :  a closed book -0.62  an opened book -0.75   led   0/255 h0.00 lvl-0.68   -
frame    34 :  a closed book -0.12  an opened book -0.13   led   0/255 h0.00 lvl-0.13   -
frame    35 :  a closed book +1.53*  an opened book +1.14   led 255/  0 h1.00 lvl+1.34   MATCH a closed book (cos -0.087)
frame    36 :  a closed book +0.33  an opened book -0.07   led  14/128 h0.27 lvl+0.13   -
frame    37 :  a closed book +0.29  an opened book -0.18   led  11/140 h0.24 lvl+0.06   -
frame    38 :  a closed book +0.17  an opened book -0.09   led   3/182 h0.14 lvl+0.04   -
frame    39 :  a closed book -0.74  an opened book -1.00   led   0/255 h0.00 lvl-0.87   -
frame    40 :  an opened book +0.63  a closed book -0.34   led  59/ 52 h0.51 lvl+0.15   -
frame    41 :  a closed book +0.97  an opened book +0.27   led 150/  9 h0.79 lvl+0.62   -
frame    42 :  a closed book -0.77  an opened book -1.08   led   0/255 h0.00 lvl-0.93   -
frame    43 :  a closed book +0.23  an opened book -0.26   led   6/161 h0.19 lvl-0.01   -
frame    44 :  a closed book -0.53  an opened book -1.06   led   0/255 h0.00 lvl-0.80   -
frame    45 :  an opened book -0.28  a closed book -0.76   led   0/255 h0.00 lvl-0.52   -
frame    46 :  a closed book +0.33  an opened book +0.12   led  14/128 h0.27 lvl+0.23   -
frame    47 :  a closed book +0.29  an opened book -0.11   led  10/142 h0.23 lvl+0.09   -
frame    48 :  an opened book +0.92  a closed book +0.58   led 133/ 13 h0.74 lvl+0.75   -
frame    49 :  a closed book +0.31  an opened book -0.04   led  13/134 h0.25 lvl+0.14   -
frame    50 :  a closed book -0.36  an opened book -0.70   led   0/255 h0.00 lvl-0.53   -
frame    51 :  a closed book -0.26  an opened book -0.43   led   0/255 h0.00 lvl-0.35   -
frame    52 :  a closed book +1.77*  an opened book +1.18   led 255/  0 h1.00 lvl+1.47   MATCH a closed book (cos -0.086)
frame    53 :  a closed book +0.39  an opened book +0.33   led  20/110 h0.32 lvl+0.36   -
frame    54 :  an opened book +0.68  a closed book +0.33   led  69/ 44 h0.55 lvl+0.50   -
frame    55 :  an opened book -0.01  a closed book -0.14   led   0/255 h0.00 lvl-0.07   -
frame    56 :  an opened book +0.16  a closed book +0.03   led   3/188 h0.13 lvl+0.10   -
frame    57 :  a closed book +0.22  an opened book -1.09   led   6/166 h0.18 lvl-0.44   -
frame    58 :  a closed book +1.46*  an opened book +1.45*   led 255/  0 h1.00 lvl+1.46   MATCH a closed book (cos -0.088)
frame    59 :  an opened book +0.78  a closed book +0.30   led  95/ 27 h0.64 lvl+0.54   -
frame    60 :  a closed book -0.11  an opened book -0.44   led   0/255 h0.00 lvl-0.27   -
frame    61 :  a closed book +0.61  an opened book -0.08   led  55/ 56 h0.50 lvl+0.26   -
frame    62 :  a closed book +1.44*  an opened book +1.43*   led 255/  0 h1.00 lvl+1.44   MATCH a closed book (cos -0.088)
frame    63 :  a closed book +0.71  an opened book +0.12   led  77/ 38 h0.58 lvl+0.42   -
frame    64 :  a closed book +0.51  an opened book +0.17   led  36/ 79 h0.41 lvl+0.34   -
frame    65 :  an opened book +0.31  a closed book -0.05   led  12/134 h0.25 lvl+0.13   -
frame    66 :  an opened book +1.61*  a closed book +1.48*   led 255/  0 h1.00 lvl+1.55   MATCH an opened book (cos -0.106)
frame    67 :  a closed book +1.14  an opened book +1.00   led 216/  1 h0.93 lvl+1.07   -
frame    68 :  a closed book +2.02*  an opened book +1.61*   led 255/  0 h1.00 lvl+1.82   MATCH a closed book (cos -0.085)
frame    69 :  an opened book +0.06  a closed book -0.10   led   0/229 h0.05 lvl-0.02   -
frame    70 :  an opened book -1.54  a closed book -1.73   led   0/255 h0.00 lvl-1.63   -
frame    71 :  an opened book -1.43  a closed book -2.31   led   0/255 h0.00 lvl-1.87   -
frame    72 :  an opened book -1.30  a closed book -2.86   led   0/255 h0.00 lvl-2.08   -
frame    73 :  an opened book -1.03  a closed book -2.07   led   0/255 h0.00 lvl-1.55   -
frame    74 :  an opened book -0.25  a closed book -1.90   led   0/255 h0.00 lvl-1.08   -
frame    75 :  an opened book -1.22  a closed book -2.17   led   0/255 h0.00 lvl-1.69   -
frame    76 :  an opened book +0.14  a closed book -0.05   led   2/196 h0.11 lvl+0.05   -
frame    77 :  an opened book -0.19  a closed book -0.27   led   0/255 h0.00 lvl-0.23   -
frame    78 :  a closed book +0.30  an opened book +0.14   led  12/136 h0.25 lvl+0.22   -
frame    79 :  a closed book -0.18  an opened book -0.38   led   0/255 h0.00 lvl-0.28   -
frame    80 :  an opened book -0.41  a closed book -0.63   led   0/255 h0.00 lvl-0.52   -
frame    81 :  a closed book -1.85  an opened book -1.93   led   0/255 h0.00 lvl-1.89   -
frame    82 :  a closed book -0.51  an opened book -0.86   led   0/255 h0.00 lvl-0.68   -
frame    83 :  a closed book -1.03  an opened book -1.36   led   0/255 h0.00 lvl-1.20   -
frame    84 :  a closed book +0.65  an opened book -0.18   led  62/ 49 h0.53 lvl+0.24   -
frame    85 :  an opened book -0.96  a closed book -1.22   led   0/255 h0.00 lvl-1.09   -
frame    86 :  an opened book +0.22  a closed book -0.08   led   6/164 h0.18 lvl+0.07   -
frame    87 :  a closed book -0.24  an opened book -0.47   led   0/255 h0.00 lvl-0.35   -
frame    88 :  an opened book -0.43  a closed book -0.55   led   0/255 h0.00 lvl-0.49   -
frame    89 :  a closed book +0.84  an opened book +0.64   led 110/ 20 h0.68 lvl+0.74   -
frame    90 :  a closed book -0.57  an opened book -1.03   led   0/255 h0.00 lvl-0.80   -
frame    91 :  an opened book -0.34  a closed book -0.69   led   0/255 h0.00 lvl-0.52   -
frame    92 :  a closed book +0.30  an opened book -0.64   led  11/138 h0.24 lvl-0.17   -
frame    93 :  an opened book +1.85*  a closed book +0.90   led 255/  0 h1.00 lvl+1.37   MATCH an opened book (cos -0.105)
frame    94 :  a closed book +0.00  an opened book -0.28   led   0/253 h0.00 lvl-0.14   -
frame    95 :  a closed book +1.78*  an opened book +1.08   led 255/  0 h1.00 lvl+1.43   MATCH a closed book (cos -0.086)
frame    96 :  a closed book -0.93  an opened book -1.40   led   0/255 h0.00 lvl-1.16   -
frame    97 :  a closed book -0.54  an opened book -0.70   led   0/255 h0.00 lvl-0.62   -
frame    98 :  a closed book -1.23  an opened book -1.77   led   0/255 h0.00 lvl-1.50   -
frame    99 :  an opened book +1.17  a closed book +0.85   led 227/  0 h0.95 lvl+1.01   -
background: after 30 frames (frozen, room spread), this room reads  a closed book -0.095 +-0.0048 (COCO -0.159 +-0.0351)  an opened book -0.112 +-0.0038 (COCO -0.151 +-0.0303)
frame   100 :  a closed book +0.84  an opened book +0.68   led 111/ 20 h0.68 lvl+0.76   -
frame   101 :  a closed book +0.23  an opened book -0.68   led   7/161 h0.19 lvl-0.22   -
frame   102 :  a closed book +0.17  an opened book -0.07   led   3/183 h0.14 lvl+0.05   -
frame   103 :  a closed book -0.05  an opened book -0.44   led   0/255 h0.00 lvl-0.24   -
frame   104 :  an opened book -0.47  a closed book -0.77   led   0/255 h0.00 lvl-0.62   -
frame   105 :  a closed book -0.36  an opened book -0.95   led   0/255 h0.00 lvl-0.66   -
frame   106 :  an opened book +0.24  a closed book -0.18   led   7/157 h0.20 lvl+0.03   -
frame   107 :  a closed book +0.10  an opened book -0.21   led   1/211 h0.08 lvl-0.06   -
frame   108 :  an opened book +0.27  a closed book -0.02   led   9/147 h0.22 lvl+0.13   -
frame   109 :  an opened book +0.56  a closed book -0.09   led  45/ 67 h0.46 lvl+0.23   -
frame   110 :  an opened book +0.04  a closed book -0.71   led   0/236 h0.03 lvl-0.34   -
frame   111 :  a closed book +1.10  an opened book +0.23   led 198/  2 h0.89 lvl+0.66   -
frame   112 :  a closed book +0.89  an opened book +0.78   led 126/ 15 h0.73 lvl+0.84   -
frame   113 :  an opened book +0.41  a closed book +0.36   led  23/104 h0.33 lvl+0.38   -
frame   114 :  a closed book +0.17  an opened book -0.04   led   3/184 h0.14 lvl+0.07   -
frame   115 :  a closed book +0.22  an opened book +0.21   led   6/165 h0.18 lvl+0.21   -
frame   116 :  a closed book -0.08  an opened book -0.30   led   0/255 h0.00 lvl-0.19   -
frame   117 :  an opened book -1.85  a closed book -1.90   led   0/255 h0.00 lvl-1.88   -
frame   118 :  a closed book -0.26  an opened book -0.38   led   0/255 h0.00 lvl-0.32   -
frame   119 :  a closed book -0.13  an opened book -0.72   led   0/255 h0.00 lvl-0.42   -
frame   120 :  a closed book +0.75  an opened book +0.50   led  87/ 32 h0.61 lvl+0.63   -
frame   121 :  an opened book +0.02  a closed book -0.21   led   0/246 h0.02 lvl-0.10   -
frame   122 :  a closed book -1.50  an opened book -1.93   led   0/255 h0.00 lvl-1.72   -
frame   123 :  an opened book -0.39  a closed book -0.98   led   0/255 h0.00 lvl-0.68   -
frame   124 :  an opened book -0.06  a closed book -0.75   led   0/255 h0.00 lvl-0.40   -
frame   125 :  a closed book +0.71  an opened book -0.16   led  75/ 39 h0.57 lvl+0.27   -
frame   126 :  an opened book +1.30*  a closed book +0.71   led 255/  0 h1.00 lvl+1.00   MATCH an opened book (cos -0.107)
frame   127 :  an opened book -0.60  a closed book -0.68   led   0/255 h0.00 lvl-0.64   -
frame   128 :  a closed book -0.02  an opened book -0.54   led   0/255 h0.00 lvl-0.28   -
frame   129 :  a closed book -1.73  an opened book -1.83   led   0/255 h0.00 lvl-1.78   -
frame   130 :  a closed book -0.21  an opened book -0.82   led   0/255 h0.00 lvl-0.52   -
frame   131 :  an opened book +1.14  a closed book +0.59   led 217/  1 h0.93 lvl+0.87   -
frame   132 :  an opened book -1.50  a closed book -1.88   led   0/255 h0.00 lvl-1.69   -
frame   133 :  a closed book -0.03  an opened book -0.12   led   0/255 h0.00 lvl-0.07   -
frame   134 :  a closed book +0.35  an opened book -0.60   led  16/122 h0.28 lvl-0.13   -
frame   135 :  a closed book -1.45  an opened book -1.82   led   0/255 h0.00 lvl-1.63   -
frame   136 :  a closed book -0.07  an opened book -0.35   led   0/255 h0.00 lvl-0.21   -
frame   137 :  a closed book +0.01  an opened book -0.49   led   0/250 h0.01 lvl-0.24   -
frame   138 :  a closed book -1.09  an opened book -1.19   led   0/255 h0.00 lvl-1.14   -
frame   139 :  an opened book -0.22  a closed book -0.58   led   0/255 h0.00 lvl-0.40   -
frame   140 :  an opened book +0.47  a closed book -0.51   led  31/ 88 h0.38 lvl-0.02   -
frame   141 :  a closed book +1.09  an opened book +0.51   led 196/  2 h0.89 lvl+0.80   -
frame   142 :  an opened book -2.04  a closed book -2.35   led   0/255 h0.00 lvl-2.19   -
frame   143 :  a closed book -1.02  an opened book -1.16   led   0/255 h0.00 lvl-1.09   -
frame   144 :  an opened book -1.21  a closed book -1.96   led   0/255 h0.00 lvl-1.58   -
frame   145 :  a closed book +0.07  an opened book -0.11   led   0/225 h0.06 lvl-0.02   -
frame   146 :  an opened book -1.13  a closed book -1.80   led   0/255 h0.00 lvl-1.46   -
frame   147 :  a closed book -1.41  an opened book -1.41   led   0/255 h0.00 lvl-1.41   -
frame   148 :  an opened book -0.75  a closed book -0.81   led   0/255 h0.00 lvl-0.78   -
frame   149 :  an opened book +0.50  a closed book -0.08   led  36/ 80 h0.41 lvl+0.21   -
frame   150 :  an opened book -0.85  a closed book -1.14   led   0/255 h0.00 lvl-0.99   -
frame   151 :  an opened book -2.09  a closed book -2.74   led   0/255 h0.00 lvl-2.42   -
frame   152 :  an opened book +0.11  a closed book -0.60   led   1/208 h0.09 lvl-0.25   -
frame   153 :  an opened book -0.34  a closed book -2.06   led   0/255 h0.00 lvl-1.20   -
frame   154 :  an opened book -0.64  a closed book -2.19   led   0/255 h0.00 lvl-1.41   -
frame   155 :  an opened book -0.79  a closed book -1.78   led   0/255 h0.00 lvl-1.28   -
frame   156 :  an opened book -0.95  a closed book -2.17   led   0/255 h0.00 lvl-1.56   -
frame   157 :  a closed book -0.66  an opened book -0.87   led   0/255 h0.00 lvl-0.76   -
frame   158 :  an opened book +0.91  a closed book +0.89   led 132/ 13 h0.74 lvl+0.90   -
frame   159 :  an opened book -0.33  a closed book -1.41   led   0/255 h0.00 lvl-0.87   -
frame   160 :  an opened book -0.69  a closed book -1.97   led   0/255 h0.00 lvl-1.33   -
frame   161 :  an opened book +0.09  a closed book -1.35   led   1/215 h0.08 lvl-0.63   -
frame   162 :  an opened book -0.76  a closed book -1.68   led   0/255 h0.00 lvl-1.22   -
frame   163 :  an opened book +2.47*  a closed book +1.40*   led 255/  0 h1.00 lvl+1.94   MATCH an opened book (cos -0.102)
frame   164 :  an opened book +2.41*  a closed book +1.35*   led 255/  0 h1.00 lvl+1.88   MATCH an opened book (cos -0.103)
frame   165 :  a closed book -0.00  an opened book -0.02   led   0/255 h0.00 lvl-0.01   -
frame   166 :  an opened book +0.33  a closed book +0.05   led  14/128 h0.27 lvl+0.19   -
frame   167 :  an opened book -0.16  a closed book -0.32   led   0/255 h0.00 lvl-0.24   -
frame   168 :  an opened book +0.33  a closed book -0.05   led  14/130 h0.26 lvl+0.14   -
frame   169 :  an opened book +1.54*  a closed book -0.07   led 255/  0 h1.00 lvl+0.73   MATCH an opened book (cos -0.106)
frame   170 :  an opened book +1.59*  a closed book +0.93   led 255/  0 h1.00 lvl+1.26   MATCH an opened book (cos -0.106)
frame   171 :  an opened book +0.32  a closed book -0.67   led  14/130 h0.26 lvl-0.17   -
frame   172 :  an opened book +1.55*  a closed book +0.69   led 255/  0 h1.00 lvl+1.12   MATCH an opened book (cos -0.106)
frame   173 :  an opened book +0.83  a closed book -0.18   led 107/ 22 h0.67 lvl+0.33   -
frame   174 :  an opened book +0.58  a closed book -0.02   led  49/ 63 h0.47 lvl+0.28   -
frame   175 :  an opened book +0.20  a closed book -0.42   led   5/174 h0.16 lvl-0.11   -
frame   176 :  an opened book +0.67  a closed book -0.20   led  67/ 45 h0.55 lvl+0.23   -
frame   177 :  an opened book -1.09  a closed book -1.47   led   0/255 h0.00 lvl-1.28   -
frame   178 :  an opened book +1.28*  a closed book +0.14   led 255/  0 h1.00 lvl+0.71   MATCH an opened book (cos -0.107)
frame   179 :  an opened book +0.70  a closed book -0.73   led  73/ 41 h0.57 lvl-0.02   -
frame   180 :  an opened book -0.43  a closed book -0.95   led   0/255 h0.00 lvl-0.69   -
frame   181 :  an opened book +1.68*  a closed book +0.31   led 255/  0 h1.00 lvl+0.99   MATCH an opened book (cos -0.106)
frame   182 :  an opened book -0.46  a closed book -1.27   led   0/255 h0.00 lvl-0.86   -
frame   183 :  an opened book +1.14  a closed book -0.47   led 215/  1 h0.92 lvl+0.33   -
frame   184 :  an opened book -0.24  a closed book -1.22   led   0/255 h0.00 lvl-0.73   -
frame   185 :  an opened book +0.16  a closed book -0.53   led   3/188 h0.13 lvl-0.19   -
frame   186 :  an opened book +0.73  a closed book +0.04   led  80/ 36 h0.59 lvl+0.38   -
frame   187 :  an opened book +0.74  a closed book +0.37   led  85/ 33 h0.61 lvl+0.56   -
frame   188 :  an opened book -0.63  a closed book -1.83   led   0/255 h0.00 lvl-1.23   -
frame   189 :  an opened book +0.40  a closed book -0.40   led  22/107 h0.33 lvl-0.00   -
frame   190 :  an opened book +0.29  a closed book -0.91   led  11/142 h0.23 lvl-0.31   -
frame   191 :  an opened book +0.16  a closed book -0.24   led   3/187 h0.13 lvl-0.04   -
frame   192 :  an opened book +1.47*  a closed book +0.79   led 255/  0 h1.00 lvl+1.13   MATCH an opened book (cos -0.106)
frame   193 :  an opened book +1.73*  a closed book +1.19   led 255/  0 h1.00 lvl+1.46   MATCH an opened book (cos -0.105)
frame   194 :  an opened book +0.69  a closed book -0.77   led  72/ 41 h0.56 lvl-0.04   -
frame   195 :  an opened book -1.08  a closed book -1.44   led   0/255 h0.00 lvl-1.26   -
frame   196 :  an opened book +0.76  a closed book -0.56   led  90/ 30 h0.62 lvl+0.10   -
frame   197 :  an opened book +0.24  a closed book -0.92   led   7/158 h0.19 lvl-0.34   -
frame   198 :  an opened book +0.40  a closed book -0.54   led  22/106 h0.33 lvl-0.07   -
frame   199 :  an opened book +0.77  a closed book +0.30   led  90/ 30 h0.62 lvl+0.53   -
background: after 30 frames (frozen, room spread), this room reads  a closed book -0.095 +-0.0048 (COCO -0.159 +-0.0351)  an opened book -0.112 +-0.0038 (COCO -0.151 +-0.0303)
frame   200 :  an opened book +0.94  a closed book -0.27   led 141/ 11 h0.76 lvl+0.33   -
frame   201 :  an opened book +1.18  a closed book +0.50   led 231/  0 h0.96 lvl+0.84   -
frame   202 :  an opened book -0.05  a closed book -1.33   led   0/255 h0.00 lvl-0.69   -
frame   203 :  a closed book +0.89  an opened book +0.28   led 126/ 15 h0.73 lvl+0.59   -
frame   204 :  an opened book +1.33*  a closed book +0.87   led 255/  0 h1.00 lvl+1.10   MATCH an opened book (cos -0.107)
frame   205 :  an opened book -0.95  a closed book -1.52   led   0/255 h0.00 lvl-1.23   -
frame   206 :  an opened book +1.42*  a closed book -0.11   led 255/  0 h1.00 lvl+0.66   MATCH an opened book (cos -0.106)
frame   207 :  an opened book +0.30  a closed book -0.35   led  11/139 h0.24 lvl-0.03   -
frame   208 :  an opened book -0.41  a closed book -1.08   led   0/255 h0.00 lvl-0.75   -
frame   209 :  an opened book -0.09  a closed book -0.73   led   0/255 h0.00 lvl-0.41   -
frame   210 :  an opened book +1.85*  a closed book +0.95   led 255/  0 h1.00 lvl+1.40   MATCH an opened book (cos -0.105)
frame   211 :  an opened book +1.97*  a closed book +0.97   led 255/  0 h1.00 lvl+1.47   MATCH an opened book (cos -0.104)
frame   212 :  an opened book +1.51*  a closed book +0.36   led 255/  0 h1.00 lvl+0.94   MATCH an opened book (cos -0.106)
frame   213 :  an opened book +1.60*  a closed book +0.50   led 255/  0 h1.00 lvl+1.05   MATCH an opened book (cos -0.106)
frame   214 :  an opened book +1.36*  a closed book +0.42   led 255/  0 h1.00 lvl+0.89   MATCH an opened book (cos -0.107)
frame   215 :  an opened book -0.29  a closed book -0.62   led   0/255 h0.00 lvl-0.46   -
frame   216 :  an opened book +0.81  a closed book -0.00   led 101/ 24 h0.66 lvl+0.40   -
frame   217 :  an opened book +2.07*  a closed book +0.64   led 255/  0 h1.00 lvl+1.35   MATCH an opened book (cos -0.104)
frame   218 :  an opened book +1.06  a closed book -0.01   led 184/  3 h0.86 lvl+0.52   -
frame   219 :  an opened book +0.05  a closed book -0.76   led   0/235 h0.04 lvl-0.36   -
frame   220 :  an opened book -3.39  a closed book -4.42   led   0/255 h0.00 lvl-3.91   -
frame   221 :  an opened book +0.49  a closed book -0.97   led  34/ 83 h0.40 lvl-0.24   -
frame   222 :  an opened book -2.55  a closed book -3.51   led   0/255 h0.00 lvl-3.03   -
frame   223 :  an opened book -4.16  a closed book -4.74   led   0/255 h0.00 lvl-4.45   -
frame   224 :  an opened book -2.71  a closed book -3.27   led   0/255 h0.00 lvl-2.99   -
frame   225 :  a closed book -1.79  an opened book -1.87   led   0/255 h0.00 lvl-1.83   -
frame   226 :  an opened book -0.90  a closed book -1.06   led   0/255 h0.00 lvl-0.98   -
frame   227 :  an opened book -0.33  a closed book -0.58   led   0/255 h0.00 lvl-0.46   -
frame   228 :  an opened book -1.48  a closed book -1.85   led   0/255 h0.00 lvl-1.67   -
frame   229 :  a closed book -0.68  an opened book -1.41   led   0/255 h0.00 lvl-1.05   -
frame   230 :  a closed book -1.69  an opened book -2.48   led   0/255 h0.00 lvl-2.09   -
frame   231 :  a closed book -2.53  an opened book -2.73   led   0/255 h0.00 lvl-2.63   -
frame   232 :  a closed book -1.14  an opened book -1.19   led   0/255 h0.00 lvl-1.16   -
frame   233 :  a closed book -1.20  an opened book -1.21   led   0/255 h0.00 lvl-1.20   -
frame   234 :  an opened book -0.92  a closed book -1.06   led   0/255 h0.00 lvl-0.99   -
frame   235 :  an opened book -0.22  a closed book -0.96   led   0/255 h0.00 lvl-0.59   -
frame   236 :  a closed book -1.35  an opened book -1.89   led   0/255 h0.00 lvl-1.62   -
frame   237 :  a closed book -0.84  an opened book -1.05   led   0/255 h0.00 lvl-0.95   -
frame   238 :  a closed book -1.27  an opened book -1.63   led   0/255 h0.00 lvl-1.45   -
frame   239 :  an opened book -1.50  a closed book -2.10   led   0/255 h0.00 lvl-1.80   -
frame   240 :  an opened book -1.35  a closed book -1.94   led   0/255 h0.00 lvl-1.65   -
frame   241 :  a closed book -1.23  an opened book -1.44   led   0/255 h0.00 lvl-1.33   -
frame   242 :  a closed book -1.31  an opened book -1.67   led   0/255 h0.00 lvl-1.49   -
frame   243 :  an opened book -0.89  a closed book -1.58   led   0/255 h0.00 lvl-1.24   -
frame   244 :  a closed book +0.30  an opened book -0.03   led  12/137 h0.25 lvl+0.14   -
frame   245 :  an opened book -1.08  a closed book -1.29   led   0/255 h0.00 lvl-1.19   -
frame   246 :  an opened book -0.50  a closed book -1.01   led   0/255 h0.00 lvl-0.75   -
frame   247 :  a closed book -1.00  an opened book -1.09   led   0/255 h0.00 lvl-1.04   -
frame   248 :  a closed book -1.90  an opened book -2.10   led   0/255 h0.00 lvl-2.00   -
frame   249 :  an opened book -0.78  a closed book -0.85   led   0/255 h0.00 lvl-0.81   -
frame   250 :  a closed book -1.38  an opened book -1.64   led   0/255 h0.00 lvl-1.51   -
frame   251 :  an opened book -0.04  a closed book -0.21   led   0/255 h0.00 lvl-0.13   -
frame   252 :  a closed book -0.10  an opened book -1.06   led   0/255 h0.00 lvl-0.58   -
frame   253 :  a closed book -2.86  an opened book -3.85   led   0/255 h0.00 lvl-3.36   -
frame   254 :  an opened book -0.93  a closed book -1.30   led   0/255 h0.00 lvl-1.12   -
frame   255 :  a closed book -0.62  an opened book -1.10   led   0/255 h0.00 lvl-0.86   -
frame   256 :  an opened book -0.27  a closed book -1.31   led   0/255 h0.00 lvl-0.79   -
frame   257 :  a closed book -0.32  an opened book -0.62   led   0/255 h0.00 lvl-0.47   -
frame   258 :  a closed book -1.43  an opened book -1.76   led   0/255 h0.00 lvl-1.59   -
frame   259 :  an opened book -1.15  a closed book -1.41   led   0/255 h0.00 lvl-1.28   -
frame   260 :  an opened book -1.11  a closed book -1.37   led   0/255 h0.00 lvl-1.24   -
frame   261 :  a closed book -0.81  an opened book -0.98   led   0/255 h0.00 lvl-0.89   -
frame   262 :  an opened book -1.52  a closed book -1.73   led   0/255 h0.00 lvl-1.63   -
frame   263 :  an opened book -1.74  a closed book -1.75   led   0/255 h0.00 lvl-1.75   -
frame   264 :  an opened book -0.97  a closed book -1.39   led   0/255 h0.00 lvl-1.18   -
frame   265 :  a closed book -2.01  an opened book -2.30   led   0/255 h0.00 lvl-2.15   -
frame   266 :  an opened book -0.80  a closed book -1.09   led   0/255 h0.00 lvl-0.94   -
frame   267 :  a closed book -0.15  an opened book -0.16   led   0/255 h0.00 lvl-0.16   -
frame   268 :  an opened book -1.81  a closed book -2.40   led   0/255 h0.00 lvl-2.10   -
frame   269 :  an opened book +0.23  a closed book +0.15   led   7/160 h0.19 lvl+0.19   -
frame   270 :  an opened book -0.52  a closed book -0.96   led   0/255 h0.00 lvl-0.74   -
frame   271 :  a closed book -3.59  an opened book -3.85   led   0/255 h0.00 lvl-3.72   -
frame   272 :  an opened book -2.19  a closed book -2.76   led   0/255 h0.00 lvl-2.47   -
frame   273 :  an opened book -2.26  a closed book -2.44   led   0/255 h0.00 lvl-2.35   -
frame   274 :  an opened book -1.26  a closed book -1.40   led   0/255 h0.00 lvl-1.33   -
frame   275 :  an opened book -1.62  a closed book -1.82   led   0/255 h0.00 lvl-1.72   -
frame   276 :  a closed book -1.37  an opened book -1.74   led   0/255 h0.00 lvl-1.56   -
frame   277 :  a closed book -1.40  an opened book -1.89   led   0/255 h0.00 lvl-1.64   -
frame   278 :  a closed book -1.43  an opened book -1.49   led   0/255 h0.00 lvl-1.46   -
frame   279 :  a closed book -1.28  an opened book -1.79   led   0/255 h0.00 lvl-1.53   -
frame   280 :  an opened book +0.80  a closed book +0.32   led 100/ 25 h0.65 lvl+0.56   -
frame   281 :  a closed book -0.61  an opened book -0.69   led   0/255 h0.00 lvl-0.65   -
frame   282 :  a closed book -1.79  an opened book -1.90   led   0/255 h0.00 lvl-1.84   -
frame   283 :  a closed book -1.50  an opened book -1.52   led   0/255 h0.00 lvl-1.51   -
frame   284 :  a closed book -1.64  an opened book -1.83   led   0/255 h0.00 lvl-1.74   -
frame   285 :  an opened book -1.68  a closed book -1.90   led   0/255 h0.00 lvl-1.79   -
frame   286 :  a closed book -1.76  an opened book -2.38   led   0/255 h0.00 lvl-2.07   -
frame   287 :  a closed book -2.29  an opened book -2.98   led   0/255 h0.00 lvl-2.64   -
frame   288 :  a closed book -1.15  an opened book -1.25   led   0/255 h0.00 lvl-1.20   -
frame   289 :  an opened book -1.00  a closed book -2.34   led   0/255 h0.00 lvl-1.67   -
frame   290 :  a closed book -0.91  an opened book -1.09   led   0/255 h0.00 lvl-1.00   -
frame   291 :  a closed book -0.83  an opened book -1.50   led   0/255 h0.00 lvl-1.17   -
frame   292 :  an opened book -1.75  a closed book -1.76   led   0/255 h0.00 lvl-1.76   -
frame   293 :  a closed book -0.48  an opened book -1.01   led   0/255 h0.00 lvl-0.75   -
frame   294 :  a closed book -2.25  an opened book -2.65   led   0/255 h0.00 lvl-2.45   -
frame   295 :  an opened book -1.25  a closed book -1.61   led   0/255 h0.00 lvl-1.43   -
frame   296 :  an opened book -1.93  a closed book -2.24   led   0/255 h0.00 lvl-2.09   -
frame   297 :  a closed book -0.99  an opened book -1.45   led   0/255 h0.00 lvl-1.22   -
frame   298 :  an opened book -0.11  a closed book -0.25   led   0/255 h0.00 lvl-0.18   -
frame   299 :  an opened book +0.82  a closed book +0.23   led 103/ 23 h0.66 lvl+0.52   -
background: after 30 frames (frozen, room spread), this room reads  a closed book -0.095 +-0.0048 (COCO -0.159 +-0.0351)  an opened book -0.112 +-0.0038 (COCO -0.151 +-0.0303)
frame   300 :  a closed book -0.08  an opened book -1.26   led   0/255 h0.00 lvl-0.67   -
frame   301 :  a closed book -0.94  an opened book -1.29   led   0/255 h0.00 lvl-1.11   -
frame   302 :  an opened book -0.77  a closed book -0.81   led   0/255 h0.00 lvl-0.79   -
frame   303 :  a closed book -0.71  an opened book -1.05   led   0/255 h0.00 lvl-0.88   -
frame   304 :  a closed book -1.43  an opened book -2.57   led   0/255 h0.00 lvl-2.00   -
frame   305 :  a closed book -1.83  an opened book -2.97   led   0/255 h0.00 lvl-2.40   -
frame   306 :  a closed book -3.45  an opened book -3.48   led   0/255 h0.00 lvl-3.47   -
frame   307 :  an opened book -4.33  a closed book -4.91   led   0/255 h0.00 lvl-4.62   -
frame   308 :  an opened book -0.83  a closed book -1.30   led   0/255 h0.00 lvl-1.06   -
frame   309 :  an opened book -1.38  a closed book -1.84   led   0/255 h0.00 lvl-1.61   -
frame   310 :  an opened book -2.40  a closed book -3.00   led   0/255 h0.00 lvl-2.70   -
frame   311 :  an opened book -0.45  a closed book -0.66   led   0/255 h0.00 lvl-0.55   -
frame   312 :  an opened book -1.05  a closed book -1.27   led   0/255 h0.00 lvl-1.16   -
frame   313 :  an opened book -1.99  a closed book -2.59   led   0/255 h0.00 lvl-2.29   -
frame   314 :  an opened book -1.73  a closed book -2.02   led   0/255 h0.00 lvl-1.88   -
frame   315 :  a closed book -0.74  an opened book -1.14   led   0/255 h0.00 lvl-0.94   -
frame   316 :  an opened book -1.64  a closed book -1.99   led   0/255 h0.00 lvl-1.82   -
frame   317 :  an opened book -0.29  a closed book -1.59   led   0/255 h0.00 lvl-0.94   -
frame   318 :  an opened book +0.14  a closed book +0.02   led   2/194 h0.12 lvl+0.08   -
frame   319 :  an opened book -0.27  a closed book -0.95   led   0/255 h0.00 lvl-0.61   -
frame   320 :  an opened book -2.88  a closed book -3.15   led   0/255 h0.00 lvl-3.02   -
frame   321 :  an opened book -1.04  a closed book -1.25   led   0/255 h0.00 lvl-1.14   -
frame   322 :  an opened book -1.32  a closed book -1.78   led   0/255 h0.00 lvl-1.55   -
frame   323 :  an opened book -1.23  a closed book -1.64   led   0/255 h0.00 lvl-1.44   -
frame   324 :  an opened book +0.76  a closed book -0.65   led  89/ 30 h0.62 lvl+0.06   -
frame   325 :  an opened book -2.76  a closed book -3.31   led   0/255 h0.00 lvl-3.03   -
frame   326 :  an opened book -0.63  a closed book -1.11   led   0/255 h0.00 lvl-0.87   -
frame   327 :  an opened book -2.82  a closed book -3.32   led   0/255 h0.00 lvl-3.07   -
frame   328 :  an opened book -0.84  a closed book -2.11   led   0/255 h0.00 lvl-1.48   -
frame   329 :  an opened book -1.25  a closed book -1.75   led   0/255 h0.00 lvl-1.50   -
frame   330 :  an opened book -1.33  a closed book -1.61   led   0/255 h0.00 lvl-1.47   -
frame   331 :  an opened book -2.19  a closed book -2.69   led   0/255 h0.00 lvl-2.44   -
frame   332 :  an opened book -1.22  a closed book -1.56   led   0/255 h0.00 lvl-1.39   -
frame   333 :  an opened book -1.08  a closed book -1.74   led   0/255 h0.00 lvl-1.41   -
frame   334 :  an opened book -1.34  a closed book -2.37   led   0/255 h0.00 lvl-1.85   -
frame   335 :  an opened book -0.26  a closed book -1.35   led   0/255 h0.00 lvl-0.80   -
frame   336 :  an opened book -0.43  a closed book -0.68   led   0/255 h0.00 lvl-0.55   -
frame   337 :  an opened book -1.02  a closed book -1.58   led   0/255 h0.00 lvl-1.30   -
frame   338 :  an opened book -1.92  a closed book -2.54   led   0/255 h0.00 lvl-2.23   -
frame   339 :  an opened book -1.26  a closed book -1.97   led   0/255 h0.00 lvl-1.61   -
frame   340 :  an opened book -1.05  a closed book -2.02   led   0/255 h0.00 lvl-1.54   -
frame   341 :  an opened book -0.90  a closed book -1.73   led   0/255 h0.00 lvl-1.31   -
frame   342 :  an opened book -1.28  a closed book -2.45   led   0/255 h0.00 lvl-1.86   -
frame   343 :  an opened book -2.08  a closed book -3.48   led   0/255 h0.00 lvl-2.78   -
frame   344 :  an opened book -2.43  a closed book -3.03   led   0/255 h0.00 lvl-2.73   -
frame   345 :  an opened book -2.40  a closed book -3.12   led   0/255 h0.00 lvl-2.76   -
frame   346 :  an opened book +0.23  a closed book -0.68   led   6/161 h0.19 lvl-0.22   -
frame   347 :  an opened book -1.13  a closed book -1.60   led   0/255 h0.00 lvl-1.37   -
frame   348 :  an opened book -2.25  a closed book -2.97   led   0/255 h0.00 lvl-2.61   -
frame   349 :  an opened book -1.25  a closed book -2.49   led   0/255 h0.00 lvl-1.87   -
frame   350 :  an opened book -1.28  a closed book -1.69   led   0/255 h0.00 lvl-1.49   -
frame   351 :  an opened book -2.61  a closed book -2.97   led   0/255 h0.00 lvl-2.79   -
frame   352 :  an opened book -2.14  a closed book -3.08   led   0/255 h0.00 lvl-2.61   -
frame   353 :  an opened book -0.87  a closed book -2.05   led   0/255 h0.00 lvl-1.46   -
frame   354 :  an opened book -0.62  a closed book -1.33   led   0/255 h0.00 lvl-0.97   -
frame   355 :  an opened book -1.53  a closed book -2.66   led   0/255 h0.00 lvl-2.10   -
frame   356 :  an opened book -0.87  a closed book -1.90   led   0/255 h0.00 lvl-1.39   -
frame   357 :  an opened book +0.32  a closed book -0.38   led  13/131 h0.26 lvl-0.03   -
frame   358 :  an opened book -0.89  a closed book -1.76   led   0/255 h0.00 lvl-1.32   -
frame   359 :  an opened book -1.75  a closed book -2.52   led   0/255 h0.00 lvl-2.14   -
frame   360 :  a closed book -1.24  an opened book -1.24   led   0/255 h0.00 lvl-1.24   -
frame   361 :  an opened book -1.24  a closed book -1.37   led   0/255 h0.00 lvl-1.30   -
frame   362 :  an opened book -1.33  a closed book -2.09   led   0/255 h0.00 lvl-1.71   -
frame   363 :  an opened book -1.43  a closed book -2.23   led   0/255 h0.00 lvl-1.83   -
frame   364 :  an opened book -1.38  a closed book -1.88   led   0/255 h0.00 lvl-1.63   -
frame   365 :  an opened book -1.31  a closed book -1.79   led   0/255 h0.00 lvl-1.55   -
frame   366 :  an opened book +0.17  a closed book -0.38   led   3/183 h0.14 lvl-0.10   -
frame   367 :  an opened book -1.32  a closed book -1.66   led   0/255 h0.00 lvl-1.49   -
frame   368 :  an opened book -0.03  a closed book -1.05   led   0/255 h0.00 lvl-0.54   -
frame   369 :  an opened book -2.73  a closed book -3.40   led   0/255 h0.00 lvl-3.06   -
frame   370 :  an opened book -2.22  a closed book -2.88   led   0/255 h0.00 lvl-2.55   -
frame   371 :  an opened book -3.12  a closed book -3.43   led   0/255 h0.00 lvl-3.28   -
frame   372 :  an opened book -2.06  a closed book -2.37   led   0/255 h0.00 lvl-2.22   -
frame   373 :  an opened book -1.76  a closed book -2.65   led   0/255 h0.00 lvl-2.20   -
frame   374 :  an opened book -3.38  a closed book -3.46   led   0/255 h0.00 lvl-3.42   -
frame   375 :  a closed book -2.51  an opened book -2.62   led   0/255 h0.00 lvl-2.56   -
frame   376 :  an opened book +0.63  a closed book -0.57   led  59/ 52 h0.51 lvl+0.03   -
frame   377 :  an opened book -1.04  a closed book -1.29   led   0/255 h0.00 lvl-1.16   -
frame   378 :  an opened book -0.64  a closed book -0.91   led   0/255 h0.00 lvl-0.77   -
frame   379 :  an opened book -2.02  a closed book -3.16   led   0/255 h0.00 lvl-2.59   -
frame   380 :  an opened book -2.12  a closed book -3.27   led   0/255 h0.00 lvl-2.69   -
frame   381 :  an opened book -0.33  a closed book -1.84   led   0/255 h0.00 lvl-1.08   -
frame   382 :  an opened book -2.03  a closed book -2.80   led   0/255 h0.00 lvl-2.42   -
frame   383 :  an opened book -1.33  a closed book -1.39   led   0/255 h0.00 lvl-1.36   -
frame   384 :  an opened book -1.91  a closed book -2.86   led   0/255 h0.00 lvl-2.39   -
frame   385 :  an opened book -0.89  a closed book -1.91   led   0/255 h0.00 lvl-1.40   -
frame   386 :  an opened book -0.10  a closed book -0.93   led   0/255 h0.00 lvl-0.51   -
frame   387 :  an opened book -1.70  a closed book -2.14   led   0/255 h0.00 lvl-1.92   -
frame   388 :  an opened book -0.84  a closed book -1.12   led   0/255 h0.00 lvl-0.98   -
frame   389 :  an opened book -1.36  a closed book -2.61   led   0/255 h0.00 lvl-1.98   -
frame   390 :  an opened book -0.35  a closed book -0.48   led   0/255 h0.00 lvl-0.42   -
frame   391 :  an opened book -1.07  a closed book -1.92   led   0/255 h0.00 lvl-1.50   -
frame   392 :  an opened book -1.70  a closed book -3.30   led   0/255 h0.00 lvl-2.50   -
frame   393 :  an opened book -1.83  a closed book -2.31   led   0/255 h0.00 lvl-2.07   -
frame   394 :  an opened book -1.47  a closed book -2.80   led   0/255 h0.00 lvl-2.13   -
frame   395 :  an opened book -0.94  a closed book -2.09   led   0/255 h0.00 lvl-1.51   -
frame   396 :  an opened book -3.05  a closed book -3.50   led   0/255 h0.00 lvl-3.27   -
frame   397 :  an opened book +0.09  a closed book -0.42   led   1/216 h0.07 lvl-0.16   -
frame   398 :  an opened book -0.77  a closed book -0.98   led   0/255 h0.00 lvl-0.87   -
frame   399 :  an opened book -0.96  a closed book -1.09   led   0/255 h0.00 lvl-1.03   -
background: after 30 frames (frozen, room spread), this room reads  a closed book -0.095 +-0.0048 (COCO -0.159 +-0.0351)  an opened book -0.112 +-0.0038 (COCO -0.151 +-0.0303)
frame   400 :  an opened book +0.55  a closed book +0.00   led  44/ 69 h0.45 lvl+0.28   -
frame   401 :  an opened book -3.22  a closed book -3.27   led   0/255 h0.00 lvl-3.24   -
frame   402 :  an opened book -0.95  a closed book -1.62   led   0/255 h0.00 lvl-1.29   -
frame   403 :  an opened book -1.83  a closed book -3.06   led   0/255 h0.00 lvl-2.44   -
frame   404 :  an opened book +0.74  a closed book -0.42   led  83/ 34 h0.60 lvl+0.16   -
frame   405 :  an opened book -0.18  a closed book -1.21   led   0/255 h0.00 lvl-0.69   -
frame   406 :  an opened book -0.23  a closed book -0.46   led   0/255 h0.00 lvl-0.34   -
frame   407 :  an opened book -1.18  a closed book -1.75   led   0/255 h0.00 lvl-1.47   -
frame   408 :  an opened book -0.42  a closed book -1.34   led   0/255 h0.00 lvl-0.88   -
frame   409 :  an opened book -1.83  a closed book -2.56   led   0/255 h0.00 lvl-2.20   -
frame   410 :  an opened book +0.15  a closed book -0.71   led   2/193 h0.12 lvl-0.28   -
frame   411 :  an opened book -0.25  a closed book -1.68   led   0/255 h0.00 lvl-0.96   -
frame   412 :  an opened book -0.76  a closed book -2.01   led   0/255 h0.00 lvl-1.39   -
frame   413 :  an opened book -1.28  a closed book -2.57   led   0/255 h0.00 lvl-1.93   -
frame   414 :  an opened book -2.19  a closed book -2.91   led   0/255 h0.00 lvl-2.55   -
frame   415 :  an opened book -0.96  a closed book -1.73   led   0/255 h0.00 lvl-1.34   -
frame   416 :  an opened book +0.06  a closed book -1.81   led   0/230 h0.05 lvl-0.88   -
frame   417 :  an opened book +0.10  a closed book -0.91   led   1/213 h0.08 lvl-0.41   -
frame   418 :  an opened book -1.65  a closed book -1.87   led   0/255 h0.00 lvl-1.76   -
frame   419 :  an opened book -1.36  a closed book -2.39   led   0/255 h0.00 lvl-1.87   -
frame   420 :  an opened book -1.62  a closed book -3.10   led   0/255 h0.00 lvl-2.36   -
frame   421 :  an opened book -0.70  a closed book -1.56   led   0/255 h0.00 lvl-1.13   -
frame   422 :  an opened book -2.96  a closed book -3.28   led   0/255 h0.00 lvl-3.12   -
frame   423 :  an opened book -1.70  a closed book -2.60   led   0/255 h0.00 lvl-2.15   -
frame   424 :  an opened book -1.17  a closed book -2.44   led   0/255 h0.00 lvl-1.80   -
frame   425 :  an opened book -1.32  a closed book -1.90   led   0/255 h0.00 lvl-1.61   -
frame   426 :  an opened book -1.49  a closed book -2.44   led   0/255 h0.00 lvl-1.96   -
frame   427 :  an opened book -2.63  a closed book -3.24   led   0/255 h0.00 lvl-2.93   -
frame   428 :  an opened book -1.36  a closed book -2.42   led   0/255 h0.00 lvl-1.89   -
frame   429 :  an opened book -1.76  a closed book -2.59   led   0/255 h0.00 lvl-2.18   -
frame   430 :  an opened book -1.10  a closed book -2.11   led   0/255 h0.00 lvl-1.61   -
frame   431 :  an opened book -1.02  a closed book -2.17   led   0/255 h0.00 lvl-1.60   -
frame   432 :  an opened book -2.83  a closed book -4.59   led   0/255 h0.00 lvl-3.71   -
frame   433 :  an opened book -1.79  a closed book -2.49   led   0/255 h0.00 lvl-2.14   -
frame   434 :  an opened book -0.93  a closed book -1.36   led   0/255 h0.00 lvl-1.14   -
frame   435 :  an opened book -0.64  a closed book -1.33   led   0/255 h0.00 lvl-0.98   -
frame   436 :  an opened book -0.52  a closed book -2.32   led   0/255 h0.00 lvl-1.42   -
frame   437 :  an opened book -2.47  a closed book -2.67   led   0/255 h0.00 lvl-2.57   -
frame   438 :  an opened book -1.13  a closed book -2.02   led   0/255 h0.00 lvl-1.58   -
frame   439 :  an opened book -1.89  a closed book -2.22   led   0/255 h0.00 lvl-2.05   -
frame   440 :  an opened book -0.85  a closed book -1.87   led   0/255 h0.00 lvl-1.36   -
frame   441 :  an opened book -2.34  a closed book -2.83   led   0/255 h0.00 lvl-2.58   -
frame   442 :  an opened book -2.69  a closed book -2.80   led   0/255 h0.00 lvl-2.74   -
frame   443 :  an opened book -1.06  a closed book -2.32   led   0/255 h0.00 lvl-1.69   -
frame   444 :  an opened book -3.30  a closed book -4.34   led   0/255 h0.00 lvl-3.82   -
frame   445 :  an opened book -3.24  a closed book -4.30   led   0/255 h0.00 lvl-3.77   -
frame   446 :  an opened book -2.35  a closed book -3.35   led   0/255 h0.00 lvl-2.85   -
frame   447 :  an opened book -1.73  a closed book -2.14   led   0/255 h0.00 lvl-1.93   -
frame   448 :  an opened book -1.37  a closed book -2.27   led   0/255 h0.00 lvl-1.82   -
frame   449 :  an opened book -2.19  a closed book -2.51   led   0/255 h0.00 lvl-2.35   -
frame   450 :  an opened book -1.12  a closed book -2.66   led   0/255 h0.00 lvl-1.89   -
frame   451 :  an opened book -2.43  a closed book -3.62   led   0/255 h0.00 lvl-3.02   -
frame   452 :  an opened book -3.65  a closed book -4.16   led   0/255 h0.00 lvl-3.90   -
frame   453 :  an opened book -2.18  a closed book -2.81   led   0/255 h0.00 lvl-2.50   -
frame   454 :  an opened book -3.42  a closed book -3.73   led   0/255 h0.00 lvl-3.58   -
frame   455 :  an opened book -1.71  a closed book -2.76   led   0/255 h0.00 lvl-2.24   -
frame   456 :  an opened book -1.84  a closed book -3.00   led   0/255 h0.00 lvl-2.42   -
frame   457 :  an opened book -1.23  a closed book -2.10   led   0/255 h0.00 lvl-1.66   -
frame   458 :  an opened book -3.73  a closed book -4.10   led   0/255 h0.00 lvl-3.92   -
frame   459 :  an opened book -0.17  a closed book -1.10   led   0/255 h0.00 lvl-0.64   -
frame   460 :  an opened book -1.34  a closed book -2.09   led   0/255 h0.00 lvl-1.71   -
frame   461 :  an opened book -1.41  a closed book -1.72   led   0/255 h0.00 lvl-1.57   -
frame   462 :  an opened book -1.42  a closed book -1.54   led   0/255 h0.00 lvl-1.48   -
frame   463 :  an opened book -1.25  a closed book -2.38   led   0/255 h0.00 lvl-1.82   -
frame   464 :  an opened book -1.36  a closed book -1.94   led   0/255 h0.00 lvl-1.65   -
frame   465 :  an opened book -2.09  a closed book -3.03   led   0/255 h0.00 lvl-2.56   -
frame   466 :  an opened book -0.87  a closed book -2.14   led   0/255 h0.00 lvl-1.50   -
frame   467 :  an opened book -1.46  a closed book -2.32   led   0/255 h0.00 lvl-1.89   -
frame   468 :  an opened book -1.31  a closed book -1.83   led   0/255 h0.00 lvl-1.57   -
frame   469 :  an opened book -0.77  a closed book -1.44   led   0/255 h0.00 lvl-1.10   -
frame   470 :  an opened book -1.78  a closed book -3.08   led   0/255 h0.00 lvl-2.43   -
frame   471 :  an opened book -1.38  a closed book -2.27   led   0/255 h0.00 lvl-1.83   -
frame   472 :  an opened book -1.80  a closed book -2.54   led   0/255 h0.00 lvl-2.17   -
frame   473 :  an opened book -0.26  a closed book -1.18   led   0/255 h0.00 lvl-0.72   -
frame   474 :  an opened book +0.67  a closed book +0.19   led  67/ 45 h0.55 lvl+0.43   -
frame   475 :  an opened book -0.80  a closed book -1.03   led   0/255 h0.00 lvl-0.91   -
frame   476 :  an opened book +0.17  a closed book -1.77   led   3/184 h0.14 lvl-0.80   -
frame   477 :  an opened book -0.32  a closed book -2.04   led   0/255 h0.00 lvl-1.18   -
frame   478 :  an opened book -0.58  a closed book -1.92   led   0/255 h0.00 lvl-1.25   -
frame   479 :  an opened book -2.76  a closed book -4.74   led   0/255 h0.00 lvl-3.75   -
frame   480 :  an opened book -1.00  a closed book -3.30   led   0/255 h0.00 lvl-2.15   -
frame   481 :  an opened book -1.14  a closed book -4.50   led   0/255 h0.00 lvl-2.82   -
frame   482 :  an opened book -1.28  a closed book -4.09   led   0/255 h0.00 lvl-2.69   -
frame   483 :  an opened book +0.36  a closed book -2.23   led  17/119 h0.29 lvl-0.94   -
frame   484 :  an opened book -1.10  a closed book -3.54   led   0/255 h0.00 lvl-2.32   -
frame   485 :  an opened book -0.51  a closed book -1.88   led   0/255 h0.00 lvl-1.20   -
frame   486 :  a closed book +1.22  an opened book +0.49   led 252/  0 h0.99 lvl+0.86   -
frame   487 :  a closed book +1.86*  an opened book -0.24   led 255/  0 h1.00 lvl+0.81   MATCH a closed book (cos -0.086)
frame   488 :  a closed book +1.67*  an opened book -0.85   led 255/  0 h1.00 lvl+0.41   MATCH a closed book (cos -0.087)
frame   489 :  a closed book +1.51*  an opened book -1.51   led 255/  0 h1.00 lvl+0.00   MATCH a closed book (cos -0.087)
frame   490 :  a closed book +0.35  an opened book -1.64   led  16/121 h0.29 lvl-0.64   -
frame   491 :  a closed book +0.41  an opened book -0.48   led  23/105 h0.33 lvl-0.03   -
frame   492 :  a closed book +1.37*  an opened book +1.08   led 255/  0 h1.00 lvl+1.23   MATCH a closed book (cos -0.088)
frame   493 :  a closed book +1.45*  an opened book -0.16   led 255/  0 h1.00 lvl+0.64   MATCH a closed book (cos -0.088)
frame   494 :  a closed book -0.70  an opened book -2.40   led   0/255 h0.00 lvl-1.55   -
frame   495 :  a closed book +0.56  an opened book -1.58   led  45/ 68 h0.45 lvl-0.51   -
frame   496 :  a closed book -0.10  an opened book -2.74   led   0/255 h0.00 lvl-1.42   -
frame   497 :  a closed book +0.18  an opened book -2.28   led   4/180 h0.15 lvl-1.05   -
frame   498 :  a closed book +0.34  an opened book -2.30   led  15/124 h0.28 lvl-0.98   -
frame   499 :  a closed book +0.52  an opened book -2.74   led  39/ 75 h0.43 lvl-1.11   -
background: after 30 frames (frozen, room spread), this room reads  a closed book -0.095 +-0.0048 (COCO -0.159 +-0.0351)  an opened book -0.112 +-0.0038 (COCO -0.151 +-0.0303)
frame   500 :  a closed book +1.37*  an opened book -1.94   led 255/  0 h1.00 lvl-0.28   MATCH a closed book (cos -0.088)
frame   501 :  a closed book +0.72  an opened book -2.20   led  78/ 37 h0.58 lvl-0.74   -
frame   502 :  a closed book -1.37  an opened book -3.90   led   0/255 h0.00 lvl-2.63   -
frame   503 :  a closed book +1.09  an opened book -1.25   led 196/  2 h0.89 lvl-0.08   -
frame   504 :  a closed book +1.05  an opened book -1.31   led 179/  4 h0.85 lvl-0.13   -
frame   505 :  a closed book -0.29  an opened book -2.35   led   0/255 h0.00 lvl-1.32   -
frame   506 :  a closed book +1.25*  an opened book -0.56   led 255/  0 h1.00 lvl+0.35   MATCH a closed book (cos -0.089)
frame   507 :  a closed book +3.50*  an opened book +1.77*   led 255/  0 h1.00 lvl+2.64   MATCH a closed book (cos -0.078)
frame   508 :  a closed book +1.36*  an opened book -0.09   led 255/  0 h1.00 lvl+0.64   MATCH a closed book (cos -0.088)
frame   509 :  a closed book +1.46*  an opened book -0.30   led 255/  0 h1.00 lvl+0.58   MATCH a closed book (cos -0.088)
frame   510 :  a closed book +2.34*  an opened book +0.63   led 255/  0 h1.00 lvl+1.49   MATCH a closed book (cos -0.083)
frame   511 :  a closed book +1.56*  an opened book -0.39   led 255/  0 h1.00 lvl+0.59   MATCH a closed book (cos -0.087)
frame   512 :  a closed book +1.10  an opened book -0.95   led 201/  2 h0.90 lvl+0.08   -
frame   513 :  a closed book +2.05*  an opened book +0.25   led 255/  0 h1.00 lvl+1.15   MATCH a closed book (cos -0.085)
frame   514 :  a closed book +0.30  an opened book -1.74   led  11/138 h0.24 lvl-0.72   -
frame   515 :  a closed book -0.37  an opened book -2.27   led   0/255 h0.00 lvl-1.32   -
frame   516 :  a closed book +1.53*  an opened book -1.12   led 255/  0 h1.00 lvl+0.21   MATCH a closed book (cos -0.087)
frame   517 :  a closed book +0.45  an opened book -2.83   led  27/ 95 h0.36 lvl-1.19   -
frame   518 :  a closed book +0.34  an opened book -3.13   led  15/126 h0.27 lvl-1.40   -
frame   519 :  a closed book +0.16  an opened book -3.16   led   3/189 h0.13 lvl-1.50   -
frame   520 :  a closed book +1.22  an opened book -2.25   led 249/  0 h0.99 lvl-0.52   -
frame   521 :  a closed book -0.48  an opened book -3.55   led   0/255 h0.00 lvl-2.01   -
frame   522 :  a closed book +0.05  an opened book -2.48   led   0/235 h0.04 lvl-1.22   -
frame   523 :  a closed book -0.67  an opened book -3.53   led   0/255 h0.00 lvl-2.10   -
frame   524 :  a closed book +2.16*  an opened book -0.07   led 255/  0 h1.00 lvl+1.05   MATCH a closed book (cos -0.084)
frame   525 :  a closed book -0.32  an opened book -2.44   led   0/255 h0.00 lvl-1.38   -
frame   526 :  a closed book +0.75  an opened book -1.32   led  86/ 32 h0.61 lvl-0.28   -
frame   527 :  a closed book +0.09  an opened book -1.42   led   1/216 h0.07 lvl-0.67   -
frame   528 :  a closed book +1.18  an opened book -0.09   led 234/  0 h0.96 lvl+0.55   -
frame   529 :  a closed book -0.08  an opened book -1.50   led   0/255 h0.00 lvl-0.79   -
frame   530 :  a closed book +0.76  an opened book -1.41   led  89/ 31 h0.62 lvl-0.33   -
frame   531 :  a closed book +2.76*  an opened book +1.90*   led 255/  0 h1.00 lvl+2.33   MATCH a closed book (cos -0.081)
frame   532 :  a closed book +1.17  an opened book +0.21   led 229/  0 h0.95 lvl+0.69   -
frame   533 :  a closed book +1.46*  an opened book -0.12   led 255/  0 h1.00 lvl+0.67   MATCH a closed book (cos -0.088)
frame   534 :  a closed book +0.82  an opened book -1.26   led 104/ 23 h0.67 lvl-0.22   -
frame   535 :  a closed book +2.55*  an opened book +1.58*   led 255/  0 h1.00 lvl+2.07   MATCH a closed book (cos -0.082)
frame   536 :  a closed book -0.95  an opened book -1.97   led   0/255 h0.00 lvl-1.46   -
frame   537 :  an opened book +0.84  a closed book +0.13   led 112/ 20 h0.69 lvl+0.49   -
frame   538 :  an opened book +1.06  a closed book +0.05   led 183/  3 h0.86 lvl+0.55   -
frame   539 :  an opened book -0.21  a closed book -1.83   led   0/255 h0.00 lvl-1.02   -
frame   540 :  an opened book -1.09  a closed book -2.88   led   0/255 h0.00 lvl-1.99   -
frame   541 :  an opened book -0.56  a closed book -2.18   led   0/255 h0.00 lvl-1.37   -
frame   542 :  an opened book +0.25  a closed book -0.93   led   8/154 h0.20 lvl-0.34   -
frame   543 :  an opened book -1.25  a closed book -1.36   led   0/255 h0.00 lvl-1.31   -
frame   544 :  an opened book -0.59  a closed book -1.02   led   0/255 h0.00 lvl-0.81   -
frame   545 :  an opened book +0.63  a closed book -0.33   led  58/ 53 h0.51 lvl+0.15   -
frame   546 :  an opened book -0.79  a closed book -1.15   led   0/255 h0.00 lvl-0.97   -
frame   547 :  an opened book -1.34  a closed book -2.46   led   0/255 h0.00 lvl-1.90   -
frame   548 :  an opened book +0.27  a closed book -0.94   led   9/147 h0.22 lvl-0.33   -
frame   549 :  an opened book +1.04  a closed book +0.43   led 177/  4 h0.85 lvl+0.74   -
frame   550 :  an opened book -0.24  a closed book -0.51   led   0/255 h0.00 lvl-0.37   -
frame   551 :  a closed book +0.52  an opened book +0.16   led  38/ 77 h0.42 lvl+0.34   -
frame   552 :  an opened book +0.30  a closed book +0.13   led  11/139 h0.24 lvl+0.21   -
frame   553 :  a closed book +0.56  an opened book -0.15   led  45/ 68 h0.45 lvl+0.20   -
frame   554 :  an opened book -0.77  a closed book -1.10   led   0/255 h0.00 lvl-0.93   -
frame   555 :  an opened book +1.45*  a closed book +0.44   led 255/  0 h1.00 lvl+0.95   MATCH an opened book (cos -0.106)
frame   556 :  an opened book +0.52  a closed book -0.57   led  39/ 76 h0.42 lvl-0.02   -
frame   557 :  an opened book -1.18  a closed book -2.43   led   0/255 h0.00 lvl-1.81   -
frame   558 :  an opened book -0.97  a closed book -1.48   led   0/255 h0.00 lvl-1.23   -
frame   559 :  an opened book -0.80  a closed book -0.93   led   0/255 h0.00 lvl-0.87   -
frame   560 :  a closed book +0.35  an opened book +0.30   led  16/123 h0.28 lvl+0.32   -
frame   561 :  an opened book -1.17  a closed book -1.93   led   0/255 h0.00 lvl-1.55   -
frame   562 :  an opened book -0.48  a closed book -1.35   led   0/255 h0.00 lvl-0.92   -
frame   563 :  an opened book -1.63  a closed book -2.14   led   0/255 h0.00 lvl-1.89   -
frame   564 :  an opened book -1.03  a closed book -1.69   led   0/255 h0.00 lvl-1.36   -
frame   565 :  an opened book +0.31  a closed book -0.87   led  13/133 h0.26 lvl-0.28   -
frame   566 :  an opened book +0.38  a closed book +0.21   led  19/114 h0.31 lvl+0.29   -
frame   567 :  an opened book -2.51  a closed book -3.20   led   0/255 h0.00 lvl-2.86   -
frame   568 :  a closed book +0.18  an opened book -0.38   led   4/181 h0.14 lvl-0.10   -
frame   569 :  a closed book -0.44  an opened book -1.24   led   0/255 h0.00 lvl-0.84   -
frame   570 :  a closed book +0.45  an opened book -0.40   led  28/ 93 h0.37 lvl+0.03   -
frame   571 :  a closed book -1.01  an opened book -1.10   led   0/255 h0.00 lvl-1.05   -
frame   572 :  an opened book +0.33  a closed book +0.27   led  14/128 h0.27 lvl+0.30   -
frame   573 :  an opened book -1.08  a closed book -1.35   led   0/255 h0.00 lvl-1.22   -
frame   574 :  an opened book +0.18  a closed book -0.49   led   4/181 h0.14 lvl-0.16   -
frame   575 :  an opened book -0.98  a closed book -1.78   led   0/255 h0.00 lvl-1.38   -
frame   576 :  an opened book -0.22  a closed book -1.56   led   0/255 h0.00 lvl-0.89   -
frame   577 :  an opened book -1.59  a closed book -2.10   led   0/255 h0.00 lvl-1.84   -
frame   578 :  an opened book -0.72  a closed book -1.37   led   0/255 h0.00 lvl-1.05   -
frame   579 :  a closed book +0.51  an opened book +0.47   led  37/ 78 h0.42 lvl+0.49   -
frame   580 :  an opened book +0.60  a closed book +0.39   led  52/ 59 h0.49 lvl+0.49   -
frame   581 :  an opened book -0.41  a closed book -0.53   led   0/255 h0.00 lvl-0.47   -
frame   582 :  an opened book -1.28  a closed book -1.34   led   0/255 h0.00 lvl-1.31   -
frame   583 :  an opened book -0.76  a closed book -1.48   led   0/255 h0.00 lvl-1.12   -
frame   584 :  an opened book +1.65*  a closed book +0.42   led 255/  0 h1.00 lvl+1.03   MATCH an opened book (cos -0.106)
frame   585 :  an opened book -1.17  a closed book -2.20   led   0/255 h0.00 lvl-1.68   -
frame   586 :  an opened book -2.24  a closed book -3.04   led   0/255 h0.00 lvl-2.64   -
frame   587 :  a closed book -2.42  an opened book -2.68   led   0/255 h0.00 lvl-2.55   -
frame   588 :  a closed book +0.69  an opened book +0.04   led  73/ 41 h0.57 lvl+0.37   -
frame   589 :  a closed book -0.30  an opened book -0.44   led   0/255 h0.00 lvl-0.37   -
frame   590 :  a closed book -0.01  an opened book -0.15   led   0/255 h0.00 lvl-0.08   -
frame   591 :  an opened book +0.68  a closed book +0.62   led  70/ 43 h0.55 lvl+0.65   -
frame   592 :  an opened book +0.75  a closed book +0.18   led  85/ 33 h0.61 lvl+0.47   -
frame   593 :  an opened book -0.97  a closed book -1.65   led   0/255 h0.00 lvl-1.31   -
frame   594 :  an opened book -0.11  a closed book -1.04   led   0/255 h0.00 lvl-0.58   -
frame   595 :  an opened book -2.90  a closed book -3.09   led   0/255 h0.00 lvl-2.99   -
frame   596 :  an opened book -0.01  a closed book -0.95   led   0/255 h0.00 lvl-0.48   -
frame   597 :  an opened book +0.79  a closed book +0.03   led  96/ 27 h0.64 lvl+0.41   -
frame   598 :  an opened book +0.12  a closed book -0.94   led   1/204 h0.10 lvl-0.41   -
frame   599 :  an opened book -1.27  a closed book -1.45   led   0/255 h0.00 lvl-1.36   -
background: after 30 frames (frozen, room spread), this room reads  a closed book -0.095 +-0.0048 (COCO -0.159 +-0.0351)  an opened book -0.112 +-0.0038 (COCO -0.151 +-0.0303)
frame   600 :  an opened book -0.94  a closed book -1.38   led   0/255 h0.00 lvl-1.16   -
frame   601 :  an opened book +0.60  a closed book -0.56   led  53/ 58 h0.49 lvl+0.02   -

stopped   : 602 frames, 602 good, capture overlapped with the compute, configuration C
            602 frames timed, 285 ms/frame mean (capture included)
            268 ms encode + 0 ms waiting for the sensor + 16 ms burst; 295 ms/frame by the clock
            372 ms shutter to LED, arming with 62 ms of compute left
            last frame mean RGB 130 125 130
            camera bus: worst gap 14 us against the 2000 us deadline (#12)
            usb: 0 outages, 0 ms off the bus, 0 re-attaches (#9)
