
=== M9: fpga-open-vocab - describe it, the board spots it ===

clock     : 320 MHz requested; BOOTSEL is reachable for 1.5 s
clock     : 320 MHz system, core 1.25 V
reset     : chip_reset 00010000  (scratch was cold: either the always-on domain went away - power, a brown-out - or this boot came through the bootrom, which clears it too)
            new this boot: power-on reset - the supply arrived
waiting for a bitstream on USB CDC (host/demo.py)
bitstream : 173124 bytes announced, crc32 0a2e9953
bitstream : received intact
configure : configured, CDONE high   CDONE=1 nSTATUS=0
crc       : DMA sniffer, calc=1 out_rev=1 out_inv=1
model     : 9 layers, 512-d embedding, 131072 B/buffer
weights   : 780720 B, crc32=0xF368CC6E  (126 ms to hash)

reference : encoder_fast on the flash test vector  (1584 ms)

link      : probing the wire by running the whole test vector over it
probe     : 3 forward data lines -> 512/512 floats exact, 272 ms
link      : configuration C, 3 forward data lines, 160.0 MHz

camera    : exposure ramp 18 19 18 19 18 19~ 21 26 29 33 38 41 46 50 54 62 69 76 83 92 100 105 114 123 130 133 134 133 133 133
camera    : live 128x128 RGB565, id 0x82, 16.0 MHz, expose 37 ms, read 16 ms, exposure settled after 30 frames
            regs fmt 02 res 00 bri 00 ev 00 wb 00 auto 00 state 26 id 82 fpga 20
            reset gate: polls 425, first state 21, busy yes   defaults polls: ae 10 ag 10 awb 10 wbmode 10
            #33: the auto loops were switched back on 1 time during the ramp
            mean RGB 135 133 134  (tuned camera on a neutral scene: about 115 107 105)

queries   : waiting for a query set on USB CDC (host/demo.py)
queries   : 2 accepted, 512-d, crc ok
            level axis carries 0.95 of one query's swing; most opposed pair +0.810
            scored as z = (cos - background) / std, where the background is this room's
            own mean over its first 30 frames and is then FROZEN - so a thing left in
            shot keeps its score instead of decaying into the furniture. 'N' re-learns
            it, 'H' switches to tracking. The COCO figures below are only the seed for
            frame 0 and the fixed std.
            std is THIS ROOM's, measured over the same 30 frames ('S' switches to COCO's).
            The thresholds below still mean the 90th percentile of a background; the
            background they now mean it against is this room empty, not 5000 COCO photos.
            a closed book        match above z 1.23   (COCO background -0.159 +- 0.035, so cos -0.116)
            an opened book       match above z 1.23   (COCO background -0.151 +- 0.030, so cos -0.114)

loop      : capture, 8 convs on the T8, pool and head, then one cosine per query. 'B' for BOOTSEL, 'R' to restart,
            'P' to dump the next frame for host/cam.py, 'V' to dump its 512 floats for host/caption.py,
            'E' to provoke a fault so D1 shows its fault display, 'H' to freeze/unfreeze the background,
            'S' to switch the spread between this room's and COCO's, 'W' to hang on purpose and see
            the watchdog name the stage, 'C' to stall the camera bus on purpose and see it cost one frame,
            'U' to drop off USB on purpose and watch it come back, 'I' to drop off and refuse to,
            'N' to forget it and learn it again from now. 'P' and 'V' together describe the same frame.
            'O' closes the timing window, prints it and flips the capture between overlapped and serial;
            'D' does the same and flips the trigger between late and at-the-collect, which is #14's A/B.
            'L' freezes exposure and gain, then on a second press the white balance too - which goes green,
            and is the control. A third restores all three. Issue #30, and the one hotkey whose answer depends on when you press it.
            scores are z against this room's background, ranked; '*' means over its threshold.
            '1'..'6' enrol the next 20 frames as that class, and press again on a LATER visit
            to fold a second one in - 2 visits is what makes the enrolment guard mean
            something. Two classes in and the board decides by nearest reference instead of
            by threshold - see M21.
            '0' ENROLS THE EMPTY SCENE the same way, and it is worth a visit: with one, a frame
            is absent when the empty reference is the nearest of the three and no radius is
            involved. Without one the board falls back to the band - absent beyond 2.0 sep
            from every class - which scores 54.6% over 28 benches against the third reference's
            79.1%, because with two queries that band is an interval the empty scene can sit
            inside. #18.
            The first 30 frames set the baseline and it is then frozen, so anything left in
            shot KEEPS its score. Point the camera at the empty scene for those frames.
            Send a new set at any time to re-query - that resets the baseline too.

frame     0 :  a closed book +0.97  an opened book +0.84   led 152/  8 h0.79 lvl+0.91   -
frame     1 :  an opened book +0.31  a closed book +0.21   led  13/134 h0.25 lvl+0.26   -
frame     2 :  an opened book +0.01  a closed book -0.07   led   0/251 h0.01 lvl-0.03   -
frame     3 :  an opened book +0.21  a closed book +0.11   led   5/168 h0.17 lvl+0.16   -
frame     4 :  an opened book -0.01  a closed book -0.04   led   0/255 h0.00 lvl-0.03   -
frame     5 :  an opened book +0.02  a closed book -0.05   led   0/245 h0.02 lvl-0.02   -
frame     6 :  an opened book -0.02  a closed book -0.12   led   0/255 h0.00 lvl-0.07   -
frame     7 :  an opened book -0.05  a closed book -0.07   led   0/255 h0.00 lvl-0.06   -
background: after 8 frames (warming up, room spread), this room reads  a closed book -0.123 +-0.0031 (COCO -0.159 +-0.0351)  an opened book -0.119 +-0.0033 (COCO -0.151 +-0.0303)
frame     8 :  an opened book -0.29  a closed book -0.33   led   0/255 h0.00 lvl-0.31   -
frame     9 :  a closed book -1.29  an opened book -1.50   led   0/255 h0.00 lvl-1.39   -
frame    10 :  an opened book +0.46  a closed book +0.20   led  29/ 92 h0.37 lvl+0.33   -
frame    11 :  a closed book -0.46  an opened book -0.70   led   0/255 h0.00 lvl-0.58   -
frame    12 :  an opened book +0.54  a closed book +0.34   led  42/ 71 h0.44 lvl+0.44   -
frame    13 :  an opened book +0.31  a closed book -0.48   led  13/134 h0.25 lvl-0.08   -
frame    14 :  a closed book +1.24*  an opened book -0.21   led 255/  0 h1.00 lvl+0.52   MATCH a closed book (cos -0.120)
frame    15 :  an opened book +0.51  a closed book +0.18   led  37/ 77 h0.42 lvl+0.35   -
frame    16 :  a closed book +2.28*  an opened book +1.46*   led 255/  0 h1.00 lvl+1.87   MATCH a closed book (cos -0.118)
frame    17 :  an opened book +2.43*  a closed book +1.42*   led 255/  0 h1.00 lvl+1.93   MATCH an opened book (cos -0.112)
frame    18 :  an opened book -1.18  a closed book -2.03   led   0/255 h0.00 lvl-1.60   -
frame    19 :  a closed book +1.01  an opened book +0.53   led 166/  6 h0.82 lvl+0.77   -
frame    20 :  an opened book -0.23  a closed book -0.24   led   0/255 h0.00 lvl-0.24   -
frame    21 :  a closed book -0.07  an opened book -0.34   led   0/255 h0.00 lvl-0.21   -
frame    22 :  an opened book +1.13  a closed book +0.35   led 212/  1 h0.92 lvl+0.74   -
frame    23 :  an opened book -0.40  a closed book -0.72   led   0/255 h0.00 lvl-0.56   -
frame    24 :  a closed book +2.82*  an opened book +1.94*   led 255/  0 h1.00 lvl+2.38   MATCH a closed book (cos -0.115)
frame    25 :  an opened book -1.86  a closed book -2.85   led   0/255 h0.00 lvl-2.36   -
frame    26 :  an opened book +0.80  a closed book -0.28   led 100/ 25 h0.65 lvl+0.26   -
frame    27 :  an opened book +1.79*  a closed book +0.84   led 255/  0 h1.00 lvl+1.32   MATCH an opened book (cos -0.113)
frame    28 :  a closed book -0.44  an opened book -0.64   led   0/255 h0.00 lvl-0.54   -
frame    29 :  a closed book -0.99  an opened book -1.30   led   0/255 h0.00 lvl-1.14   -
frame    30 :  a closed book +2.65*  an opened book +1.96*   led 255/  0 h1.00 lvl+2.31   MATCH a closed book (cos -0.114)
frame    31 :  an opened book -0.48  a closed book -1.24   led   0/255 h0.00 lvl-0.86   -
frame    32 :  a closed book +1.66*  an opened book +1.52*   led 255/  0 h1.00 lvl+1.59   MATCH a closed book (cos -0.117)
frame    33 :  a closed book +1.26*  an opened book +0.18   led 255/  0 h1.00 lvl+0.72   MATCH a closed book (cos -0.119)
frame    34 :  a closed book -2.03  an opened book -2.04   led   0/255 h0.00 lvl-2.04   -
frame    35 :  a closed book +0.02  an opened book -0.47   led   0/245 h0.02 lvl-0.23   -
frame    36 :  an opened book +0.31  a closed book -0.10   led  12/136 h0.25 lvl+0.10   -
frame    37 :  a closed book -0.97  an opened book -1.12   led   0/255 h0.00 lvl-1.04   -
frame    38 :  an opened book -1.41  a closed book -2.06   led   0/255 h0.00 lvl-1.73   -
frame    39 :  a closed book +0.14  an opened book -0.06   led   2/195 h0.12 lvl+0.04   -
frame    40 :  an opened book -1.48  a closed book -1.50   led   0/255 h0.00 lvl-1.49   -
frame    41 :  a closed book -0.59  an opened book -0.67   led   0/255 h0.00 lvl-0.63   -
frame    42 :  a closed book +0.90  an opened book +0.34   led 128/ 14 h0.73 lvl+0.62   -
frame    43 :  a closed book -1.04  an opened book -1.71   led   0/255 h0.00 lvl-1.38   -
frame    44 :  an opened book -0.40  a closed book -0.62   led   0/255 h0.00 lvl-0.51   -
frame    45 :  a closed book +0.10  an opened book -0.57   led   1/213 h0.08 lvl-0.24   -
frame    46 :  a closed book -0.45  an opened book -0.76   led   0/255 h0.00 lvl-0.61   -
frame    47 :  an opened book -1.89  a closed book -2.04   led   0/255 h0.00 lvl-1.96   -
frame    48 :  an opened book -0.47  a closed book -0.48   led   0/255 h0.00 lvl-0.48   -
frame    49 :  an opened book -0.16  a closed book -0.45   led   0/255 h0.00 lvl-0.30   -
frame    50 :  a closed book +0.30  an opened book +0.12   led  12/138 h0.24 lvl+0.21   -
frame    51 :  an opened book +2.46*  a closed book +2.39*   led 255/  0 h1.00 lvl+2.42   MATCH an opened book (cos -0.111)
frame    52 :  a closed book -0.04  an opened book -1.03   led   0/255 h0.00 lvl-0.53   -
frame    53 :  an opened book +0.38  a closed book +0.16   led  19/113 h0.31 lvl+0.27   -
frame    54 :  a closed book +1.56*  an opened book +0.24   led 255/  0 h1.00 lvl+0.90   MATCH a closed book (cos -0.118)
frame    55 :  a closed book -1.60  an opened book -1.68   led   0/255 h0.00 lvl-1.64   -
frame    56 :  an opened book -0.48  a closed book -0.81   led   0/255 h0.00 lvl-0.65   -
frame    57 :  an opened book +0.68  a closed book +0.43   led  70/ 43 h0.56 lvl+0.56   -
frame    58 :  a closed book +1.28*  an opened book +1.25*   led 255/  0 h1.00 lvl+1.27   MATCH a closed book (cos -0.119)
frame    59 :  a closed book +0.14  an opened book -0.10   led   2/194 h0.12 lvl+0.02   -
frame    60 :  a closed book +0.53  an opened book -0.15   led  40/ 74 h0.43 lvl+0.19   -
frame    61 :  a closed book -0.47  an opened book -0.77   led   0/255 h0.00 lvl-0.62   -
frame    62 :  a closed book -1.46  an opened book -1.66   led   0/255 h0.00 lvl-1.56   -
frame    63 :  an opened book -0.16  a closed book -0.51   led   0/255 h0.00 lvl-0.33   -
frame    64 :  a closed book -1.12  an opened book -1.20   led   0/255 h0.00 lvl-1.16   -
frame    65 :  a closed book +0.67  an opened book -0.14   led  68/ 45 h0.55 lvl+0.27   -
frame    66 :  a closed book +0.91  an opened book +0.27   led 133/ 13 h0.74 lvl+0.59   -
frame    67 :  a closed book -0.34  an opened book -1.12   led   0/255 h0.00 lvl-0.73   -
frame    68 :  an opened book -0.78  a closed book -0.92   led   0/255 h0.00 lvl-0.85   -
frame    69 :  a closed book +1.40*  an opened book +0.49   led 255/  0 h1.00 lvl+0.94   MATCH a closed book (cos -0.118)
frame    70 :  an opened book +0.32  a closed book -0.08   led  13/130 h0.26 lvl+0.12   -
frame    71 :  a closed book +0.23  an opened book +0.19   led   7/160 h0.19 lvl+0.21   -
frame    72 :  an opened book -1.24  a closed book -2.43   led   0/255 h0.00 lvl-1.83   -
frame    73 :  an opened book -1.32  a closed book -2.38   led   0/255 h0.00 lvl-1.85   -
frame    74 :  a closed book -0.83  an opened book -0.98   led   0/255 h0.00 lvl-0.91   -
frame    75 :  a closed book -0.86  an opened book -1.05   led   0/255 h0.00 lvl-0.95   -
frame    76 :  an opened book -1.37  a closed book -1.55   led   0/255 h0.00 lvl-1.46   -
frame    77 :  a closed book +1.92*  an opened book +1.44*   led 255/  0 h1.00 lvl+1.68   MATCH a closed book (cos -0.117)
frame    78 :  an opened book -0.33  a closed book -0.84   led   0/255 h0.00 lvl-0.59   -
frame    79 :  an opened book -1.26  a closed book -1.26   led   0/255 h0.00 lvl-1.26   -
frame    80 :  a closed book +0.20  an opened book -0.57   led   5/171 h0.17 lvl-0.18   -
frame    81 :  a closed book -0.23  an opened book -0.68   led   0/255 h0.00 lvl-0.45   -
frame    82 :  an opened book +0.13  a closed book -0.38   led   2/200 h0.10 lvl-0.13   -
frame    83 :  a closed book +0.90  an opened book +0.41   led 128/ 14 h0.73 lvl+0.65   -
frame    84 :  a closed book -0.41  an opened book -0.97   led   0/255 h0.00 lvl-0.69   -
frame    85 :  an opened book -0.82  a closed book -1.14   led   0/255 h0.00 lvl-0.98   -
frame    86 :  a closed book -1.81  an opened book -1.87   led   0/255 h0.00 lvl-1.84   -
frame    87 :  an opened book -0.80  a closed book -1.42   led   0/255 h0.00 lvl-1.11   -
frame    88 :  an opened book +0.61  a closed book +0.47   led  54/ 57 h0.50 lvl+0.54   -
frame    89 :  a closed book -1.51  an opened book -2.19   led   0/255 h0.00 lvl-1.85   -
frame    90 :  a closed book +1.51*  an opened book +0.25   led 255/  0 h1.00 lvl+0.88   MATCH a closed book (cos -0.118)
frame    91 :  a closed book -0.11  an opened book -0.20   led   0/255 h0.00 lvl-0.15   -
frame    92 :  an opened book -0.69  a closed book -0.82   led   0/255 h0.00 lvl-0.75   -
frame    93 :  a closed book +0.25  an opened book -0.15   led   8/155 h0.20 lvl+0.05   -
frame    94 :  an opened book +0.60  a closed book +0.14   led  53/ 58 h0.49 lvl+0.37   -
frame    95 :  an opened book -0.20  a closed book -0.80   led   0/255 h0.00 lvl-0.50   -
frame    96 :  a closed book +0.59  an opened book +0.28   led  52/ 60 h0.48 lvl+0.44   -
frame    97 :  a closed book +0.33  an opened book +0.18   led  14/128 h0.27 lvl+0.26   -
frame    98 :  a closed book +0.38  an opened book -0.26   led  19/113 h0.31 lvl+0.06   -
frame    99 :  a closed book -0.88  an opened book -1.19   led   0/255 h0.00 lvl-1.03   -
background: after 30 frames (frozen, room spread), this room reads  a closed book -0.123 +-0.0035 (COCO -0.159 +-0.0351)  an opened book -0.119 +-0.0033 (COCO -0.151 +-0.0303)
frame   100 :  a closed book +0.13  an opened book +0.01   led   2/200 h0.10 lvl+0.07   -
frame   101 :  a closed book -1.13  an opened book -1.77   led   0/255 h0.00 lvl-1.45   -
frame   102 :  an opened book -0.21  a closed book -0.41   led   0/255 h0.00 lvl-0.31   -
frame   103 :  a closed book -0.58  an opened book -1.03   led   0/255 h0.00 lvl-0.81   -
frame   104 :  a closed book -2.43  an opened book -2.55   led   0/255 h0.00 lvl-2.49   -
frame   105 :  a closed book -1.56  an opened book -1.75   led   0/255 h0.00 lvl-1.66   -
frame   106 :  an opened book -0.97  a closed book -1.00   led   0/255 h0.00 lvl-0.99   -
frame   107 :  a closed book -0.85  an opened book -1.64   led   0/255 h0.00 lvl-1.25   -
frame   108 :  an opened book -2.53  a closed book -2.91   led   0/255 h0.00 lvl-2.72   -
frame   109 :  a closed book -0.95  an opened book -1.19   led   0/255 h0.00 lvl-1.07   -
frame   110 :  a closed book -0.60  an opened book -0.92   led   0/255 h0.00 lvl-0.76   -
frame   111 :  a closed book -0.82  an opened book -1.10   led   0/255 h0.00 lvl-0.96   -
frame   112 :  a closed book -1.66  an opened book -2.19   led   0/255 h0.00 lvl-1.92   -
frame   113 :  a closed book -2.35  an opened book -2.40   led   0/255 h0.00 lvl-2.38   -
frame   114 :  a closed book +0.15  an opened book -0.26   led   3/190 h0.13 lvl-0.05   -
frame   115 :  a closed book +0.07  an opened book -0.59   led   0/224 h0.06 lvl-0.26   -
frame   116 :  a closed book -0.47  an opened book -0.98   led   0/255 h0.00 lvl-0.72   -
frame   117 :  an opened book -2.03  a closed book -2.39   led   0/255 h0.00 lvl-2.21   -
frame   118 :  a closed book +0.18  an opened book -0.09   led   4/181 h0.14 lvl+0.04   -
frame   119 :  a closed book +1.78*  an opened book +1.58*   led 255/  0 h1.00 lvl+1.68   MATCH a closed book (cos -0.117)
frame   120 :  a closed book -1.93  an opened book -2.73   led   0/255 h0.00 lvl-2.33   -
frame   121 :  a closed book -1.10  an opened book -1.35   led   0/255 h0.00 lvl-1.22   -
frame   122 :  an opened book +0.87  a closed book +0.27   led 120/ 17 h0.71 lvl+0.57   -
frame   123 :  a closed book -1.39  an opened book -1.92   led   0/255 h0.00 lvl-1.66   -
frame   124 :  a closed book -0.85  an opened book -0.99   led   0/255 h0.00 lvl-0.92   -
frame   125 :  a closed book -1.32  an opened book -1.62   led   0/255 h0.00 lvl-1.47   -
frame   126 :  a closed book -1.82  an opened book -2.70   led   0/255 h0.00 lvl-2.26   -
frame   127 :  a closed book +2.47*  an opened book +0.62   led 255/  0 h1.00 lvl+1.54   MATCH a closed book (cos -0.115)
frame   128 :  a closed book +0.07  an opened book -0.44   led   1/223 h0.06 lvl-0.18   -
frame   129 :  a closed book +0.18  an opened book -0.57   led   4/180 h0.15 lvl-0.19   -
frame   130 :  a closed book -1.83  an opened book -2.29   led   0/255 h0.00 lvl-2.06   -
frame   131 :  a closed book -1.58  an opened book -1.62   led   0/255 h0.00 lvl-1.60   -
frame   132 :  a closed book +0.36  an opened book -0.36   led  17/119 h0.29 lvl+0.00   -
frame   133 :  a closed book +0.40  an opened book -0.49   led  21/109 h0.32 lvl-0.05   -
frame   134 :  an opened book -1.32  a closed book -1.40   led   0/255 h0.00 lvl-1.36   -
frame   135 :  a closed book -0.18  an opened book -0.55   led   0/255 h0.00 lvl-0.36   -
frame   136 :  a closed book -0.51  an opened book -0.52   led   0/255 h0.00 lvl-0.52   -
frame   137 :  a closed book -1.27  an opened book -1.95   led   0/255 h0.00 lvl-1.61   -
frame   138 :  a closed book +0.04  an opened book -1.11   led   0/238 h0.03 lvl-0.54   -
frame   139 :  a closed book -1.38  an opened book -2.18   led   0/255 h0.00 lvl-1.78   -
frame   140 :  a closed book -0.90  an opened book -1.56   led   0/255 h0.00 lvl-1.23   -
frame   141 :  a closed book -0.56  an opened book -0.99   led   0/255 h0.00 lvl-0.77   -
frame   142 :  a closed book +0.89  an opened book -0.17   led 124/ 15 h0.72 lvl+0.36   -
frame   143 :  a closed book +1.59*  an opened book -0.01   led 255/  0 h1.00 lvl+0.79   MATCH a closed book (cos -0.118)
frame   144 :  a closed book -1.39  an opened book -1.69   led   0/255 h0.00 lvl-1.54   -
frame   145 :  a closed book +0.85  an opened book +0.22   led 114/ 19 h0.69 lvl+0.53   -
frame   146 :  a closed book -0.40  an opened book -0.65   led   0/255 h0.00 lvl-0.52   -
frame   147 :  a closed book +0.84  an opened book +0.22   led 109/ 21 h0.68 lvl+0.53   -
frame   148 :  a closed book -0.71  an opened book -1.21   led   0/255 h0.00 lvl-0.96   -
frame   149 :  a closed book -0.77  an opened book -2.30   led   0/255 h0.00 lvl-1.54   -
frame   150 :  a closed book +1.15  an opened book +0.13   led 220/  1 h0.93 lvl+0.64   -
frame   151 :  a closed book +1.58*  an opened book -0.01   led 255/  0 h1.00 lvl+0.78   MATCH a closed book (cos -0.118)
frame   152 :  a closed book -1.15  an opened book -1.77   led   0/255 h0.00 lvl-1.46   -
frame   153 :  an opened book -2.49  a closed book -2.51   led   0/255 h0.00 lvl-2.50   -
frame   154 :  a closed book -0.95  an opened book -1.53   led   0/255 h0.00 lvl-1.24   -
frame   155 :  a closed book -0.26  an opened book -0.99   led   0/255 h0.00 lvl-0.63   -
frame   156 :  a closed book +0.28  an opened book -0.03   led  10/145 h0.23 lvl+0.13   -
frame   157 :  a closed book +0.64  an opened book -0.07   led  60/ 51 h0.52 lvl+0.28   -
frame   158 :  a closed book +1.95*  an opened book +1.46*   led 255/  0 h1.00 lvl+1.70   MATCH a closed book (cos -0.116)
frame   159 :  a closed book -0.47  an opened book -0.78   led   0/255 h0.00 lvl-0.62   -
frame   160 :  a closed book +0.72  an opened book -0.13   led  80/ 36 h0.59 lvl+0.30   -
frame   161 :  an opened book -2.51  a closed book -2.58   led   0/255 h0.00 lvl-2.54   -
frame   162 :  a closed book +0.57  an opened book -0.96   led  46/ 66 h0.46 lvl-0.20   -
frame   163 :  a closed book +3.34*  an opened book +1.93*   led 255/  0 h1.00 lvl+2.63   MATCH a closed book (cos -0.112)
frame   164 :  a closed book +0.15  an opened book -1.46   led   2/192 h0.12 lvl-0.66   -
frame   165 :  a closed book +0.10  an opened book -1.23   led   1/213 h0.08 lvl-0.57   -
frame   166 :  a closed book -0.78  an opened book -0.79   led   0/255 h0.00 lvl-0.78   -
frame   167 :  an opened book -0.68  a closed book -0.96   led   0/255 h0.00 lvl-0.82   -
frame   168 :  a closed book -0.29  an opened book -1.05   led   0/255 h0.00 lvl-0.67   -
frame   169 :  a closed book +0.64  an opened book -0.09   led  61/ 50 h0.52 lvl+0.28   -
frame   170 :  a closed book +2.16*  an opened book +0.62   led 255/  0 h1.00 lvl+1.39   MATCH a closed book (cos -0.116)
frame   171 :  a closed book -1.03  an opened book -2.12   led   0/255 h0.00 lvl-1.58   -
frame   172 :  a closed book -0.95  an opened book -1.62   led   0/255 h0.00 lvl-1.28   -
frame   173 :  a closed book -0.09  an opened book -1.69   led   0/255 h0.00 lvl-0.89   -
frame   174 :  a closed book -2.12  an opened book -2.35   led   0/255 h0.00 lvl-2.23   -
frame   175 :  a closed book -1.48  an opened book -1.95   led   0/255 h0.00 lvl-1.71   -
frame   176 :  an opened book -0.78  a closed book -0.93   led   0/255 h0.00 lvl-0.86   -
frame   177 :  a closed book -0.35  an opened book -1.47   led   0/255 h0.00 lvl-0.91   -
frame   178 :  a closed book -2.85  an opened book -3.39   led   0/255 h0.00 lvl-3.12   -
frame   179 :  a closed book +0.05  an opened book -0.75   led   0/231 h0.04 lvl-0.35   -
frame   180 :  a closed book +0.11  an opened book -0.43   led   1/208 h0.09 lvl-0.16   -
frame   181 :  a closed book -0.44  an opened book -1.56   led   0/255 h0.00 lvl-1.00   -
frame   182 :  a closed book +0.17  an opened book -0.22   led   3/184 h0.14 lvl-0.02   -
frame   183 :  a closed book +1.20  an opened book -0.63   led 240/  0 h0.97 lvl+0.28   -
frame   184 :  a closed book -1.88  an opened book -2.27   led   0/255 h0.00 lvl-2.08   -
frame   185 :  a closed book +0.96  an opened book -0.11   led 149/  9 h0.78 lvl+0.43   -
frame   186 :  a closed book -3.16  an opened book -3.56   led   0/255 h0.00 lvl-3.36   -
frame   187 :  a closed book -2.10  an opened book -2.76   led   0/255 h0.00 lvl-2.43   -
frame   188 :  an opened book -0.94  a closed book -0.96   led   0/255 h0.00 lvl-0.95   -
frame   189 :  an opened book -2.36  a closed book -2.80   led   0/255 h0.00 lvl-2.58   -
frame   190 :  a closed book -1.52  an opened book -2.26   led   0/255 h0.00 lvl-1.89   -
frame   191 :  a closed book -0.18  an opened book -1.37   led   0/255 h0.00 lvl-0.78   -
frame   192 :  a closed book -0.95  an opened book -1.03   led   0/255 h0.00 lvl-0.99   -
frame   193 :  a closed book -0.08  an opened book -0.55   led   0/255 h0.00 lvl-0.31   -
frame   194 :  a closed book -0.81  an opened book -1.16   led   0/255 h0.00 lvl-0.99   -
frame   195 :  an opened book -0.57  a closed book -1.42   led   0/255 h0.00 lvl-0.99   -
frame   196 :  a closed book -0.68  an opened book -0.87   led   0/255 h0.00 lvl-0.77   -
frame   197 :  a closed book -0.41  an opened book -1.05   led   0/255 h0.00 lvl-0.73   -
frame   198 :  a closed book +1.93*  an opened book +0.31   led 255/  0 h1.00 lvl+1.12   MATCH a closed book (cos -0.116)
frame   199 :  a closed book +1.51*  an opened book +0.25   led 255/  0 h1.00 lvl+0.88   MATCH a closed book (cos -0.118)
background: after 30 frames (frozen, room spread), this room reads  a closed book -0.123 +-0.0035 (COCO -0.159 +-0.0351)  an opened book -0.119 +-0.0033 (COCO -0.151 +-0.0303)
frame   200 :  a closed book +1.15  an opened book +0.26   led 220/  1 h0.94 lvl+0.71   -
frame   201 :  a closed book +0.72  an opened book -0.41   led  79/ 36 h0.59 lvl+0.16   -
frame   202 :  a closed book -0.53  an opened book -1.29   led   0/255 h0.00 lvl-0.91   -
frame   203 :  a closed book +0.30  an opened book -0.48   led  12/138 h0.24 lvl-0.09   -
frame   204 :  a closed book +0.22  an opened book -0.78   led   6/164 h0.18 lvl-0.28   -
frame   205 :  a closed book -0.04  an opened book -0.39   led   0/255 h0.00 lvl-0.22   -
frame   206 :  a closed book -0.63  an opened book -1.84   led   0/255 h0.00 lvl-1.23   -
frame   207 :  a closed book -0.83  an opened book -1.04   led   0/255 h0.00 lvl-0.94   -
frame   208 :  a closed book -1.23  an opened book -1.79   led   0/255 h0.00 lvl-1.51   -
frame   209 :  a closed book +0.23  an opened book -0.57   led   6/161 h0.19 lvl-0.17   -
frame   210 :  a closed book -1.45  an opened book -1.98   led   0/255 h0.00 lvl-1.71   -
frame   211 :  a closed book +0.91  an opened book -0.47   led 131/ 13 h0.74 lvl+0.22   -
frame   212 :  a closed book +0.17  an opened book -1.37   led   3/184 h0.14 lvl-0.60   -
frame   213 :  a closed book +0.64  an opened book +0.06   led  60/ 51 h0.52 lvl+0.35   -
frame   214 :  a closed book -1.64  an opened book -2.01   led   0/255 h0.00 lvl-1.83   -
frame   215 :  a closed book +0.07  an opened book -1.72   led   1/222 h0.06 lvl-0.82   -
frame   216 :  a closed book -0.69  an opened book -1.39   led   0/255 h0.00 lvl-1.04   -
frame   217 :  a closed book +0.00  an opened book -0.92   led   0/253 h0.00 lvl-0.46   -
frame   218 :  a closed book -0.95  an opened book -1.37   led   0/255 h0.00 lvl-1.16   -
frame   219 :  a closed book +0.78  an opened book -0.56   led  94/ 27 h0.64 lvl+0.11   -
frame   220 :  a closed book -0.71  an opened book -0.97   led   0/255 h0.00 lvl-0.84   -
frame   221 :  a closed book -0.91  an opened book -1.11   led   0/255 h0.00 lvl-1.01   -
frame   222 :  a closed book -0.80  an opened book -1.34   led   0/255 h0.00 lvl-1.07   -
frame   223 :  a closed book -2.59  an opened book -3.07   led   0/255 h0.00 lvl-2.83   -
frame   224 :  a closed book -1.59  an opened book -1.84   led   0/255 h0.00 lvl-1.72   -
frame   225 :  a closed book -0.90  an opened book -2.06   led   0/255 h0.00 lvl-1.48   -
frame   226 :  a closed book +0.04  an opened book -1.49   led   0/236 h0.03 lvl-0.72   -
frame   227 :  a closed book -1.30  an opened book -2.10   led   0/255 h0.00 lvl-1.70   -
frame   228 :  a closed book -0.56  an opened book -1.34   led   0/255 h0.00 lvl-0.95   -
frame   229 :  a closed book -1.53  an opened book -1.57   led   0/255 h0.00 lvl-1.55   -
frame   230 :  a closed book -1.83  an opened book -2.42   led   0/255 h0.00 lvl-2.13   -
frame   231 :  an opened book -1.07  a closed book -1.19   led   0/255 h0.00 lvl-1.13   -
frame   232 :  a closed book -1.41  an opened book -1.63   led   0/255 h0.00 lvl-1.52   -
frame   233 :  a closed book -1.21  an opened book -2.10   led   0/255 h0.00 lvl-1.66   -
frame   234 :  a closed book +0.64  an opened book -0.56   led  60/ 51 h0.52 lvl+0.04   -
frame   235 :  an opened book -0.90  a closed book -2.14   led   0/255 h0.00 lvl-1.52   -
frame   236 :  an opened book -1.38  a closed book -1.54   led   0/255 h0.00 lvl-1.46   -
frame   237 :  a closed book -1.24  an opened book -1.99   led   0/255 h0.00 lvl-1.61   -
frame   238 :  a closed book +2.83*  an opened book +0.22   led 255/  0 h1.00 lvl+1.53   MATCH a closed book (cos -0.113)
frame   239 :  a closed book +3.68*  an opened book +0.37   led 255/  0 h1.00 lvl+2.02   MATCH a closed book (cos -0.110)
frame   240 :  a closed book +0.46  an opened book -0.90   led  30/ 90 h0.38 lvl-0.22   -
frame   241 :  a closed book -2.19  an opened book -2.97   led   0/255 h0.00 lvl-2.58   -
frame   242 :  a closed book -0.74  an opened book -0.87   led   0/255 h0.00 lvl-0.81   -
frame   243 :  a closed book -1.74  an opened book -1.99   led   0/255 h0.00 lvl-1.87   -
frame   244 :  a closed book -0.12  an opened book -1.84   led   0/255 h0.00 lvl-0.98   -
frame   245 :  a closed book +3.41*  an opened book +0.38   led 255/  0 h1.00 lvl+1.89   MATCH a closed book (cos -0.111)
frame   246 :  a closed book +2.14*  an opened book -0.17   led 255/  0 h1.00 lvl+0.98   MATCH a closed book (cos -0.116)
frame   247 :  a closed book +1.60*  an opened book -0.15   led 255/  0 h1.00 lvl+0.73   MATCH a closed book (cos -0.118)
frame   248 :  a closed book +4.11*  an opened book +1.33*   led 255/  0 h1.00 lvl+2.72   MATCH a closed book (cos -0.109)
frame   249 :  a closed book +1.45*  an opened book -1.03   led 255/  0 h1.00 lvl+0.21   MATCH a closed book (cos -0.118)
frame   250 :  an opened book -1.39  a closed book -1.61   led   0/255 h0.00 lvl-1.50   -
frame   251 :  a closed book -1.36  an opened book -1.58   led   0/255 h0.00 lvl-1.47   -
frame   252 :  a closed book -0.95  an opened book -2.36   led   0/255 h0.00 lvl-1.65   -
frame   253 :  a closed book -1.52  an opened book -2.55   led   0/255 h0.00 lvl-2.04   -
frame   254 :  a closed book -1.96  an opened book -2.63   led   0/255 h0.00 lvl-2.30   -
frame   255 :  a closed book +3.62*  an opened book +1.73*   led 255/  0 h1.00 lvl+2.67   MATCH a closed book (cos -0.111)
frame   256 :  a closed book +0.29  an opened book -0.63   led  10/142 h0.23 lvl-0.17   -
frame   257 :  a closed book -1.45  an opened book -2.61   led   0/255 h0.00 lvl-2.03   -
frame   258 :  a closed book -0.94  an opened book -1.77   led   0/255 h0.00 lvl-1.35   -
frame   259 :  a closed book -0.55  an opened book -1.20   led   0/255 h0.00 lvl-0.88   -
frame   260 :  a closed book -0.20  an opened book -0.98   led   0/255 h0.00 lvl-0.59   -
frame   261 :  a closed book -1.25  an opened book -2.41   led   0/255 h0.00 lvl-1.83   -
frame   262 :  a closed book -0.53  an opened book -1.65   led   0/255 h0.00 lvl-1.09   -
frame   263 :  a closed book -1.37  an opened book -2.32   led   0/255 h0.00 lvl-1.85   -
frame   264 :  a closed book -0.63  an opened book -2.44   led   0/255 h0.00 lvl-1.53   -
frame   265 :  a closed book -0.85  an opened book -2.16   led   0/255 h0.00 lvl-1.51   -
frame   266 :  a closed book -1.34  an opened book -1.96   led   0/255 h0.00 lvl-1.65   -
frame   267 :  a closed book +1.65*  an opened book +0.08   led 255/  0 h1.00 lvl+0.86   MATCH a closed book (cos -0.117)
frame   268 :  a closed book +0.08  an opened book -1.58   led   1/219 h0.07 lvl-0.75   -
frame   269 :  a closed book -1.00  an opened book -1.92   led   0/255 h0.00 lvl-1.46   -
frame   270 :  a closed book +0.60  an opened book -0.67   led  52/ 59 h0.49 lvl-0.04   -
frame   271 :  a closed book -0.53  an opened book -1.59   led   0/255 h0.00 lvl-1.06   -
frame   272 :  a closed book +0.71  an opened book -0.48   led  75/ 39 h0.57 lvl+0.11   -
frame   273 :  a closed book -0.30  an opened book -1.75   led   0/255 h0.00 lvl-1.02   -
frame   274 :  a closed book -1.88  an opened book -2.58   led   0/255 h0.00 lvl-2.23   -
frame   275 :  a closed book -1.29  an opened book -2.57   led   0/255 h0.00 lvl-1.93   -
frame   276 :  a closed book +3.12*  an opened book +1.36*   led 255/  0 h1.00 lvl+2.24   MATCH a closed book (cos -0.112)
frame   277 :  a closed book -0.03  an opened book -1.17   led   0/255 h0.00 lvl-0.60   -
frame   278 :  a closed book -0.00  an opened book -0.70   led   0/255 h0.00 lvl-0.35   -
frame   279 :  a closed book -0.84  an opened book -2.04   led   0/255 h0.00 lvl-1.44   -
frame   280 :  a closed book +0.19  an opened book -0.81   led   4/176 h0.16 lvl-0.31   -
frame   281 :  a closed book -0.57  an opened book -2.61   led   0/255 h0.00 lvl-1.59   -
frame   282 :  a closed book -2.18  an opened book -3.23   led   0/255 h0.00 lvl-2.70   -
frame   283 :  a closed book -0.79  an opened book -1.96   led   0/255 h0.00 lvl-1.37   -
frame   284 :  a closed book -1.99  an opened book -2.49   led   0/255 h0.00 lvl-2.24   -
frame   285 :  a closed book -1.60  an opened book -2.47   led   0/255 h0.00 lvl-2.03   -
frame   286 :  a closed book -1.98  an opened book -2.80   led   0/255 h0.00 lvl-2.39   -
frame   287 :  a closed book -2.24  an opened book -2.54   led   0/255 h0.00 lvl-2.39   -
frame   288 :  a closed book -2.55  an opened book -2.99   led   0/255 h0.00 lvl-2.77   -
frame   289 :  a closed book +0.54  an opened book -0.76   led  42/ 71 h0.44 lvl-0.11   -
frame   290 :  a closed book -2.98  an opened book -3.88   led   0/255 h0.00 lvl-3.43   -
frame   291 :  a closed book -0.96  an opened book -1.47   led   0/255 h0.00 lvl-1.22   -
frame   292 :  a closed book +1.30*  an opened book -0.22   led 255/  0 h1.00 lvl+0.54   MATCH a closed book (cos -0.119)
frame   293 :  a closed book +0.26  an opened book -0.08   led   9/150 h0.21 lvl+0.09   -
frame   294 :  a closed book -0.29  an opened book -1.14   led   0/255 h0.00 lvl-0.72   -
frame   295 :  a closed book -1.13  an opened book -1.48   led   0/255 h0.00 lvl-1.31   -
frame   296 :  a closed book -0.10  an opened book -1.10   led   0/255 h0.00 lvl-0.60   -
frame   297 :  a closed book -1.06  an opened book -2.23   led   0/255 h0.00 lvl-1.64   -
frame   298 :  a closed book -1.74  an opened book -3.38   led   0/255 h0.00 lvl-2.56   -
frame   299 :  a closed book -0.85  an opened book -1.26   led   0/255 h0.00 lvl-1.05   -
background: after 30 frames (frozen, room spread), this room reads  a closed book -0.123 +-0.0035 (COCO -0.159 +-0.0351)  an opened book -0.119 +-0.0033 (COCO -0.151 +-0.0303)
frame   300 :  a closed book -0.85  an opened book -1.66   led   0/255 h0.00 lvl-1.26   -
frame   301 :  a closed book -2.29  an opened book -2.76   led   0/255 h0.00 lvl-2.52   -
frame   302 :  a closed book -2.28  an opened book -3.32   led   0/255 h0.00 lvl-2.80   -
frame   303 :  a closed book +1.76*  an opened book +0.20   led 255/  0 h1.00 lvl+0.98   MATCH a closed book (cos -0.117)
frame   304 :  a closed book -0.08  an opened book -1.29   led   0/255 h0.00 lvl-0.68   -
frame   305 :  a closed book -1.03  an opened book -2.57   led   0/255 h0.00 lvl-1.80   -
frame   306 :  a closed book +0.20  an opened book -0.11   led   4/174 h0.16 lvl+0.04   -
frame   307 :  a closed book -1.59  an opened book -2.34   led   0/255 h0.00 lvl-1.96   -
frame   308 :  a closed book -0.46  an opened book -1.62   led   0/255 h0.00 lvl-1.04   -
frame   309 :  a closed book +0.05  an opened book -0.98   led   0/231 h0.04 lvl-0.47   -
frame   310 :  a closed book -3.03  an opened book -3.51   led   0/255 h0.00 lvl-3.27   -
frame   311 :  a closed book +0.28  an opened book -0.46   led  10/144 h0.23 lvl-0.09   -
frame   312 :  a closed book -3.06  an opened book -3.59   led   0/255 h0.00 lvl-3.32   -
frame   313 :  a closed book -1.48  an opened book -1.89   led   0/255 h0.00 lvl-1.69   -
frame   314 :  a closed book -0.65  an opened book -1.50   led   0/255 h0.00 lvl-1.07   -
frame   315 :  a closed book -1.90  an opened book -3.24   led   0/255 h0.00 lvl-2.57   -
frame   316 :  a closed book -1.17  an opened book -2.02   led   0/255 h0.00 lvl-1.59   -
frame   317 :  a closed book -2.04  an opened book -2.70   led   0/255 h0.00 lvl-2.37   -
frame   318 :  a closed book -1.50  an opened book -2.81   led   0/255 h0.00 lvl-2.15   -
frame   319 :  an opened book -3.34  a closed book -3.40   led   0/255 h0.00 lvl-3.37   -
frame   320 :  a closed book -2.07  an opened book -2.56   led   0/255 h0.00 lvl-2.31   -
frame   321 :  a closed book -1.08  an opened book -1.93   led   0/255 h0.00 lvl-1.51   -
frame   322 :  a closed book -0.69  an opened book -1.87   led   0/255 h0.00 lvl-1.28   -
frame   323 :  a closed book -1.38  an opened book -2.03   led   0/255 h0.00 lvl-1.71   -
frame   324 :  a closed book -0.15  an opened book -1.92   led   0/255 h0.00 lvl-1.03   -
frame   325 :  a closed book -1.96  an opened book -3.16   led   0/255 h0.00 lvl-2.56   -
frame   326 :  a closed book -0.63  an opened book -1.62   led   0/255 h0.00 lvl-1.12   -
frame   327 :  a closed book -0.81  an opened book -1.37   led   0/255 h0.00 lvl-1.09   -
frame   328 :  a closed book +0.16  an opened book -1.41   led   3/188 h0.13 lvl-0.62   -
frame   329 :  a closed book -1.99  an opened book -2.74   led   0/255 h0.00 lvl-2.36   -
frame   330 :  a closed book +0.57  an opened book -0.71   led  48/ 64 h0.47 lvl-0.07   -
frame   331 :  a closed book -1.00  an opened book -2.39   led   0/255 h0.00 lvl-1.69   -
frame   332 :  a closed book -0.56  an opened book -1.23   led   0/255 h0.00 lvl-0.89   -
frame   333 :  a closed book -1.66  an opened book -3.20   led   0/255 h0.00 lvl-2.43   -
frame   334 :  a closed book +0.34  an opened book -1.38   led  15/125 h0.28 lvl-0.52   -
frame   335 :  a closed book +0.67  an opened book -0.99   led  66/ 46 h0.54 lvl-0.16   -
frame   336 :  a closed book +0.73  an opened book -0.38   led  82/ 35 h0.60 lvl+0.18   -
frame   337 :  a closed book -0.58  an opened book -1.76   led   0/255 h0.00 lvl-1.17   -
frame   338 :  a closed book -2.21  an opened book -3.50   led   0/255 h0.00 lvl-2.86   -
frame   339 :  a closed book -1.62  an opened book -2.93   led   0/255 h0.00 lvl-2.27   -
frame   340 :  a closed book -1.10  an opened book -2.38   led   0/255 h0.00 lvl-1.74   -
frame   341 :  a closed book -0.95  an opened book -1.35   led   0/255 h0.00 lvl-1.15   -
frame   342 :  a closed book -0.82  an opened book -1.81   led   0/255 h0.00 lvl-1.32   -
frame   343 :  a closed book -1.38  an opened book -2.11   led   0/255 h0.00 lvl-1.74   -
frame   344 :  a closed book +1.27*  an opened book +0.11   led 255/  0 h1.00 lvl+0.69   MATCH a closed book (cos -0.119)
frame   345 :  a closed book -2.87  an opened book -4.10   led   0/255 h0.00 lvl-3.49   -
frame   346 :  an opened book -1.99  a closed book -2.31   led   0/255 h0.00 lvl-2.15   -
frame   347 :  a closed book -3.68  an opened book -4.29   led   0/255 h0.00 lvl-3.98   -
frame   348 :  a closed book -1.81  an opened book -2.88   led   0/255 h0.00 lvl-2.35   -
frame   349 :  a closed book -1.48  an opened book -1.49   led   0/255 h0.00 lvl-1.49   -
frame   350 :  a closed book -0.58  an opened book -0.82   led   0/255 h0.00 lvl-0.70   -
frame   351 :  a closed book -1.12  an opened book -1.43   led   0/255 h0.00 lvl-1.27   -
frame   352 :  a closed book -1.98  an opened book -2.06   led   0/255 h0.00 lvl-2.02   -
frame   353 :  a closed book -1.62  an opened book -2.45   led   0/255 h0.00 lvl-2.04   -
frame   354 :  an opened book -1.71  a closed book -1.94   led   0/255 h0.00 lvl-1.82   -
frame   355 :  a closed book -1.56  an opened book -1.84   led   0/255 h0.00 lvl-1.70   -
frame   356 :  a closed book -2.47  an opened book -3.39   led   0/255 h0.00 lvl-2.93   -
frame   357 :  an opened book -1.73  a closed book -2.50   led   0/255 h0.00 lvl-2.12   -
frame   358 :  a closed book -1.68  an opened book -1.85   led   0/255 h0.00 lvl-1.77   -
frame   359 :  an opened book -1.81  a closed book -1.92   led   0/255 h0.00 lvl-1.86   -
frame   360 :  a closed book +3.38*  an opened book +2.85*   led 255/  0 h1.00 lvl+3.11   MATCH a closed book (cos -0.111)
frame   361 :  a closed book +0.03  an opened book -1.60   led   0/243 h0.02 lvl-0.79   -
frame   362 :  a closed book +1.64*  an opened book +0.39   led 255/  0 h1.00 lvl+1.01   MATCH a closed book (cos -0.117)
frame   363 :  a closed book -0.05  an opened book -1.52   led   0/255 h0.00 lvl-0.79   -
frame   364 :  a closed book -1.64  an opened book -1.70   led   0/255 h0.00 lvl-1.67   -
frame   365 :  a closed book -0.14  an opened book -1.80   led   0/255 h0.00 lvl-0.97   -
frame   366 :  a closed book -1.04  an opened book -1.34   led   0/255 h0.00 lvl-1.19   -
frame   367 :  a closed book +0.23  an opened book -0.58   led   7/161 h0.19 lvl-0.17   -
frame   368 :  a closed book -1.71  an opened book -2.41   led   0/255 h0.00 lvl-2.06   -
frame   369 :  a closed book -1.94  an opened book -2.32   led   0/255 h0.00 lvl-2.13   -
frame   370 :  a closed book -1.94  an opened book -3.25   led   0/255 h0.00 lvl-2.59   -
frame   371 :  a closed book +0.72  an opened book +0.24   led  79/ 36 h0.59 lvl+0.48   -
frame   372 :  a closed book -3.81  an opened book -3.89   led   0/255 h0.00 lvl-3.85   -
frame   373 :  a closed book +1.47*  an opened book +0.50   led 255/  0 h1.00 lvl+0.98   MATCH a closed book (cos -0.118)
frame   374 :  an opened book -1.70  a closed book -1.86   led   0/255 h0.00 lvl-1.78   -
frame   375 :  a closed book -0.68  an opened book -1.48   led   0/255 h0.00 lvl-1.08   -
frame   376 :  a closed book -2.74  an opened book -2.93   led   0/255 h0.00 lvl-2.84   -
frame   377 :  an opened book -2.78  a closed book -3.02   led   0/255 h0.00 lvl-2.90   -
frame   378 :  a closed book -2.50  an opened book -3.02   led   0/255 h0.00 lvl-2.76   -
frame   379 :  a closed book -1.36  an opened book -1.61   led   0/255 h0.00 lvl-1.49   -
frame   380 :  a closed book -0.68  an opened book -1.87   led   0/255 h0.00 lvl-1.28   -
frame   381 :  a closed book -2.16  an opened book -2.78   led   0/255 h0.00 lvl-2.47   -
frame   382 :  a closed book -3.33  an opened book -4.10   led   0/255 h0.00 lvl-3.71   -
frame   383 :  a closed book -0.76  an opened book -2.06   led   0/255 h0.00 lvl-1.41   -
frame   384 :  a closed book -0.64  an opened book -1.75   led   0/255 h0.00 lvl-1.19   -
frame   385 :  a closed book -1.52  an opened book -3.16   led   0/255 h0.00 lvl-2.34   -
frame   386 :  a closed book -0.51  an opened book -1.95   led   0/255 h0.00 lvl-1.23   -
frame   387 :  a closed book -1.21  an opened book -2.31   led   0/255 h0.00 lvl-1.76   -
frame   388 :  a closed book -0.07  an opened book -2.10   led   0/255 h0.00 lvl-1.08   -
frame   389 :  a closed book -0.55  an opened book -1.63   led   0/255 h0.00 lvl-1.09   -
frame   390 :  a closed book -0.06  an opened book -1.25   led   0/255 h0.00 lvl-0.66   -
frame   391 :  a closed book -0.16  an opened book -1.34   led   0/255 h0.00 lvl-0.75   -
frame   392 :  a closed book +0.83  an opened book -0.20   led 108/ 21 h0.68 lvl+0.31   -
frame   393 :  a closed book -1.67  an opened book -2.58   led   0/255 h0.00 lvl-2.12   -
frame   394 :  a closed book -0.44  an opened book -0.88   led   0/255 h0.00 lvl-0.66   -
frame   395 :  a closed book +0.62  an opened book -0.10   led  56/ 55 h0.50 lvl+0.26   -
frame   396 :  a closed book -0.66  an opened book -1.81   led   0/255 h0.00 lvl-1.24   -
frame   397 :  a closed book -0.80  an opened book -1.47   led   0/255 h0.00 lvl-1.14   -
frame   398 :  a closed book +1.13  an opened book -0.04   led 210/  1 h0.92 lvl+0.54   -
frame   399 :  a closed book +0.09  an opened book -0.60   led   1/214 h0.08 lvl-0.25   -
background: after 30 frames (frozen, room spread), this room reads  a closed book -0.123 +-0.0035 (COCO -0.159 +-0.0351)  an opened book -0.119 +-0.0033 (COCO -0.151 +-0.0303)
frame   400 :  a closed book -1.59  an opened book -1.81   led   0/255 h0.00 lvl-1.70   -
frame   401 :  a closed book -2.00  an opened book -2.78   led   0/255 h0.00 lvl-2.39   -
frame   402 :  a closed book +0.16  an opened book -1.42   led   3/187 h0.13 lvl-0.63   -
frame   403 :  a closed book -0.55  an opened book -1.17   led   0/255 h0.00 lvl-0.86   -
frame   404 :  a closed book -1.14  an opened book -2.44   led   0/255 h0.00 lvl-1.79   -
frame   405 :  a closed book -1.75  an opened book -1.92   led   0/255 h0.00 lvl-1.83   -
frame   406 :  a closed book -0.86  an opened book -1.45   led   0/255 h0.00 lvl-1.15   -
frame   407 :  a closed book -0.88  an opened book -1.64   led   0/255 h0.00 lvl-1.26   -
frame   408 :  a closed book +0.86  an opened book +0.27   led 117/ 18 h0.70 lvl+0.57   -
frame   409 :  a closed book -2.20  an opened book -2.96   led   0/255 h0.00 lvl-2.58   -
frame   410 :  a closed book -0.43  an opened book -1.99   led   0/255 h0.00 lvl-1.21   -
frame   411 :  a closed book +1.95*  an opened book -0.54   led 255/  0 h1.00 lvl+0.71   MATCH a closed book (cos -0.116)
frame   412 :  a closed book +0.97  an opened book -0.99   led 151/  8 h0.79 lvl-0.01   -
frame   413 :  a closed book +0.26  an opened book -1.75   led   8/153 h0.21 lvl-0.75   -
frame   414 :  an opened book -0.80  a closed book -1.23   led   0/255 h0.00 lvl-1.01   -
frame   415 :  an opened book -0.33  a closed book -0.57   led   0/255 h0.00 lvl-0.45   -
frame   416 :  an opened book +0.67  a closed book +0.32   led  67/ 45 h0.55 lvl+0.50   -
frame   417 :  a closed book +1.37*  an opened book +0.09   led 255/  0 h1.00 lvl+0.73   MATCH a closed book (cos -0.118)
frame   418 :  a closed book +1.10  an opened book -1.98   led 199/  2 h0.89 lvl-0.44   -
frame   419 :  a closed book -0.27  an opened book -0.92   led   0/255 h0.00 lvl-0.59   -
frame   420 :  a closed book +0.65  an opened book -0.46   led  63/ 48 h0.53 lvl+0.10   -
frame   421 :  a closed book -0.80  an opened book -1.70   led   0/255 h0.00 lvl-1.25   -
frame   422 :  an opened book -2.46  a closed book -2.74   led   0/255 h0.00 lvl-2.60   -
frame   423 :  a closed book +0.54  an opened book +0.05   led  41/ 72 h0.44 lvl+0.29   -
frame   424 :  a closed book +0.30  an opened book -0.37   led  11/138 h0.24 lvl-0.03   -
frame   425 :  a closed book -0.31  an opened book -0.97   led   0/255 h0.00 lvl-0.64   -
frame   426 :  a closed book +2.23*  an opened book +0.77   led 255/  0 h1.00 lvl+1.50   MATCH a closed book (cos -0.115)
frame   427 :  a closed book +0.34  an opened book -0.65   led  15/126 h0.28 lvl-0.16   -
frame   428 :  a closed book -0.23  an opened book -2.16   led   0/255 h0.00 lvl-1.19   -
frame   429 :  a closed book +1.81*  an opened book +0.42   led 255/  0 h1.00 lvl+1.12   MATCH a closed book (cos -0.117)
frame   430 :  a closed book -0.91  an opened book -1.02   led   0/255 h0.00 lvl-0.97   -
frame   431 :  a closed book +0.99  an opened book +0.57   led 160/  7 h0.81 lvl+0.78   -
frame   432 :  a closed book +0.87  an opened book -0.53   led 120/ 17 h0.71 lvl+0.17   -
frame   433 :  a closed book -0.68  an opened book -1.08   led   0/255 h0.00 lvl-0.88   -
frame   434 :  a closed book +0.09  an opened book -0.83   led   1/214 h0.08 lvl-0.37   -
frame   435 :  a closed book -2.28  an opened book -2.63   led   0/255 h0.00 lvl-2.46   -
frame   436 :  an opened book -0.92  a closed book -1.18   led   0/255 h0.00 lvl-1.05   -
frame   437 :  a closed book +1.59*  an opened book +0.79   led 255/  0 h1.00 lvl+1.19   MATCH a closed book (cos -0.118)
frame   438 :  a closed book -1.75  an opened book -2.56   led   0/255 h0.00 lvl-2.16   -
frame   439 :  a closed book -0.07  an opened book -1.02   led   0/255 h0.00 lvl-0.54   -
frame   440 :  a closed book +0.98  an opened book -0.39   led 153/  8 h0.79 lvl+0.29   -
frame   441 :  a closed book -0.93  an opened book -1.13   led   0/255 h0.00 lvl-1.03   -
frame   442 :  a closed book -0.61  an opened book -1.31   led   0/255 h0.00 lvl-0.96   -
frame   443 :  a closed book +0.35  an opened book -0.72   led  17/121 h0.29 lvl-0.18   -
frame   444 :  a closed book -0.18  an opened book -0.90   led   0/255 h0.00 lvl-0.54   -
frame   445 :  a closed book -1.24  an opened book -1.83   led   0/255 h0.00 lvl-1.54   -
frame   446 :  a closed book -0.60  an opened book -0.82   led   0/255 h0.00 lvl-0.71   -
frame   447 :  a closed book -0.47  an opened book -1.06   led   0/255 h0.00 lvl-0.77   -
frame   448 :  a closed book -1.50  an opened book -3.42   led   0/255 h0.00 lvl-2.46   -
frame   449 :  a closed book -2.78  an opened book -2.80   led   0/255 h0.00 lvl-2.79   -
frame   450 :  a closed book -1.15  an opened book -1.95   led   0/255 h0.00 lvl-1.55   -
frame   451 :  a closed book -0.89  an opened book -1.31   led   0/255 h0.00 lvl-1.10   -
frame   452 :  a closed book -1.52  an opened book -1.97   led   0/255 h0.00 lvl-1.75   -
frame   453 :  a closed book -1.91  an opened book -2.42   led   0/255 h0.00 lvl-2.17   -
frame   454 :  a closed book -0.80  an opened book -1.56   led   0/255 h0.00 lvl-1.18   -
frame   455 :  a closed book -1.03  an opened book -1.61   led   0/255 h0.00 lvl-1.32   -
frame   456 :  a closed book -0.20  an opened book -0.39   led   0/255 h0.00 lvl-0.30   -
frame   457 :  a closed book -0.18  an opened book -1.67   led   0/255 h0.00 lvl-0.93   -
frame   458 :  a closed book -2.47  an opened book -2.51   led   0/255 h0.00 lvl-2.49   -
frame   459 :  a closed book +0.45  an opened book -0.33   led  28/ 94 h0.37 lvl+0.06   -
frame   460 :  a closed book +1.55*  an opened book -0.02   led 255/  0 h1.00 lvl+0.76   MATCH a closed book (cos -0.118)
frame   461 :  an opened book +0.19  a closed book -0.49   led   4/178 h0.15 lvl-0.15   -
frame   462 :  a closed book -0.98  an opened book -2.30   led   0/255 h0.00 lvl-1.64   -
frame   463 :  a closed book -2.33  an opened book -3.20   led   0/255 h0.00 lvl-2.76   -
frame   464 :  a closed book -0.82  an opened book -1.99   led   0/255 h0.00 lvl-1.40   -
frame   465 :  a closed book +0.14  an opened book -0.93   led   2/196 h0.11 lvl-0.40   -
frame   466 :  a closed book -0.60  an opened book -1.29   led   0/255 h0.00 lvl-0.94   -
frame   467 :  a closed book -1.57  an opened book -2.81   led   0/255 h0.00 lvl-2.19   -
frame   468 :  a closed book -0.92  an opened book -1.52   led   0/255 h0.00 lvl-1.22   -
frame   469 :  a closed book +1.36*  an opened book -0.05   led 255/  0 h1.00 lvl+0.66   MATCH a closed book (cos -0.118)
frame   470 :  a closed book -2.25  an opened book -2.62   led   0/255 h0.00 lvl-2.43   -
frame   471 :  a closed book -1.76  an opened book -3.15   led   0/255 h0.00 lvl-2.45   -
frame   472 :  a closed book +0.32  an opened book -1.37   led  13/131 h0.26 lvl-0.52   -
frame   473 :  a closed book -0.16  an opened book -0.57   led   0/255 h0.00 lvl-0.37   -
frame   474 :  a closed book +0.56  an opened book -1.26   led  45/ 67 h0.46 lvl-0.35   -
frame   475 :  a closed book -0.23  an opened book -2.07   led   0/255 h0.00 lvl-1.15   -
frame   476 :  a closed book +1.17  an opened book -1.03   led 229/  0 h0.95 lvl+0.07   -
frame   477 :  a closed book -0.27  an opened book -1.50   led   0/255 h0.00 lvl-0.88   -
frame   478 :  a closed book -1.51  an opened book -1.99   led   0/255 h0.00 lvl-1.75   -
frame   479 :  a closed book +0.40  an opened book -1.12   led  21/107 h0.32 lvl-0.36   -
frame   480 :  a closed book +0.56  an opened book -1.56   led  46/ 66 h0.46 lvl-0.50   -
frame   481 :  a closed book -1.35  an opened book -2.73   led   0/255 h0.00 lvl-2.04   -
frame   482 :  a closed book -0.07  an opened book -1.63   led   0/255 h0.00 lvl-0.85   -
frame   483 :  a closed book +0.10  an opened book -0.64   led   1/212 h0.08 lvl-0.27   -
frame   484 :  a closed book +0.89  an opened book -0.38   led 124/ 15 h0.72 lvl+0.25   -
frame   485 :  a closed book -0.34  an opened book -1.12   led   0/255 h0.00 lvl-0.73   -
frame   486 :  a closed book -0.84  an opened book -2.54   led   0/255 h0.00 lvl-1.69   -
frame   487 :  a closed book +1.91*  an opened book +0.27   led 255/  0 h1.00 lvl+1.09   MATCH a closed book (cos -0.117)
frame   488 :  a closed book -0.39  an opened book -1.49   led   0/255 h0.00 lvl-0.94   -
frame   489 :  a closed book -0.64  an opened book -2.09   led   0/255 h0.00 lvl-1.37   -
frame   490 :  a closed book +0.79  an opened book -0.60   led  96/ 27 h0.64 lvl+0.09   -
frame   491 :  a closed book -0.50  an opened book -1.52   led   0/255 h0.00 lvl-1.01   -
frame   492 :  a closed book -0.52  an opened book -2.13   led   0/255 h0.00 lvl-1.33   -
frame   493 :  a closed book +1.23*  an opened book -0.54   led 255/  0 h1.00 lvl+0.35   MATCH a closed book (cos -0.119)
frame   494 :  a closed book -1.49  an opened book -2.81   led   0/255 h0.00 lvl-2.15   -
frame   495 :  a closed book -0.41  an opened book -0.90   led   0/255 h0.00 lvl-0.65   -
frame   496 :  a closed book +0.73  an opened book -0.76   led  80/ 36 h0.59 lvl-0.02   -
frame   497 :  a closed book -2.16  an opened book -2.66   led   0/255 h0.00 lvl-2.41   -
frame   498 :  a closed book -1.40  an opened book -3.37   led   0/255 h0.00 lvl-2.38   -
frame   499 :  a closed book +0.38  an opened book -0.61   led  19/114 h0.31 lvl-0.12   -
background: after 30 frames (frozen, room spread), this room reads  a closed book -0.123 +-0.0035 (COCO -0.159 +-0.0351)  an opened book -0.119 +-0.0033 (COCO -0.151 +-0.0303)
frame   500 :  a closed book -0.53  an opened book -1.60   led   0/255 h0.00 lvl-1.06   -
frame   501 :  a closed book -0.74  an opened book -1.43   led   0/255 h0.00 lvl-1.09   -
frame   502 :  a closed book +0.70  an opened book -0.44   led  74/ 40 h0.57 lvl+0.13   -
frame   503 :  a closed book -0.79  an opened book -2.36   led   0/255 h0.00 lvl-1.58   -
frame   504 :  a closed book -0.28  an opened book -1.02   led   0/255 h0.00 lvl-0.65   -
frame   505 :  a closed book +1.29*  an opened book -0.20   led 255/  0 h1.00 lvl+0.54   MATCH a closed book (cos -0.119)
frame   506 :  a closed book -2.29  an opened book -3.06   led   0/255 h0.00 lvl-2.68   -
frame   507 :  a closed book -1.22  an opened book -2.81   led   0/255 h0.00 lvl-2.02   -
frame   508 :  a closed book -1.22  an opened book -1.37   led   0/255 h0.00 lvl-1.29   -
frame   509 :  a closed book -2.63  an opened book -3.02   led   0/255 h0.00 lvl-2.82   -
frame   510 :  a closed book -2.84  an opened book -3.55   led   0/255 h0.00 lvl-3.19   -
frame   511 :  a closed book -2.28  an opened book -2.36   led   0/255 h0.00 lvl-2.32   -
frame   512 :  a closed book -2.25  an opened book -2.91   led   0/255 h0.00 lvl-2.58   -
frame   513 :  an opened book -1.51  a closed book -1.72   led   0/255 h0.00 lvl-1.61   -
frame   514 :  a closed book -0.59  an opened book -0.92   led   0/255 h0.00 lvl-0.76   -
frame   515 :  a closed book -0.36  an opened book -0.94   led   0/255 h0.00 lvl-0.65   -
frame   516 :  an opened book -2.90  a closed book -3.02   led   0/255 h0.00 lvl-2.96   -
frame   517 :  a closed book -1.15  an opened book -1.52   led   0/255 h0.00 lvl-1.34   -
frame   518 :  a closed book -3.31  an opened book -3.75   led   0/255 h0.00 lvl-3.53   -
frame   519 :  an opened book -2.01  a closed book -2.06   led   0/255 h0.00 lvl-2.04   -
frame   520 :  a closed book -2.88  an opened book -3.05   led   0/255 h0.00 lvl-2.96   -
frame   521 :  an opened book -1.50  a closed book -1.84   led   0/255 h0.00 lvl-1.67   -
frame   522 :  a closed book +0.22  an opened book -0.96   led   6/165 h0.18 lvl-0.37   -
frame   523 :  a closed book -0.82  an opened book -1.38   led   0/255 h0.00 lvl-1.10   -
frame   524 :  a closed book -0.63  an opened book -0.86   led   0/255 h0.00 lvl-0.74   -
frame   525 :  a closed book -0.73  an opened book -0.99   led   0/255 h0.00 lvl-0.86   -
frame   526 :  a closed book -0.55  an opened book -1.59   led   0/255 h0.00 lvl-1.07   -
frame   527 :  an opened book -1.99  a closed book -2.86   led   0/255 h0.00 lvl-2.42   -
frame   528 :  a closed book +0.71  an opened book +0.01   led  76/ 39 h0.58 lvl+0.36   -
frame   529 :  a closed book -1.68  an opened book -1.86   led   0/255 h0.00 lvl-1.77   -
frame   530 :  an opened book -1.04  a closed book -1.59   led   0/255 h0.00 lvl-1.31   -
frame   531 :  a closed book -1.05  an opened book -2.36   led   0/255 h0.00 lvl-1.71   -
frame   532 :  a closed book -1.83  an opened book -2.79   led   0/255 h0.00 lvl-2.31   -
frame   533 :  a closed book +0.72  an opened book -0.17   led  80/ 36 h0.59 lvl+0.28   -
frame   534 :  a closed book -0.58  an opened book -1.15   led   0/255 h0.00 lvl-0.87   -
frame   535 :  a closed book -0.22  an opened book -1.19   led   0/255 h0.00 lvl-0.70   -
frame   536 :  an opened book -1.90  a closed book -2.34   led   0/255 h0.00 lvl-2.12   -
frame   537 :  a closed book +1.05  an opened book +0.88   led 179/  4 h0.85 lvl+0.96   -
frame   538 :  a closed book -1.78  an opened book -2.99   led   0/255 h0.00 lvl-2.38   -
frame   539 :  a closed book +2.14*  an opened book +0.15   led 255/  0 h1.00 lvl+1.14   MATCH a closed book (cos -0.116)
frame   540 :  a closed book -1.84  an opened book -1.98   led   0/255 h0.00 lvl-1.91   -
frame   541 :  a closed book -1.43  an opened book -2.56   led   0/255 h0.00 lvl-1.99   -
frame   542 :  a closed book -2.06  an opened book -2.12   led   0/255 h0.00 lvl-2.09   -
frame   543 :  a closed book -0.84  an opened book -1.79   led   0/255 h0.00 lvl-1.31   -
frame   544 :  a closed book -2.32  an opened book -3.19   led   0/255 h0.00 lvl-2.75   -
frame   545 :  an opened book -1.37  a closed book -1.66   led   0/255 h0.00 lvl-1.51   -
frame   546 :  an opened book -1.13  a closed book -1.20   led   0/255 h0.00 lvl-1.17   -
frame   547 :  a closed book -1.07  an opened book -1.89   led   0/255 h0.00 lvl-1.48   -
frame   548 :  a closed book +1.74*  an opened book +0.22   led 255/  0 h1.00 lvl+0.98   MATCH a closed book (cos -0.117)
frame   549 :  a closed book -1.87  an opened book -2.66   led   0/255 h0.00 lvl-2.27   -
frame   550 :  a closed book -1.19  an opened book -1.60   led   0/255 h0.00 lvl-1.39   -
frame   551 :  a closed book -0.56  an opened book -0.94   led   0/255 h0.00 lvl-0.75   -
frame   552 :  an opened book -2.00  a closed book -2.60   led   0/255 h0.00 lvl-2.30   -
frame   553 :  a closed book -0.56  an opened book -1.23   led   0/255 h0.00 lvl-0.89   -
frame   554 :  an opened book -3.46  a closed book -3.71   led   0/255 h0.00 lvl-3.58   -
frame   555 :  a closed book -3.24  an opened book -3.42   led   0/255 h0.00 lvl-3.33   -
frame   556 :  a closed book -2.08  an opened book -2.76   led   0/255 h0.00 lvl-2.42   -
frame   557 :  a closed book -1.14  an opened book -1.77   led   0/255 h0.00 lvl-1.46   -
frame   558 :  a closed book -1.47  an opened book -1.99   led   0/255 h0.00 lvl-1.73   -
frame   559 :  a closed book -0.88  an opened book -1.91   led   0/255 h0.00 lvl-1.40   -
frame   560 :  a closed book -0.97  an opened book -2.41   led   0/255 h0.00 lvl-1.69   -
frame   561 :  a closed book -0.20  an opened book -0.96   led   0/255 h0.00 lvl-0.58   -
frame   562 :  a closed book +1.02  an opened book -1.20   led 168/  5 h0.83 lvl-0.09   -
frame   563 :  a closed book -0.64  an opened book -1.22   led   0/255 h0.00 lvl-0.93   -
frame   564 :  a closed book +0.65  an opened book -1.12   led  64/ 48 h0.53 lvl-0.23   -
frame   565 :  a closed book +1.80*  an opened book -0.14   led 255/  0 h1.00 lvl+0.83   MATCH a closed book (cos -0.117)
frame   566 :  a closed book +1.56*  an opened book -0.78   led 255/  0 h1.00 lvl+0.39   MATCH a closed book (cos -0.118)
frame   567 :  a closed book -1.66  an opened book -2.62   led   0/255 h0.00 lvl-2.14   -
frame   568 :  a closed book -1.27  an opened book -1.95   led   0/255 h0.00 lvl-1.61   -
frame   569 :  a closed book +2.77*  an opened book -0.20   led 255/  0 h1.00 lvl+1.28   MATCH a closed book (cos -0.114)
frame   570 :  a closed book +0.46  an opened book -0.65   led  30/ 90 h0.38 lvl-0.09   -
frame   571 :  a closed book -0.09  an opened book -0.85   led   0/255 h0.00 lvl-0.47   -
frame   572 :  a closed book +0.25  an opened book -0.79   led   8/153 h0.21 lvl-0.27   -
frame   573 :  a closed book +1.43*  an opened book -0.27   led 255/  0 h1.00 lvl+0.58   MATCH a closed book (cos -0.118)
frame   574 :  a closed book +1.27*  an opened book -0.44   led 255/  0 h1.00 lvl+0.41   MATCH a closed book (cos -0.119)
frame   575 :  a closed book +0.73  an opened book +0.01   led  82/ 35 h0.60 lvl+0.37   -
frame   576 :  a closed book +1.70*  an opened book -0.23   led 255/  0 h1.00 lvl+0.74   MATCH a closed book (cos -0.117)
frame   577 :  a closed book +0.40  an opened book -1.05   led  22/107 h0.33 lvl-0.32   -
frame   578 :  a closed book +0.04  an opened book -1.24   led   0/235 h0.04 lvl-0.60   -
frame   579 :  a closed book -0.87  an opened book -1.30   led   0/255 h0.00 lvl-1.08   -
frame   580 :  a closed book +0.64  an opened book -0.66   led  62/ 50 h0.52 lvl-0.01   -
frame   581 :  a closed book +1.16  an opened book -0.35   led 226/  0 h0.95 lvl+0.40   -
frame   582 :  a closed book -0.41  an opened book -2.09   led   0/255 h0.00 lvl-1.25   -
frame   583 :  a closed book +0.35  an opened book -0.28   led  16/122 h0.28 lvl+0.04   -
frame   584 :  a closed book -0.36  an opened book -1.46   led   0/255 h0.00 lvl-0.91   -
frame   585 :  a closed book +1.00  an opened book -0.08   led 163/  6 h0.82 lvl+0.46   -
frame   586 :  a closed book +0.17  an opened book -0.98   led   3/183 h0.14 lvl-0.41   -
frame   587 :  a closed book -1.52  an opened book -2.08   led   0/255 h0.00 lvl-1.80   -
frame   588 :  a closed book +1.57*  an opened book -0.54   led 255/  0 h1.00 lvl+0.51   MATCH a closed book (cos -0.118)
frame   589 :  a closed book -0.32  an opened book -1.35   led   0/255 h0.00 lvl-0.84   -
frame   590 :  a closed book -0.23  an opened book -1.27   led   0/255 h0.00 lvl-0.75   -
frame   591 :  a closed book -0.74  an opened book -1.87   led   0/255 h0.00 lvl-1.31   -
frame   592 :  a closed book +0.92  an opened book +0.18   led 134/ 13 h0.75 lvl+0.55   -
frame   593 :  a closed book +0.82  an opened book -1.50   led 106/ 22 h0.67 lvl-0.34   -
frame   594 :  a closed book -0.38  an opened book -1.67   led   0/255 h0.00 lvl-1.02   -
frame   595 :  a closed book -0.11  an opened book -1.21   led   0/255 h0.00 lvl-0.66   -
frame   596 :  a closed book +0.11  an opened book -0.74   led   1/209 h0.09 lvl-0.32   -
frame   597 :  a closed book +0.40  an opened book -0.80   led  22/106 h0.33 lvl-0.20   -
frame   598 :  a closed book +0.52  an opened book -0.64   led  39/ 75 h0.43 lvl-0.06   -
frame   599 :  a closed book -2.64  an opened book -3.65   led   0/255 h0.00 lvl-3.15   -
background: after 30 frames (frozen, room spread), this room reads  a closed book -0.123 +-0.0035 (COCO -0.159 +-0.0351)  an opened book -0.119 +-0.0033 (COCO -0.151 +-0.0303)
frame   600 :  a closed book +1.27*  an opened book +0.40   led 255/  0 h1.00 lvl+0.84   MATCH a closed book (cos -0.119)
frame   601 :  a closed book -0.38  an opened book -1.73   led   0/255 h0.00 lvl-1.06   -

stopped   : 602 frames, 602 good, capture overlapped with the compute, configuration C
            602 frames timed, 285 ms/frame mean (capture included)
            268 ms encode + 0 ms waiting for the sensor + 16 ms burst; 295 ms/frame by the clock
            374 ms shutter to LED, arming with 90 ms of compute left
            last frame mean RGB 133 129 131
            camera bus: worst gap 24 us against the 2000 us deadline (#12)
            usb: 0 outages, 0 ms off the bus, 0 re-attaches (#9)
