
=== M9: fpga-open-vocab - describe it, the board spots it ===

clock     : 320 MHz requested; BOOTSEL is reachable for 1.5 s
clock     : 320 MHz system, core 1.25 V
reset     : chip_reset 00010000
            nothing new since the last banner - whatever reset the core left powman alone.
waiting for a bitstream on USB CDC (host/demo.py)
bitstream : 173124 bytes announced, crc32 0a2e9953
bitstream : received intact
configure : configured, CDONE high   CDONE=1 nSTATUS=0
crc       : DMA sniffer, calc=1 out_rev=1 out_inv=1
model     : 9 layers, 512-d embedding, 131072 B/buffer
weights   : 780720 B, crc32=0xF368CC6E  (126 ms to hash)

reference : encoder_fast on the flash test vector  (1583 ms)

link      : probing the wire by running the whole test vector over it
probe     : 3 forward data lines -> 512/512 floats exact, 272 ms
link      : configuration C, 3 forward data lines, 160.0 MHz

camera    : exposure ramp 29 30 31 32 33 33~ 33 33 34 34 34 34~ 37 41 47 52 58 64 71 76 79 88 97 105 111 120 129 133 133 133 133 133
camera    : live 128x128 RGB565, id 0x82, 16.0 MHz, expose 37 ms, read 16 ms, exposure settled after 32 frames
            regs fmt 02 res 00 bri 00 ev 00 wb 00 auto 00 state 26 id 82 fpga 20
            reset gate: polls 425, first state 21, busy yes   defaults polls: ae 0 ag 10 awb 0 wbmode 10
            #33: the auto loops were switched back on 2 times during the ramp
            mean RGB 135 132 133  (tuned camera on a neutral scene: about 115 107 105)

queries   : waiting for a query set on USB CDC (host/demo.py)
queries   : 2 accepted, 512-d, crc ok
            level axis carries 0.95 of one query's swing; most opposed pair +0.810
            scored as z = (cos - background) / std, where the background is this room's
            own mean over its first 30 frames and is then FROZEN - so a thing left in
            shot keeps its score instead of decaying into the furniture. 'N' re-learns
            it, 'H' switches to tracking. The COCO figures below are only the seed for
            frame 0 and the fixed std.
            std is THIS ROOM's, measured over the same 30 frames ('S' switches to COCO's).
            The thresholds below still mean the 90th percentile of a background; the
            background they now mean it against is this room empty, not 5000 COCO photos.
            a closed book        match above z 1.23   (COCO background -0.159 +- 0.035, so cos -0.116)
            an opened book       match above z 1.23   (COCO background -0.151 +- 0.030, so cos -0.114)

loop      : capture, 8 convs on the T8, pool and head, then one cosine per query. 'B' for BOOTSEL, 'R' to restart,
            'P' to dump the next frame for host/cam.py, 'V' to dump its 512 floats for host/caption.py,
            'E' to provoke a fault so D1 shows its fault display, 'H' to freeze/unfreeze the background,
            'S' to switch the spread between this room's and COCO's, 'W' to hang on purpose and see
            the watchdog name the stage, 'C' to stall the camera bus on purpose and see it cost one frame,
            'U' to drop off USB on purpose and watch it come back, 'I' to drop off and refuse to,
            'N' to forget it and learn it again from now. 'P' and 'V' together describe the same frame.
            'O' closes the timing window, prints it and flips the capture between overlapped and serial;
            'D' does the same and flips the trigger between late and at-the-collect, which is #14's A/B.
            'L' freezes exposure and gain, then on a second press the white balance too - which goes green,
            and is the control. A third restores all three. Issue #30, and the one hotkey whose answer depends on when you press it.
            scores are z against this room's background, ranked; '*' means over its threshold.
            '1'..'6' enrol the next 20 frames as that class, and press again on a LATER visit
            to fold a second one in - 2 visits is what makes the enrolment guard mean
            something. Two classes in and the board decides by nearest reference instead of
            by threshold - see M21.
            '0' ENROLS THE EMPTY SCENE the same way, and it is worth a visit: with one, a frame
            is absent when the empty reference is the nearest of the three and no radius is
            involved. Without one the board falls back to the band - absent beyond 2.0 sep
            from every class - which scores 54.6% over 28 benches against the third reference's
            79.1%, because with two queries that band is an interval the empty scene can sit
            inside. #18.
            The first 30 frames set the baseline and it is then frozen, so anything left in
            shot KEEPS its score. Point the camera at the empty scene for those frames.
            Send a new set at any time to re-query - that resets the baseline too.

frame     0 :  a closed book +1.53*  an opened book +1.22   led 255/  0 h1.00 lvl+1.37   MATCH a closed book (cos -0.106)
frame     1 :  a closed book -0.05  an opened book -0.10   led   0/255 h0.00 lvl-0.07   -
frame     2 :  a closed book -0.07  an opened book -0.20   led   0/255 h0.00 lvl-0.13   -
frame     3 :  an opened book -0.10  a closed book -0.18   led   0/255 h0.00 lvl-0.14   -
frame     4 :  a closed book +0.17  an opened book +0.08   led   3/183 h0.14 lvl+0.13   -
frame     5 :  an opened book +0.07  a closed book +0.01   led   0/225 h0.05 lvl+0.04   -
frame     6 :  a closed book -0.01  an opened book -0.07   led   0/255 h0.00 lvl-0.04   -
frame     7 :  a closed book +0.17  an opened book +0.12   led   3/183 h0.14 lvl+0.14   -
background: after 8 frames (warming up, room spread), this room reads  a closed book -0.107 +-0.0037 (COCO -0.159 +-0.0351)  an opened book -0.117 +-0.0029 (COCO -0.151 +-0.0303)
frame     8 :  a closed book -1.15  an opened book -1.50   led   0/255 h0.00 lvl-1.33   -
frame     9 :  an opened book +0.91  a closed book +0.59   led 132/ 13 h0.74 lvl+0.75   -
frame    10 :  a closed book +0.46  an opened book -0.02   led  30/ 90 h0.38 lvl+0.22   -
frame    11 :  an opened book +1.53*  a closed book +1.53*   led 255/  0 h1.00 lvl+1.53   MATCH an opened book (cos -0.113)
frame    12 :  a closed book -0.44  an opened book -0.48   led   0/255 h0.00 lvl-0.46   -
frame    13 :  an opened book +0.70  a closed book -0.65   led  73/ 41 h0.57 lvl+0.02   -
frame    14 :  an opened book +1.33*  a closed book +0.82   led 255/  0 h1.00 lvl+1.08   MATCH an opened book (cos -0.113)
frame    15 :  a closed book -0.89  an opened book -0.89   led   0/255 h0.00 lvl-0.89   -
frame    16 :  a closed book +0.58  an opened book +0.29   led  50/ 62 h0.48 lvl+0.44   -
frame    17 :  an opened book -0.30  a closed book -0.60   led   0/255 h0.00 lvl-0.45   -
frame    18 :  a closed book +1.49*  an opened book +0.62   led 255/  0 h1.00 lvl+1.05   MATCH a closed book (cos -0.102)
frame    19 :  a closed book +3.75*  an opened book +2.44*   led 255/  0 h1.00 lvl+3.10   MATCH a closed book (cos -0.094)
frame    20 :  a closed book +4.05*  an opened book +3.71*   led 255/  0 h1.00 lvl+3.88   MATCH a closed book (cos -0.089)
frame    21 :  a closed book +1.14  an opened book +0.75   led 214/  1 h0.92 lvl+0.94   -
frame    22 :  a closed book -1.15  an opened book -1.46   led   0/255 h0.00 lvl-1.31   -
frame    23 :  a closed book +0.35  an opened book -0.49   led  16/121 h0.29 lvl-0.07   -
frame    24 :  a closed book -1.52  an opened book -2.50   led   0/255 h0.00 lvl-2.01   -
frame    25 :  a closed book +0.69  an opened book +0.01   led  72/ 41 h0.56 lvl+0.35   -
frame    26 :  a closed book +1.39*  an opened book +0.88   led 255/  0 h1.00 lvl+1.14   MATCH a closed book (cos -0.097)
frame    27 :  an opened book +0.37  a closed book +0.36   led  18/117 h0.30 lvl+0.36   -
frame    28 :  a closed book +0.81  an opened book +0.41   led 102/ 24 h0.66 lvl+0.61   -
frame    29 :  a closed book -0.53  an opened book -0.81   led   0/255 h0.00 lvl-0.67   -
frame    30 :  a closed book +0.17  an opened book -0.31   led   3/183 h0.14 lvl-0.07   -
frame    31 :  an opened book +1.99*  a closed book +1.55*   led 255/  0 h1.00 lvl+1.77   MATCH an opened book (cos -0.109)
frame    32 :  a closed book +1.61*  an opened book +1.43*   led 255/  0 h1.00 lvl+1.52   MATCH a closed book (cos -0.096)
frame    33 :  a closed book +1.71*  an opened book +1.61*   led 255/  0 h1.00 lvl+1.66   MATCH a closed book (cos -0.095)
frame    34 :  a closed book -0.49  an opened book -1.02   led   0/255 h0.00 lvl-0.76   -
frame    35 :  a closed book +0.08  an opened book -0.53   led   1/222 h0.06 lvl-0.23   -
frame    36 :  an opened book +1.13  a closed book +0.98   led 212/  1 h0.92 lvl+1.06   -
frame    37 :  a closed book -0.39  an opened book -0.80   led   0/255 h0.00 lvl-0.60   -
frame    38 :  a closed book +0.05  an opened book -0.38   led   0/235 h0.04 lvl-0.17   -
frame    39 :  a closed book +0.48  an opened book -0.04   led  32/ 87 h0.39 lvl+0.22   -
frame    40 :  an opened book +1.00  a closed book +0.70   led 162/  6 h0.81 lvl+0.85   -
frame    41 :  an opened book +0.55  a closed book +0.51   led  44/ 69 h0.45 lvl+0.53   -
frame    42 :  a closed book +0.98  an opened book +0.87   led 156/  7 h0.80 lvl+0.93   -
frame    43 :  a closed book +0.43  an opened book -0.00   led  26/ 98 h0.35 lvl+0.22   -
frame    44 :  a closed book +1.66*  an opened book +1.48*   led 255/  0 h1.00 lvl+1.57   MATCH a closed book (cos -0.096)
frame    45 :  a closed book -0.12  an opened book -0.73   led   0/255 h0.00 lvl-0.42   -
frame    46 :  a closed book -1.71  an opened book -2.34   led   0/255 h0.00 lvl-2.03   -
frame    47 :  a closed book +0.62  an opened book +0.60   led  56/ 55 h0.50 lvl+0.61   -
frame    48 :  an opened book +0.18  a closed book +0.15   led   4/179 h0.15 lvl+0.17   -
frame    49 :  a closed book +0.55  an opened book -0.10   led  44/ 69 h0.45 lvl+0.23   -
frame    50 :  a closed book +0.40  an opened book -0.02   led  21/108 h0.32 lvl+0.19   -
frame    51 :  an opened book -0.12  a closed book -0.19   led   0/255 h0.00 lvl-0.16   -
frame    52 :  a closed book -1.10  an opened book -1.43   led   0/255 h0.00 lvl-1.27   -
frame    53 :  a closed book +0.61  an opened book -0.00   led  55/ 56 h0.50 lvl+0.30   -
frame    54 :  a closed book +1.24*  an opened book +0.31   led 255/  0 h1.00 lvl+0.78   MATCH a closed book (cos -0.098)
frame    55 :  a closed book -0.84  an opened book -1.07   led   0/255 h0.00 lvl-0.95   -
frame    56 :  a closed book -1.10  an opened book -1.47   led   0/255 h0.00 lvl-1.28   -
frame    57 :  a closed book -0.26  an opened book -0.41   led   0/255 h0.00 lvl-0.34   -
frame    58 :  a closed book -0.23  an opened book -1.00   led   0/255 h0.00 lvl-0.61   -
frame    59 :  an opened book +1.09  a closed book +1.09   led 196/  2 h0.89 lvl+1.09   -
frame    60 :  a closed book -0.17  an opened book -0.84   led   0/255 h0.00 lvl-0.51   -
frame    61 :  a closed book +0.15  an opened book -0.42   led   3/190 h0.12 lvl-0.13   -
frame    62 :  a closed book +0.24  an opened book -0.46   led   7/159 h0.19 lvl-0.11   -
frame    63 :  a closed book +1.02  an opened book +0.88   led 168/  5 h0.83 lvl+0.95   -
frame    64 :  a closed book +0.15  an opened book -0.05   led   3/191 h0.12 lvl+0.05   -
frame    65 :  an opened book -0.84  a closed book -1.01   led   0/255 h0.00 lvl-0.93   -
frame    66 :  an opened book -1.41  a closed book -1.90   led   0/255 h0.00 lvl-1.66   -
frame    67 :  an opened book +1.61*  a closed book +1.02   led 255/  0 h1.00 lvl+1.32   MATCH an opened book (cos -0.110)
frame    68 :  a closed book +0.59  an opened book +0.46   led  51/ 60 h0.48 lvl+0.53   -
frame    69 :  an opened book -0.07  a closed book -0.15   led   0/255 h0.00 lvl-0.11   -
frame    70 :  an opened book -0.14  a closed book -0.73   led   0/255 h0.00 lvl-0.44   -
frame    71 :  an opened book -0.84  a closed book -1.04   led   0/255 h0.00 lvl-0.94   -
frame    72 :  an opened book -0.73  a closed book -0.92   led   0/255 h0.00 lvl-0.82   -
frame    73 :  an opened book -1.17  a closed book -1.24   led   0/255 h0.00 lvl-1.20   -
frame    74 :  an opened book -0.39  a closed book -0.60   led   0/255 h0.00 lvl-0.49   -
frame    75 :  an opened book +0.59  a closed book +0.59   led  51/ 60 h0.48 lvl+0.59   -
frame    76 :  an opened book -0.01  a closed book -0.65   led   0/255 h0.00 lvl-0.33   -
frame    77 :  a closed book -1.29  an opened book -1.31   led   0/255 h0.00 lvl-1.30   -
frame    78 :  a closed book +0.37  an opened book +0.26   led  18/115 h0.30 lvl+0.32   -
frame    79 :  an opened book +0.24  a closed book -0.13   led   7/157 h0.20 lvl+0.06   -
frame    80 :  a closed book -1.52  an opened book -1.56   led   0/255 h0.00 lvl-1.54   -
frame    81 :  a closed book +0.76  an opened book +0.32   led  88/ 31 h0.62 lvl+0.54   -
frame    82 :  an opened book +1.01  a closed book +0.54   led 164/  6 h0.82 lvl+0.77   -
frame    83 :  an opened book -0.00  a closed book -0.67   led   0/255 h0.00 lvl-0.34   -
frame    84 :  an opened book +2.20*  a closed book +1.50*   led 255/  0 h1.00 lvl+1.85   MATCH an opened book (cos -0.108)
frame    85 :  an opened book -1.07  a closed book -1.55   led   0/255 h0.00 lvl-1.31   -
frame    86 :  an opened book +0.15  a closed book -0.33   led   2/193 h0.12 lvl-0.09   -
frame    87 :  a closed book +0.33  an opened book +0.13   led  14/129 h0.27 lvl+0.23   -
frame    88 :  a closed book +0.91  an opened book +0.58   led 132/ 13 h0.74 lvl+0.74   -
frame    89 :  a closed book -1.61  an opened book -2.82   led   0/255 h0.00 lvl-2.22   -
frame    90 :  an opened book -0.62  a closed book -1.03   led   0/255 h0.00 lvl-0.83   -
frame    91 :  a closed book -0.15  an opened book -0.51   led   0/255 h0.00 lvl-0.33   -
frame    92 :  an opened book +1.31*  a closed book +0.87   led 255/  0 h1.00 lvl+1.09   MATCH an opened book (cos -0.111)
frame    93 :  a closed book -2.03  an opened book -2.06   led   0/255 h0.00 lvl-2.05   -
frame    94 :  an opened book +0.68  a closed book +0.25   led  70/ 43 h0.56 lvl+0.46   -
frame    95 :  an opened book -0.15  a closed book -0.50   led   0/255 h0.00 lvl-0.33   -
frame    96 :  an opened book -0.52  a closed book -0.71   led   0/255 h0.00 lvl-0.62   -
frame    97 :  an opened book -0.55  a closed book -0.58   led   0/255 h0.00 lvl-0.56   -
frame    98 :  a closed book +0.13  an opened book +0.04   led   2/200 h0.11 lvl+0.08   -
frame    99 :  a closed book -0.80  an opened book -1.01   led   0/255 h0.00 lvl-0.90   -
background: after 30 frames (frozen, room spread), this room reads  a closed book -0.105 +-0.0056 (COCO -0.159 +-0.0351)  an opened book -0.116 +-0.0039 (COCO -0.151 +-0.0303)
frame   100 :  an opened book +0.81  a closed book +0.41   led 101/ 24 h0.66 lvl+0.61   -
frame   101 :  an opened book -0.03  a closed book -0.72   led   0/255 h0.00 lvl-0.37   -
frame   102 :  an opened book -0.16  a closed book -0.41   led   0/255 h0.00 lvl-0.29   -
frame   103 :  an opened book +0.30  a closed book +0.08   led  11/138 h0.24 lvl+0.19   -
frame   104 :  a closed book +0.54  an opened book +0.41   led  41/ 72 h0.44 lvl+0.48   -
frame   105 :  a closed book -1.06  an opened book -1.80   led   0/255 h0.00 lvl-1.43   -
frame   106 :  a closed book -1.47  an opened book -1.54   led   0/255 h0.00 lvl-1.51   -
frame   107 :  an opened book -0.68  a closed book -1.30   led   0/255 h0.00 lvl-0.99   -
frame   108 :  an opened book -0.07  a closed book -0.40   led   0/255 h0.00 lvl-0.23   -
frame   109 :  a closed book -0.55  an opened book -0.95   led   0/255 h0.00 lvl-0.75   -
frame   110 :  a closed book -0.72  an opened book -0.97   led   0/255 h0.00 lvl-0.85   -
frame   111 :  an opened book +0.57  a closed book -0.14   led  48/ 64 h0.47 lvl+0.22   -
frame   112 :  a closed book -0.17  an opened book -0.37   led   0/255 h0.00 lvl-0.27   -
frame   113 :  a closed book -0.91  an opened book -1.17   led   0/255 h0.00 lvl-1.04   -
frame   114 :  a closed book +0.87  an opened book +0.86   led 121/ 17 h0.71 lvl+0.87   -
frame   115 :  an opened book +0.09  a closed book -0.26   led   1/215 h0.07 lvl-0.08   -
frame   116 :  an opened book -0.81  a closed book -1.19   led   0/255 h0.00 lvl-1.00   -
frame   117 :  an opened book +0.43  a closed book +0.24   led  26/ 98 h0.35 lvl+0.34   -
frame   118 :  a closed book -2.11  an opened book -2.47   led   0/255 h0.00 lvl-2.29   -
frame   119 :  a closed book -0.81  an opened book -1.15   led   0/255 h0.00 lvl-0.98   -
frame   120 :  a closed book +0.31  an opened book -0.04   led  12/134 h0.25 lvl+0.14   -
frame   121 :  an opened book +0.45  a closed book +0.37   led  28/ 93 h0.37 lvl+0.41   -
frame   122 :  a closed book -0.34  an opened book -0.38   led   0/255 h0.00 lvl-0.36   -
frame   123 :  an opened book -0.75  a closed book -0.85   led   0/255 h0.00 lvl-0.80   -
frame   124 :  an opened book -0.96  a closed book -1.64   led   0/255 h0.00 lvl-1.30   -
frame   125 :  an opened book +0.25  a closed book +0.14   led   8/154 h0.21 lvl+0.20   -
frame   126 :  an opened book -0.96  a closed book -1.20   led   0/255 h0.00 lvl-1.08   -
frame   127 :  a closed book -1.38  an opened book -1.76   led   0/255 h0.00 lvl-1.57   -
frame   128 :  a closed book +0.06  an opened book -0.21   led   0/231 h0.04 lvl-0.07   -
frame   129 :  an opened book +1.41*  a closed book +0.28   led 255/  0 h1.00 lvl+0.85   MATCH an opened book (cos -0.111)
frame   130 :  an opened book -0.21  a closed book -0.69   led   0/255 h0.00 lvl-0.45   -
frame   131 :  an opened book -1.12  a closed book -1.13   led   0/255 h0.00 lvl-1.13   -
frame   132 :  an opened book -1.52  a closed book -1.75   led   0/255 h0.00 lvl-1.63   -
frame   133 :  an opened book -0.56  a closed book -1.13   led   0/255 h0.00 lvl-0.85   -
frame   134 :  a closed book -1.49  an opened book -1.53   led   0/255 h0.00 lvl-1.51   -
frame   135 :  an opened book -1.96  a closed book -2.25   led   0/255 h0.00 lvl-2.10   -
frame   136 :  a closed book -0.13  an opened book -0.43   led   0/255 h0.00 lvl-0.28   -
frame   137 :  a closed book -1.17  an opened book -1.19   led   0/255 h0.00 lvl-1.18   -
frame   138 :  an opened book -0.40  a closed book -0.74   led   0/255 h0.00 lvl-0.57   -
frame   139 :  an opened book -0.52  a closed book -1.01   led   0/255 h0.00 lvl-0.76   -
frame   140 :  an opened book -0.37  a closed book -0.67   led   0/255 h0.00 lvl-0.52   -
frame   141 :  an opened book +0.25  a closed book -0.39   led   8/155 h0.20 lvl-0.07   -
frame   142 :  an opened book -0.92  a closed book -0.93   led   0/255 h0.00 lvl-0.93   -
frame   143 :  an opened book -0.18  a closed book -1.01   led   0/255 h0.00 lvl-0.60   -
frame   144 :  an opened book +1.72*  a closed book +1.20   led 255/  0 h1.00 lvl+1.46   MATCH an opened book (cos -0.110)
frame   145 :  an opened book +0.50  a closed book -0.64   led  35/ 81 h0.41 lvl-0.07   -
frame   146 :  an opened book +0.24  a closed book -0.61   led   7/157 h0.20 lvl-0.18   -
frame   147 :  an opened book -1.30  a closed book -1.78   led   0/255 h0.00 lvl-1.54   -
frame   148 :  a closed book -1.50  an opened book -1.53   led   0/255 h0.00 lvl-1.51   -
frame   149 :  a closed book -1.19  an opened book -1.22   led   0/255 h0.00 lvl-1.21   -
frame   150 :  a closed book -0.13  an opened book -0.30   led   0/255 h0.00 lvl-0.22   -
frame   151 :  a closed book -2.11  an opened book -2.25   led   0/255 h0.00 lvl-2.18   -
frame   152 :  an opened book -0.69  a closed book -1.21   led   0/255 h0.00 lvl-0.95   -
frame   153 :  an opened book -0.10  a closed book -0.34   led   0/255 h0.00 lvl-0.22   -
frame   154 :  an opened book -0.69  a closed book -0.94   led   0/255 h0.00 lvl-0.81   -
frame   155 :  an opened book -0.05  a closed book -0.79   led   0/255 h0.00 lvl-0.42   -
frame   156 :  an opened book -0.34  a closed book -0.49   led   0/255 h0.00 lvl-0.42   -
frame   157 :  an opened book -0.77  a closed book -1.47   led   0/255 h0.00 lvl-1.12   -
frame   158 :  an opened book -1.05  a closed book -1.49   led   0/255 h0.00 lvl-1.27   -
frame   159 :  an opened book -0.16  a closed book -0.99   led   0/255 h0.00 lvl-0.57   -
frame   160 :  a closed book -1.19  an opened book -1.50   led   0/255 h0.00 lvl-1.34   -
frame   161 :  an opened book -1.00  a closed book -1.44   led   0/255 h0.00 lvl-1.22   -
frame   162 :  an opened book -0.26  a closed book -1.79   led   0/255 h0.00 lvl-1.02   -
frame   163 :  a closed book -1.31  an opened book -1.37   led   0/255 h0.00 lvl-1.34   -
frame   164 :  a closed book -1.56  an opened book -1.92   led   0/255 h0.00 lvl-1.74   -
frame   165 :  a closed book -0.15  an opened book -0.19   led   0/255 h0.00 lvl-0.17   -
frame   166 :  an opened book -0.66  a closed book -1.26   led   0/255 h0.00 lvl-0.96   -
frame   167 :  an opened book -0.98  a closed book -1.09   led   0/255 h0.00 lvl-1.03   -
frame   168 :  an opened book +0.31  a closed book -0.87   led  13/133 h0.26 lvl-0.28   -
frame   169 :  an opened book -0.62  a closed book -1.21   led   0/255 h0.00 lvl-0.92   -
frame   170 :  an opened book -0.43  a closed book -0.69   led   0/255 h0.00 lvl-0.56   -
frame   171 :  an opened book +2.24*  a closed book +1.20   led 255/  0 h1.00 lvl+1.72   MATCH an opened book (cos -0.108)
frame   172 :  an opened book +0.52  a closed book -0.31   led  38/ 76 h0.42 lvl+0.11   -
frame   173 :  an opened book +0.44  a closed book -0.51   led  26/ 97 h0.35 lvl-0.04   -
frame   174 :  an opened book +1.93*  a closed book +0.23   led 255/  0 h1.00 lvl+1.08   MATCH an opened book (cos -0.109)
frame   175 :  an opened book +0.99  a closed book -0.13   led 160/  7 h0.81 lvl+0.43   -
frame   176 :  an opened book -0.81  a closed book -1.53   led   0/255 h0.00 lvl-1.17   -
frame   177 :  an opened book -0.55  a closed book -0.77   led   0/255 h0.00 lvl-0.66   -
frame   178 :  an opened book +0.91  a closed book +0.21   led 131/ 13 h0.74 lvl+0.56   -
frame   179 :  an opened book +0.54  a closed book -0.60   led  42/ 71 h0.44 lvl-0.03   -
frame   180 :  an opened book +0.71  a closed book -0.59   led  75/ 39 h0.57 lvl+0.06   -
frame   181 :  an opened book +0.08  a closed book -0.31   led   1/222 h0.06 lvl-0.12   -
frame   182 :  a closed book +0.11  an opened book -0.30   led   1/209 h0.09 lvl-0.10   -
frame   183 :  a closed book +0.15  an opened book +0.06   led   3/190 h0.12 lvl+0.11   -
frame   184 :  an opened book +0.91  a closed book -0.12   led 133/ 13 h0.74 lvl+0.40   -
frame   185 :  an opened book -0.37  a closed book -1.36   led   0/255 h0.00 lvl-0.87   -
frame   186 :  an opened book +0.57  a closed book +0.03   led  47/ 65 h0.46 lvl+0.30   -
frame   187 :  an opened book +0.26  a closed book +0.16   led   9/151 h0.21 lvl+0.21   -
frame   188 :  a closed book +0.92  an opened book +0.54   led 134/ 12 h0.75 lvl+0.73   -
frame   189 :  a closed book +0.32  an opened book -0.48   led  13/132 h0.26 lvl-0.08   -
frame   190 :  a closed book -1.49  an opened book -1.96   led   0/255 h0.00 lvl-1.72   -
frame   191 :  a closed book +0.26  an opened book -0.31   led   8/151 h0.21 lvl-0.02   -
frame   192 :  a closed book -0.85  an opened book -1.15   led   0/255 h0.00 lvl-1.00   -
frame   193 :  a closed book -0.40  an opened book -0.89   led   0/255 h0.00 lvl-0.64   -
frame   194 :  a closed book +0.37  an opened book +0.26   led  19/115 h0.30 lvl+0.32   -
frame   195 :  a closed book -0.72  an opened book -1.27   led   0/255 h0.00 lvl-1.00   -
frame   196 :  a closed book +0.66  an opened book +0.37   led  64/ 48 h0.53 lvl+0.51   -
frame   197 :  a closed book +0.05  an opened book -0.50   led   0/234 h0.04 lvl-0.23   -
frame   198 :  a closed book +1.23  an opened book +1.22   led 253/  0 h1.00 lvl+1.22   -
frame   199 :  an opened book +1.67*  a closed book +1.29*   led 255/  0 h1.00 lvl+1.48   MATCH an opened book (cos -0.110)
background: after 30 frames (frozen, room spread), this room reads  a closed book -0.105 +-0.0056 (COCO -0.159 +-0.0351)  an opened book -0.116 +-0.0039 (COCO -0.151 +-0.0303)
frame   200 :  a closed book +0.17  an opened book -0.24   led   3/182 h0.14 lvl-0.03   -
frame   201 :  a closed book -0.01  an opened book -0.94   led   0/255 h0.00 lvl-0.48   -
frame   202 :  a closed book -1.12  an opened book -1.64   led   0/255 h0.00 lvl-1.38   -
frame   203 :  a closed book +0.37  an opened book -0.07   led  19/115 h0.30 lvl+0.15   -
frame   204 :  a closed book -0.04  an opened book -0.16   led   0/255 h0.00 lvl-0.10   -
frame   205 :  a closed book +1.13  an opened book +0.68   led 211/  1 h0.92 lvl+0.91   -
frame   206 :  a closed book -0.53  an opened book -0.73   led   0/255 h0.00 lvl-0.63   -
frame   207 :  an opened book +0.79  a closed book +0.73   led  96/ 27 h0.64 lvl+0.76   -
frame   208 :  a closed book -0.88  an opened book -1.23   led   0/255 h0.00 lvl-1.06   -
frame   209 :  a closed book +0.12  an opened book -0.67   led   2/203 h0.10 lvl-0.28   -
frame   210 :  a closed book -0.21  an opened book -0.97   led   0/255 h0.00 lvl-0.59   -
frame   211 :  a closed book +0.06  an opened book -0.60   led   0/228 h0.05 lvl-0.27   -
frame   212 :  a closed book -0.56  an opened book -1.69   led   0/255 h0.00 lvl-1.13   -
frame   213 :  a closed book +0.68  an opened book +0.33   led  68/ 44 h0.55 lvl+0.51   -
frame   214 :  a closed book -0.00  an opened book -0.72   led   0/255 h0.00 lvl-0.36   -
frame   215 :  a closed book -0.72  an opened book -1.07   led   0/255 h0.00 lvl-0.90   -
frame   216 :  a closed book -1.01  an opened book -1.80   led   0/255 h0.00 lvl-1.41   -
frame   217 :  a closed book -1.37  an opened book -2.00   led   0/255 h0.00 lvl-1.68   -
frame   218 :  a closed book -1.28  an opened book -1.89   led   0/255 h0.00 lvl-1.58   -
frame   219 :  a closed book +0.15  an opened book -0.30   led   3/190 h0.13 lvl-0.08   -
frame   220 :  a closed book -0.57  an opened book -1.65   led   0/255 h0.00 lvl-1.11   -
frame   221 :  a closed book -1.17  an opened book -1.99   led   0/255 h0.00 lvl-1.58   -
frame   222 :  a closed book -1.69  an opened book -2.23   led   0/255 h0.00 lvl-1.96   -
frame   223 :  a closed book +0.38  an opened book -0.53   led  19/113 h0.31 lvl-0.08   -
frame   224 :  an opened book -0.14  a closed book -0.39   led   0/255 h0.00 lvl-0.26   -
frame   225 :  a closed book +0.54  an opened book +0.47   led  42/ 70 h0.44 lvl+0.51   -
frame   226 :  a closed book -1.52  an opened book -2.29   led   0/255 h0.00 lvl-1.91   -
frame   227 :  a closed book +0.10  an opened book -0.79   led   1/212 h0.08 lvl-0.35   -
frame   228 :  a closed book -0.79  an opened book -1.04   led   0/255 h0.00 lvl-0.92   -
frame   229 :  a closed book -0.49  an opened book -1.17   led   0/255 h0.00 lvl-0.83   -
frame   230 :  a closed book -0.06  an opened book -0.49   led   0/255 h0.00 lvl-0.27   -
frame   231 :  a closed book +1.36*  an opened book +0.65   led 255/  0 h1.00 lvl+1.00   MATCH a closed book (cos -0.097)
frame   232 :  a closed book +0.12  an opened book -0.44   led   2/203 h0.10 lvl-0.16   -
frame   233 :  a closed book +1.16  an opened book +1.07   led 223/  1 h0.94 lvl+1.11   -
frame   234 :  a closed book -0.98  an opened book -1.51   led   0/255 h0.00 lvl-1.24   -
frame   235 :  a closed book -0.61  an opened book -1.20   led   0/255 h0.00 lvl-0.91   -
frame   236 :  an opened book +0.93  a closed book +0.78   led 137/ 12 h0.75 lvl+0.85   -
frame   237 :  a closed book -0.04  an opened book -0.79   led   0/255 h0.00 lvl-0.42   -
frame   238 :  a closed book +0.16  an opened book -0.52   led   3/189 h0.13 lvl-0.18   -
frame   239 :  a closed book -1.87  an opened book -2.23   led   0/255 h0.00 lvl-2.05   -
frame   240 :  a closed book -0.86  an opened book -1.38   led   0/255 h0.00 lvl-1.12   -
frame   241 :  a closed book -0.36  an opened book -0.90   led   0/255 h0.00 lvl-0.63   -
frame   242 :  a closed book -0.71  an opened book -1.52   led   0/255 h0.00 lvl-1.12   -
frame   243 :  a closed book -0.85  an opened book -0.95   led   0/255 h0.00 lvl-0.90   -
frame   244 :  a closed book +0.15  an opened book -0.50   led   2/192 h0.12 lvl-0.17   -
frame   245 :  a closed book -1.00  an opened book -1.57   led   0/255 h0.00 lvl-1.29   -
frame   246 :  a closed book +0.70  an opened book +0.66   led  74/ 40 h0.57 lvl+0.68   -
frame   247 :  a closed book +0.33  an opened book +0.05   led  15/127 h0.27 lvl+0.19   -
frame   248 :  an opened book -0.13  a closed book -0.38   led   0/255 h0.00 lvl-0.25   -
frame   249 :  a closed book +0.34  an opened book +0.14   led  15/124 h0.28 lvl+0.24   -
frame   250 :  a closed book -0.08  an opened book -0.10   led   0/255 h0.00 lvl-0.09   -
frame   251 :  a closed book +0.51  an opened book +0.16   led  37/ 78 h0.42 lvl+0.34   -
frame   252 :  a closed book -0.12  an opened book -0.88   led   0/255 h0.00 lvl-0.50   -
frame   253 :  an opened book -0.79  a closed book -1.01   led   0/255 h0.00 lvl-0.90   -
frame   254 :  an opened book +0.78  a closed book +0.14   led  95/ 27 h0.64 lvl+0.46   -
frame   255 :  an opened book -0.30  a closed book -0.59   led   0/255 h0.00 lvl-0.45   -
frame   256 :  a closed book -0.55  an opened book -0.63   led   0/255 h0.00 lvl-0.59   -
frame   257 :  a closed book +0.06  an opened book -0.58   led   0/227 h0.05 lvl-0.26   -
frame   258 :  a closed book -0.26  an opened book -0.63   led   0/255 h0.00 lvl-0.44   -
frame   259 :  a closed book -0.34  an opened book -0.67   led   0/255 h0.00 lvl-0.51   -
frame   260 :  a closed book +0.25  an opened book -0.20   led   7/156 h0.20 lvl+0.02   -
frame   261 :  a closed book +1.05  an opened book +0.89   led 179/  4 h0.85 lvl+0.97   -
frame   262 :  a closed book -2.19  an opened book -3.40   led   0/255 h0.00 lvl-2.80   -
frame   263 :  a closed book +0.24  an opened book +0.23   led   7/157 h0.20 lvl+0.24   -
frame   264 :  an opened book -1.20  a closed book -2.07   led   0/255 h0.00 lvl-1.63   -
frame   265 :  an opened book -0.64  a closed book -1.38   led   0/255 h0.00 lvl-1.01   -
frame   266 :  an opened book -0.68  a closed book -1.03   led   0/255 h0.00 lvl-0.85   -
frame   267 :  an opened book +0.05  a closed book -0.77   led   0/235 h0.04 lvl-0.36   -
frame   268 :  an opened book +0.86  a closed book -0.59   led 115/ 18 h0.70 lvl+0.13   -
frame   269 :  an opened book -0.64  a closed book -1.16   led   0/255 h0.00 lvl-0.90   -
frame   270 :  a closed book +0.26  an opened book -0.29   led   8/151 h0.21 lvl-0.01   -
frame   271 :  a closed book +3.29*  an opened book +2.06*   led 255/  0 h1.00 lvl+2.67   MATCH a closed book (cos -0.087)
frame   272 :  a closed book +2.64*  an opened book +1.02   led 255/  0 h1.00 lvl+1.83   MATCH a closed book (cos -0.090)
frame   273 :  a closed book -1.09  an opened book -2.54   led   0/255 h0.00 lvl-1.82   -
frame   274 :  a closed book +1.07  an opened book +0.83   led 189/  3 h0.87 lvl+0.95   -
frame   275 :  a closed book +1.21  an opened book +0.85   led 246/  0 h0.98 lvl+1.03   -
frame   276 :  a closed book +0.67  an opened book -0.16   led  66/ 46 h0.54 lvl+0.25   -
frame   277 :  a closed book -0.18  an opened book -0.53   led   0/255 h0.00 lvl-0.35   -
frame   278 :  a closed book +1.27*  an opened book +0.25   led 255/  0 h1.00 lvl+0.76   MATCH a closed book (cos -0.098)
frame   279 :  a closed book -0.07  an opened book -1.20   led   0/255 h0.00 lvl-0.64   -
frame   280 :  an opened book +0.89  a closed book +0.88   led 124/ 15 h0.72 lvl+0.88   -
frame   281 :  a closed book +0.06  an opened book -0.47   led   0/228 h0.05 lvl-0.20   -
frame   282 :  a closed book -0.01  an opened book -0.09   led   0/255 h0.00 lvl-0.05   -
frame   283 :  an opened book +1.46*  a closed book +1.26*   led 255/  0 h1.00 lvl+1.36   MATCH an opened book (cos -0.111)
frame   284 :  a closed book -1.16  an opened book -1.31   led   0/255 h0.00 lvl-1.24   -
frame   285 :  a closed book -0.32  an opened book -0.69   led   0/255 h0.00 lvl-0.51   -
frame   286 :  a closed book +0.95  an opened book +0.78   led 143/ 10 h0.77 lvl+0.86   -
frame   287 :  a closed book +0.05  an opened book -0.56   led   0/231 h0.04 lvl-0.25   -
frame   288 :  a closed book +0.79  an opened book +0.34   led  96/ 26 h0.64 lvl+0.57   -
frame   289 :  a closed book -0.50  an opened book -1.20   led   0/255 h0.00 lvl-0.85   -
frame   290 :  a closed book -0.37  an opened book -0.60   led   0/255 h0.00 lvl-0.48   -
frame   291 :  a closed book +0.03  an opened book -0.36   led   0/240 h0.03 lvl-0.16   -
frame   292 :  an opened book +1.93*  a closed book +1.34*   led 255/  0 h1.00 lvl+1.64   MATCH an opened book (cos -0.109)
frame   293 :  a closed book +1.34*  an opened book +0.58   led 255/  0 h1.00 lvl+0.96   MATCH a closed book (cos -0.097)
frame   294 :  an opened book +0.24  a closed book +0.07   led   7/160 h0.19 lvl+0.15   -
frame   295 :  a closed book -0.14  an opened book -0.91   led   0/255 h0.00 lvl-0.52   -
frame   296 :  a closed book +0.49  an opened book -0.31   led  34/ 83 h0.40 lvl+0.09   -
frame   297 :  an opened book -0.04  a closed book -0.06   led   0/255 h0.00 lvl-0.05   -
frame   298 :  a closed book +0.00  an opened book -0.50   led   0/255 h0.00 lvl-0.25   -
frame   299 :  a closed book -0.30  an opened book -0.84   led   0/255 h0.00 lvl-0.57   -
background: after 30 frames (frozen, room spread), this room reads  a closed book -0.105 +-0.0056 (COCO -0.159 +-0.0351)  an opened book -0.116 +-0.0039 (COCO -0.151 +-0.0303)
frame   300 :  a closed book -0.43  an opened book -1.47   led   0/255 h0.00 lvl-0.95   -
frame   301 :  a closed book -0.07  an opened book -0.52   led   0/255 h0.00 lvl-0.30   -
frame   302 :  a closed book -0.08  an opened book -1.13   led   0/255 h0.00 lvl-0.61   -
frame   303 :  an opened book +0.88  a closed book +0.64   led 121/ 16 h0.71 lvl+0.76   -
frame   304 :  a closed book -1.04  an opened book -1.68   led   0/255 h0.00 lvl-1.36   -
frame   305 :  a closed book +0.27  an opened book +0.21   led   9/147 h0.22 lvl+0.24   -
frame   306 :  an opened book +1.03  a closed book +0.89   led 171/  5 h0.83 lvl+0.96   -
frame   307 :  a closed book -0.70  an opened book -0.74   led   0/255 h0.00 lvl-0.72   -
frame   308 :  a closed book +0.60  an opened book +0.28   led  53/ 58 h0.49 lvl+0.44   -
frame   309 :  an opened book -0.19  a closed book -0.35   led   0/255 h0.00 lvl-0.27   -
frame   310 :  a closed book +0.39  an opened book +0.31   led  20/111 h0.31 lvl+0.35   -
frame   311 :  a closed book +1.55*  an opened book +0.77   led 255/  0 h1.00 lvl+1.16   MATCH a closed book (cos -0.096)
frame   312 :  a closed book +0.79  an opened book +0.60   led  96/ 27 h0.64 lvl+0.69   -
frame   313 :  a closed book -1.39  an opened book -1.85   led   0/255 h0.00 lvl-1.62   -
frame   314 :  a closed book +0.16  an opened book +0.11   led   3/187 h0.13 lvl+0.14   -
frame   315 :  a closed book +0.26  an opened book +0.23   led   9/150 h0.21 lvl+0.25   -
frame   316 :  a closed book +0.30  an opened book +0.07   led  12/137 h0.25 lvl+0.18   -
frame   317 :  a closed book +0.67  an opened book +0.66   led  67/ 45 h0.55 lvl+0.67   -
frame   318 :  a closed book -1.03  an opened book -1.38   led   0/255 h0.00 lvl-1.21   -
frame   319 :  a closed book -1.43  an opened book -1.88   led   0/255 h0.00 lvl-1.65   -
frame   320 :  a closed book -0.21  an opened book -1.02   led   0/255 h0.00 lvl-0.61   -
frame   321 :  an opened book -0.02  a closed book -0.02   led   0/255 h0.00 lvl-0.02   -
frame   322 :  a closed book -1.26  an opened book -1.88   led   0/255 h0.00 lvl-1.57   -
frame   323 :  a closed book -0.04  an opened book -0.67   led   0/255 h0.00 lvl-0.35   -
frame   324 :  a closed book +0.23  an opened book +0.09   led   6/162 h0.19 lvl+0.16   -
frame   325 :  an opened book +0.39  a closed book +0.33   led  20/112 h0.31 lvl+0.36   -
frame   326 :  an opened book +1.45*  a closed book +1.06   led 255/  0 h1.00 lvl+1.26   MATCH an opened book (cos -0.111)
frame   327 :  a closed book +1.42*  an opened book +0.94   led 255/  0 h1.00 lvl+1.18   MATCH a closed book (cos -0.097)
frame   328 :  a closed book +0.48  an opened book -0.26   led  32/ 86 h0.39 lvl+0.11   -
frame   329 :  an opened book +1.47*  a closed book +1.32*   led 255/  0 h1.00 lvl+1.40   MATCH an opened book (cos -0.111)
frame   330 :  a closed book +1.10  an opened book +0.42   led 198/  2 h0.89 lvl+0.76   -
frame   331 :  an opened book +0.68  a closed book +0.49   led  70/ 43 h0.56 lvl+0.59   -
frame   332 :  an opened book +0.77  a closed book +0.26   led  91/ 29 h0.63 lvl+0.51   -
frame   333 :  a closed book -1.13  an opened book -1.92   led   0/255 h0.00 lvl-1.53   -
frame   334 :  a closed book +0.39  an opened book +0.32   led  20/111 h0.32 lvl+0.36   -
frame   335 :  a closed book -0.38  an opened book -0.69   led   0/255 h0.00 lvl-0.54   -
frame   336 :  a closed book +0.08  an opened book -0.15   led   1/219 h0.07 lvl-0.03   -
frame   337 :  a closed book +0.25  an opened book -0.41   led   8/154 h0.20 lvl-0.08   -
frame   338 :  a closed book -1.04  an opened book -1.39   led   0/255 h0.00 lvl-1.21   -
frame   339 :  an opened book -0.41  a closed book -0.54   led   0/255 h0.00 lvl-0.48   -
frame   340 :  an opened book +3.10*  a closed book +2.71*   led 255/  0 h1.00 lvl+2.91   MATCH an opened book (cos -0.104)
frame   341 :  an opened book +0.31  a closed book -0.42   led  12/135 h0.25 lvl-0.05   -
frame   342 :  an opened book +0.80  a closed book +0.65   led  98/ 25 h0.65 lvl+0.73   -
frame   343 :  an opened book +0.45  a closed book +0.36   led  28/ 93 h0.37 lvl+0.40   -
frame   344 :  an opened book +1.11  a closed book +0.76   led 204/  1 h0.90 lvl+0.94   -
frame   345 :  an opened book +1.20  a closed book +0.90   led 240/  0 h0.97 lvl+1.05   -
frame   346 :  a closed book +0.28  an opened book +0.17   led   9/146 h0.22 lvl+0.22   -
frame   347 :  a closed book +0.24  an opened book +0.22   led   7/157 h0.20 lvl+0.23   -
frame   348 :  an opened book +0.47  a closed book +0.39   led  31/ 89 h0.38 lvl+0.43   -
frame   349 :  an opened book +1.76*  a closed book +0.89   led 255/  0 h1.00 lvl+1.32   MATCH an opened book (cos -0.110)
frame   350 :  an opened book +1.56*  a closed book +1.49*   led 255/  0 h1.00 lvl+1.53   MATCH an opened book (cos -0.110)
frame   351 :  a closed book +0.09  an opened book -0.28   led   1/214 h0.08 lvl-0.09   -
frame   352 :  an opened book +0.40  a closed book +0.28   led  22/106 h0.33 lvl+0.34   -
frame   353 :  a closed book +0.04  an opened book -0.81   led   0/239 h0.03 lvl-0.39   -
frame   354 :  a closed book -0.85  an opened book -1.39   led   0/255 h0.00 lvl-1.12   -
frame   355 :  a closed book +1.31*  an opened book +0.91   led 255/  0 h1.00 lvl+1.11   MATCH a closed book (cos -0.098)
frame   356 :  a closed book +0.58  an opened book +0.10   led  50/ 62 h0.48 lvl+0.34   -
frame   357 :  an opened book +0.33  a closed book +0.14   led  15/127 h0.27 lvl+0.24   -
frame   358 :  an opened book +0.57  a closed book -0.22   led  47/ 64 h0.47 lvl+0.18   -
frame   359 :  an opened book +2.63*  a closed book +1.72*   led 255/  0 h1.00 lvl+2.18   MATCH an opened book (cos -0.106)
frame   360 :  an opened book +0.70  a closed book +0.42   led  73/ 41 h0.57 lvl+0.56   -
frame   361 :  an opened book +1.81*  a closed book +1.05   led 255/  0 h1.00 lvl+1.43   MATCH an opened book (cos -0.109)
frame   362 :  a closed book -0.57  an opened book -0.68   led   0/255 h0.00 lvl-0.63   -
frame   363 :  an opened book +2.16*  a closed book +1.65*   led 255/  0 h1.00 lvl+1.91   MATCH an opened book (cos -0.108)
frame   364 :  a closed book +1.77*  an opened book +1.70*   led 255/  0 h1.00 lvl+1.73   MATCH a closed book (cos -0.095)
frame   365 :  an opened book +0.24  a closed book -0.13   led   7/157 h0.20 lvl+0.06   -
frame   366 :  an opened book +0.70  a closed book +0.41   led  73/ 41 h0.57 lvl+0.55   -
frame   367 :  a closed book +1.40*  an opened book +1.36*   led 255/  0 h1.00 lvl+1.38   MATCH a closed book (cos -0.097)
frame   368 :  a closed book +0.69  an opened book +0.43   led  72/ 41 h0.56 lvl+0.56   -
frame   369 :  an opened book -0.48  a closed book -1.06   led   0/255 h0.00 lvl-0.77   -
frame   370 :  an opened book +1.11  a closed book +0.44   led 205/  1 h0.91 lvl+0.78   -
frame   371 :  an opened book -0.08  a closed book -0.35   led   0/255 h0.00 lvl-0.22   -
frame   372 :  an opened book +0.33  a closed book +0.19   led  14/130 h0.26 lvl+0.26   -
frame   373 :  an opened book +1.94*  a closed book +1.50*   led 255/  0 h1.00 lvl+1.72   MATCH an opened book (cos -0.109)
frame   374 :  an opened book +0.97  a closed book +0.76   led 150/  9 h0.79 lvl+0.86   -
frame   375 :  a closed book +0.37  an opened book +0.14   led  18/115 h0.30 lvl+0.26   -
frame   376 :  a closed book -0.43  an opened book -0.92   led   0/255 h0.00 lvl-0.67   -
frame   377 :  an opened book -0.10  a closed book -0.34   led   0/255 h0.00 lvl-0.22   -
frame   378 :  an opened book +0.40  a closed book +0.31   led  22/107 h0.33 lvl+0.35   -
frame   379 :  an opened book -0.61  a closed book -0.73   led   0/255 h0.00 lvl-0.67   -
frame   380 :  a closed book -0.37  an opened book -1.09   led   0/255 h0.00 lvl-0.73   -
frame   381 :  an opened book +0.10  a closed book -0.43   led   1/212 h0.08 lvl-0.17   -
frame   382 :  a closed book +0.80  an opened book +0.77   led  99/ 25 h0.65 lvl+0.79   -
frame   383 :  an opened book +0.12  a closed book +0.06   led   2/203 h0.10 lvl+0.09   -
frame   384 :  an opened book -0.94  a closed book -1.14   led   0/255 h0.00 lvl-1.04   -
frame   385 :  a closed book +1.06  an opened book +0.69   led 182/  3 h0.86 lvl+0.87   -
frame   386 :  a closed book -0.72  an opened book -0.93   led   0/255 h0.00 lvl-0.83   -
frame   387 :  an opened book +0.54  a closed book +0.34   led  43/ 70 h0.44 lvl+0.44   -
frame   388 :  an opened book -0.30  a closed book -0.49   led   0/255 h0.00 lvl-0.40   -
frame   389 :  an opened book +2.31*  a closed book +1.93*   led 255/  0 h1.00 lvl+2.12   MATCH an opened book (cos -0.107)
frame   390 :  an opened book +2.05*  a closed book +1.87*   led 255/  0 h1.00 lvl+1.96   MATCH an opened book (cos -0.108)
frame   391 :  an opened book +1.86*  a closed book +1.49*   led 255/  0 h1.00 lvl+1.68   MATCH an opened book (cos -0.109)
frame   392 :  an opened book +0.37  a closed book +0.30   led  18/116 h0.30 lvl+0.34   -
frame   393 :  an opened book +0.10  a closed book -0.24   led   1/212 h0.08 lvl-0.07   -
frame   394 :  an opened book +1.06  a closed book +0.59   led 183/  3 h0.86 lvl+0.82   -
frame   395 :  an opened book +2.08*  a closed book +1.72*   led 255/  0 h1.00 lvl+1.90   MATCH an opened book (cos -0.108)
frame   396 :  a closed book +1.30*  an opened book +0.94   led 255/  0 h1.00 lvl+1.12   MATCH a closed book (cos -0.098)
frame   397 :  an opened book +1.26*  a closed book +1.12   led 255/  0 h1.00 lvl+1.19   MATCH an opened book (cos -0.111)
frame   398 :  an opened book +2.12*  a closed book +1.64*   led 255/  0 h1.00 lvl+1.88   MATCH an opened book (cos -0.108)
frame   399 :  an opened book +1.68*  a closed book +1.09   led 255/  0 h1.00 lvl+1.39   MATCH an opened book (cos -0.110)
background: after 30 frames (frozen, room spread), this room reads  a closed book -0.105 +-0.0056 (COCO -0.159 +-0.0351)  an opened book -0.116 +-0.0039 (COCO -0.151 +-0.0303)
frame   400 :  an opened book +1.50*  a closed book +0.96   led 255/  0 h1.00 lvl+1.23   MATCH an opened book (cos -0.111)
frame   401 :  an opened book +1.99*  a closed book +1.63*   led 255/  0 h1.00 lvl+1.81   MATCH an opened book (cos -0.109)
frame   402 :  an opened book +2.66*  a closed book +2.32*   led 255/  0 h1.00 lvl+2.49   MATCH an opened book (cos -0.106)
frame   403 :  an opened book +3.37*  a closed book +2.67*   led 255/  0 h1.00 lvl+3.02   MATCH an opened book (cos -0.103)
frame   404 :  an opened book +2.37*  a closed book +1.39*   led 255/  0 h1.00 lvl+1.88   MATCH an opened book (cos -0.107)
frame   405 :  an opened book +1.48*  a closed book +1.07   led 255/  0 h1.00 lvl+1.27   MATCH an opened book (cos -0.111)
frame   406 :  an opened book +0.38  a closed book -0.04   led  19/113 h0.31 lvl+0.17   -
frame   407 :  an opened book +1.43*  a closed book +1.11   led 255/  0 h1.00 lvl+1.27   MATCH an opened book (cos -0.111)
frame   408 :  an opened book +1.59*  a closed book +1.34*   led 255/  0 h1.00 lvl+1.46   MATCH an opened book (cos -0.110)
frame   409 :  a closed book +1.36*  an opened book +0.99   led 255/  0 h1.00 lvl+1.17   MATCH a closed book (cos -0.097)
frame   410 :  an opened book +3.76*  a closed book +2.77*   led 255/  0 h1.00 lvl+3.27   MATCH an opened book (cos -0.102)
frame   411 :  an opened book +2.50*  a closed book +1.71*   led 255/  0 h1.00 lvl+2.10   MATCH an opened book (cos -0.107)
frame   412 :  an opened book +2.56*  a closed book +2.04*   led 255/  0 h1.00 lvl+2.30   MATCH an opened book (cos -0.106)
frame   413 :  a closed book +1.61*  an opened book +1.38*   led 255/  0 h1.00 lvl+1.50   MATCH a closed book (cos -0.096)
frame   414 :  an opened book +3.49*  a closed book +3.01*   led 255/  0 h1.00 lvl+3.25   MATCH an opened book (cos -0.103)
frame   415 :  an opened book +0.83  a closed book +0.53   led 108/ 21 h0.68 lvl+0.68   -
frame   416 :  an opened book +2.72*  a closed book +2.24*   led 255/  0 h1.00 lvl+2.48   MATCH an opened book (cos -0.106)
frame   417 :  a closed book +0.48  an opened book +0.39   led  32/ 86 h0.39 lvl+0.44   -
frame   418 :  an opened book +1.81*  a closed book +0.85   led 255/  0 h1.00 lvl+1.33   MATCH an opened book (cos -0.109)
frame   419 :  an opened book +2.66*  a closed book +1.77*   led 255/  0 h1.00 lvl+2.21   MATCH an opened book (cos -0.106)
frame   420 :  a closed book -0.01  an opened book -0.04   led   0/255 h0.00 lvl-0.02   -
frame   421 :  a closed book +1.31*  an opened book +1.18   led 255/  0 h1.00 lvl+1.24   MATCH a closed book (cos -0.098)
frame   422 :  an opened book +2.65*  a closed book +2.56*   led 255/  0 h1.00 lvl+2.61   MATCH an opened book (cos -0.106)
frame   423 :  an opened book +2.05*  a closed book +1.90*   led 255/  0 h1.00 lvl+1.98   MATCH an opened book (cos -0.108)
frame   424 :  an opened book +1.89*  a closed book +1.14   led 255/  0 h1.00 lvl+1.51   MATCH an opened book (cos -0.109)
frame   425 :  an opened book +2.12*  a closed book +1.72*   led 255/  0 h1.00 lvl+1.92   MATCH an opened book (cos -0.108)
frame   426 :  an opened book +2.22*  a closed book +1.13   led 255/  0 h1.00 lvl+1.68   MATCH an opened book (cos -0.108)
frame   427 :  an opened book +1.56*  a closed book +0.93   led 255/  0 h1.00 lvl+1.24   MATCH an opened book (cos -0.110)
frame   428 :  an opened book +0.75  a closed book +0.02   led  85/ 33 h0.61 lvl+0.38   -
frame   429 :  an opened book +0.91  a closed book +0.15   led 132/ 13 h0.74 lvl+0.53   -
frame   430 :  an opened book +1.62*  a closed book +1.16   led 255/  0 h1.00 lvl+1.39   MATCH an opened book (cos -0.110)
frame   431 :  an opened book +1.25*  a closed book +1.00   led 255/  0 h1.00 lvl+1.12   MATCH an opened book (cos -0.111)
frame   432 :  an opened book +2.26*  a closed book +1.69*   led 255/  0 h1.00 lvl+1.97   MATCH an opened book (cos -0.108)
frame   433 :  an opened book +1.33*  a closed book +1.22   led 255/  0 h1.00 lvl+1.27   MATCH an opened book (cos -0.111)
frame   434 :  an opened book +1.99*  a closed book +0.68   led 255/  0 h1.00 lvl+1.34   MATCH an opened book (cos -0.109)
frame   435 :  an opened book +0.67  a closed book +0.39   led  67/ 45 h0.55 lvl+0.53   -
frame   436 :  an opened book +2.19*  a closed book +1.62*   led 255/  0 h1.00 lvl+1.90   MATCH an opened book (cos -0.108)
frame   437 :  an opened book -0.07  a closed book -0.30   led   0/255 h0.00 lvl-0.18   -
frame   438 :  a closed book +1.93*  an opened book +1.69*   led 255/  0 h1.00 lvl+1.81   MATCH a closed book (cos -0.094)
frame   439 :  an opened book +2.67*  a closed book +2.33*   led 255/  0 h1.00 lvl+2.50   MATCH an opened book (cos -0.106)
frame   440 :  an opened book +1.57*  a closed book +1.32*   led 255/  0 h1.00 lvl+1.45   MATCH an opened book (cos -0.110)
frame   441 :  a closed book +1.66*  an opened book +1.57*   led 255/  0 h1.00 lvl+1.62   MATCH a closed book (cos -0.096)
frame   442 :  an opened book +2.73*  a closed book +2.42*   led 255/  0 h1.00 lvl+2.58   MATCH an opened book (cos -0.106)
frame   443 :  an opened book +1.18  a closed book +1.11   led 232/  0 h0.96 lvl+1.15   -
frame   444 :  an opened book +1.79*  a closed book +1.19   led 255/  0 h1.00 lvl+1.49   MATCH an opened book (cos -0.109)
frame   445 :  an opened book +2.68*  a closed book +2.45*   led 255/  0 h1.00 lvl+2.56   MATCH an opened book (cos -0.106)
frame   446 :  an opened book +0.81  a closed book +0.50   led 102/ 24 h0.66 lvl+0.66   -
frame   447 :  an opened book +2.89*  a closed book +2.09*   led 255/  0 h1.00 lvl+2.49   MATCH an opened book (cos -0.105)
frame   448 :  an opened book +1.39*  a closed book +0.98   led 255/  0 h1.00 lvl+1.19   MATCH an opened book (cos -0.111)
frame   449 :  an opened book +1.12  a closed book -0.03   led 207/  1 h0.91 lvl+0.55   -
frame   450 :  an opened book +2.09*  a closed book +1.75*   led 255/  0 h1.00 lvl+1.92   MATCH an opened book (cos -0.108)
frame   451 :  an opened book +0.78  a closed book +0.57   led  93/ 28 h0.63 lvl+0.68   -
frame   452 :  an opened book +2.16*  a closed book +0.94   led 255/  0 h1.00 lvl+1.55   MATCH an opened book (cos -0.108)
frame   453 :  an opened book +0.95  a closed book +0.58   led 144/ 10 h0.77 lvl+0.77   -
frame   454 :  an opened book +1.95*  a closed book +1.29*   led 255/  0 h1.00 lvl+1.62   MATCH an opened book (cos -0.109)
frame   455 :  an opened book +2.15*  a closed book +1.84*   led 255/  0 h1.00 lvl+1.99   MATCH an opened book (cos -0.108)
frame   456 :  an opened book +1.55*  a closed book +0.89   led 255/  0 h1.00 lvl+1.22   MATCH an opened book (cos -0.110)
frame   457 :  an opened book +1.08  a closed book +0.49   led 193/  2 h0.88 lvl+0.79   -
frame   458 :  an opened book +0.52  a closed book -0.48   led  39/ 75 h0.43 lvl+0.02   -
frame   459 :  an opened book +1.99*  a closed book +1.82*   led 255/  0 h1.00 lvl+1.90   MATCH an opened book (cos -0.109)
frame   460 :  an opened book +2.41*  a closed book +1.94*   led 255/  0 h1.00 lvl+2.17   MATCH an opened book (cos -0.107)
frame   461 :  an opened book +1.53*  a closed book +1.39*   led 255/  0 h1.00 lvl+1.46   MATCH an opened book (cos -0.110)
frame   462 :  an opened book +2.51*  a closed book +1.75*   led 255/  0 h1.00 lvl+2.13   MATCH an opened book (cos -0.107)
frame   463 :  a closed book +2.38*  an opened book +2.32*   led 255/  0 h1.00 lvl+2.35   MATCH a closed book (cos -0.092)
frame   464 :  an opened book +1.49*  a closed book +1.07   led 255/  0 h1.00 lvl+1.28   MATCH an opened book (cos -0.111)
frame   465 :  an opened book +0.86  a closed book +0.52   led 115/ 18 h0.70 lvl+0.69   -
frame   466 :  an opened book +1.61*  a closed book +1.54*   led 255/  0 h1.00 lvl+1.57   MATCH an opened book (cos -0.110)
frame   467 :  an opened book +1.53*  a closed book +1.07   led 255/  0 h1.00 lvl+1.30   MATCH an opened book (cos -0.110)
frame   468 :  a closed book +1.12  an opened book +0.98   led 209/  1 h0.91 lvl+1.05   -
frame   469 :  an opened book +1.37*  a closed book +0.41   led 255/  0 h1.00 lvl+0.89   MATCH an opened book (cos -0.111)
frame   470 :  an opened book +1.73*  a closed book +1.44*   led 255/  0 h1.00 lvl+1.58   MATCH an opened book (cos -0.110)
frame   471 :  an opened book +2.61*  a closed book +2.25*   led 255/  0 h1.00 lvl+2.43   MATCH an opened book (cos -0.106)
frame   472 :  an opened book +0.85  a closed book +0.44   led 113/ 19 h0.69 lvl+0.64   -
frame   473 :  an opened book +1.67*  a closed book +1.55*   led 255/  0 h1.00 lvl+1.61   MATCH an opened book (cos -0.110)
frame   474 :  an opened book +0.32  a closed book -0.10   led  13/131 h0.26 lvl+0.11   -
frame   475 :  an opened book +1.76*  a closed book +1.31*   led 255/  0 h1.00 lvl+1.53   MATCH an opened book (cos -0.109)
frame   476 :  an opened book +1.09  a closed book +0.86   led 196/  2 h0.89 lvl+0.98   -
frame   477 :  an opened book +2.24*  a closed book +1.81*   led 255/  0 h1.00 lvl+2.02   MATCH an opened book (cos -0.108)
frame   478 :  an opened book +0.73  a closed book +0.17   led  81/ 35 h0.59 lvl+0.45   -
frame   479 :  an opened book +1.40*  a closed book +0.93   led 255/  0 h1.00 lvl+1.16   MATCH an opened book (cos -0.111)
frame   480 :  an opened book +1.96*  a closed book +1.61*   led 255/  0 h1.00 lvl+1.79   MATCH an opened book (cos -0.109)
frame   481 :  an opened book +1.19  a closed book +0.65   led 239/  0 h0.97 lvl+0.92   -
frame   482 :  a closed book +0.52  an opened book +0.19   led  38/ 77 h0.42 lvl+0.35   -
frame   483 :  an opened book +1.75*  a closed book +1.27*   led 255/  0 h1.00 lvl+1.51   MATCH an opened book (cos -0.110)
frame   484 :  a closed book +1.74*  an opened book +1.52*   led 255/  0 h1.00 lvl+1.63   MATCH a closed book (cos -0.095)
frame   485 :  a closed book +2.03*  an opened book +1.95*   led 255/  0 h1.00 lvl+1.99   MATCH a closed book (cos -0.094)
frame   486 :  an opened book +2.21*  a closed book +1.95*   led 255/  0 h1.00 lvl+2.08   MATCH an opened book (cos -0.108)
frame   487 :  an opened book +1.95*  a closed book +1.60*   led 255/  0 h1.00 lvl+1.77   MATCH an opened book (cos -0.109)
frame   488 :  an opened book +1.85*  a closed book +1.44*   led 255/  0 h1.00 lvl+1.65   MATCH an opened book (cos -0.109)
frame   489 :  an opened book +0.84  a closed book +0.56   led 111/ 20 h0.69 lvl+0.70   -
frame   490 :  an opened book +1.44*  a closed book +0.67   led 255/  0 h1.00 lvl+1.05   MATCH an opened book (cos -0.111)
frame   491 :  an opened book +3.46*  a closed book +2.55*   led 255/  0 h1.00 lvl+3.00   MATCH an opened book (cos -0.103)
frame   492 :  an opened book +2.43*  a closed book +1.90*   led 255/  0 h1.00 lvl+2.16   MATCH an opened book (cos -0.107)
frame   493 :  an opened book +1.60*  a closed book +0.51   led 255/  0 h1.00 lvl+1.06   MATCH an opened book (cos -0.110)
frame   494 :  an opened book +2.15*  a closed book +1.36*   led 255/  0 h1.00 lvl+1.75   MATCH an opened book (cos -0.108)
frame   495 :  an opened book +1.32*  a closed book +0.80   led 255/  0 h1.00 lvl+1.06   MATCH an opened book (cos -0.111)
frame   496 :  an opened book +2.03*  a closed book +1.48*   led 255/  0 h1.00 lvl+1.76   MATCH an opened book (cos -0.108)
frame   497 :  an opened book +1.17  a closed book +1.11   led 227/  0 h0.95 lvl+1.14   -
frame   498 :  a closed book +0.80  an opened book +0.71   led  98/ 26 h0.65 lvl+0.75   -
frame   499 :  a closed book +1.47*  an opened book +1.27*   led 255/  0 h1.00 lvl+1.37   MATCH a closed book (cos -0.097)
background: after 30 frames (frozen, room spread), this room reads  a closed book -0.105 +-0.0056 (COCO -0.159 +-0.0351)  an opened book -0.116 +-0.0039 (COCO -0.151 +-0.0303)
frame   500 :  an opened book -1.19  a closed book -1.80   led   0/255 h0.00 lvl-1.49   -
frame   501 :  an opened book +0.38  a closed book +0.35   led  19/114 h0.31 lvl+0.36   -
frame   502 :  an opened book -0.60  a closed book -1.25   led   0/255 h0.00 lvl-0.92   -
frame   503 :  an opened book -1.30  a closed book -1.59   led   0/255 h0.00 lvl-1.45   -
frame   504 :  a closed book -0.63  an opened book -0.72   led   0/255 h0.00 lvl-0.68   -
frame   505 :  a closed book -0.06  an opened book -0.08   led   0/255 h0.00 lvl-0.07   -
frame   506 :  an opened book -0.41  a closed book -0.52   led   0/255 h0.00 lvl-0.46   -
frame   507 :  an opened book +0.90  a closed book +0.36   led 129/ 14 h0.73 lvl+0.63   -
frame   508 :  an opened book +3.17*  a closed book +1.83*   led 255/  0 h1.00 lvl+2.50   MATCH an opened book (cos -0.104)
frame   509 :  an opened book -0.50  a closed book -0.50   led   0/255 h0.00 lvl-0.50   -
frame   510 :  an opened book +0.85  a closed book +0.37   led 113/ 19 h0.69 lvl+0.61   -
frame   511 :  an opened book +0.91  a closed book +0.67   led 132/ 13 h0.74 lvl+0.79   -
frame   512 :  an opened book +1.23  a closed book +0.13   led 254/  0 h1.00 lvl+0.68   -
frame   513 :  an opened book +1.81*  a closed book +0.92   led 255/  0 h1.00 lvl+1.37   MATCH an opened book (cos -0.109)
frame   514 :  an opened book +1.79*  a closed book +1.58*   led 255/  0 h1.00 lvl+1.69   MATCH an opened book (cos -0.109)
frame   515 :  an opened book +2.68*  a closed book +2.16*   led 255/  0 h1.00 lvl+2.42   MATCH an opened book (cos -0.106)
frame   516 :  an opened book +1.22  a closed book +1.02   led 248/  0 h0.99 lvl+1.12   -
frame   517 :  an opened book +0.90  a closed book +0.65   led 127/ 14 h0.73 lvl+0.77   -
frame   518 :  a closed book +1.52*  an opened book +1.37*   led 255/  0 h1.00 lvl+1.44   MATCH a closed book (cos -0.096)
frame   519 :  an opened book +0.96  a closed book +0.53   led 149/  9 h0.78 lvl+0.75   -
frame   520 :  an opened book +0.84  a closed book +0.81   led 110/ 20 h0.68 lvl+0.82   -
frame   521 :  an opened book +2.22*  a closed book +1.87*   led 255/  0 h1.00 lvl+2.04   MATCH an opened book (cos -0.108)
frame   522 :  a closed book +0.16  an opened book +0.16   led   3/188 h0.13 lvl+0.16   -
frame   523 :  an opened book +1.43*  a closed book +0.61   led 255/  0 h1.00 lvl+1.02   MATCH an opened book (cos -0.111)
frame   524 :  an opened book +1.26*  a closed book +1.09   led 255/  0 h1.00 lvl+1.18   MATCH an opened book (cos -0.111)
frame   525 :  an opened book +0.68  a closed book +0.21   led  69/ 44 h0.55 lvl+0.44   -
frame   526 :  a closed book +1.07  an opened book +1.01   led 188/  3 h0.87 lvl+1.04   -
frame   527 :  an opened book +1.19  a closed book +1.03   led 236/  0 h0.96 lvl+1.11   -
frame   528 :  an opened book +1.07  a closed book +0.77   led 187/  3 h0.87 lvl+0.92   -
frame   529 :  a closed book +0.66  an opened book +0.16   led  65/ 47 h0.54 lvl+0.41   -
frame   530 :  a closed book -0.20  an opened book -0.54   led   0/255 h0.00 lvl-0.37   -
frame   531 :  an opened book +2.28*  a closed book +1.93*   led 255/  0 h1.00 lvl+2.11   MATCH an opened book (cos -0.107)
frame   532 :  an opened book +1.34*  a closed book +0.75   led 255/  0 h1.00 lvl+1.04   MATCH an opened book (cos -0.111)
frame   533 :  an opened book +2.57*  a closed book +1.50*   led 255/  0 h1.00 lvl+2.03   MATCH an opened book (cos -0.106)
frame   534 :  a closed book +1.48*  an opened book +1.28*   led 255/  0 h1.00 lvl+1.38   MATCH a closed book (cos -0.097)
frame   535 :  an opened book -0.96  a closed book -1.34   led   0/255 h0.00 lvl-1.15   -
frame   536 :  an opened book +1.39*  a closed book +1.24*   led 255/  0 h1.00 lvl+1.32   MATCH an opened book (cos -0.111)
frame   537 :  a closed book +0.84  an opened book +0.62   led 111/ 20 h0.68 lvl+0.73   -
frame   538 :  a closed book -0.29  an opened book -0.29   led   0/255 h0.00 lvl-0.29   -
frame   539 :  a closed book +1.78*  an opened book +1.69*   led 255/  0 h1.00 lvl+1.74   MATCH a closed book (cos -0.095)
frame   540 :  an opened book +0.41  a closed book +0.39   led  23/104 h0.34 lvl+0.40   -
frame   541 :  an opened book +1.62*  a closed book +0.77   led 255/  0 h1.00 lvl+1.19   MATCH an opened book (cos -0.110)
frame   542 :  a closed book +0.80  an opened book +0.79   led  98/ 26 h0.65 lvl+0.79   -
frame   543 :  an opened book +0.78  a closed book +0.60   led  95/ 27 h0.64 lvl+0.69   -
frame   544 :  a closed book +0.66  an opened book +0.09   led  64/ 48 h0.53 lvl+0.37   -
frame   545 :  an opened book +0.70  a closed book +0.68   led  73/ 41 h0.57 lvl+0.69   -
frame   546 :  an opened book +0.49  a closed book +0.18   led  34/ 83 h0.40 lvl+0.33   -
frame   547 :  an opened book -0.09  a closed book -0.31   led   0/255 h0.00 lvl-0.20   -
frame   548 :  an opened book +0.53  a closed book -0.35   led  40/ 73 h0.43 lvl+0.09   -
frame   549 :  an opened book +0.68  a closed book +0.26   led  70/ 43 h0.56 lvl+0.47   -
frame   550 :  a closed book +0.01  an opened book -0.10   led   0/251 h0.01 lvl-0.05   -
frame   551 :  an opened book +0.51  a closed book -0.22   led  37/ 78 h0.42 lvl+0.14   -
frame   552 :  an opened book +1.63*  a closed book +1.38*   led 255/  0 h1.00 lvl+1.50   MATCH an opened book (cos -0.110)
frame   553 :  a closed book +0.49  an opened book +0.49   led  34/ 83 h0.40 lvl+0.49   -
frame   554 :  a closed book +1.53*  an opened book +1.39*   led 255/  0 h1.00 lvl+1.46   MATCH a closed book (cos -0.096)
frame   555 :  an opened book +0.82  a closed book +0.48   led 105/ 23 h0.67 lvl+0.65   -
frame   556 :  a closed book -0.03  an opened book -0.13   led   0/255 h0.00 lvl-0.08   -
frame   557 :  an opened book +1.97*  a closed book +1.75*   led 255/  0 h1.00 lvl+1.86   MATCH an opened book (cos -0.109)
frame   558 :  a closed book +0.99  an opened book +0.76   led 159/  7 h0.81 lvl+0.87   -
frame   559 :  an opened book +0.80  a closed book +0.78   led  98/ 25 h0.65 lvl+0.79   -
frame   560 :  an opened book +0.60  a closed book +0.57   led  53/ 58 h0.49 lvl+0.59   -
frame   561 :  an opened book -0.52  a closed book -0.56   led   0/255 h0.00 lvl-0.54   -
frame   562 :  an opened book +2.50*  a closed book +1.66*   led 255/  0 h1.00 lvl+2.08   MATCH an opened book (cos -0.107)
frame   563 :  a closed book +1.37*  an opened book +1.09   led 255/  0 h1.00 lvl+1.23   MATCH a closed book (cos -0.097)
frame   564 :  an opened book +2.52*  a closed book +1.66*   led 255/  0 h1.00 lvl+2.09   MATCH an opened book (cos -0.107)
frame   565 :  a closed book -0.33  an opened book -0.44   led   0/255 h0.00 lvl-0.38   -
frame   566 :  a closed book +1.72*  an opened book +1.51*   led 255/  0 h1.00 lvl+1.62   MATCH a closed book (cos -0.095)
frame   567 :  an opened book +0.09  a closed book -0.11   led   1/216 h0.07 lvl-0.01   -
frame   568 :  an opened book +1.09  a closed book +0.60   led 195/  2 h0.89 lvl+0.84   -
frame   569 :  an opened book +0.74  a closed book +0.62   led  83/ 34 h0.60 lvl+0.68   -
frame   570 :  an opened book +1.73*  a closed book +1.71*   led 255/  0 h1.00 lvl+1.72   MATCH an opened book (cos -0.110)
frame   571 :  an opened book +1.49*  a closed book +1.12   led 255/  0 h1.00 lvl+1.30   MATCH an opened book (cos -0.111)
frame   572 :  a closed book +0.35  an opened book -0.47   led  16/123 h0.28 lvl-0.06   -
frame   573 :  a closed book -0.20  an opened book -0.85   led   0/255 h0.00 lvl-0.52   -
frame   574 :  an opened book +0.60  a closed book +0.39   led  52/ 59 h0.49 lvl+0.49   -
frame   575 :  a closed book -1.05  an opened book -1.37   led   0/255 h0.00 lvl-1.21   -
frame   576 :  an opened book +1.30*  a closed book +1.06   led 255/  0 h1.00 lvl+1.18   MATCH an opened book (cos -0.111)
frame   577 :  an opened book +1.83*  a closed book +1.54*   led 255/  0 h1.00 lvl+1.68   MATCH an opened book (cos -0.109)
frame   578 :  a closed book -0.35  an opened book -0.39   led   0/255 h0.00 lvl-0.37   -
frame   579 :  an opened book -0.06  a closed book -0.76   led   0/255 h0.00 lvl-0.41   -
frame   580 :  an opened book +0.88  a closed book +0.74   led 122/ 16 h0.71 lvl+0.81   -
frame   581 :  an opened book +0.32  a closed book -0.09   led  13/132 h0.26 lvl+0.12   -
frame   582 :  an opened book +1.23  a closed book +0.95   led 254/  0 h1.00 lvl+1.09   -
frame   583 :  an opened book +0.42  a closed book +0.32   led  24/103 h0.34 lvl+0.37   -
frame   584 :  an opened book +1.02  a closed book +0.54   led 168/  5 h0.83 lvl+0.78   -
frame   585 :  a closed book +1.02  an opened book +0.50   led 168/  5 h0.83 lvl+0.76   -
frame   586 :  an opened book +1.95*  a closed book +1.68*   led 255/  0 h1.00 lvl+1.81   MATCH an opened book (cos -0.109)
frame   587 :  a closed book +1.59*  an opened book +1.12   led 255/  0 h1.00 lvl+1.35   MATCH a closed book (cos -0.096)
frame   588 :  a closed book +1.36*  an opened book +0.93   led 255/  0 h1.00 lvl+1.14   MATCH a closed book (cos -0.097)
frame   589 :  a closed book -0.18  an opened book -0.91   led   0/255 h0.00 lvl-0.54   -
frame   590 :  an opened book +0.97  a closed book +0.37   led 151/  8 h0.79 lvl+0.67   -
frame   591 :  an opened book +1.11  a closed book +0.76   led 202/  2 h0.90 lvl+0.93   -
frame   592 :  an opened book +1.88*  a closed book +1.45*   led 255/  0 h1.00 lvl+1.66   MATCH an opened book (cos -0.109)
frame   593 :  an opened book +0.97  a closed book +0.43   led 153/  8 h0.79 lvl+0.70   -
frame   594 :  an opened book +0.77  a closed book +0.76   led  91/ 29 h0.63 lvl+0.77   -
frame   595 :  an opened book +1.40*  a closed book +1.28*   led 255/  0 h1.00 lvl+1.34   MATCH an opened book (cos -0.111)
frame   596 :  a closed book +0.01  an opened book -0.21   led   0/249 h0.01 lvl-0.10   -
frame   597 :  an opened book +2.47*  a closed book +2.01*   led 255/  0 h1.00 lvl+2.24   MATCH an opened book (cos -0.107)
frame   598 :  a closed book +0.45  an opened book -0.00   led  28/ 93 h0.37 lvl+0.23   -
frame   599 :  an opened book +1.72*  a closed book +1.61*   led 255/  0 h1.00 lvl+1.67   MATCH an opened book (cos -0.110)
background: after 30 frames (frozen, room spread), this room reads  a closed book -0.105 +-0.0056 (COCO -0.159 +-0.0351)  an opened book -0.116 +-0.0039 (COCO -0.151 +-0.0303)
frame   600 :  a closed book -0.60  an opened book -0.94   led   0/255 h0.00 lvl-0.77   -
frame   601 :  a closed book +0.97  an opened book +0.68   led 151/  8 h0.79 lvl+0.83   -

stopped   : 602 frames, 602 good, capture overlapped with the compute, configuration C
            602 frames timed, 285 ms/frame mean (capture included)
            268 ms encode + 0 ms waiting for the sensor + 16 ms burst; 295 ms/frame by the clock
            375 ms shutter to LED, arming with 86 ms of compute left
            last frame mean RGB 135 132 135
            camera bus: worst gap 15 us against the 2000 us deadline (#12)
            usb: 0 outages, 0 ms off the bus, 0 re-attaches (#9)
