
=== M9: fpga-open-vocab - describe it, the board spots it ===

clock     : 320 MHz requested; BOOTSEL is reachable for 1.5 s
clock     : 320 MHz system, core 1.25 V
reset     : chip_reset 00010000
            nothing new since the last banner - whatever reset the core left powman alone.
waiting for a bitstream on USB CDC (host/demo.py)
bitstream : 173124 bytes announced, crc32 0a2e9953
bitstream : received intact
configure : configured, CDONE high   CDONE=1 nSTATUS=0
crc       : DMA sniffer, calc=1 out_rev=1 out_inv=1
model     : 9 layers, 512-d embedding, 131072 B/buffer
weights   : 780720 B, crc32=0xF368CC6E  (126 ms to hash)

reference : encoder_fast on the flash test vector  (1583 ms)

link      : probing the wire by running the whole test vector over it
probe     : 3 forward data lines -> 512/512 floats exact, 271 ms
link      : configuration C, 3 forward data lines, 160.0 MHz

camera    : exposure ramp 48 50 51 54 54 56~ 61 69 78 86 92 99 106 110 115 124 129 129 129 129 129
camera    : live 128x128 RGB565, id 0x82, 16.0 MHz, expose 37 ms, read 16 ms, exposure settled after 21 frames
            regs fmt 02 res 00 bri 00 ev 00 wb 00 auto 00 state 26 id 82 fpga 20
            reset gate: polls 425, first state 21, busy yes   defaults polls: ae 0 ag 10 awb 0 wbmode 10
            #33: the auto loops were switched back on 1 time during the ramp
            mean RGB 131 129 129  (tuned camera on a neutral scene: about 115 107 105)

queries   : waiting for a query set on USB CDC (host/demo.py)
queries   : 2 accepted, 512-d, crc ok
            level axis carries 0.95 of one query's swing; most opposed pair +0.810
            scored as z = (cos - background) / std, where the background is this room's
            own mean over its first 30 frames and is then FROZEN - so a thing left in
            shot keeps its score instead of decaying into the furniture. 'N' re-learns
            it, 'H' switches to tracking. The COCO figures below are only the seed for
            frame 0 and the fixed std.
            std is THIS ROOM's, measured over the same 30 frames ('S' switches to COCO's).
            The thresholds below still mean the 90th percentile of a background; the
            background they now mean it against is this room empty, not 5000 COCO photos.
            a closed book        match above z 1.23   (COCO background -0.159 +- 0.035, so cos -0.116)
            an opened book       match above z 1.23   (COCO background -0.151 +- 0.030, so cos -0.114)

loop      : capture, 8 convs on the T8, pool and head, then one cosine per query. 'B' for BOOTSEL, 'R' to restart,
            'P' to dump the next frame for host/cam.py, 'V' to dump its 512 floats for host/caption.py,
            'E' to provoke a fault so D1 shows its fault display, 'H' to freeze/unfreeze the background,
            'S' to switch the spread between this room's and COCO's, 'W' to hang on purpose and see
            the watchdog name the stage, 'C' to stall the camera bus on purpose and see it cost one frame,
            'U' to drop off USB on purpose and watch it come back, 'I' to drop off and refuse to,
            'N' to forget it and learn it again from now. 'P' and 'V' together describe the same frame.
            'O' closes the timing window, prints it and flips the capture between overlapped and serial;
            'D' does the same and flips the trigger between late and at-the-collect, which is #14's A/B.
            'L' freezes exposure and gain, then on a second press the white balance too - which goes green,
            and is the control. A third restores all three. Issue #30, and the one hotkey whose answer depends on when you press it.
            scores are z against this room's background, ranked; '*' means over its threshold.
            '1'..'6' enrol the next 20 frames as that class, and press again on a LATER visit
            to fold a second one in - 2 visits is what makes the enrolment guard mean
            something. Two classes in and the board decides by nearest reference instead of
            by threshold - see M21.
            '0' ENROLS THE EMPTY SCENE the same way, and it is worth a visit: with one, a frame
            is absent when the empty reference is the nearest of the three and no radius is
            involved. Without one the board falls back to the band - absent beyond 2.0 sep
            from every class - which scores 54.6% over 28 benches against the third reference's
            79.1%, because with two queries that band is an interval the empty scene can sit
            inside. #18.
            The first 30 frames set the baseline and it is then frozen, so anything left in
            shot KEEPS its score. Point the camera at the empty scene for those frames.
            Send a new set at any time to re-query - that resets the baseline too.

frame     0 :  a closed book +2.33*  an opened book +1.53*   led 255/  0 h1.00 lvl+1.93   MATCH a closed book (cos -0.078)
frame     1 :  a closed book +0.14  an opened book +0.04   led   2/195 h0.11 lvl+0.09   -
frame     2 :  a closed book +0.05  an opened book -0.03   led   0/233 h0.04 lvl+0.01   -
frame     3 :  an opened book -0.05  a closed book -0.12   led   0/255 h0.00 lvl-0.08   -
frame     4 :  a closed book +0.11  an opened book +0.05   led   1/206 h0.09 lvl+0.08   -
frame     5 :  a closed book +0.14  an opened book +0.07   led   2/196 h0.11 lvl+0.10   -
frame     6 :  a closed book +0.13  an opened book -0.00   led   2/198 h0.11 lvl+0.07   -
frame     7 :  an opened book -0.11  a closed book -0.13   led   0/255 h0.00 lvl-0.12   -
background: after 8 frames (warming up, room spread), this room reads  a closed book -0.074 +-0.0037 (COCO -0.159 +-0.0351)  an opened book -0.104 +-0.0016 (COCO -0.151 +-0.0303)
frame     8 :  an opened book +2.06*  a closed book +0.18   led 255/  0 h1.00 lvl+1.12   MATCH an opened book (cos -0.101)
frame     9 :  a closed book +1.57*  an opened book +1.18   led 255/  0 h1.00 lvl+1.37   MATCH a closed book (cos -0.069)
frame    10 :  an opened book +1.38*  a closed book +1.31*   led 255/  0 h1.00 lvl+1.35   MATCH an opened book (cos -0.101)
frame    11 :  an opened book +1.78*  a closed book +1.31*   led 255/  0 h1.00 lvl+1.54   MATCH an opened book (cos -0.100)
frame    12 :  an opened book +1.66*  a closed book +0.75   led 255/  0 h1.00 lvl+1.21   MATCH an opened book (cos -0.100)
frame    13 :  a closed book -0.39  an opened book -0.91   led   0/255 h0.00 lvl-0.65   -
frame    14 :  an opened book +0.16  a closed book -0.42   led   3/186 h0.13 lvl-0.13   -
frame    15 :  a closed book +0.25  an opened book -0.83   led   8/153 h0.21 lvl-0.29   -
frame    16 :  an opened book +0.17  a closed book -0.67   led   3/185 h0.14 lvl-0.25   -
frame    17 :  a closed book -1.74  an opened book -2.33   led   0/255 h0.00 lvl-2.03   -
frame    18 :  a closed book +1.87*  an opened book +1.82*   led 255/  0 h1.00 lvl+1.85   MATCH a closed book (cos -0.066)
frame    19 :  an opened book -0.02  a closed book -0.30   led   0/255 h0.00 lvl-0.16   -
frame    20 :  a closed book +0.60  an opened book -0.14   led  53/ 58 h0.49 lvl+0.23   -
frame    21 :  a closed book -0.62  an opened book -1.46   led   0/255 h0.00 lvl-1.04   -
frame    22 :  a closed book -1.54  an opened book -2.39   led   0/255 h0.00 lvl-1.96   -
frame    23 :  an opened book +1.33*  a closed book +0.36   led 255/  0 h1.00 lvl+0.84   MATCH an opened book (cos -0.100)
frame    24 :  an opened book -0.54  a closed book -0.99   led   0/255 h0.00 lvl-0.76   -
frame    25 :  a closed book -0.35  an opened book -1.07   led   0/255 h0.00 lvl-0.71   -
frame    26 :  an opened book -2.29  a closed book -2.49   led   0/255 h0.00 lvl-2.39   -
frame    27 :  a closed book +0.44  an opened book -0.15   led  27/ 95 h0.36 lvl+0.15   -
frame    28 :  an opened book -0.74  a closed book -1.11   led   0/255 h0.00 lvl-0.93   -
frame    29 :  a closed book -0.88  an opened book -1.17   led   0/255 h0.00 lvl-1.02   -
frame    30 :  a closed book +0.60  an opened book +0.47   led  52/ 59 h0.48 lvl+0.53   -
frame    31 :  an opened book -0.78  a closed book -0.92   led   0/255 h0.00 lvl-0.85   -
frame    32 :  a closed book -3.54  an opened book -4.37   led   0/255 h0.00 lvl-3.96   -
frame    33 :  a closed book -1.45  an opened book -2.27   led   0/255 h0.00 lvl-1.86   -
frame    34 :  a closed book +0.76  an opened book +0.33   led  88/ 31 h0.62 lvl+0.54   -
frame    35 :  a closed book -0.32  an opened book -0.41   led   0/255 h0.00 lvl-0.37   -
frame    36 :  a closed book -0.88  an opened book -2.36   led   0/255 h0.00 lvl-1.62   -
frame    37 :  an opened book -0.25  a closed book -0.92   led   0/255 h0.00 lvl-0.58   -
frame    38 :  an opened book -0.86  a closed book -0.90   led   0/255 h0.00 lvl-0.88   -
frame    39 :  a closed book -1.40  an opened book -2.30   led   0/255 h0.00 lvl-1.85   -
frame    40 :  an opened book +1.19  a closed book -0.04   led 238/  0 h0.97 lvl+0.58   -
frame    41 :  an opened book -2.36  a closed book -2.38   led   0/255 h0.00 lvl-2.37   -
frame    42 :  a closed book -1.74  an opened book -2.05   led   0/255 h0.00 lvl-1.89   -

camera    : frozen now exposure gain  at frame 43, mean RGB 131 129 132
frame    43 :  a closed book +0.64  an opened book -0.17   led  60/ 51 h0.52 lvl+0.24   -
frame    44 :  a closed book -0.81  an opened book -1.04   led   0/255 h0.00 lvl-0.92   -
frame    45 :  a closed book -0.79  an opened book -0.86   led   0/255 h0.00 lvl-0.82   -
frame    46 :  a closed book -1.20  an opened book -1.86   led   0/255 h0.00 lvl-1.53   -
frame    47 :  an opened book -0.44  a closed book -1.44   led   0/255 h0.00 lvl-0.94   -
frame    48 :  an opened book +0.05  a closed book -0.22   led   0/232 h0.04 lvl-0.08   -
frame    49 :  an opened book +0.28  a closed book -0.32   led  10/144 h0.23 lvl-0.02   -
frame    50 :  a closed book +0.73  an opened book -0.14   led  81/ 35 h0.59 lvl+0.29   -
frame    51 :  an opened book +1.90*  a closed book +0.52   led 255/  0 h1.00 lvl+1.21   MATCH an opened book (cos -0.099)
frame    52 :  a closed book -0.68  an opened book -0.89   led   0/255 h0.00 lvl-0.79   -
frame    53 :  an opened book -1.22  a closed book -1.35   led   0/255 h0.00 lvl-1.29   -
frame    54 :  an opened book -0.58  a closed book -1.02   led   0/255 h0.00 lvl-0.80   -
frame    55 :  an opened book -0.23  a closed book -0.49   led   0/255 h0.00 lvl-0.36   -
frame    56 :  a closed book +1.72*  an opened book +0.83   led 255/  0 h1.00 lvl+1.28   MATCH a closed book (cos -0.067)
frame    57 :  a closed book -0.30  an opened book -1.09   led   0/255 h0.00 lvl-0.69   -
frame    58 :  a closed book -0.05  an opened book -0.13   led   0/255 h0.00 lvl-0.09   -
frame    59 :  an opened book +0.38  a closed book +0.37   led  19/113 h0.31 lvl+0.38   -
frame    60 :  a closed book -0.62  an opened book -1.21   led   0/255 h0.00 lvl-0.91   -
frame    61 :  a closed book -0.23  an opened book -0.83   led   0/255 h0.00 lvl-0.53   -
frame    62 :  a closed book -1.03  an opened book -1.86   led   0/255 h0.00 lvl-1.44   -
frame    63 :  an opened book -1.42  a closed book -2.61   led   0/255 h0.00 lvl-2.01   -
frame    64 :  an opened book +0.11  a closed book -0.07   led   1/207 h0.09 lvl+0.02   -
frame    65 :  an opened book +0.76  a closed book -0.28   led  87/ 31 h0.61 lvl+0.24   -
frame    66 :  a closed book +1.13  an opened book +0.58   led 212/  1 h0.92 lvl+0.86   -
frame    67 :  a closed book +0.24  an opened book +0.18   led   7/159 h0.19 lvl+0.21   -
frame    68 :  an opened book -1.22  a closed book -1.34   led   0/255 h0.00 lvl-1.28   -
frame    69 :  a closed book +0.23  an opened book -0.84   led   6/163 h0.18 lvl-0.31   -
frame    70 :  an opened book -1.65  a closed book -2.47   led   0/255 h0.00 lvl-2.06   -
frame    71 :  a closed book -2.50  an opened book -2.63   led   0/255 h0.00 lvl-2.56   -
frame    72 :  an opened book +0.25  a closed book +0.14   led   8/155 h0.20 lvl+0.19   -
frame    73 :  a closed book -0.84  an opened book -1.48   led   0/255 h0.00 lvl-1.16   -
frame    74 :  a closed book +1.90*  an opened book +1.74*   led 255/  0 h1.00 lvl+1.82   MATCH a closed book (cos -0.066)
frame    75 :  an opened book -0.56  a closed book -0.91   led   0/255 h0.00 lvl-0.73   -
frame    76 :  a closed book +0.05  an opened book -0.30   led   0/234 h0.04 lvl-0.13   -
frame    77 :  an opened book +1.12  a closed book +0.76   led 209/  1 h0.91 lvl+0.94   -
frame    78 :  an opened book +0.94  a closed book +0.44   led 140/ 11 h0.76 lvl+0.69   -
frame    79 :  an opened book +0.36  a closed book -0.06   led  17/118 h0.30 lvl+0.15   -
frame    80 :  a closed book -2.04  an opened book -2.17   led   0/255 h0.00 lvl-2.10   -
frame    81 :  an opened book +1.38*  a closed book +1.10   led 255/  0 h1.00 lvl+1.24   MATCH an opened book (cos -0.100)
frame    82 :  an opened book +1.09  a closed book -0.25   led 196/  2 h0.89 lvl+0.42   -
frame    83 :  an opened book +1.61*  a closed book +1.54*   led 255/  0 h1.00 lvl+1.58   MATCH an opened book (cos -0.100)
frame    84 :  a closed book +1.17  an opened book +0.94   led 228/  0 h0.95 lvl+1.06   -
frame    85 :  a closed book -0.50  an opened book -1.05   led   0/255 h0.00 lvl-0.77   -
frame    86 :  an opened book -0.63  a closed book -0.68   led   0/255 h0.00 lvl-0.66   -
frame    87 :  an opened book -0.73  a closed book -0.80   led   0/255 h0.00 lvl-0.77   -
frame    88 :  a closed book +0.08  an opened book -0.91   led   1/220 h0.07 lvl-0.41   -
frame    89 :  an opened book -2.84  a closed book -3.08   led   0/255 h0.00 lvl-2.96   -
frame    90 :  an opened book +1.36*  a closed book +1.08   led 255/  0 h1.00 lvl+1.22   MATCH an opened book (cos -0.100)
frame    91 :  an opened book +0.83  a closed book +0.60   led 106/ 22 h0.67 lvl+0.71   -
frame    92 :  a closed book -1.49  an opened book -1.90   led   0/255 h0.00 lvl-1.69   -
frame    93 :  a closed book +0.81  an opened book +0.54   led 101/ 24 h0.66 lvl+0.67   -
frame    94 :  a closed book +0.01  an opened book -0.52   led   0/251 h0.01 lvl-0.26   -
frame    95 :  an opened book +0.86  a closed book +0.84   led 117/ 18 h0.70 lvl+0.85   -
frame    96 :  a closed book -0.13  an opened book -1.31   led   0/255 h0.00 lvl-0.72   -
frame    97 :  a closed book -2.33  an opened book -2.34   led   0/255 h0.00 lvl-2.34   -
frame    98 :  a closed book +0.23  an opened book -1.28   led   6/162 h0.19 lvl-0.52   -
frame    99 :  a closed book -0.96  an opened book -1.13   led   0/255 h0.00 lvl-1.05   -
background: after 30 frames (frozen, room spread), this room reads  a closed book -0.074 +-0.0038 (COCO -0.159 +-0.0351)  an opened book -0.104 +-0.0027 (COCO -0.151 +-0.0303)
frame   100 :  a closed book -0.51  an opened book -0.60   led   0/255 h0.00 lvl-0.55   -
frame   101 :  a closed book -0.41  an opened book -0.64   led   0/255 h0.00 lvl-0.53   -
frame   102 :  a closed book -0.12  an opened book -0.78   led   0/255 h0.00 lvl-0.45   -
frame   103 :  an opened book +0.73  a closed book -0.07   led  81/ 35 h0.59 lvl+0.33   -
frame   104 :  an opened book -1.18  a closed book -1.60   led   0/255 h0.00 lvl-1.39   -
frame   105 :  a closed book +0.50  an opened book -0.02   led  35/ 81 h0.41 lvl+0.24   -
frame   106 :  a closed book +0.08  an opened book -0.19   led   1/220 h0.07 lvl-0.05   -
frame   107 :  a closed book -0.13  an opened book -0.19   led   0/255 h0.00 lvl-0.16   -
frame   108 :  a closed book -1.68  an opened book -2.87   led   0/255 h0.00 lvl-2.28   -
frame   109 :  a closed book -1.21  an opened book -2.27   led   0/255 h0.00 lvl-1.74   -
frame   110 :  an opened book +0.50  a closed book +0.46   led  35/ 81 h0.41 lvl+0.48   -
frame   111 :  an opened book +1.69*  a closed book +0.65   led 255/  0 h1.00 lvl+1.17   MATCH an opened book (cos -0.100)
frame   112 :  a closed book +0.17  an opened book -0.15   led   3/183 h0.14 lvl+0.01   -
frame   113 :  a closed book -1.92  an opened book -2.17   led   0/255 h0.00 lvl-2.05   -
frame   114 :  a closed book -0.60  an opened book -0.62   led   0/255 h0.00 lvl-0.61   -
frame   115 :  a closed book -0.69  an opened book -1.03   led   0/255 h0.00 lvl-0.86   -
frame   116 :  an opened book +0.67  a closed book +0.52   led  67/ 45 h0.54 lvl+0.59   -
frame   117 :  a closed book +1.17  an opened book +1.12   led 228/  0 h0.95 lvl+1.14   -
frame   118 :  a closed book -0.53  an opened book -1.35   led   0/255 h0.00 lvl-0.94   -
frame   119 :  an opened book -0.16  a closed book -0.83   led   0/255 h0.00 lvl-0.50   -
frame   120 :  a closed book -0.49  an opened book -0.77   led   0/255 h0.00 lvl-0.63   -
frame   121 :  an opened book +0.98  a closed book +0.54   led 153/  8 h0.79 lvl+0.76   -
frame   122 :  an opened book +1.89*  a closed book +1.20   led 255/  0 h1.00 lvl+1.54   MATCH an opened book (cos -0.099)
frame   123 :  a closed book +0.11  an opened book +0.08   led   1/206 h0.09 lvl+0.10   -
frame   124 :  an opened book -0.45  a closed book -0.52   led   0/255 h0.00 lvl-0.48   -
frame   125 :  a closed book +2.89*  an opened book +1.84*   led 255/  0 h1.00 lvl+2.37   MATCH a closed book (cos -0.062)
frame   126 :  a closed book +0.10  an opened book -1.24   led   1/210 h0.08 lvl-0.57   -
frame   127 :  a closed book -1.14  an opened book -1.28   led   0/255 h0.00 lvl-1.21   -
frame   128 :  an opened book -0.04  a closed book -0.23   led   0/255 h0.00 lvl-0.14   -
frame   129 :  an opened book +1.56*  a closed book +0.78   led 255/  0 h1.00 lvl+1.17   MATCH an opened book (cos -0.100)
frame   130 :  an opened book +0.58  a closed book +0.11   led  49/ 62 h0.47 lvl+0.34   -
frame   131 :  a closed book +0.60  an opened book -0.10   led  53/ 58 h0.49 lvl+0.25   -
frame   132 :  a closed book +0.19  an opened book -0.04   led   4/174 h0.16 lvl+0.08   -
frame   133 :  an opened book +0.74  a closed book +0.70   led  83/ 34 h0.60 lvl+0.72   -
frame   134 :  a closed book +0.88  an opened book +0.74   led 122/ 16 h0.72 lvl+0.81   -
frame   135 :  an opened book +1.08  a closed book +0.43   led 192/  2 h0.88 lvl+0.76   -
frame   136 :  an opened book +0.90  a closed book +0.37   led 130/ 14 h0.74 lvl+0.64   -
frame   137 :  an opened book -0.02  a closed book -0.75   led   0/255 h0.00 lvl-0.39   -
frame   138 :  an opened book -1.09  a closed book -1.26   led   0/255 h0.00 lvl-1.18   -
frame   139 :  a closed book -0.22  an opened book -1.35   led   0/255 h0.00 lvl-0.78   -
frame   140 :  an opened book +1.47*  a closed book +0.86   led 255/  0 h1.00 lvl+1.16   MATCH an opened book (cos -0.100)
frame   141 :  an opened book +0.90  a closed book +0.42   led 129/ 14 h0.73 lvl+0.66   -
frame   142 :  a closed book -1.73  an opened book -2.12   led   0/255 h0.00 lvl-1.93   -
frame   143 :  a closed book +0.03  an opened book -0.54   led   0/242 h0.02 lvl-0.25   -
frame   144 :  a closed book +0.55  an opened book +0.51   led  43/ 70 h0.44 lvl+0.53   -
frame   145 :  an opened book +2.32*  a closed book +1.55*   led 255/  0 h1.00 lvl+1.94   MATCH an opened book (cos -0.098)
frame   146 :  an opened book -1.17  a closed book -1.52   led   0/255 h0.00 lvl-1.34   -
frame   147 :  an opened book -0.19  a closed book -0.63   led   0/255 h0.00 lvl-0.41   -
frame   148 :  an opened book -0.76  a closed book -0.96   led   0/255 h0.00 lvl-0.86   -
frame   149 :  a closed book -0.17  an opened book -0.23   led   0/255 h0.00 lvl-0.20   -
frame   150 :  a closed book -1.39  an opened book -1.53   led   0/255 h0.00 lvl-1.46   -
frame   151 :  a closed book +0.46  an opened book +0.40   led  29/ 91 h0.37 lvl+0.43   -
frame   152 :  a closed book +1.02  an opened book +0.44   led 170/  5 h0.83 lvl+0.73   -
frame   153 :  an opened book -0.79  a closed book -1.34   led   0/255 h0.00 lvl-1.06   -
frame   154 :  a closed book -0.60  an opened book -0.78   led   0/255 h0.00 lvl-0.69   -
frame   155 :  a closed book +1.36*  an opened book +0.38   led 255/  0 h1.00 lvl+0.87   MATCH a closed book (cos -0.068)
frame   156 :  an opened book +0.29  a closed book -0.65   led  11/141 h0.24 lvl-0.18   -
frame   157 :  a closed book +0.88  an opened book +0.74   led 121/ 16 h0.71 lvl+0.81   -
frame   158 :  an opened book -1.18  a closed book -1.69   led   0/255 h0.00 lvl-1.44   -
frame   159 :  a closed book +1.61*  an opened book +1.51*   led 255/  0 h1.00 lvl+1.56   MATCH a closed book (cos -0.067)
frame   160 :  a closed book -1.94  an opened book -2.26   led   0/255 h0.00 lvl-2.10   -
frame   161 :  an opened book +0.91  a closed book +0.63   led 131/ 13 h0.74 lvl+0.77   -
frame   162 :  a closed book -0.81  an opened book -1.05   led   0/255 h0.00 lvl-0.93   -
frame   163 :  an opened book -0.66  a closed book -0.73   led   0/255 h0.00 lvl-0.70   -
frame   164 :  a closed book +0.69  an opened book +0.02   led  73/ 41 h0.56 lvl+0.36   -
frame   165 :  a closed book +0.13  an opened book -0.41   led   2/198 h0.11 lvl-0.14   -
frame   166 :  a closed book +0.50  an opened book +0.43   led  35/ 81 h0.41 lvl+0.46   -
frame   167 :  a closed book -0.66  an opened book -1.37   led   0/255 h0.00 lvl-1.01   -
frame   168 :  an opened book +1.55*  a closed book +1.12   led 255/  0 h1.00 lvl+1.33   MATCH an opened book (cos -0.100)
frame   169 :  a closed book -0.90  an opened book -1.36   led   0/255 h0.00 lvl-1.13   -
frame   170 :  an opened book +1.33*  a closed book +1.18   led 255/  0 h1.00 lvl+1.26   MATCH an opened book (cos -0.101)
frame   171 :  an opened book +0.19  a closed book -0.13   led   4/178 h0.15 lvl+0.03   -
frame   172 :  a closed book +2.06*  an opened book +1.28*   led 255/  0 h1.00 lvl+1.67   MATCH a closed book (cos -0.066)
frame   173 :  a closed book -0.37  an opened book -0.42   led   0/255 h0.00 lvl-0.40   -
frame   174 :  a closed book -0.28  an opened book -1.33   led   0/255 h0.00 lvl-0.80   -
frame   175 :  a closed book -1.00  an opened book -1.69   led   0/255 h0.00 lvl-1.34   -
frame   176 :  an opened book -1.69  a closed book -1.78   led   0/255 h0.00 lvl-1.73   -
frame   177 :  a closed book -0.27  an opened book -1.05   led   0/255 h0.00 lvl-0.66   -
frame   178 :  a closed book -2.23  an opened book -3.12   led   0/255 h0.00 lvl-2.67   -
frame   179 :  a closed book -0.16  an opened book -1.67   led   0/255 h0.00 lvl-0.91   -
frame   180 :  an opened book -0.94  a closed book -1.73   led   0/255 h0.00 lvl-1.34   -
frame   181 :  an opened book +1.05  a closed book +0.81   led 179/  4 h0.85 lvl+0.93   -
frame   182 :  an opened book -0.71  a closed book -1.29   led   0/255 h0.00 lvl-1.00   -
frame   183 :  an opened book -0.69  a closed book -0.87   led   0/255 h0.00 lvl-0.78   -
frame   184 :  a closed book -0.13  an opened book -0.31   led   0/255 h0.00 lvl-0.22   -
frame   185 :  a closed book -1.71  an opened book -2.01   led   0/255 h0.00 lvl-1.86   -
frame   186 :  an opened book +1.13  a closed book +0.29   led 210/  1 h0.92 lvl+0.71   -
frame   187 :  a closed book -2.04  an opened book -2.45   led   0/255 h0.00 lvl-2.25   -
frame   188 :  a closed book -0.87  an opened book -1.20   led   0/255 h0.00 lvl-1.03   -
frame   189 :  an opened book -0.53  a closed book -1.97   led   0/255 h0.00 lvl-1.25   -
frame   190 :  an opened book -1.81  a closed book -2.06   led   0/255 h0.00 lvl-1.93   -
frame   191 :  an opened book -1.21  a closed book -1.36   led   0/255 h0.00 lvl-1.29   -
frame   192 :  an opened book +1.21  a closed book +0.56   led 247/  0 h0.99 lvl+0.88   -
frame   193 :  an opened book +0.31  a closed book -0.07   led  12/136 h0.25 lvl+0.12   -
frame   194 :  a closed book +0.21  an opened book -0.63   led   5/169 h0.17 lvl-0.21   -
frame   195 :  a closed book +1.04  an opened book +0.30   led 175/  4 h0.84 lvl+0.67   -
frame   196 :  a closed book -1.96  an opened book -2.82   led   0/255 h0.00 lvl-2.39   -
frame   197 :  an opened book -1.78  a closed book -2.29   led   0/255 h0.00 lvl-2.03   -
frame   198 :  a closed book -2.40  an opened book -2.79   led   0/255 h0.00 lvl-2.60   -
frame   199 :  an opened book -0.42  a closed book -0.90   led   0/255 h0.00 lvl-0.66   -
background: after 30 frames (frozen, room spread), this room reads  a closed book -0.074 +-0.0038 (COCO -0.159 +-0.0351)  an opened book -0.104 +-0.0027 (COCO -0.151 +-0.0303)
frame   200 :  a closed book -1.00  an opened book -1.59   led   0/255 h0.00 lvl-1.30   -
frame   201 :  a closed book -0.24  an opened book -0.44   led   0/255 h0.00 lvl-0.34   -
frame   202 :  an opened book -2.45  a closed book -2.67   led   0/255 h0.00 lvl-2.56   -
frame   203 :  a closed book -1.43  an opened book -2.03   led   0/255 h0.00 lvl-1.73   -
frame   204 :  an opened book +0.17  a closed book +0.07   led   3/183 h0.14 lvl+0.12   -
frame   205 :  an opened book -0.77  a closed book -0.93   led   0/255 h0.00 lvl-0.85   -
frame   206 :  an opened book -0.70  a closed book -1.20   led   0/255 h0.00 lvl-0.95   -
frame   207 :  an opened book +0.82  a closed book +0.79   led 105/ 23 h0.67 lvl+0.81   -
frame   208 :  an opened book +0.26  a closed book -0.11   led   8/152 h0.21 lvl+0.07   -
frame   209 :  a closed book -0.94  an opened book -1.28   led   0/255 h0.00 lvl-1.11   -
frame   210 :  an opened book -1.45  a closed book -1.47   led   0/255 h0.00 lvl-1.46   -
frame   211 :  a closed book -0.25  an opened book -1.24   led   0/255 h0.00 lvl-0.74   -
frame   212 :  an opened book -0.18  a closed book -0.25   led   0/255 h0.00 lvl-0.22   -
frame   213 :  a closed book -0.39  an opened book -0.94   led   0/255 h0.00 lvl-0.66   -
frame   214 :  a closed book +0.04  an opened book -0.36   led   0/237 h0.03 lvl-0.16   -
frame   215 :  a closed book -1.84  an opened book -1.89   led   0/255 h0.00 lvl-1.86   -
frame   216 :  a closed book -0.86  an opened book -1.62   led   0/255 h0.00 lvl-1.24   -
frame   217 :  a closed book +1.01  an opened book +0.61   led 164/  6 h0.82 lvl+0.81   -
frame   218 :  a closed book +1.60*  an opened book +0.71   led 255/  0 h1.00 lvl+1.16   MATCH a closed book (cos -0.067)
frame   219 :  an opened book -2.60  a closed book -3.07   led   0/255 h0.00 lvl-2.83   -
frame   220 :  a closed book -1.41  an opened book -1.53   led   0/255 h0.00 lvl-1.47   -
frame   221 :  an opened book +0.36  a closed book +0.19   led  17/118 h0.29 lvl+0.28   -
frame   222 :  a closed book -0.69  an opened book -0.90   led   0/255 h0.00 lvl-0.79   -
frame   223 :  a closed book -2.22  an opened book -2.84   led   0/255 h0.00 lvl-2.53   -
frame   224 :  an opened book -0.01  a closed book -0.50   led   0/255 h0.00 lvl-0.25   -
frame   225 :  a closed book +0.57  an opened book +0.56   led  47/ 65 h0.46 lvl+0.57   -
frame   226 :  a closed book +2.19*  an opened book +1.69*   led 255/  0 h1.00 lvl+1.94   MATCH a closed book (cos -0.065)
frame   227 :  a closed book -0.30  an opened book -0.81   led   0/255 h0.00 lvl-0.56   -
frame   228 :  an opened book -2.43  a closed book -2.46   led   0/255 h0.00 lvl-2.45   -
frame   229 :  a closed book +0.03  an opened book -0.31   led   0/241 h0.03 lvl-0.14   -
frame   230 :  an opened book -0.45  a closed book -0.58   led   0/255 h0.00 lvl-0.51   -
frame   231 :  a closed book -1.01  an opened book -2.09   led   0/255 h0.00 lvl-1.55   -
frame   232 :  an opened book -0.77  a closed book -1.35   led   0/255 h0.00 lvl-1.06   -
frame   233 :  a closed book +0.65  an opened book +0.42   led  64/ 48 h0.53 lvl+0.54   -
frame   234 :  a closed book -1.00  an opened book -1.16   led   0/255 h0.00 lvl-1.08   -
frame   235 :  an opened book +0.78  a closed book +0.37   led  95/ 27 h0.64 lvl+0.57   -
frame   236 :  an opened book +1.46*  a closed book +0.58   led 255/  0 h1.00 lvl+1.02   MATCH an opened book (cos -0.100)
frame   237 :  a closed book +0.38  an opened book +0.35   led  19/113 h0.31 lvl+0.36   -
frame   238 :  an opened book -0.38  a closed book -1.23   led   0/255 h0.00 lvl-0.80   -
frame   239 :  an opened book +1.74*  a closed book +1.51*   led 255/  0 h1.00 lvl+1.63   MATCH an opened book (cos -0.099)
frame   240 :  a closed book +2.68*  an opened book +2.47*   led 255/  0 h1.00 lvl+2.58   MATCH a closed book (cos -0.063)
frame   241 :  a closed book -1.47  an opened book -1.87   led   0/255 h0.00 lvl-1.67   -
frame   242 :  an opened book +0.82  a closed book -0.08   led 105/ 23 h0.67 lvl+0.37   -
frame   243 :  an opened book -1.85  a closed book -1.94   led   0/255 h0.00 lvl-1.89   -
frame   244 :  a closed book +0.00  an opened book -0.27   led   0/253 h0.00 lvl-0.14   -
frame   245 :  a closed book -1.57  an opened book -1.74   led   0/255 h0.00 lvl-1.65   -
frame   246 :  a closed book -0.79  an opened book -1.43   led   0/255 h0.00 lvl-1.11   -
frame   247 :  a closed book -1.75  an opened book -2.18   led   0/255 h0.00 lvl-1.97   -
frame   248 :  an opened book +1.16  a closed book +0.03   led 225/  0 h0.94 lvl+0.60   -
frame   249 :  an opened book +0.09  a closed book -0.17   led   1/215 h0.07 lvl-0.04   -
frame   250 :  a closed book -1.97  an opened book -2.12   led   0/255 h0.00 lvl-2.04   -
frame   251 :  a closed book +0.37  an opened book -0.03   led  19/115 h0.30 lvl+0.17   -
frame   252 :  an opened book -2.44  a closed book -2.49   led   0/255 h0.00 lvl-2.46   -
frame   253 :  an opened book -0.94  a closed book -1.58   led   0/255 h0.00 lvl-1.26   -
frame   254 :  a closed book -1.34  an opened book -1.43   led   0/255 h0.00 lvl-1.38   -
frame   255 :  a closed book -0.78  an opened book -1.12   led   0/255 h0.00 lvl-0.95   -
frame   256 :  an opened book -1.23  a closed book -2.27   led   0/255 h0.00 lvl-1.75   -
frame   257 :  a closed book -0.99  an opened book -2.32   led   0/255 h0.00 lvl-1.66   -
frame   258 :  an opened book +0.25  a closed book -0.80   led   7/156 h0.20 lvl-0.28   -
frame   259 :  a closed book +1.27*  an opened book +0.95   led 255/  0 h1.00 lvl+1.11   MATCH a closed book (cos -0.069)
frame   260 :  an opened book +1.36*  a closed book +1.21   led 255/  0 h1.00 lvl+1.29   MATCH an opened book (cos -0.100)
frame   261 :  an opened book +0.38  a closed book -0.76   led  19/114 h0.31 lvl-0.19   -
frame   262 :  an opened book +0.65  a closed book +0.43   led  64/ 48 h0.53 lvl+0.54   -
frame   263 :  a closed book +2.68*  an opened book +1.96*   led 255/  0 h1.00 lvl+2.32   MATCH a closed book (cos -0.063)
frame   264 :  a closed book +0.56  an opened book +0.42   led  45/ 67 h0.45 lvl+0.49   -
frame   265 :  a closed book -1.90  an opened book -2.21   led   0/255 h0.00 lvl-2.06   -
frame   266 :  a closed book +0.41  an opened book +0.00   led  22/105 h0.33 lvl+0.20   -
frame   267 :  an opened book +1.72*  a closed book +0.59   led 255/  0 h1.00 lvl+1.15   MATCH an opened book (cos -0.099)
frame   268 :  a closed book +0.76  an opened book -0.99   led  89/ 31 h0.62 lvl-0.12   -
frame   269 :  a closed book +0.50  an opened book +0.46   led  36/ 80 h0.41 lvl+0.48   -
frame   270 :  an opened book -0.09  a closed book -0.37   led   0/255 h0.00 lvl-0.23   -
frame   271 :  an opened book -1.27  a closed book -1.31   led   0/255 h0.00 lvl-1.29   -
frame   272 :  a closed book +0.24  an opened book -0.34   led   7/158 h0.20 lvl-0.05   -
frame   273 :  a closed book -0.95  an opened book -1.03   led   0/255 h0.00 lvl-0.99   -
frame   274 :  an opened book +0.23  a closed book -1.18   led   7/161 h0.19 lvl-0.47   -
frame   275 :  an opened book +0.94  a closed book +0.86   led 143/ 10 h0.77 lvl+0.90   -
frame   276 :  a closed book -0.09  an opened book -0.58   led   0/255 h0.00 lvl-0.33   -
frame   277 :  an opened book +0.52  a closed book +0.45   led  38/ 76 h0.42 lvl+0.48   -
frame   278 :  a closed book +0.12  an opened book -0.10   led   2/201 h0.10 lvl+0.01   -
frame   279 :  an opened book +0.88  a closed book +0.74   led 122/ 16 h0.71 lvl+0.81   -
frame   280 :  a closed book -0.77  an opened book -0.81   led   0/255 h0.00 lvl-0.79   -
frame   281 :  a closed book -1.80  an opened book -2.84   led   0/255 h0.00 lvl-2.32   -
frame   282 :  an opened book +0.35  a closed book -0.27   led  16/121 h0.29 lvl+0.04   -
frame   283 :  an opened book -1.72  a closed book -2.88   led   0/255 h0.00 lvl-2.30   -
frame   284 :  an opened book -0.53  a closed book -1.46   led   0/255 h0.00 lvl-0.99   -
frame   285 :  an opened book -0.89  a closed book -0.95   led   0/255 h0.00 lvl-0.92   -
frame   286 :  a closed book -1.56  an opened book -2.35   led   0/255 h0.00 lvl-1.96   -
frame   287 :  an opened book +0.60  a closed book -0.58   led  53/ 58 h0.49 lvl+0.01   -
frame   288 :  an opened book -1.81  a closed book -2.75   led   0/255 h0.00 lvl-2.28   -
frame   289 :  an opened book -0.67  a closed book -1.76   led   0/255 h0.00 lvl-1.22   -
frame   290 :  a closed book -2.09  an opened book -2.86   led   0/255 h0.00 lvl-2.48   -
frame   291 :  an opened book +0.62  a closed book -1.24   led  57/ 54 h0.51 lvl-0.31   -
frame   292 :  a closed book -1.97  an opened book -2.58   led   0/255 h0.00 lvl-2.28   -
frame   293 :  a closed book +0.43  an opened book +0.23   led  25/ 99 h0.35 lvl+0.33   -
frame   294 :  an opened book -1.15  a closed book -1.48   led   0/255 h0.00 lvl-1.31   -
frame   295 :  a closed book +0.45  an opened book +0.44   led  28/ 93 h0.37 lvl+0.44   -
frame   296 :  an opened book +0.67  a closed book +0.47   led  68/ 44 h0.55 lvl+0.57   -
frame   297 :  an opened book +0.85  a closed book +0.57   led 113/ 19 h0.69 lvl+0.71   -
frame   298 :  an opened book -1.38  a closed book -2.10   led   0/255 h0.00 lvl-1.74   -
frame   299 :  a closed book -1.17  an opened book -1.82   led   0/255 h0.00 lvl-1.50   -
background: after 30 frames (frozen, room spread), this room reads  a closed book -0.074 +-0.0038 (COCO -0.159 +-0.0351)  an opened book -0.104 +-0.0027 (COCO -0.151 +-0.0303)
frame   300 :  an opened book -0.49  a closed book -0.72   led   0/255 h0.00 lvl-0.60   -
frame   301 :  an opened book -3.02  a closed book -3.38   led   0/255 h0.00 lvl-3.20   -
frame   302 :  an opened book -4.42  a closed book -5.05   led   0/255 h0.00 lvl-4.74   -
frame   303 :  a closed book -7.34  an opened book -8.14   led   0/255 h0.00 lvl-7.74   -
frame   304 :  an opened book -3.87  a closed book -4.04   led   0/255 h0.00 lvl-3.96   -
frame   305 :  a closed book -9.34  an opened book -9.73   led   0/255 h0.00 lvl-9.54   -
frame   306 :  an opened book -3.17  a closed book -7.79   led   0/255 h0.00 lvl-5.48   -
frame   307 :  an opened book -3.86  a closed book -8.22   led   0/255 h0.00 lvl-6.04   -
frame   308 :  an opened book -5.52  a closed book -9.29   led   0/255 h0.00 lvl-7.40   -
frame   309 :  an opened book -4.68  a closed book -7.54   led   0/255 h0.00 lvl-6.11   -
frame   310 :  an opened book -4.20  a closed book -5.20   led   0/255 h0.00 lvl-4.70   -
frame   311 :  an opened book -2.71  a closed book -3.69   led   0/255 h0.00 lvl-3.20   -
frame   312 :  a closed book -4.98  an opened book -5.22   led   0/255 h0.00 lvl-5.10   -
frame   313 :  an opened book -2.95  a closed book -5.52   led   0/255 h0.00 lvl-4.23   -
frame   314 :  an opened book -3.95  a closed book -6.94   led   0/255 h0.00 lvl-5.45   -
frame   315 :  an opened book -4.22  a closed book -7.18   led   0/255 h0.00 lvl-5.70   -
frame   316 :  an opened book -2.21  a closed book -6.01   led   0/255 h0.00 lvl-4.11   -
frame   317 :  an opened book -4.83  a closed book -6.42   led   0/255 h0.00 lvl-5.62   -
frame   318 :  an opened book -3.08  a closed book -5.60   led   0/255 h0.00 lvl-4.34   -
frame   319 :  an opened book -3.55  a closed book -5.75   led   0/255 h0.00 lvl-4.65   -
frame   320 :  an opened book -2.60  a closed book -5.90   led   0/255 h0.00 lvl-4.25   -
frame   321 :  an opened book -6.23  a closed book -7.08   led   0/255 h0.00 lvl-6.66   -
frame   322 :  an opened book -3.78  a closed book -5.84   led   0/255 h0.00 lvl-4.81   -
frame   323 :  an opened book -2.75  a closed book -5.59   led   0/255 h0.00 lvl-4.17   -
frame   324 :  an opened book -3.82  a closed book -6.47   led   0/255 h0.00 lvl-5.15   -
frame   325 :  an opened book -0.78  a closed book -4.55   led   0/255 h0.00 lvl-2.66   -
frame   326 :  an opened book -4.90  a closed book -7.10   led   0/255 h0.00 lvl-6.00   -
frame   327 :  an opened book -2.97  a closed book -6.84   led   0/255 h0.00 lvl-4.90   -
frame   328 :  an opened book -3.46  a closed book -7.39   led   0/255 h0.00 lvl-5.42   -
frame   329 :  an opened book -6.54  a closed book -9.17   led   0/255 h0.00 lvl-7.86   -
frame   330 :  an opened book -3.48  a closed book -7.58   led   0/255 h0.00 lvl-5.53   -
frame   331 :  an opened book -4.28  a closed book -7.10   led   0/255 h0.00 lvl-5.69   -
frame   332 :  an opened book -1.64  a closed book -4.39   led   0/255 h0.00 lvl-3.01   -
frame   333 :  an opened book -4.35  a closed book -4.98   led   0/255 h0.00 lvl-4.67   -
frame   334 :  an opened book -3.92  a closed book -6.88   led   0/255 h0.00 lvl-5.40   -
frame   335 :  an opened book -2.71  a closed book -5.84   led   0/255 h0.00 lvl-4.28   -
frame   336 :  an opened book -2.87  a closed book -5.58   led   0/255 h0.00 lvl-4.23   -
frame   337 :  an opened book -0.87  a closed book -3.02   led   0/255 h0.00 lvl-1.95   -
frame   338 :  a closed book -4.02  an opened book -4.08   led   0/255 h0.00 lvl-4.05   -
frame   339 :  a closed book -3.13  an opened book -3.51   led   0/255 h0.00 lvl-3.32   -
frame   340 :  an opened book -3.40  a closed book -4.95   led   0/255 h0.00 lvl-4.18   -
frame   341 :  an opened book -1.61  a closed book -4.88   led   0/255 h0.00 lvl-3.24   -
frame   342 :  an opened book -2.80  a closed book -5.59   led   0/255 h0.00 lvl-4.20   -
frame   343 :  an opened book -2.09  a closed book -3.47   led   0/255 h0.00 lvl-2.78   -
frame   344 :  an opened book -2.71  a closed book -4.93   led   0/255 h0.00 lvl-3.82   -
frame   345 :  an opened book -2.64  a closed book -4.47   led   0/255 h0.00 lvl-3.55   -
frame   346 :  an opened book -3.32  a closed book -5.70   led   0/255 h0.00 lvl-4.51   -
frame   347 :  an opened book -3.78  a closed book -4.25   led   0/255 h0.00 lvl-4.02   -
frame   348 :  an opened book -2.93  a closed book -5.33   led   0/255 h0.00 lvl-4.13   -
frame   349 :  an opened book -2.60  a closed book -3.65   led   0/255 h0.00 lvl-3.13   -
frame   350 :  an opened book -5.20  a closed book -6.50   led   0/255 h0.00 lvl-5.85   -
frame   351 :  an opened book -3.46  a closed book -6.02   led   0/255 h0.00 lvl-4.74   -
frame   352 :  an opened book -2.91  a closed book -4.77   led   0/255 h0.00 lvl-3.84   -
frame   353 :  an opened book -5.75  a closed book -6.87   led   0/255 h0.00 lvl-6.31   -
frame   354 :  an opened book -1.89  a closed book -4.69   led   0/255 h0.00 lvl-3.29   -
frame   355 :  an opened book -1.35  a closed book -3.72   led   0/255 h0.00 lvl-2.53   -
frame   356 :  an opened book -3.52  a closed book -6.24   led   0/255 h0.00 lvl-4.88   -
frame   357 :  an opened book -3.30  a closed book -5.70   led   0/255 h0.00 lvl-4.50   -
frame   358 :  an opened book -3.76  a closed book -4.48   led   0/255 h0.00 lvl-4.12   -
frame   359 :  an opened book -1.75  a closed book -4.39   led   0/255 h0.00 lvl-3.07   -
frame   360 :  an opened book -3.07  a closed book -4.93   led   0/255 h0.00 lvl-4.00   -
frame   361 :  an opened book -3.69  a closed book -4.50   led   0/255 h0.00 lvl-4.09   -
frame   362 :  an opened book -3.60  a closed book -4.89   led   0/255 h0.00 lvl-4.25   -
frame   363 :  an opened book -1.16  a closed book -4.39   led   0/255 h0.00 lvl-2.78   -
frame   364 :  an opened book -4.09  a closed book -6.79   led   0/255 h0.00 lvl-5.44   -
frame   365 :  an opened book -5.87  a closed book -7.58   led   0/255 h0.00 lvl-6.72   -
frame   366 :  an opened book -4.34  a closed book -6.82   led   0/255 h0.00 lvl-5.58   -
frame   367 :  an opened book -3.72  a closed book -5.92   led   0/255 h0.00 lvl-4.82   -
frame   368 :  an opened book -4.37  a closed book -6.53   led   0/255 h0.00 lvl-5.45   -
frame   369 :  an opened book -4.93  a closed book -7.16   led   0/255 h0.00 lvl-6.05   -
frame   370 :  an opened book -3.71  a closed book -5.68   led   0/255 h0.00 lvl-4.70   -
frame   371 :  an opened book -4.75  a closed book -6.97   led   0/255 h0.00 lvl-5.86   -
frame   372 :  an opened book -4.11  a closed book -6.32   led   0/255 h0.00 lvl-5.21   -
frame   373 :  an opened book -1.68  a closed book -3.11   led   0/255 h0.00 lvl-2.39   -
frame   374 :  an opened book -1.52  a closed book -4.10   led   0/255 h0.00 lvl-2.81   -
frame   375 :  an opened book -2.11  a closed book -3.83   led   0/255 h0.00 lvl-2.97   -
frame   376 :  an opened book -2.81  a closed book -5.09   led   0/255 h0.00 lvl-3.95   -
frame   377 :  an opened book -3.21  a closed book -4.57   led   0/255 h0.00 lvl-3.89   -
frame   378 :  an opened book -1.19  a closed book -3.67   led   0/255 h0.00 lvl-2.43   -
frame   379 :  an opened book -3.40  a closed book -5.67   led   0/255 h0.00 lvl-4.54   -
frame   380 :  an opened book -4.42  a closed book -6.69   led   0/255 h0.00 lvl-5.56   -
frame   381 :  an opened book -2.54  a closed book -4.17   led   0/255 h0.00 lvl-3.35   -
frame   382 :  an opened book -2.32  a closed book -3.65   led   0/255 h0.00 lvl-2.98   -
frame   383 :  an opened book -5.11  a closed book -7.46   led   0/255 h0.00 lvl-6.28   -
frame   384 :  an opened book -3.96  a closed book -6.57   led   0/255 h0.00 lvl-5.27   -
frame   385 :  an opened book -3.17  a closed book -5.51   led   0/255 h0.00 lvl-4.34   -
frame   386 :  an opened book -3.57  a closed book -6.00   led   0/255 h0.00 lvl-4.79   -
frame   387 :  an opened book -4.05  a closed book -5.98   led   0/255 h0.00 lvl-5.01   -
frame   388 :  an opened book -2.90  a closed book -5.22   led   0/255 h0.00 lvl-4.06   -
frame   389 :  an opened book -3.16  a closed book -5.53   led   0/255 h0.00 lvl-4.35   -
frame   390 :  an opened book -4.07  a closed book -5.73   led   0/255 h0.00 lvl-4.90   -
frame   391 :  an opened book -2.58  a closed book -4.58   led   0/255 h0.00 lvl-3.58   -
frame   392 :  an opened book -2.69  a closed book -4.36   led   0/255 h0.00 lvl-3.52   -
frame   393 :  an opened book -1.16  a closed book -3.66   led   0/255 h0.00 lvl-2.41   -
frame   394 :  an opened book -3.33  a closed book -5.65   led   0/255 h0.00 lvl-4.49   -
frame   395 :  an opened book -3.79  a closed book -5.25   led   0/255 h0.00 lvl-4.52   -
frame   396 :  an opened book -4.90  a closed book -6.21   led   0/255 h0.00 lvl-5.55   -
frame   397 :  an opened book -1.47  a closed book -3.92   led   0/255 h0.00 lvl-2.69   -
frame   398 :  an opened book -1.76  a closed book -2.75   led   0/255 h0.00 lvl-2.25   -
frame   399 :  an opened book -2.25  a closed book -3.25   led   0/255 h0.00 lvl-2.75   -
background: after 30 frames (frozen, room spread), this room reads  a closed book -0.074 +-0.0038 (COCO -0.159 +-0.0351)  an opened book -0.104 +-0.0027 (COCO -0.151 +-0.0303)
frame   400 :  an opened book -3.05  a closed book -4.55   led   0/255 h0.00 lvl-3.80   -
frame   401 :  an opened book -4.22  a closed book -4.41   led   0/255 h0.00 lvl-4.32   -
frame   402 :  an opened book -2.56  a closed book -3.46   led   0/255 h0.00 lvl-3.01   -
frame   403 :  an opened book -3.46  a closed book -4.92   led   0/255 h0.00 lvl-4.19   -
frame   404 :  an opened book -1.40  a closed book -2.99   led   0/255 h0.00 lvl-2.20   -
frame   405 :  an opened book -2.64  a closed book -4.60   led   0/255 h0.00 lvl-3.62   -
frame   406 :  an opened book -2.87  a closed book -4.59   led   0/255 h0.00 lvl-3.73   -
frame   407 :  an opened book -1.94  a closed book -2.49   led   0/255 h0.00 lvl-2.22   -
frame   408 :  an opened book -1.26  a closed book -2.83   led   0/255 h0.00 lvl-2.05   -
frame   409 :  an opened book -3.60  a closed book -4.46   led   0/255 h0.00 lvl-4.03   -
frame   410 :  a closed book -2.67  an opened book -2.85   led   0/255 h0.00 lvl-2.76   -
frame   411 :  an opened book -0.78  a closed book -2.49   led   0/255 h0.00 lvl-1.64   -
frame   412 :  an opened book -3.40  a closed book -4.50   led   0/255 h0.00 lvl-3.95   -
frame   413 :  an opened book -4.44  a closed book -6.85   led   0/255 h0.00 lvl-5.65   -
frame   414 :  an opened book -3.60  a closed book -6.48   led   0/255 h0.00 lvl-5.04   -
frame   415 :  an opened book -1.24  a closed book -3.79   led   0/255 h0.00 lvl-2.52   -
frame   416 :  an opened book -3.84  a closed book -5.99   led   0/255 h0.00 lvl-4.92   -
frame   417 :  an opened book -3.08  a closed book -5.26   led   0/255 h0.00 lvl-4.17   -
frame   418 :  an opened book -4.46  a closed book -6.72   led   0/255 h0.00 lvl-5.59   -
frame   419 :  an opened book -2.79  a closed book -4.89   led   0/255 h0.00 lvl-3.84   -
frame   420 :  an opened book -3.40  a closed book -4.51   led   0/255 h0.00 lvl-3.96   -
frame   421 :  an opened book -3.57  a closed book -6.37   led   0/255 h0.00 lvl-4.97   -
frame   422 :  an opened book -1.57  a closed book -3.71   led   0/255 h0.00 lvl-2.64   -
frame   423 :  an opened book -3.31  a closed book -5.14   led   0/255 h0.00 lvl-4.22   -
frame   424 :  an opened book -2.19  a closed book -3.86   led   0/255 h0.00 lvl-3.02   -
frame   425 :  an opened book -2.60  a closed book -4.75   led   0/255 h0.00 lvl-3.67   -
frame   426 :  an opened book -1.74  a closed book -5.12   led   0/255 h0.00 lvl-3.43   -
frame   427 :  an opened book -1.47  a closed book -4.49   led   0/255 h0.00 lvl-2.98   -
frame   428 :  an opened book -2.73  a closed book -5.08   led   0/255 h0.00 lvl-3.91   -
frame   429 :  an opened book -1.82  a closed book -4.69   led   0/255 h0.00 lvl-3.25   -
frame   430 :  an opened book -2.10  a closed book -4.96   led   0/255 h0.00 lvl-3.53   -
frame   431 :  an opened book -1.77  a closed book -4.80   led   0/255 h0.00 lvl-3.29   -
frame   432 :  an opened book -3.07  a closed book -5.82   led   0/255 h0.00 lvl-4.44   -
frame   433 :  an opened book -4.23  a closed book -6.54   led   0/255 h0.00 lvl-5.38   -
frame   434 :  an opened book -0.75  a closed book -3.28   led   0/255 h0.00 lvl-2.01   -
frame   435 :  an opened book -3.25  a closed book -5.68   led   0/255 h0.00 lvl-4.46   -
frame   436 :  an opened book -3.62  a closed book -6.01   led   0/255 h0.00 lvl-4.82   -
frame   437 :  an opened book -2.17  a closed book -5.36   led   0/255 h0.00 lvl-3.76   -
frame   438 :  an opened book -3.99  a closed book -6.21   led   0/255 h0.00 lvl-5.10   -
frame   439 :  an opened book -4.22  a closed book -7.18   led   0/255 h0.00 lvl-5.70   -
frame   440 :  an opened book -3.93  a closed book -7.11   led   0/255 h0.00 lvl-5.52   -
frame   441 :  an opened book -3.89  a closed book -6.53   led   0/255 h0.00 lvl-5.21   -
frame   442 :  an opened book -3.66  a closed book -5.59   led   0/255 h0.00 lvl-4.62   -
frame   443 :  an opened book -3.44  a closed book -5.14   led   0/255 h0.00 lvl-4.29   -
frame   444 :  an opened book -2.34  a closed book -5.31   led   0/255 h0.00 lvl-3.83   -
frame   445 :  an opened book -5.64  a closed book -7.34   led   0/255 h0.00 lvl-6.49   -
frame   446 :  an opened book -5.23  a closed book -7.46   led   0/255 h0.00 lvl-6.35   -
frame   447 :  an opened book -3.37  a closed book -6.24   led   0/255 h0.00 lvl-4.81   -
frame   448 :  an opened book -3.94  a closed book -6.17   led   0/255 h0.00 lvl-5.05   -
frame   449 :  an opened book -2.68  a closed book -4.86   led   0/255 h0.00 lvl-3.77   -
frame   450 :  an opened book -3.14  a closed book -5.41   led   0/255 h0.00 lvl-4.28   -
frame   451 :  an opened book -1.84  a closed book -4.64   led   0/255 h0.00 lvl-3.24   -
frame   452 :  an opened book -5.23  a closed book -7.01   led   0/255 h0.00 lvl-6.12   -
frame   453 :  an opened book -3.78  a closed book -6.33   led   0/255 h0.00 lvl-5.06   -
frame   454 :  an opened book -1.28  a closed book -5.18   led   0/255 h0.00 lvl-3.23   -
frame   455 :  an opened book -5.45  a closed book -7.09   led   0/255 h0.00 lvl-6.27   -
frame   456 :  an opened book -3.30  a closed book -6.02   led   0/255 h0.00 lvl-4.66   -
frame   457 :  an opened book -2.72  a closed book -5.35   led   0/255 h0.00 lvl-4.03   -
frame   458 :  an opened book -3.62  a closed book -6.81   led   0/255 h0.00 lvl-5.21   -
frame   459 :  an opened book -1.85  a closed book -5.24   led   0/255 h0.00 lvl-3.54   -
frame   460 :  an opened book -1.57  a closed book -4.71   led   0/255 h0.00 lvl-3.14   -
frame   461 :  an opened book -4.25  a closed book -6.19   led   0/255 h0.00 lvl-5.22   -
frame   462 :  an opened book -4.14  a closed book -6.16   led   0/255 h0.00 lvl-5.15   -
frame   463 :  an opened book -1.20  a closed book -4.29   led   0/255 h0.00 lvl-2.74   -
frame   464 :  an opened book -1.96  a closed book -4.91   led   0/255 h0.00 lvl-3.43   -
frame   465 :  an opened book -3.10  a closed book -5.90   led   0/255 h0.00 lvl-4.50   -
frame   466 :  an opened book -1.44  a closed book -4.49   led   0/255 h0.00 lvl-2.96   -
frame   467 :  an opened book -1.79  a closed book -4.96   led   0/255 h0.00 lvl-3.38   -
frame   468 :  an opened book -3.46  a closed book -5.93   led   0/255 h0.00 lvl-4.70   -
frame   469 :  an opened book -2.22  a closed book -4.57   led   0/255 h0.00 lvl-3.40   -
frame   470 :  an opened book -2.63  a closed book -5.30   led   0/255 h0.00 lvl-3.97   -
frame   471 :  an opened book -1.91  a closed book -4.96   led   0/255 h0.00 lvl-3.43   -
frame   472 :  an opened book -4.19  a closed book -6.86   led   0/255 h0.00 lvl-5.53   -
frame   473 :  an opened book -4.93  a closed book -7.63   led   0/255 h0.00 lvl-6.28   -
frame   474 :  an opened book -2.39  a closed book -5.85   led   0/255 h0.00 lvl-4.12   -
frame   475 :  an opened book -3.95  a closed book -6.76   led   0/255 h0.00 lvl-5.36   -
frame   476 :  an opened book -3.81  a closed book -6.37   led   0/255 h0.00 lvl-5.09   -
frame   477 :  an opened book -4.21  a closed book -6.93   led   0/255 h0.00 lvl-5.57   -
frame   478 :  an opened book -5.75  a closed book -8.42   led   0/255 h0.00 lvl-7.09   -
frame   479 :  an opened book -4.38  a closed book -7.24   led   0/255 h0.00 lvl-5.81   -
frame   480 :  an opened book -3.58  a closed book -5.76   led   0/255 h0.00 lvl-4.67   -
frame   481 :  an opened book -2.79  a closed book -6.20   led   0/255 h0.00 lvl-4.50   -
frame   482 :  an opened book -5.79  a closed book -7.79   led   0/255 h0.00 lvl-6.79   -
frame   483 :  an opened book -4.01  a closed book -6.60   led   0/255 h0.00 lvl-5.31   -
frame   484 :  an opened book -2.24  a closed book -5.49   led   0/255 h0.00 lvl-3.87   -
frame   485 :  an opened book -4.25  a closed book -6.94   led   0/255 h0.00 lvl-5.60   -
frame   486 :  an opened book -4.69  a closed book -7.50   led   0/255 h0.00 lvl-6.10   -
frame   487 :  an opened book -3.37  a closed book -5.54   led   0/255 h0.00 lvl-4.45   -
frame   488 :  an opened book -0.35  a closed book -3.95   led   0/255 h0.00 lvl-2.15   -
frame   489 :  an opened book -1.65  a closed book -4.51   led   0/255 h0.00 lvl-3.08   -
frame   490 :  an opened book -2.82  a closed book -4.97   led   0/255 h0.00 lvl-3.89   -
frame   491 :  an opened book -3.10  a closed book -5.11   led   0/255 h0.00 lvl-4.11   -
frame   492 :  an opened book -1.27  a closed book -4.19   led   0/255 h0.00 lvl-2.73   -
frame   493 :  an opened book -2.48  a closed book -5.77   led   0/255 h0.00 lvl-4.13   -
frame   494 :  an opened book -4.09  a closed book -7.48   led   0/255 h0.00 lvl-5.79   -
frame   495 :  an opened book -3.77  a closed book -6.62   led   0/255 h0.00 lvl-5.19   -
frame   496 :  an opened book -4.74  a closed book -7.05   led   0/255 h0.00 lvl-5.89   -
frame   497 :  an opened book -3.31  a closed book -6.51   led   0/255 h0.00 lvl-4.91   -
frame   498 :  an opened book -4.25  a closed book -6.00   led   0/255 h0.00 lvl-5.12   -
frame   499 :  an opened book -2.31  a closed book -5.71   led   0/255 h0.00 lvl-4.01   -
background: after 30 frames (frozen, room spread), this room reads  a closed book -0.074 +-0.0038 (COCO -0.159 +-0.0351)  an opened book -0.104 +-0.0027 (COCO -0.151 +-0.0303)
frame   500 :  an opened book -3.90  a closed book -6.81   led   0/255 h0.00 lvl-5.35   -
frame   501 :  an opened book -3.82  a closed book -5.78   led   0/255 h0.00 lvl-4.80   -
frame   502 :  an opened book -2.58  a closed book -5.79   led   0/255 h0.00 lvl-4.19   -
frame   503 :  an opened book -1.32  a closed book -5.23   led   0/255 h0.00 lvl-3.27   -
frame   504 :  an opened book -1.70  a closed book -5.04   led   0/255 h0.00 lvl-3.37   -
frame   505 :  an opened book -3.33  a closed book -5.10   led   0/255 h0.00 lvl-4.22   -
frame   506 :  an opened book -2.71  a closed book -5.19   led   0/255 h0.00 lvl-3.95   -
frame   507 :  an opened book -3.53  a closed book -6.36   led   0/255 h0.00 lvl-4.94   -
frame   508 :  an opened book -4.60  a closed book -7.23   led   0/255 h0.00 lvl-5.91   -
frame   509 :  an opened book -4.07  a closed book -5.00   led   0/255 h0.00 lvl-4.53   -
frame   510 :  an opened book -1.36  a closed book -4.22   led   0/255 h0.00 lvl-2.79   -
frame   511 :  an opened book -2.28  a closed book -4.63   led   0/255 h0.00 lvl-3.46   -
frame   512 :  an opened book -3.71  a closed book -6.11   led   0/255 h0.00 lvl-4.91   -
frame   513 :  an opened book -3.65  a closed book -6.43   led   0/255 h0.00 lvl-5.04   -
frame   514 :  an opened book -2.80  a closed book -5.62   led   0/255 h0.00 lvl-4.21   -
frame   515 :  an opened book -1.93  a closed book -4.42   led   0/255 h0.00 lvl-3.18   -
frame   516 :  an opened book -2.84  a closed book -5.62   led   0/255 h0.00 lvl-4.23   -
frame   517 :  an opened book -1.26  a closed book -5.00   led   0/255 h0.00 lvl-3.13   -
frame   518 :  an opened book -4.61  a closed book -7.61   led   0/255 h0.00 lvl-6.11   -
frame   519 :  an opened book -3.84  a closed book -5.95   led   0/255 h0.00 lvl-4.90   -
frame   520 :  an opened book -2.98  a closed book -6.79   led   0/255 h0.00 lvl-4.88   -
frame   521 :  an opened book -4.06  a closed book -5.88   led   0/255 h0.00 lvl-4.97   -
frame   522 :  an opened book -1.43  a closed book -4.22   led   0/255 h0.00 lvl-2.82   -
frame   523 :  an opened book -4.63  a closed book -7.29   led   0/255 h0.00 lvl-5.96   -
frame   524 :  an opened book -5.35  a closed book -7.43   led   0/255 h0.00 lvl-6.39   -
frame   525 :  an opened book -2.15  a closed book -5.63   led   0/255 h0.00 lvl-3.89   -
frame   526 :  an opened book -4.52  a closed book -6.80   led   0/255 h0.00 lvl-5.66   -
frame   527 :  an opened book -4.29  a closed book -6.98   led   0/255 h0.00 lvl-5.63   -
frame   528 :  an opened book -3.06  a closed book -5.67   led   0/255 h0.00 lvl-4.36   -
frame   529 :  an opened book -0.85  a closed book -4.45   led   0/255 h0.00 lvl-2.65   -
frame   530 :  an opened book +0.80  a closed book -3.35   led  99/ 25 h0.65 lvl-1.27   -
frame   531 :  an opened book -2.52  a closed book -4.72   led   0/255 h0.00 lvl-3.62   -
frame   532 :  an opened book -5.43  a closed book -7.54   led   0/255 h0.00 lvl-6.49   -
frame   533 :  an opened book -2.63  a closed book -5.85   led   0/255 h0.00 lvl-4.24   -
frame   534 :  an opened book -3.05  a closed book -6.70   led   0/255 h0.00 lvl-4.87   -
frame   535 :  an opened book -3.41  a closed book -6.00   led   0/255 h0.00 lvl-4.71   -
frame   536 :  an opened book -2.29  a closed book -5.66   led   0/255 h0.00 lvl-3.97   -
frame   537 :  an opened book -1.68  a closed book -5.70   led   0/255 h0.00 lvl-3.69   -
frame   538 :  an opened book -2.93  a closed book -5.78   led   0/255 h0.00 lvl-4.36   -
frame   539 :  an opened book -3.57  a closed book -6.98   led   0/255 h0.00 lvl-5.27   -
frame   540 :  an opened book -2.42  a closed book -5.85   led   0/255 h0.00 lvl-4.13   -
frame   541 :  an opened book -2.02  a closed book -5.43   led   0/255 h0.00 lvl-3.72   -
frame   542 :  an opened book -1.69  a closed book -4.66   led   0/255 h0.00 lvl-3.17   -
frame   543 :  an opened book -1.65  a closed book -4.73   led   0/255 h0.00 lvl-3.19   -
frame   544 :  an opened book -2.06  a closed book -5.34   led   0/255 h0.00 lvl-3.70   -
frame   545 :  an opened book -2.47  a closed book -5.77   led   0/255 h0.00 lvl-4.12   -
frame   546 :  an opened book -5.55  a closed book -6.35   led   0/255 h0.00 lvl-5.95   -
frame   547 :  an opened book -2.00  a closed book -4.89   led   0/255 h0.00 lvl-3.44   -
frame   548 :  an opened book -3.86  a closed book -6.37   led   0/255 h0.00 lvl-5.11   -
frame   549 :  an opened book -3.22  a closed book -5.79   led   0/255 h0.00 lvl-4.50   -
frame   550 :  an opened book -4.51  a closed book -7.02   led   0/255 h0.00 lvl-5.76   -
frame   551 :  an opened book -2.76  a closed book -5.54   led   0/255 h0.00 lvl-4.15   -
frame   552 :  an opened book -1.97  a closed book -4.63   led   0/255 h0.00 lvl-3.30   -
frame   553 :  an opened book -2.70  a closed book -6.33   led   0/255 h0.00 lvl-4.52   -
frame   554 :  an opened book -3.13  a closed book -6.43   led   0/255 h0.00 lvl-4.78   -
frame   555 :  an opened book -2.62  a closed book -5.15   led   0/255 h0.00 lvl-3.89   -
frame   556 :  an opened book -2.47  a closed book -5.34   led   0/255 h0.00 lvl-3.90   -
frame   557 :  an opened book -3.72  a closed book -6.32   led   0/255 h0.00 lvl-5.02   -
frame   558 :  an opened book -2.76  a closed book -5.41   led   0/255 h0.00 lvl-4.08   -
frame   559 :  an opened book -0.11  a closed book -3.45   led   0/255 h0.00 lvl-1.78   -
frame   560 :  an opened book -1.62  a closed book -4.93   led   0/255 h0.00 lvl-3.28   -
frame   561 :  an opened book -0.34  a closed book -3.91   led   0/255 h0.00 lvl-2.13   -
frame   562 :  an opened book -2.68  a closed book -5.83   led   0/255 h0.00 lvl-4.26   -
frame   563 :  an opened book -3.29  a closed book -7.15   led   0/255 h0.00 lvl-5.22   -
frame   564 :  an opened book -1.06  a closed book -4.39   led   0/255 h0.00 lvl-2.73   -
frame   565 :  an opened book -2.41  a closed book -6.10   led   0/255 h0.00 lvl-4.25   -
frame   566 :  an opened book -3.21  a closed book -6.82   led   0/255 h0.00 lvl-5.02   -
frame   567 :  an opened book -1.76  a closed book -5.55   led   0/255 h0.00 lvl-3.66   -
frame   568 :  an opened book -3.46  a closed book -6.65   led   0/255 h0.00 lvl-5.05   -
frame   569 :  an opened book -3.29  a closed book -5.88   led   0/255 h0.00 lvl-4.59   -
frame   570 :  an opened book -4.01  a closed book -7.73   led   0/255 h0.00 lvl-5.87   -
frame   571 :  an opened book -3.28  a closed book -6.32   led   0/255 h0.00 lvl-4.80   -
frame   572 :  an opened book -3.14  a closed book -6.34   led   0/255 h0.00 lvl-4.74   -
frame   573 :  an opened book -4.97  a closed book -7.50   led   0/255 h0.00 lvl-6.24   -
frame   574 :  an opened book -4.29  a closed book -6.46   led   0/255 h0.00 lvl-5.38   -
frame   575 :  an opened book -5.43  a closed book -7.14   led   0/255 h0.00 lvl-6.28   -
frame   576 :  an opened book -2.67  a closed book -4.71   led   0/255 h0.00 lvl-3.69   -
frame   577 :  an opened book -2.66  a closed book -5.65   led   0/255 h0.00 lvl-4.15   -
frame   578 :  an opened book -2.85  a closed book -5.43   led   0/255 h0.00 lvl-4.14   -
frame   579 :  an opened book -3.22  a closed book -6.90   led   0/255 h0.00 lvl-5.06   -
frame   580 :  an opened book -4.77  a closed book -8.05   led   0/255 h0.00 lvl-6.41   -
frame   581 :  an opened book -4.23  a closed book -7.07   led   0/255 h0.00 lvl-5.65   -
frame   582 :  an opened book -3.20  a closed book -5.89   led   0/255 h0.00 lvl-4.55   -
frame   583 :  an opened book -2.85  a closed book -6.62   led   0/255 h0.00 lvl-4.73   -
frame   584 :  an opened book -2.57  a closed book -5.45   led   0/255 h0.00 lvl-4.01   -
frame   585 :  an opened book -4.38  a closed book -6.51   led   0/255 h0.00 lvl-5.45   -
frame   586 :  an opened book -4.45  a closed book -7.71   led   0/255 h0.00 lvl-6.08   -
frame   587 :  an opened book -4.81  a closed book -7.24   led   0/255 h0.00 lvl-6.02   -
frame   588 :  an opened book -4.12  a closed book -6.73   led   0/255 h0.00 lvl-5.43   -
frame   589 :  an opened book -5.44  a closed book -8.13   led   0/255 h0.00 lvl-6.79   -
frame   590 :  an opened book -1.60  a closed book -5.56   led   0/255 h0.00 lvl-3.58   -
frame   591 :  an opened book -1.14  a closed book -4.17   led   0/255 h0.00 lvl-2.65   -
frame   592 :  an opened book -2.28  a closed book -4.73   led   0/255 h0.00 lvl-3.50   -
frame   593 :  an opened book -4.24  a closed book -6.35   led   0/255 h0.00 lvl-5.29   -
frame   594 :  an opened book -2.48  a closed book -5.25   led   0/255 h0.00 lvl-3.87   -
frame   595 :  an opened book -2.55  a closed book -5.26   led   0/255 h0.00 lvl-3.90   -
frame   596 :  an opened book -2.97  a closed book -5.44   led   0/255 h0.00 lvl-4.21   -
frame   597 :  an opened book -4.03  a closed book -6.20   led   0/255 h0.00 lvl-5.12   -
frame   598 :  an opened book -3.05  a closed book -5.63   led   0/255 h0.00 lvl-4.34   -
frame   599 :  an opened book -2.28  a closed book -6.19   led   0/255 h0.00 lvl-4.23   -
background: after 30 frames (frozen, room spread), this room reads  a closed book -0.074 +-0.0038 (COCO -0.159 +-0.0351)  an opened book -0.104 +-0.0027 (COCO -0.151 +-0.0303)
frame   600 :  an opened book -3.54  a closed book -5.89   led   0/255 h0.00 lvl-4.72   -

stopped   : 601 frames, 601 good, capture overlapped with the compute, configuration C
            601 frames timed, 285 ms/frame mean (capture included)
            268 ms encode + 0 ms waiting for the sensor + 16 ms burst; 295 ms/frame by the clock
            374 ms shutter to LED, arming with 89 ms of compute left
            last frame mean RGB 116 111 113
            camera bus: worst gap 15 us against the 2000 us deadline (#12)
            usb: 0 outages, 0 ms off the bus, 0 re-attaches (#9)
