
=== M9: fpga-open-vocab - describe it, the board spots it ===

clock     : 320 MHz requested; BOOTSEL is reachable for 1.5 s
clock     : 320 MHz system, core 1.25 V
reset     : chip_reset 00010000
            nothing new since the last banner - whatever reset the core left powman alone.
waiting for a bitstream on USB CDC (host/demo.py)
bitstream : 173124 bytes announced, crc32 0a2e9953
bitstream : received intact
configure : configured, CDONE high   CDONE=1 nSTATUS=0
crc       : DMA sniffer, calc=1 out_rev=1 out_inv=1
model     : 9 layers, 512-d embedding, 131072 B/buffer
weights   : 780720 B, crc32=0xF368CC6E  (126 ms to hash)

reference : encoder_fast on the flash test vector  (1583 ms)

link      : probing the wire by running the whole test vector over it
probe     : 3 forward data lines -> 512/512 floats exact, 271 ms
link      : configuration C, 3 forward data lines, 160.0 MHz

camera    : exposure ramp 24 61 70 80 85 97 107 111 122 132 133 134 135 135 135
camera    : live 128x128 RGB565, id 0x82, 16.0 MHz, expose 37 ms, read 16 ms, exposure settled after 15 frames
            regs fmt 02 res 00 bri 00 ev 00 wb 00 auto 00 state 26 id 82 fpga 20
            reset gate: polls 425, first state 21, busy yes   defaults polls: ae 0 ag 10 awb 10 wbmode 5
            mean RGB 136 134 135  (tuned camera on a neutral scene: about 115 107 105)

queries   : waiting for a query set on USB CDC (host/demo.py)
queries   : 2 accepted, 512-d, crc ok
            level axis carries 0.95 of one query's swing; most opposed pair +0.810
            scored as z = (cos - background) / std, where the background is this room's
            own mean over its first 30 frames and is then FROZEN - so a thing left in
            shot keeps its score instead of decaying into the furniture. 'N' re-learns
            it, 'H' switches to tracking. The COCO figures below are only the seed for
            frame 0 and the fixed std.
            std is THIS ROOM's, measured over the same 30 frames ('S' switches to COCO's).
            The thresholds below still mean the 90th percentile of a background; the
            background they now mean it against is this room empty, not 5000 COCO photos.
            a closed book        match above z 1.23   (COCO background -0.159 +- 0.035, so cos -0.116)
            an opened book       match above z 1.23   (COCO background -0.151 +- 0.030, so cos -0.114)

loop      : capture, 8 convs on the T8, pool and head, then one cosine per query. 'B' for BOOTSEL, 'R' to restart,
            'P' to dump the next frame for host/cam.py, 'V' to dump its 512 floats for host/caption.py,
            'E' to provoke a fault so D1 shows its fault display, 'H' to freeze/unfreeze the background,
            'S' to switch the spread between this room's and COCO's, 'W' to hang on purpose and see
            the watchdog name the stage, 'C' to stall the camera bus on purpose and see it cost one frame,
            'U' to drop off USB on purpose and watch it come back, 'I' to drop off and refuse to,
            'N' to forget it and learn it again from now. 'P' and 'V' together describe the same frame.
            'O' closes the timing window, prints it and flips the capture between overlapped and serial;
            'D' does the same and flips the trigger between late and at-the-collect, which is #14's A/B.
            'L' freezes exposure and gain, then on a second press the white balance too - which goes green,
            and is the control. A third restores all three. Issue #30, and the one hotkey whose answer depends on when you press it.
            scores are z against this room's background, ranked; '*' means over its threshold.
            '1'..'6' enrol the next 20 frames as that class, and press again on a LATER visit
            to fold a second one in - 2 visits is what makes the enrolment guard mean
            something. Two classes in and the board decides by nearest reference instead of
            by threshold - see M21.
            '0' ENROLS THE EMPTY SCENE the same way, and it is worth a visit: with one, a frame
            is absent when the empty reference is the nearest of the three and no radius is
            involved. Without one the board falls back to the band - absent beyond 2.0 sep
            from every class - which scores 54.6% over 28 benches against the third reference's
            79.1%, because with two queries that band is an interval the empty scene can sit
            inside. #18.
            The first 30 frames set the baseline and it is then frozen, so anything left in
            shot KEEPS its score. Point the camera at the empty scene for those frames.
            Send a new set at any time to re-query - that resets the baseline too.

frame     0 :  a closed book +1.75*  an opened book +1.24*   led 255/  0 h1.00 lvl+1.50   MATCH a closed book (cos -0.098)
frame     1 :  a closed book +0.08  an opened book -0.02   led   1/219 h0.07 lvl+0.03   -
frame     2 :  an opened book -0.06  a closed book -0.09   led   0/255 h0.00 lvl-0.07   -
frame     3 :  an opened book +0.17  a closed book +0.10   led   3/182 h0.14 lvl+0.14   -
frame     4 :  an opened book -0.05  a closed book -0.13   led   0/255 h0.00 lvl-0.09   -
frame     5 :  an opened book +0.18  a closed book +0.12   led   4/180 h0.15 lvl+0.15   -
frame     6 :  an opened book +0.01  a closed book -0.04   led   0/250 h0.01 lvl-0.01   -
frame     7 :  an opened book +0.00  a closed book -0.07   led   0/255 h0.00 lvl-0.04   -
background: after 8 frames (warming up, room spread), this room reads  a closed book -0.097 +-0.0029 (COCO -0.159 +-0.0351)  an opened book -0.112 +-0.0027 (COCO -0.151 +-0.0303)
frame     8 :  a closed book +2.58*  an opened book +1.36*   led 255/  0 h1.00 lvl+1.97   MATCH a closed book (cos -0.090)
frame     9 :  an opened book +0.22  a closed book +0.15   led   6/166 h0.18 lvl+0.19   -
frame    10 :  a closed book -0.07  an opened book -0.40   led   0/255 h0.00 lvl-0.23   -
frame    11 :  an opened book -0.45  a closed book -0.86   led   0/255 h0.00 lvl-0.65   -
frame    12 :  an opened book -2.54  a closed book -2.93   led   0/255 h0.00 lvl-2.74   -
frame    13 :  an opened book -0.88  a closed book -1.61   led   0/255 h0.00 lvl-1.25   -
frame    14 :  an opened book -1.30  a closed book -1.68   led   0/255 h0.00 lvl-1.49   -
frame    15 :  an opened book -0.37  a closed book -1.13   led   0/255 h0.00 lvl-0.75   -
frame    16 :  an opened book -1.74  a closed book -2.17   led   0/255 h0.00 lvl-1.95   -
frame    17 :  a closed book -3.77  an opened book -4.83   led   0/255 h0.00 lvl-4.30   -
frame    18 :  a closed book -0.87  an opened book -0.88   led   0/255 h0.00 lvl-0.87   -
frame    19 :  an opened book -0.46  a closed book -1.07   led   0/255 h0.00 lvl-0.76   -
frame    20 :  a closed book -0.76  an opened book -1.00   led   0/255 h0.00 lvl-0.88   -
frame    21 :  a closed book -1.40  an opened book -1.87   led   0/255 h0.00 lvl-1.63   -
frame    22 :  a closed book -0.35  an opened book -1.02   led   0/255 h0.00 lvl-0.69   -
frame    23 :  a closed book -0.18  an opened book -0.19   led   0/255 h0.00 lvl-0.19   -
frame    24 :  an opened book -0.16  a closed book -0.52   led   0/255 h0.00 lvl-0.34   -
frame    25 :  an opened book -0.66  a closed book -0.96   led   0/255 h0.00 lvl-0.81   -
frame    26 :  a closed book -0.23  an opened book -0.48   led   0/255 h0.00 lvl-0.35   -
frame    27 :  a closed book -1.72  an opened book -2.08   led   0/255 h0.00 lvl-1.90   -
frame    28 :  an opened book -0.16  a closed book -0.85   led   0/255 h0.00 lvl-0.50   -
frame    29 :  a closed book -1.68  an opened book -2.06   led   0/255 h0.00 lvl-1.87   -
frame    30 :  an opened book +0.41  a closed book -0.36   led  22/105 h0.33 lvl+0.02   -
frame    31 :  a closed book -0.42  an opened book -0.68   led   0/255 h0.00 lvl-0.55   -
frame    32 :  an opened book -0.43  a closed book -0.96   led   0/255 h0.00 lvl-0.69   -
frame    33 :  a closed book -2.50  an opened book -2.51   led   0/255 h0.00 lvl-2.51   -
frame    34 :  an opened book -0.48  a closed book -1.07   led   0/255 h0.00 lvl-0.77   -
frame    35 :  an opened book +0.87  a closed book -0.00   led 119/ 17 h0.71 lvl+0.43   -
frame    36 :  an opened book +0.01  a closed book -1.35   led   0/253 h0.00 lvl-0.67   -
frame    37 :  an opened book -0.13  a closed book -1.22   led   0/255 h0.00 lvl-0.67   -
frame    38 :  an opened book +0.71  a closed book -0.89   led  75/ 39 h0.57 lvl-0.09   -
frame    39 :  an opened book -0.38  a closed book -1.01   led   0/255 h0.00 lvl-0.70   -
frame    40 :  an opened book -0.66  a closed book -1.66   led   0/255 h0.00 lvl-1.16   -
frame    41 :  an opened book +0.04  a closed book -1.27   led   0/238 h0.03 lvl-0.62   -
frame    42 :  an opened book +0.02  a closed book -1.19   led   0/245 h0.02 lvl-0.59   -

camera    : frozen now exposure gain  at frame 43, mean RGB 133 130 133
frame    43 :  an opened book +0.52  a closed book -0.43   led  39/ 76 h0.42 lvl+0.04   -
frame    44 :  an opened book -0.62  a closed book -1.67   led   0/255 h0.00 lvl-1.14   -
frame    45 :  an opened book -0.88  a closed book -1.13   led   0/255 h0.00 lvl-1.01   -
frame    46 :  an opened book +1.09  a closed book -0.24   led 197/  2 h0.89 lvl+0.43   -
frame    47 :  an opened book +0.98  a closed book +0.02   led 155/  8 h0.80 lvl+0.50   -
frame    48 :  an opened book -0.05  a closed book -0.82   led   0/255 h0.00 lvl-0.44   -
frame    49 :  an opened book -0.50  a closed book -1.40   led   0/255 h0.00 lvl-0.95   -
frame    50 :  an opened book +0.39  a closed book -0.73   led  21/109 h0.32 lvl-0.17   -
frame    51 :  an opened book -0.67  a closed book -1.77   led   0/255 h0.00 lvl-1.22   -
frame    52 :  an opened book +0.54  a closed book -0.75   led  41/ 72 h0.44 lvl-0.11   -
frame    53 :  an opened book -0.35  a closed book -1.16   led   0/255 h0.00 lvl-0.75   -
frame    54 :  an opened book +0.28  a closed book -0.58   led  10/146 h0.22 lvl-0.15   -
frame    55 :  an opened book -0.26  a closed book -1.21   led   0/255 h0.00 lvl-0.73   -
frame    56 :  an opened book -0.13  a closed book -0.85   led   0/255 h0.00 lvl-0.49   -
frame    57 :  an opened book -1.34  a closed book -1.71   led   0/255 h0.00 lvl-1.53   -
frame    58 :  an opened book +1.20  a closed book +0.30   led 241/  0 h0.97 lvl+0.75   -
frame    59 :  an opened book +0.82  a closed book -0.05   led 105/ 22 h0.67 lvl+0.38   -
frame    60 :  an opened book +0.58  a closed book -0.17   led  49/ 62 h0.47 lvl+0.21   -
frame    61 :  an opened book -0.66  a closed book -1.54   led   0/255 h0.00 lvl-1.10   -
frame    62 :  an opened book +0.52  a closed book -0.88   led  38/ 77 h0.42 lvl-0.18   -
frame    63 :  an opened book -0.55  a closed book -1.49   led   0/255 h0.00 lvl-1.02   -
frame    64 :  an opened book +0.22  a closed book -0.56   led   6/164 h0.18 lvl-0.17   -
frame    65 :  an opened book -0.14  a closed book -0.80   led   0/255 h0.00 lvl-0.47   -
frame    66 :  an opened book -1.30  a closed book -1.69   led   0/255 h0.00 lvl-1.50   -
frame    67 :  an opened book -0.14  a closed book -1.04   led   0/255 h0.00 lvl-0.59   -
frame    68 :  an opened book -0.34  a closed book -0.95   led   0/255 h0.00 lvl-0.64   -
frame    69 :  an opened book -1.44  a closed book -2.01   led   0/255 h0.00 lvl-1.72   -
frame    70 :  an opened book +1.07  a closed book +0.29   led 189/  3 h0.87 lvl+0.68   -
frame    71 :  an opened book +0.64  a closed book +0.26   led  60/ 51 h0.52 lvl+0.45   -
frame    72 :  an opened book +1.02  a closed book +0.46   led 170/  5 h0.83 lvl+0.74   -
frame    73 :  an opened book -0.18  a closed book -0.70   led   0/255 h0.00 lvl-0.44   -
frame    74 :  an opened book -0.74  a closed book -1.49   led   0/255 h0.00 lvl-1.12   -
frame    75 :  an opened book +1.60*  a closed book +0.34   led 255/  0 h1.00 lvl+0.97   MATCH an opened book (cos -0.108)
frame    76 :  an opened book -0.17  a closed book -0.83   led   0/255 h0.00 lvl-0.50   -
frame    77 :  an opened book +0.24  a closed book -0.81   led   7/157 h0.20 lvl-0.28   -
frame    78 :  a closed book +0.72  an opened book +0.64   led  79/ 37 h0.59 lvl+0.68   -
frame    79 :  an opened book -0.09  a closed book -0.50   led   0/255 h0.00 lvl-0.30   -
frame    80 :  an opened book +0.26  a closed book -0.71   led   8/151 h0.21 lvl-0.23   -
frame    81 :  a closed book -0.68  an opened book -0.84   led   0/255 h0.00 lvl-0.76   -
frame    82 :  an opened book +0.40  a closed book +0.10   led  21/108 h0.32 lvl+0.25   -
frame    83 :  an opened book -0.05  a closed book -0.68   led   0/255 h0.00 lvl-0.36   -
frame    84 :  an opened book +0.32  a closed book +0.19   led  14/130 h0.26 lvl+0.26   -
frame    85 :  an opened book -0.06  a closed book -0.55   led   0/255 h0.00 lvl-0.30   -
frame    86 :  a closed book -0.78  an opened book -0.84   led   0/255 h0.00 lvl-0.81   -
frame    87 :  an opened book -0.18  a closed book -0.30   led   0/255 h0.00 lvl-0.24   -
frame    88 :  an opened book -0.88  a closed book -1.33   led   0/255 h0.00 lvl-1.11   -
frame    89 :  an opened book +0.11  a closed book +0.01   led   1/208 h0.09 lvl+0.06   -
frame    90 :  an opened book +1.06  a closed book +0.36   led 186/  3 h0.87 lvl+0.71   -
frame    91 :  an opened book -0.11  a closed book -0.27   led   0/255 h0.00 lvl-0.19   -
frame    92 :  an opened book -0.67  a closed book -0.98   led   0/255 h0.00 lvl-0.82   -
frame    93 :  an opened book -0.21  a closed book -0.45   led   0/255 h0.00 lvl-0.33   -
frame    94 :  an opened book -0.53  a closed book -0.78   led   0/255 h0.00 lvl-0.65   -
frame    95 :  an opened book -0.18  a closed book -1.05   led   0/255 h0.00 lvl-0.62   -
frame    96 :  an opened book -0.42  a closed book -0.58   led   0/255 h0.00 lvl-0.50   -
frame    97 :  an opened book +0.62  a closed book +0.13   led  58/ 54 h0.51 lvl+0.38   -
frame    98 :  an opened book -0.10  a closed book -0.78   led   0/255 h0.00 lvl-0.44   -
frame    99 :  an opened book -1.08  a closed book -1.73   led   0/255 h0.00 lvl-1.41   -
background: after 30 frames (frozen, room spread), this room reads  a closed book -0.103 +-0.0065 (COCO -0.159 +-0.0351)  an opened book -0.116 +-0.0046 (COCO -0.151 +-0.0303)
frame   100 :  an opened book +0.46  a closed book +0.30   led  30/ 90 h0.38 lvl+0.38   -
frame   101 :  an opened book +0.74  a closed book +0.11   led  85/ 33 h0.61 lvl+0.43   -
frame   102 :  a closed book +0.22  an opened book -0.29   led   6/164 h0.18 lvl-0.03   -
frame   103 :  an opened book +0.27  a closed book -0.10   led   9/148 h0.22 lvl+0.08   -
frame   104 :  an opened book -1.02  a closed book -1.09   led   0/255 h0.00 lvl-1.05   -
frame   105 :  a closed book -1.19  an opened book -1.44   led   0/255 h0.00 lvl-1.32   -
frame   106 :  an opened book -1.34  a closed book -1.54   led   0/255 h0.00 lvl-1.44   -
frame   107 :  an opened book -0.24  a closed book -0.83   led   0/255 h0.00 lvl-0.54   -
frame   108 :  an opened book -0.20  a closed book -0.54   led   0/255 h0.00 lvl-0.37   -
frame   109 :  an opened book -0.86  a closed book -1.00   led   0/255 h0.00 lvl-0.93   -
frame   110 :  an opened book -0.24  a closed book -0.41   led   0/255 h0.00 lvl-0.32   -
frame   111 :  an opened book +0.78  a closed book +0.43   led  92/ 28 h0.63 lvl+0.60   -
frame   112 :  an opened book -0.29  a closed book -0.60   led   0/255 h0.00 lvl-0.45   -
frame   113 :  a closed book +0.02  an opened book -0.35   led   0/248 h0.01 lvl-0.17   -
frame   114 :  an opened book +0.13  a closed book +0.06   led   2/198 h0.11 lvl+0.10   -
frame   115 :  an opened book -2.02  a closed book -2.38   led   0/255 h0.00 lvl-2.20   -
frame   116 :  a closed book -0.02  an opened book -0.03   led   0/255 h0.00 lvl-0.03   -
frame   117 :  an opened book +0.31  a closed book +0.27   led  12/135 h0.25 lvl+0.29   -
frame   118 :  an opened book +1.65*  a closed book +0.50   led 255/  0 h1.00 lvl+1.08   MATCH an opened book (cos -0.108)
frame   119 :  an opened book +0.24  a closed book -0.24   led   7/157 h0.20 lvl+0.00   -
frame   120 :  an opened book +0.59  a closed book +0.32   led  51/ 60 h0.48 lvl+0.46   -
frame   121 :  an opened book -0.42  a closed book -0.57   led   0/255 h0.00 lvl-0.50   -
frame   122 :  a closed book +0.70  an opened book +0.67   led  75/ 39 h0.57 lvl+0.69   -
frame   123 :  a closed book -0.72  an opened book -1.05   led   0/255 h0.00 lvl-0.88   -
frame   124 :  an opened book +0.63  a closed book +0.31   led  58/ 53 h0.51 lvl+0.47   -
frame   125 :  an opened book -0.60  a closed book -0.65   led   0/255 h0.00 lvl-0.63   -
frame   126 :  an opened book -0.20  a closed book -0.59   led   0/255 h0.00 lvl-0.39   -
frame   127 :  an opened book +0.16  a closed book -0.09   led   3/187 h0.13 lvl+0.03   -
frame   128 :  an opened book -0.36  a closed book -0.76   led   0/255 h0.00 lvl-0.56   -
frame   129 :  an opened book -0.04  a closed book -0.26   led   0/255 h0.00 lvl-0.15   -
frame   130 :  an opened book +0.96  a closed book +0.17   led 146/  9 h0.78 lvl+0.56   -
frame   131 :  an opened book +0.36  a closed book -0.02   led  18/118 h0.30 lvl+0.17   -
frame   132 :  an opened book +0.15  a closed book -0.80   led   2/191 h0.12 lvl-0.33   -
frame   133 :  an opened book +0.48  a closed book -0.17   led  32/ 86 h0.39 lvl+0.16   -
frame   134 :  an opened book +0.32  a closed book -0.08   led  13/131 h0.26 lvl+0.12   -
frame   135 :  an opened book +0.37  a closed book -0.36   led  19/115 h0.30 lvl+0.01   -
frame   136 :  an opened book +1.38*  a closed book +0.64   led 255/  0 h1.00 lvl+1.01   MATCH an opened book (cos -0.110)
frame   137 :  an opened book -1.02  a closed book -2.31   led   0/255 h0.00 lvl-1.67   -
frame   138 :  an opened book +1.47*  a closed book +1.11   led 255/  0 h1.00 lvl+1.29   MATCH an opened book (cos -0.109)
frame   139 :  an opened book +0.49  a closed book -0.17   led  34/ 82 h0.40 lvl+0.16   -
frame   140 :  an opened book +0.69  a closed book -0.01   led  73/ 41 h0.56 lvl+0.34   -
frame   141 :  an opened book +1.75*  a closed book +0.18   led 255/  0 h1.00 lvl+0.97   MATCH an opened book (cos -0.108)
frame   142 :  a closed book +0.16  an opened book +0.08   led   3/188 h0.13 lvl+0.12   -
frame   143 :  a closed book -0.09  an opened book -0.12   led   0/255 h0.00 lvl-0.11   -
frame   144 :  an opened book -0.03  a closed book -0.87   led   0/255 h0.00 lvl-0.45   -
frame   145 :  an opened book -0.55  a closed book -1.14   led   0/255 h0.00 lvl-0.85   -
frame   146 :  an opened book -0.38  a closed book -0.93   led   0/255 h0.00 lvl-0.66   -
frame   147 :  an opened book -0.03  a closed book -0.65   led   0/255 h0.00 lvl-0.34   -
frame   148 :  an opened book -0.00  a closed book -1.19   led   0/255 h0.00 lvl-0.60   -
frame   149 :  an opened book +0.55  a closed book -0.66   led  43/ 69 h0.45 lvl-0.05   -
frame   150 :  an opened book +0.09  a closed book -0.80   led   1/216 h0.07 lvl-0.35   -
frame   151 :  an opened book -0.00  a closed book -0.57   led   0/255 h0.00 lvl-0.29   -
frame   152 :  an opened book +0.19  a closed book -1.02   led   4/175 h0.16 lvl-0.41   -
frame   153 :  an opened book +0.28  a closed book -0.71   led  10/144 h0.23 lvl-0.21   -
frame   154 :  an opened book +0.09  a closed book -0.53   led   1/215 h0.08 lvl-0.22   -
frame   155 :  an opened book +0.87  a closed book -0.13   led 119/ 17 h0.71 lvl+0.37   -
frame   156 :  an opened book +0.32  a closed book -0.36   led  14/130 h0.26 lvl-0.02   -
frame   157 :  an opened book -0.09  a closed book -0.79   led   0/255 h0.00 lvl-0.44   -
frame   158 :  an opened book +0.34  a closed book -0.98   led  15/124 h0.28 lvl-0.32   -
frame   159 :  an opened book -0.72  a closed book -1.32   led   0/255 h0.00 lvl-1.02   -
frame   160 :  an opened book +1.78*  a closed book +0.86   led 255/  0 h1.00 lvl+1.32   MATCH an opened book (cos -0.108)
frame   161 :  an opened book +0.53  a closed book -0.10   led  40/ 74 h0.43 lvl+0.22   -
frame   162 :  an opened book +1.34*  a closed book +0.53   led 255/  0 h1.00 lvl+0.93   MATCH an opened book (cos -0.110)
frame   163 :  an opened book +1.19  a closed book +0.25   led 237/  0 h0.97 lvl+0.72   -
frame   164 :  an opened book +0.52  a closed book -0.10   led  38/ 77 h0.42 lvl+0.21   -
frame   165 :  a closed book -0.04  an opened book -0.06   led   0/255 h0.00 lvl-0.05   -
frame   166 :  an opened book +0.93  a closed book +0.54   led 139/ 11 h0.76 lvl+0.74   -
frame   167 :  an opened book +0.59  a closed book -0.15   led  51/ 60 h0.48 lvl+0.22   -
frame   168 :  an opened book -1.33  a closed book -1.63   led   0/255 h0.00 lvl-1.48   -
frame   169 :  a closed book +0.05  an opened book +0.02   led   0/231 h0.04 lvl+0.04   -
frame   170 :  an opened book -0.29  a closed book -0.48   led   0/255 h0.00 lvl-0.39   -
frame   171 :  an opened book -0.58  a closed book -0.90   led   0/255 h0.00 lvl-0.74   -
frame   172 :  a closed book -0.80  an opened book -1.09   led   0/255 h0.00 lvl-0.94   -
frame   173 :  an opened book -1.50  a closed book -1.64   led   0/255 h0.00 lvl-1.57   -
frame   174 :  a closed book -0.56  an opened book -0.60   led   0/255 h0.00 lvl-0.58   -
frame   175 :  an opened book -1.43  a closed book -1.72   led   0/255 h0.00 lvl-1.58   -
frame   176 :  an opened book +0.23  a closed book +0.05   led   6/163 h0.18 lvl+0.14   -
frame   177 :  a closed book -0.82  an opened book -1.05   led   0/255 h0.00 lvl-0.94   -
frame   178 :  an opened book -0.38  a closed book -0.70   led   0/255 h0.00 lvl-0.54   -
frame   179 :  a closed book -0.93  an opened book -1.10   led   0/255 h0.00 lvl-1.01   -
frame   180 :  an opened book +0.70  a closed book +0.23   led  74/ 40 h0.57 lvl+0.47   -
frame   181 :  an opened book -0.07  a closed book -0.34   led   0/255 h0.00 lvl-0.21   -
frame   182 :  an opened book -0.34  a closed book -0.65   led   0/255 h0.00 lvl-0.49   -
frame   183 :  an opened book +0.21  a closed book -0.23   led   5/169 h0.17 lvl-0.01   -
frame   184 :  an opened book -0.83  a closed book -1.39   led   0/255 h0.00 lvl-1.11   -
frame   185 :  an opened book -0.22  a closed book -0.57   led   0/255 h0.00 lvl-0.39   -
frame   186 :  an opened book -0.78  a closed book -1.13   led   0/255 h0.00 lvl-0.96   -
frame   187 :  a closed book -1.39  an opened book -1.66   led   0/255 h0.00 lvl-1.52   -
frame   188 :  a closed book -0.53  an opened book -0.92   led   0/255 h0.00 lvl-0.73   -
frame   189 :  a closed book -1.10  an opened book -1.22   led   0/255 h0.00 lvl-1.16   -
frame   190 :  a closed book -0.16  an opened book -0.31   led   0/255 h0.00 lvl-0.24   -
frame   191 :  an opened book -1.18  a closed book -1.65   led   0/255 h0.00 lvl-1.42   -
frame   192 :  a closed book -1.36  an opened book -1.43   led   0/255 h0.00 lvl-1.39   -
frame   193 :  a closed book -0.79  an opened book -0.81   led   0/255 h0.00 lvl-0.80   -
frame   194 :  an opened book -0.28  a closed book -0.58   led   0/255 h0.00 lvl-0.43   -
frame   195 :  an opened book -0.08  a closed book -0.65   led   0/255 h0.00 lvl-0.37   -
frame   196 :  an opened book -0.77  a closed book -0.82   led   0/255 h0.00 lvl-0.80   -
frame   197 :  an opened book +0.53  a closed book -0.01   led  41/ 73 h0.43 lvl+0.26   -
frame   198 :  a closed book -1.05  an opened book -1.06   led   0/255 h0.00 lvl-1.06   -
frame   199 :  an opened book -1.27  a closed book -1.51   led   0/255 h0.00 lvl-1.39   -
background: after 30 frames (frozen, room spread), this room reads  a closed book -0.103 +-0.0065 (COCO -0.159 +-0.0351)  an opened book -0.116 +-0.0046 (COCO -0.151 +-0.0303)
frame   200 :  an opened book +0.31  a closed book -0.06   led  12/136 h0.25 lvl+0.12   -
frame   201 :  an opened book -0.76  a closed book -0.88   led   0/255 h0.00 lvl-0.82   -
frame   202 :  an opened book +0.29  a closed book -0.17   led  10/142 h0.23 lvl+0.06   -
frame   203 :  a closed book +0.33  an opened book +0.08   led  14/129 h0.27 lvl+0.21   -
frame   204 :  an opened book -0.28  a closed book -0.30   led   0/255 h0.00 lvl-0.29   -
frame   205 :  an opened book -0.16  a closed book -0.82   led   0/255 h0.00 lvl-0.49   -
frame   206 :  a closed book -1.58  an opened book -1.72   led   0/255 h0.00 lvl-1.65   -
frame   207 :  an opened book +0.27  a closed book -0.54   led   9/148 h0.22 lvl-0.14   -
frame   208 :  an opened book +0.39  a closed book -0.09   led  21/109 h0.32 lvl+0.15   -
frame   209 :  an opened book -0.06  a closed book -0.31   led   0/255 h0.00 lvl-0.18   -
frame   210 :  an opened book +0.65  a closed book +0.32   led  62/ 49 h0.53 lvl+0.48   -
frame   211 :  an opened book -0.30  a closed book -0.69   led   0/255 h0.00 lvl-0.50   -
frame   212 :  an opened book -1.57  a closed book -1.59   led   0/255 h0.00 lvl-1.58   -
frame   213 :  a closed book -1.76  an opened book -1.84   led   0/255 h0.00 lvl-1.80   -
frame   214 :  an opened book -1.01  a closed book -1.02   led   0/255 h0.00 lvl-1.01   -
frame   215 :  an opened book -0.15  a closed book -0.70   led   0/255 h0.00 lvl-0.42   -
frame   216 :  an opened book +0.12  a closed book -0.05   led   1/205 h0.10 lvl+0.03   -
frame   217 :  an opened book -0.57  a closed book -0.99   led   0/255 h0.00 lvl-0.78   -
frame   218 :  an opened book +0.12  a closed book -0.41   led   2/202 h0.10 lvl-0.14   -
frame   219 :  an opened book +0.10  a closed book +0.00   led   1/210 h0.08 lvl+0.05   -
frame   220 :  an opened book +0.56  a closed book -0.30   led  46/ 66 h0.46 lvl+0.13   -
frame   221 :  an opened book -0.38  a closed book -0.88   led   0/255 h0.00 lvl-0.63   -
frame   222 :  an opened book -1.12  a closed book -1.80   led   0/255 h0.00 lvl-1.46   -
frame   223 :  an opened book -0.27  a closed book -1.18   led   0/255 h0.00 lvl-0.72   -
frame   224 :  an opened book -0.33  a closed book -0.72   led   0/255 h0.00 lvl-0.53   -
frame   225 :  an opened book +0.78  a closed book +0.47   led  93/ 28 h0.63 lvl+0.62   -
frame   226 :  an opened book -1.95  a closed book -2.07   led   0/255 h0.00 lvl-2.01   -
frame   227 :  an opened book -1.24  a closed book -1.69   led   0/255 h0.00 lvl-1.46   -
frame   228 :  an opened book -0.08  a closed book -0.56   led   0/255 h0.00 lvl-0.32   -
frame   229 :  an opened book +0.73  a closed book +0.21   led  81/ 35 h0.60 lvl+0.47   -
frame   230 :  an opened book +0.04  a closed book -0.11   led   0/239 h0.03 lvl-0.04   -
frame   231 :  an opened book -0.17  a closed book -0.80   led   0/255 h0.00 lvl-0.48   -
frame   232 :  an opened book +0.74  a closed book -0.18   led  84/ 34 h0.60 lvl+0.28   -
frame   233 :  an opened book +0.09  a closed book -0.46   led   1/217 h0.07 lvl-0.19   -
frame   234 :  an opened book -0.60  a closed book -1.09   led   0/255 h0.00 lvl-0.85   -
frame   235 :  an opened book +0.14  a closed book -0.35   led   2/195 h0.12 lvl-0.10   -
frame   236 :  an opened book +0.45  a closed book -0.08   led  29/ 92 h0.37 lvl+0.19   -
frame   237 :  an opened book -0.25  a closed book -0.92   led   0/255 h0.00 lvl-0.58   -
frame   238 :  an opened book -0.01  a closed book -0.56   led   0/255 h0.00 lvl-0.29   -
frame   239 :  an opened book +0.02  a closed book -0.46   led   0/248 h0.01 lvl-0.22   -
frame   240 :  an opened book +1.01  a closed book +0.34   led 164/  6 h0.82 lvl+0.68   -
frame   241 :  an opened book +0.33  a closed book -0.15   led  14/128 h0.27 lvl+0.09   -
frame   242 :  a closed book -0.07  an opened book -0.38   led   0/255 h0.00 lvl-0.22   -
frame   243 :  an opened book +0.43  a closed book -0.23   led  25/ 99 h0.35 lvl+0.10   -
frame   244 :  an opened book +0.25  a closed book -0.48   led   8/155 h0.20 lvl-0.12   -
frame   245 :  an opened book +1.45*  a closed book +1.22   led 255/  0 h1.00 lvl+1.33   MATCH an opened book (cos -0.109)
frame   246 :  an opened book +1.41*  a closed book +0.90   led 255/  0 h1.00 lvl+1.16   MATCH an opened book (cos -0.109)
frame   247 :  an opened book +0.67  a closed book +0.54   led  67/ 45 h0.54 lvl+0.60   -
frame   248 :  an opened book +0.04  a closed book -0.28   led   0/239 h0.03 lvl-0.12   -
frame   249 :  an opened book +0.15  a closed book -0.12   led   3/191 h0.12 lvl+0.02   -
frame   250 :  an opened book +1.06  a closed book +0.76   led 183/  3 h0.86 lvl+0.91   -
frame   251 :  an opened book +1.68*  a closed book +0.95   led 255/  0 h1.00 lvl+1.32   MATCH an opened book (cos -0.108)
frame   252 :  an opened book +1.58*  a closed book +0.49   led 255/  0 h1.00 lvl+1.04   MATCH an opened book (cos -0.109)
frame   253 :  an opened book +0.79  a closed book +0.56   led  97/ 26 h0.64 lvl+0.67   -
frame   254 :  an opened book +1.41*  a closed book +1.13   led 255/  0 h1.00 lvl+1.27   MATCH an opened book (cos -0.109)
frame   255 :  an opened book +1.33*  a closed book +0.86   led 255/  0 h1.00 lvl+1.09   MATCH an opened book (cos -0.110)
frame   256 :  an opened book +1.92*  a closed book +0.93   led 255/  0 h1.00 lvl+1.43   MATCH an opened book (cos -0.107)
frame   257 :  an opened book +1.38*  a closed book +0.68   led 255/  0 h1.00 lvl+1.03   MATCH an opened book (cos -0.110)
frame   258 :  an opened book +2.55*  a closed book +2.19*   led 255/  0 h1.00 lvl+2.37   MATCH an opened book (cos -0.104)
frame   259 :  an opened book +1.54*  a closed book +0.79   led 255/  0 h1.00 lvl+1.17   MATCH an opened book (cos -0.109)
frame   260 :  an opened book +1.63*  a closed book +1.43*   led 255/  0 h1.00 lvl+1.53   MATCH an opened book (cos -0.108)
frame   261 :  an opened book +0.50  a closed book +0.41   led  34/ 82 h0.40 lvl+0.45   -
frame   262 :  an opened book +0.60  a closed book -0.01   led  52/ 59 h0.49 lvl+0.29   -
frame   263 :  an opened book +2.07*  a closed book +1.81*   led 255/  0 h1.00 lvl+1.94   MATCH an opened book (cos -0.106)
frame   264 :  an opened book -0.49  a closed book -0.79   led   0/255 h0.00 lvl-0.64   -
frame   265 :  an opened book +1.57*  a closed book +0.51   led 255/  0 h1.00 lvl+1.04   MATCH an opened book (cos -0.109)
frame   266 :  an opened book +1.46*  a closed book +1.32*   led 255/  0 h1.00 lvl+1.39   MATCH an opened book (cos -0.109)
frame   267 :  an opened book +1.02  a closed book +0.82   led 170/  5 h0.83 lvl+0.92   -
frame   268 :  an opened book +1.37*  a closed book +0.79   led 255/  0 h1.00 lvl+1.08   MATCH an opened book (cos -0.110)
frame   269 :  an opened book -0.10  a closed book -0.26   led   0/255 h0.00 lvl-0.18   -
frame   270 :  an opened book +1.47*  a closed book +0.50   led 255/  0 h1.00 lvl+0.98   MATCH an opened book (cos -0.109)
frame   271 :  an opened book +0.71  a closed book +0.02   led  75/ 39 h0.57 lvl+0.36   -
frame   272 :  an opened book +0.37  a closed book -0.27   led  18/116 h0.30 lvl+0.05   -
frame   273 :  an opened book +0.47  a closed book +0.44   led  31/ 88 h0.38 lvl+0.45   -
frame   274 :  an opened book +1.90*  a closed book +0.89   led 255/  0 h1.00 lvl+1.40   MATCH an opened book (cos -0.107)
frame   275 :  an opened book +2.00*  a closed book +1.44*   led 255/  0 h1.00 lvl+1.72   MATCH an opened book (cos -0.107)
frame   276 :  an opened book +2.09*  a closed book +1.44*   led 255/  0 h1.00 lvl+1.77   MATCH an opened book (cos -0.106)
frame   277 :  an opened book +1.40*  a closed book +1.17   led 255/  0 h1.00 lvl+1.29   MATCH an opened book (cos -0.109)
frame   278 :  an opened book +0.92  a closed book +0.76   led 136/ 12 h0.75 lvl+0.84   -
frame   279 :  an opened book +1.44*  a closed book +1.00   led 255/  0 h1.00 lvl+1.22   MATCH an opened book (cos -0.109)
frame   280 :  an opened book +0.95  a closed book -0.08   led 144/ 10 h0.77 lvl+0.44   -
frame   281 :  an opened book +1.74*  a closed book +1.26*   led 255/  0 h1.00 lvl+1.50   MATCH an opened book (cos -0.108)
frame   282 :  an opened book +1.90*  a closed book +1.82*   led 255/  0 h1.00 lvl+1.86   MATCH an opened book (cos -0.107)
frame   283 :  an opened book +2.28*  a closed book +1.39*   led 255/  0 h1.00 lvl+1.83   MATCH an opened book (cos -0.105)
frame   284 :  an opened book +1.49*  a closed book +1.03   led 255/  0 h1.00 lvl+1.26   MATCH an opened book (cos -0.109)
frame   285 :  a closed book +0.00  an opened book -0.15   led   0/253 h0.00 lvl-0.07   -
frame   286 :  an opened book +1.16  a closed book +0.91   led 224/  0 h0.94 lvl+1.03   -
frame   287 :  an opened book +2.24*  a closed book +1.40*   led 255/  0 h1.00 lvl+1.82   MATCH an opened book (cos -0.106)
frame   288 :  an opened book +1.05  a closed book +1.04   led 180/  4 h0.85 lvl+1.04   -
frame   289 :  an opened book +0.51  a closed book +0.13   led  37/ 79 h0.41 lvl+0.32   -
frame   290 :  an opened book +0.95  a closed book +0.67   led 144/ 10 h0.77 lvl+0.81   -
frame   291 :  an opened book +1.77*  a closed book +0.95   led 255/  0 h1.00 lvl+1.36   MATCH an opened book (cos -0.108)
frame   292 :  an opened book +1.21  a closed book +0.71   led 244/  0 h0.98 lvl+0.96   -
frame   293 :  an opened book +0.94  a closed book +0.61   led 141/ 11 h0.76 lvl+0.77   -
frame   294 :  an opened book +0.65  a closed book +0.53   led  63/ 48 h0.53 lvl+0.59   -
frame   295 :  an opened book +1.62*  a closed book +0.93   led 255/  0 h1.00 lvl+1.28   MATCH an opened book (cos -0.108)
frame   296 :  an opened book +1.90*  a closed book +1.45*   led 255/  0 h1.00 lvl+1.68   MATCH an opened book (cos -0.107)
frame   297 :  an opened book +1.80*  a closed book +1.26*   led 255/  0 h1.00 lvl+1.53   MATCH an opened book (cos -0.108)
frame   298 :  a closed book +0.81  an opened book +0.62   led 101/ 24 h0.66 lvl+0.71   -
frame   299 :  an opened book +1.12  a closed book +0.55   led 209/  1 h0.91 lvl+0.83   -
background: after 30 frames (frozen, room spread), this room reads  a closed book -0.103 +-0.0065 (COCO -0.159 +-0.0351)  an opened book -0.116 +-0.0046 (COCO -0.151 +-0.0303)
frame   300 :  an opened book +1.68*  a closed book +0.88   led 255/  0 h1.00 lvl+1.28   MATCH an opened book (cos -0.108)
frame   301 :  a closed book +0.69  an opened book +0.46   led  72/ 41 h0.56 lvl+0.57   -
frame   302 :  an opened book +1.59*  a closed book +1.50*   led 255/  0 h1.00 lvl+1.55   MATCH an opened book (cos -0.109)
frame   303 :  an opened book +0.98  a closed book +0.51   led 154/  8 h0.80 lvl+0.75   -
frame   304 :  an opened book +1.30*  a closed book +0.94   led 255/  0 h1.00 lvl+1.12   MATCH an opened book (cos -0.110)
frame   305 :  an opened book +2.31*  a closed book +1.46*   led 255/  0 h1.00 lvl+1.89   MATCH an opened book (cos -0.105)
frame   306 :  an opened book +1.59*  a closed book +0.71   led 255/  0 h1.00 lvl+1.15   MATCH an opened book (cos -0.109)
frame   307 :  an opened book +0.95  a closed book +0.84   led 145/ 10 h0.77 lvl+0.90   -
frame   308 :  an opened book +0.98  a closed book +0.45   led 156/  7 h0.80 lvl+0.71   -
frame   309 :  an opened book +1.22  a closed book +0.75   led 249/  0 h0.99 lvl+0.98   -
frame   310 :  an opened book +0.82  a closed book +0.61   led 103/ 23 h0.66 lvl+0.71   -
frame   311 :  an opened book +0.71  a closed book +0.37   led  77/ 38 h0.58 lvl+0.54   -
frame   312 :  an opened book -0.02  a closed book -0.14   led   0/255 h0.00 lvl-0.08   -
frame   313 :  an opened book +0.56  a closed book +0.36   led  46/ 66 h0.46 lvl+0.46   -
frame   314 :  a closed book -0.48  an opened book -0.54   led   0/255 h0.00 lvl-0.51   -
frame   315 :  an opened book +0.92  a closed book +0.53   led 136/ 12 h0.75 lvl+0.73   -
frame   316 :  an opened book +0.65  a closed book +0.60   led  64/ 48 h0.53 lvl+0.62   -
frame   317 :  an opened book +0.00  a closed book -0.30   led   0/255 h0.00 lvl-0.15   -
frame   318 :  a closed book +0.22  an opened book -0.15   led   6/165 h0.18 lvl+0.04   -
frame   319 :  a closed book +0.48  an opened book +0.36   led  32/ 87 h0.39 lvl+0.42   -
frame   320 :  an opened book +0.05  a closed book +0.05   led   0/231 h0.04 lvl+0.05   -
frame   321 :  an opened book -0.12  a closed book -0.24   led   0/255 h0.00 lvl-0.18   -
frame   322 :  an opened book +0.52  a closed book +0.21   led  39/ 75 h0.43 lvl+0.37   -
frame   323 :  an opened book -0.29  a closed book -0.39   led   0/255 h0.00 lvl-0.34   -
frame   324 :  an opened book +0.24  a closed book +0.18   led   7/158 h0.19 lvl+0.21   -
frame   325 :  an opened book +0.42  a closed book +0.42   led  24/101 h0.34 lvl+0.42   -
frame   326 :  a closed book -0.17  an opened book -0.58   led   0/255 h0.00 lvl-0.38   -
frame   327 :  a closed book +1.16  an opened book +1.06   led 226/  0 h0.95 lvl+1.11   -
frame   328 :  an opened book -0.44  a closed book -0.68   led   0/255 h0.00 lvl-0.56   -
frame   329 :  an opened book -0.57  a closed book -0.64   led   0/255 h0.00 lvl-0.60   -
frame   330 :  a closed book -0.21  an opened book -0.46   led   0/255 h0.00 lvl-0.34   -
frame   331 :  an opened book +0.30  a closed book +0.25   led  12/137 h0.25 lvl+0.28   -
frame   332 :  a closed book -0.05  an opened book -0.30   led   0/255 h0.00 lvl-0.18   -
frame   333 :  a closed book +0.15  an opened book +0.10   led   3/191 h0.12 lvl+0.13   -
frame   334 :  an opened book +1.58*  a closed book +0.85   led 255/  0 h1.00 lvl+1.22   MATCH an opened book (cos -0.109)
frame   335 :  an opened book +1.43*  a closed book +1.41*   led 255/  0 h1.00 lvl+1.42   MATCH an opened book (cos -0.109)
frame   336 :  an opened book +0.87  a closed book +0.47   led 120/ 17 h0.71 lvl+0.67   -
frame   337 :  a closed book -0.14  an opened book -0.19   led   0/255 h0.00 lvl-0.17   -
frame   338 :  an opened book +1.56*  a closed book +1.24*   led 255/  0 h1.00 lvl+1.40   MATCH an opened book (cos -0.109)
frame   339 :  a closed book +0.05  an opened book -0.05   led   0/232 h0.04 lvl+0.00   -
frame   340 :  a closed book -0.36  an opened book -0.51   led   0/255 h0.00 lvl-0.43   -
frame   341 :  an opened book +0.80  a closed book +0.08   led 100/ 25 h0.65 lvl+0.44   -
frame   342 :  a closed book -0.36  an opened book -0.90   led   0/255 h0.00 lvl-0.63   -
frame   343 :  an opened book -0.01  a closed book -0.04   led   0/255 h0.00 lvl-0.02   -
frame   344 :  a closed book +0.70  an opened book +0.67   led  74/ 40 h0.57 lvl+0.69   -
frame   345 :  an opened book +1.27*  a closed book +0.47   led 255/  0 h1.00 lvl+0.87   MATCH an opened book (cos -0.110)
frame   346 :  an opened book +0.53  a closed book +0.29   led  40/ 73 h0.43 lvl+0.41   -
frame   347 :  an opened book +0.01  a closed book -0.11   led   0/249 h0.01 lvl-0.05   -
frame   348 :  a closed book +0.52  an opened book +0.25   led  38/ 77 h0.42 lvl+0.38   -
frame   349 :  a closed book +0.90  an opened book +0.86   led 129/ 14 h0.73 lvl+0.88   -
frame   350 :  an opened book +0.68  a closed book +0.65   led  69/ 44 h0.55 lvl+0.66   -
frame   351 :  an opened book +1.01  a closed book +1.00   led 165/  6 h0.82 lvl+1.00   -
frame   352 :  a closed book +0.63  an opened book +0.12   led  59/ 52 h0.52 lvl+0.38   -
frame   353 :  an opened book +0.91  a closed book +0.54   led 130/ 14 h0.74 lvl+0.72   -
frame   354 :  a closed book +0.15  an opened book -0.18   led   2/192 h0.12 lvl-0.02   -
frame   355 :  a closed book +1.00  an opened book +0.48   led 164/  6 h0.82 lvl+0.74   -
frame   356 :  a closed book -0.05  an opened book -0.12   led   0/255 h0.00 lvl-0.08   -
frame   357 :  a closed book -0.53  an opened book -0.63   led   0/255 h0.00 lvl-0.58   -
frame   358 :  an opened book -0.35  a closed book -0.38   led   0/255 h0.00 lvl-0.37   -
frame   359 :  a closed book +0.99  an opened book +0.60   led 158/  7 h0.81 lvl+0.80   -
frame   360 :  a closed book -0.45  an opened book -0.47   led   0/255 h0.00 lvl-0.46   -
frame   361 :  an opened book -0.04  a closed book -0.08   led   0/255 h0.00 lvl-0.06   -
frame   362 :  a closed book +0.41  an opened book -0.25   led  23/103 h0.34 lvl+0.08   -
frame   363 :  a closed book +0.17  an opened book -0.03   led   3/184 h0.14 lvl+0.07   -
frame   364 :  an opened book +1.59*  a closed book +1.21   led 255/  0 h1.00 lvl+1.40   MATCH an opened book (cos -0.109)
frame   365 :  a closed book +1.25*  an opened book +1.09   led 255/  0 h1.00 lvl+1.17   MATCH a closed book (cos -0.095)
frame   366 :  an opened book +0.31  a closed book +0.06   led  12/135 h0.25 lvl+0.19   -
frame   367 :  an opened book +0.80  a closed book +0.12   led  99/ 25 h0.65 lvl+0.46   -
frame   368 :  a closed book +1.39*  an opened book +0.94   led 255/  0 h1.00 lvl+1.17   MATCH a closed book (cos -0.094)
frame   369 :  an opened book +0.20  a closed book +0.16   led   5/172 h0.16 lvl+0.18   -
frame   370 :  a closed book +1.04  an opened book +1.02   led 177/  4 h0.85 lvl+1.03   -
frame   371 :  an opened book +0.91  a closed book +0.70   led 131/ 13 h0.74 lvl+0.80   -
frame   372 :  an opened book +1.40*  a closed book +0.62   led 255/  0 h1.00 lvl+1.01   MATCH an opened book (cos -0.109)
frame   373 :  a closed book -0.41  an opened book -0.81   led   0/255 h0.00 lvl-0.61   -
frame   374 :  a closed book +0.62  an opened book +0.62   led  57/ 54 h0.51 lvl+0.62   -
frame   375 :  an opened book +0.83  a closed book +0.61   led 109/ 21 h0.68 lvl+0.72   -
frame   376 :  a closed book -0.84  an opened book -1.41   led   0/255 h0.00 lvl-1.13   -
frame   377 :  a closed book -0.71  an opened book -1.07   led   0/255 h0.00 lvl-0.89   -
frame   378 :  a closed book -0.53  an opened book -1.22   led   0/255 h0.00 lvl-0.88   -
frame   379 :  an opened book +0.39  a closed book +0.27   led  20/110 h0.32 lvl+0.33   -
frame   380 :  an opened book +0.58  a closed book +0.57   led  48/ 63 h0.47 lvl+0.57   -
frame   381 :  an opened book +0.23  a closed book +0.22   led   6/162 h0.19 lvl+0.22   -
frame   382 :  a closed book +0.73  an opened book +0.25   led  80/ 36 h0.59 lvl+0.49   -
frame   383 :  a closed book -0.43  an opened book -0.80   led   0/255 h0.00 lvl-0.62   -
frame   384 :  a closed book +1.59*  an opened book +1.47*   led 255/  0 h1.00 lvl+1.53   MATCH a closed book (cos -0.093)
frame   385 :  a closed book +0.71  an opened book +0.24   led  76/ 38 h0.58 lvl+0.48   -
frame   386 :  an opened book +0.62  a closed book +0.08   led  56/ 55 h0.50 lvl+0.35   -
frame   387 :  an opened book +0.94  a closed book +0.39   led 142/ 10 h0.77 lvl+0.67   -
frame   388 :  an opened book +0.27  a closed book -0.01   led   9/149 h0.22 lvl+0.13   -
frame   389 :  an opened book +1.23  a closed book +0.84   led 253/  0 h1.00 lvl+1.04   -
frame   390 :  an opened book +0.60  a closed book +0.28   led  52/ 59 h0.48 lvl+0.44   -
frame   391 :  a closed book +1.09  an opened book +0.59   led 197/  2 h0.89 lvl+0.84   -
frame   392 :  a closed book +1.04  an opened book +1.03   led 177/  4 h0.85 lvl+1.04   -
frame   393 :  a closed book +0.39  an opened book +0.03   led  20/110 h0.32 lvl+0.21   -
frame   394 :  a closed book +0.30  an opened book +0.09   led  11/138 h0.24 lvl+0.20   -
frame   395 :  an opened book +0.47  a closed book +0.47   led  31/ 89 h0.38 lvl+0.47   -
frame   396 :  an opened book -0.68  a closed book -0.69   led   0/255 h0.00 lvl-0.68   -
frame   397 :  an opened book +0.61  a closed book +0.47   led  54/ 57 h0.49 lvl+0.54   -
frame   398 :  a closed book -0.73  an opened book -1.23   led   0/255 h0.00 lvl-0.98   -
frame   399 :  a closed book -0.52  an opened book -0.62   led   0/255 h0.00 lvl-0.57   -
background: after 30 frames (frozen, room spread), this room reads  a closed book -0.103 +-0.0065 (COCO -0.159 +-0.0351)  an opened book -0.116 +-0.0046 (COCO -0.151 +-0.0303)
frame   400 :  an opened book +1.55*  a closed book +1.38*   led 255/  0 h1.00 lvl+1.46   MATCH an opened book (cos -0.109)
frame   401 :  a closed book +0.68  an opened book +0.50   led  70/ 43 h0.56 lvl+0.59   -
frame   402 :  a closed book +0.65  an opened book +0.27   led  63/ 49 h0.53 lvl+0.46   -
frame   403 :  an opened book +0.49  a closed book +0.37   led  33/ 84 h0.40 lvl+0.43   -
frame   404 :  an opened book +1.36*  a closed book +0.69   led 255/  0 h1.00 lvl+1.03   MATCH an opened book (cos -0.110)
frame   405 :  an opened book +0.34  a closed book +0.11   led  16/124 h0.28 lvl+0.23   -
frame   406 :  a closed book +0.04  an opened book -0.03   led   0/238 h0.03 lvl+0.00   -
frame   407 :  a closed book +0.18  an opened book -0.14   led   4/180 h0.15 lvl+0.02   -
frame   408 :  a closed book +0.72  an opened book +0.34   led  80/ 36 h0.59 lvl+0.53   -
frame   409 :  a closed book +0.30  an opened book -0.13   led  11/138 h0.24 lvl+0.09   -
frame   410 :  an opened book +1.00  a closed book +0.79   led 163/  6 h0.82 lvl+0.90   -
frame   411 :  an opened book +0.34  a closed book +0.22   led  15/124 h0.28 lvl+0.28   -
frame   412 :  a closed book +0.40  an opened book +0.19   led  22/107 h0.33 lvl+0.29   -
frame   413 :  an opened book +1.05  a closed book +0.71   led 180/  4 h0.85 lvl+0.88   -
frame   414 :  a closed book +0.86  an opened book +0.09   led 117/ 18 h0.70 lvl+0.48   -
frame   415 :  a closed book +0.31  an opened book -0.08   led  13/134 h0.25 lvl+0.12   -
frame   416 :  a closed book +0.04  an opened book -0.19   led   0/238 h0.03 lvl-0.08   -
frame   417 :  an opened book +0.33  a closed book +0.31   led  14/129 h0.27 lvl+0.32   -
frame   418 :  a closed book +0.32  an opened book -0.08   led  13/133 h0.26 lvl+0.12   -
frame   419 :  a closed book -0.20  an opened book -0.34   led   0/255 h0.00 lvl-0.27   -
frame   420 :  a closed book -0.36  an opened book -0.87   led   0/255 h0.00 lvl-0.61   -
frame   421 :  a closed book +0.95  an opened book +0.43   led 144/ 10 h0.77 lvl+0.69   -
frame   422 :  an opened book -0.24  a closed book -0.31   led   0/255 h0.00 lvl-0.27   -
frame   423 :  an opened book +0.81  a closed book +0.61   led 103/ 23 h0.66 lvl+0.71   -
frame   424 :  an opened book +0.82  a closed book +0.44   led 106/ 22 h0.67 lvl+0.63   -
frame   425 :  an opened book +0.08  a closed book -0.16   led   1/221 h0.06 lvl-0.04   -
frame   426 :  a closed book +0.21  an opened book +0.09   led   5/170 h0.17 lvl+0.15   -
frame   427 :  a closed book +0.19  an opened book +0.01   led   4/178 h0.15 lvl+0.10   -
frame   428 :  a closed book -0.41  an opened book -0.43   led   0/255 h0.00 lvl-0.42   -
frame   429 :  a closed book -0.20  an opened book -0.29   led   0/255 h0.00 lvl-0.25   -
frame   430 :  an opened book +1.33*  a closed book +0.54   led 255/  0 h1.00 lvl+0.94   MATCH an opened book (cos -0.110)
frame   431 :  an opened book -0.13  a closed book -0.33   led   0/255 h0.00 lvl-0.23   -
frame   432 :  a closed book +1.35*  an opened book +1.05   led 255/  0 h1.00 lvl+1.20   MATCH a closed book (cos -0.094)
frame   433 :  a closed book +0.11  an opened book -0.15   led   1/206 h0.09 lvl-0.02   -
frame   434 :  an opened book +0.63  a closed book +0.19   led  59/ 52 h0.52 lvl+0.41   -
frame   435 :  an opened book -0.36  a closed book -0.45   led   0/255 h0.00 lvl-0.41   -
frame   436 :  a closed book +0.11  an opened book +0.04   led   1/209 h0.09 lvl+0.07   -
frame   437 :  a closed book -0.51  an opened book -0.97   led   0/255 h0.00 lvl-0.74   -
frame   438 :  a closed book +0.81  an opened book +0.37   led 102/ 24 h0.66 lvl+0.59   -
frame   439 :  a closed book +1.29*  an opened book +1.25*   led 255/  0 h1.00 lvl+1.27   MATCH a closed book (cos -0.095)
frame   440 :  a closed book +0.15  an opened book -0.37   led   3/191 h0.12 lvl-0.11   -
frame   441 :  a closed book -0.13  an opened book -0.35   led   0/255 h0.00 lvl-0.24   -
frame   442 :  an opened book +1.06  a closed book +0.81   led 183/  3 h0.86 lvl+0.94   -
frame   443 :  a closed book +0.20  an opened book -0.42   led   5/171 h0.17 lvl-0.11   -
frame   444 :  an opened book +0.50  a closed book +0.16   led  35/ 82 h0.40 lvl+0.33   -
frame   445 :  a closed book +0.99  an opened book +0.81   led 158/  7 h0.81 lvl+0.90   -
frame   446 :  a closed book +1.23*  an opened book +1.18   led 255/  0 h1.00 lvl+1.20   MATCH a closed book (cos -0.095)
frame   447 :  a closed book -0.60  an opened book -0.86   led   0/255 h0.00 lvl-0.73   -
frame   448 :  a closed book -0.80  an opened book -1.24   led   0/255 h0.00 lvl-1.02   -
frame   449 :  a closed book +0.19  an opened book -0.21   led   4/177 h0.15 lvl-0.01   -
frame   450 :  a closed book +0.37  an opened book +0.28   led  18/117 h0.30 lvl+0.32   -
frame   451 :  an opened book +1.23*  a closed book +1.19   led 255/  0 h1.00 lvl+1.21   MATCH an opened book (cos -0.110)
frame   452 :  an opened book -0.43  a closed book -0.47   led   0/255 h0.00 lvl-0.45   -
frame   453 :  an opened book -0.60  a closed book -0.71   led   0/255 h0.00 lvl-0.65   -
frame   454 :  a closed book +0.36  an opened book +0.27   led  17/120 h0.29 lvl+0.31   -
frame   455 :  a closed book -0.52  an opened book -0.56   led   0/255 h0.00 lvl-0.54   -
frame   456 :  a closed book +0.62  an opened book +0.42   led  56/ 55 h0.50 lvl+0.52   -
frame   457 :  a closed book +0.47  an opened book +0.42   led  30/ 90 h0.38 lvl+0.44   -
frame   458 :  a closed book +0.51  an opened book -0.12   led  37/ 78 h0.42 lvl+0.20   -
frame   459 :  a closed book +0.65  an opened book -0.02   led  63/ 48 h0.53 lvl+0.32   -
frame   460 :  an opened book -0.06  a closed book -0.26   led   0/255 h0.00 lvl-0.16   -
frame   461 :  an opened book -0.40  a closed book -0.52   led   0/255 h0.00 lvl-0.46   -
frame   462 :  an opened book +1.43*  a closed book +1.20   led 255/  0 h1.00 lvl+1.31   MATCH an opened book (cos -0.109)
frame   463 :  a closed book -0.03  an opened book -0.44   led   0/255 h0.00 lvl-0.23   -
frame   464 :  a closed book +0.25  an opened book +0.13   led   8/153 h0.21 lvl+0.19   -
frame   465 :  an opened book +0.17  a closed book +0.16   led   3/184 h0.14 lvl+0.16   -
frame   466 :  a closed book +0.22  an opened book -0.12   led   6/165 h0.18 lvl+0.05   -
frame   467 :  an opened book +0.11  a closed book +0.09   led   1/207 h0.09 lvl+0.10   -
frame   468 :  a closed book +0.76  an opened book +0.40   led  90/ 30 h0.62 lvl+0.58   -
frame   469 :  a closed book +1.57*  an opened book +1.08   led 255/  0 h1.00 lvl+1.32   MATCH a closed book (cos -0.093)
frame   470 :  a closed book +0.79  an opened book +0.36   led  97/ 26 h0.65 lvl+0.58   -
frame   471 :  a closed book +1.13  an opened book +0.69   led 212/  1 h0.92 lvl+0.91   -
frame   472 :  a closed book +1.62*  an opened book +1.16   led 255/  0 h1.00 lvl+1.39   MATCH a closed book (cos -0.093)
frame   473 :  a closed book +0.68  an opened book +0.47   led  68/ 44 h0.55 lvl+0.57   -
frame   474 :  a closed book -0.55  an opened book -0.91   led   0/255 h0.00 lvl-0.73   -
frame   475 :  a closed book +0.34  an opened book -0.14   led  15/125 h0.28 lvl+0.10   -
frame   476 :  a closed book +0.95  an opened book +0.41   led 144/ 10 h0.77 lvl+0.68   -
frame   477 :  a closed book +0.89  an opened book +0.45   led 126/ 15 h0.73 lvl+0.67   -
frame   478 :  a closed book +0.73  an opened book +0.15   led  81/ 35 h0.59 lvl+0.44   -
frame   479 :  a closed book -0.07  an opened book -0.36   led   0/255 h0.00 lvl-0.22   -
frame   480 :  a closed book +0.36  an opened book -0.08   led  17/119 h0.29 lvl+0.14   -
frame   481 :  a closed book -0.44  an opened book -0.85   led   0/255 h0.00 lvl-0.65   -
frame   482 :  a closed book +0.64  an opened book +0.55   led  61/ 50 h0.52 lvl+0.60   -
frame   483 :  a closed book +0.74  an opened book +0.54   led  84/ 33 h0.60 lvl+0.64   -
frame   484 :  a closed book +1.18  an opened book +0.75   led 235/  0 h0.96 lvl+0.97   -
frame   485 :  an opened book +0.61  a closed book +0.41   led  54/ 57 h0.49 lvl+0.51   -
frame   486 :  a closed book +0.16  an opened book -0.19   led   3/187 h0.13 lvl-0.02   -
frame   487 :  a closed book +0.99  an opened book +0.64   led 157/  7 h0.80 lvl+0.81   -
frame   488 :  a closed book +0.69  an opened book +0.66   led  72/ 41 h0.56 lvl+0.68   -
frame   489 :  a closed book +0.27  an opened book +0.21   led   9/147 h0.22 lvl+0.24   -
frame   490 :  an opened book +0.33  a closed book +0.21   led  14/130 h0.26 lvl+0.27   -
frame   491 :  a closed book +1.08  an opened book +1.04   led 190/  3 h0.88 lvl+1.06   -
frame   492 :  an opened book +0.29  a closed book +0.22   led  11/140 h0.24 lvl+0.26   -
frame   493 :  an opened book +0.98  a closed book +0.83   led 156/  7 h0.80 lvl+0.91   -
frame   494 :  a closed book +1.11  an opened book +0.70   led 204/  1 h0.90 lvl+0.91   -
frame   495 :  a closed book +1.44*  an opened book +1.30*   led 255/  0 h1.00 lvl+1.37   MATCH a closed book (cos -0.094)
frame   496 :  an opened book +1.68*  a closed book +1.30*   led 255/  0 h1.00 lvl+1.49   MATCH an opened book (cos -0.108)
frame   497 :  an opened book +0.87  a closed book +0.75   led 119/ 17 h0.71 lvl+0.81   -
frame   498 :  an opened book +1.68*  a closed book +1.38*   led 255/  0 h1.00 lvl+1.53   MATCH an opened book (cos -0.108)
frame   499 :  an opened book +0.50  a closed book +0.46   led  35/ 81 h0.41 lvl+0.48   -
background: after 30 frames (frozen, room spread), this room reads  a closed book -0.103 +-0.0065 (COCO -0.159 +-0.0351)  an opened book -0.116 +-0.0046 (COCO -0.151 +-0.0303)
frame   500 :  a closed book +1.76*  an opened book +1.48*   led 255/  0 h1.00 lvl+1.62   MATCH a closed book (cos -0.092)
frame   501 :  a closed book -0.31  an opened book -0.46   led   0/255 h0.00 lvl-0.39   -
frame   502 :  a closed book +0.35  an opened book -0.01   led  16/121 h0.29 lvl+0.17   -
frame   503 :  an opened book +0.11  a closed book +0.04   led   1/209 h0.09 lvl+0.07   -
frame   504 :  a closed book +1.31*  an opened book +1.22   led 255/  0 h1.00 lvl+1.27   MATCH a closed book (cos -0.095)
frame   505 :  a closed book +0.45  an opened book +0.38   led  28/ 93 h0.37 lvl+0.42   -
frame   506 :  a closed book +0.36  an opened book +0.35   led  18/118 h0.30 lvl+0.36   -
frame   507 :  a closed book +1.00  an opened book +0.94   led 161/  6 h0.81 lvl+0.97   -
frame   508 :  a closed book +0.72  an opened book +0.13   led  80/ 36 h0.59 lvl+0.43   -
frame   509 :  an opened book +1.27*  a closed book +0.97   led 255/  0 h1.00 lvl+1.12   MATCH an opened book (cos -0.110)
frame   510 :  a closed book +1.35*  an opened book +1.07   led 255/  0 h1.00 lvl+1.21   MATCH a closed book (cos -0.094)
frame   511 :  an opened book +0.28  a closed book +0.08   led  10/143 h0.23 lvl+0.18   -
frame   512 :  a closed book +0.92  an opened book +0.78   led 133/ 13 h0.74 lvl+0.85   -
frame   513 :  an opened book +1.33*  a closed book +1.32*   led 255/  0 h1.00 lvl+1.33   MATCH an opened book (cos -0.110)
frame   514 :  an opened book +0.82  a closed book +0.66   led 104/ 23 h0.66 lvl+0.74   -
frame   515 :  a closed book +0.49  an opened book +0.45   led  34/ 82 h0.40 lvl+0.47   -
frame   516 :  a closed book +1.06  an opened book +0.92   led 183/  3 h0.86 lvl+0.99   -
frame   517 :  a closed book +0.76  an opened book +0.53   led  88/ 31 h0.62 lvl+0.64   -
frame   518 :  a closed book +1.07  an opened book +0.77   led 190/  3 h0.87 lvl+0.92   -
frame   519 :  a closed book +1.25*  an opened book +1.06   led 255/  0 h1.00 lvl+1.15   MATCH a closed book (cos -0.095)
frame   520 :  a closed book +0.33  an opened book +0.21   led  14/128 h0.27 lvl+0.27   -
frame   521 :  a closed book +0.07  an opened book -0.13   led   1/223 h0.06 lvl-0.03   -
frame   522 :  an opened book +1.06  a closed book +0.30   led 185/  3 h0.86 lvl+0.68   -
frame   523 :  a closed book +0.00  an opened book -0.29   led   0/253 h0.00 lvl-0.14   -
frame   524 :  a closed book +0.50  an opened book +0.27   led  35/ 81 h0.41 lvl+0.38   -
frame   525 :  an opened book +1.53*  a closed book +1.23   led 255/  0 h1.00 lvl+1.38   MATCH an opened book (cos -0.109)
frame   526 :  a closed book +0.34  an opened book -0.08   led  15/126 h0.27 lvl+0.13   -
frame   527 :  a closed book +0.28  an opened book +0.10   led  10/144 h0.23 lvl+0.19   -
frame   528 :  an opened book +1.10  a closed book +0.68   led 200/  2 h0.89 lvl+0.89   -
frame   529 :  an opened book +0.34  a closed book +0.12   led  15/126 h0.28 lvl+0.23   -
frame   530 :  a closed book +1.12  an opened book +1.04   led 207/  1 h0.91 lvl+1.08   -
frame   531 :  an opened book +1.16  a closed book +0.81   led 222/  1 h0.94 lvl+0.98   -
frame   532 :  an opened book +2.17*  a closed book +1.71*   led 255/  0 h1.00 lvl+1.94   MATCH an opened book (cos -0.106)
frame   533 :  an opened book +1.04  a closed book +0.62   led 178/  4 h0.85 lvl+0.83   -
frame   534 :  an opened book +0.19  a closed book -0.39   led   4/178 h0.15 lvl-0.10   -
frame   535 :  an opened book +1.34*  a closed book +0.53   led 255/  0 h1.00 lvl+0.94   MATCH an opened book (cos -0.110)
frame   536 :  a closed book -0.07  an opened book -0.41   led   0/255 h0.00 lvl-0.24   -
frame   537 :  an opened book +1.25*  a closed book +0.94   led 255/  0 h1.00 lvl+1.09   MATCH an opened book (cos -0.110)
frame   538 :  a closed book +0.17  an opened book +0.01   led   3/183 h0.14 lvl+0.09   -
frame   539 :  an opened book +1.49*  a closed book +1.19   led 255/  0 h1.00 lvl+1.34   MATCH an opened book (cos -0.109)
frame   540 :  an opened book +1.03  a closed book +0.97   led 172/  5 h0.84 lvl+1.00   -
frame   541 :  a closed book +1.16  an opened book +0.98   led 225/  0 h0.94 lvl+1.07   -
frame   542 :  an opened book +1.17  a closed book +0.85   led 229/  0 h0.95 lvl+1.01   -
frame   543 :  an opened book +0.45  a closed book +0.27   led  28/ 94 h0.36 lvl+0.36   -
frame   544 :  an opened book +0.57  a closed book +0.56   led  46/ 66 h0.46 lvl+0.56   -
frame   545 :  a closed book +0.54  an opened book +0.50   led  42/ 71 h0.44 lvl+0.52   -
frame   546 :  a closed book +0.18  an opened book -0.43   led   4/179 h0.15 lvl-0.12   -
frame   547 :  an opened book +1.77*  a closed book +1.64*   led 255/  0 h1.00 lvl+1.71   MATCH an opened book (cos -0.108)
frame   548 :  an opened book +0.67  a closed book +0.11   led  67/ 45 h0.55 lvl+0.39   -
frame   549 :  a closed book +1.16  an opened book +1.07   led 226/  0 h0.95 lvl+1.12   -
frame   550 :  an opened book +1.00  a closed book +0.87   led 162/  6 h0.81 lvl+0.94   -
frame   551 :  a closed book +0.60  an opened book -0.08   led  52/ 59 h0.48 lvl+0.26   -
frame   552 :  a closed book +0.36  an opened book +0.15   led  17/119 h0.29 lvl+0.25   -
frame   553 :  an opened book +0.45  a closed book +0.30   led  27/ 95 h0.36 lvl+0.37   -
frame   554 :  an opened book -0.07  a closed book -0.29   led   0/255 h0.00 lvl-0.18   -
frame   555 :  an opened book +0.33  a closed book +0.20   led  14/128 h0.27 lvl+0.26   -
frame   556 :  a closed book +0.43  an opened book +0.24   led  26/ 98 h0.35 lvl+0.33   -
frame   557 :  an opened book +1.93*  a closed book +1.02   led 255/  0 h1.00 lvl+1.47   MATCH an opened book (cos -0.107)
frame   558 :  an opened book +0.42  a closed book +0.09   led  24/103 h0.34 lvl+0.26   -
frame   559 :  an opened book +1.54*  a closed book +1.10   led 255/  0 h1.00 lvl+1.32   MATCH an opened book (cos -0.109)
frame   560 :  a closed book -0.12  an opened book -0.43   led   0/255 h0.00 lvl-0.28   -
frame   561 :  an opened book +1.10  a closed book +0.42   led 201/  2 h0.90 lvl+0.76   -
frame   562 :  an opened book +1.52*  a closed book +1.48*   led 255/  0 h1.00 lvl+1.50   MATCH an opened book (cos -0.109)
frame   563 :  a closed book +0.38  an opened book -0.06   led  19/113 h0.31 lvl+0.16   -
frame   564 :  a closed book -0.59  an opened book -0.92   led   0/255 h0.00 lvl-0.76   -
frame   565 :  an opened book -0.14  a closed book -0.14   led   0/255 h0.00 lvl-0.14   -
frame   566 :  an opened book +1.02  a closed book +0.96   led 170/  5 h0.83 lvl+0.99   -
frame   567 :  a closed book -0.02  an opened book -0.20   led   0/255 h0.00 lvl-0.11   -
frame   568 :  an opened book +0.14  a closed book -0.35   led   2/197 h0.11 lvl-0.11   -
frame   569 :  a closed book +0.63  an opened book +0.61   led  58/ 53 h0.51 lvl+0.62   -
frame   570 :  a closed book +0.57  an opened book -0.43   led  47/ 65 h0.46 lvl+0.07   -
frame   571 :  an opened book +0.61  a closed book +0.55   led  55/ 56 h0.50 lvl+0.58   -
frame   572 :  a closed book +1.49*  an opened book +1.31*   led 255/  0 h1.00 lvl+1.40   MATCH a closed book (cos -0.093)
frame   573 :  an opened book -1.08  a closed book -1.10   led   0/255 h0.00 lvl-1.09   -
frame   574 :  an opened book -0.22  a closed book -0.49   led   0/255 h0.00 lvl-0.35   -
frame   575 :  an opened book +0.91  a closed book +0.76   led 131/ 13 h0.74 lvl+0.83   -
frame   576 :  an opened book +1.01  a closed book +0.61   led 166/  6 h0.82 lvl+0.81   -
frame   577 :  an opened book -0.12  a closed book -0.40   led   0/255 h0.00 lvl-0.26   -
frame   578 :  an opened book +0.60  a closed book +0.58   led  52/ 59 h0.49 lvl+0.59   -
frame   579 :  an opened book +2.32*  a closed book +1.42*   led 255/  0 h1.00 lvl+1.87   MATCH an opened book (cos -0.105)
frame   580 :  an opened book -0.88  a closed book -1.64   led   0/255 h0.00 lvl-1.26   -
frame   581 :  an opened book -0.81  a closed book -1.24   led   0/255 h0.00 lvl-1.03   -
frame   582 :  an opened book -0.50  a closed book -0.69   led   0/255 h0.00 lvl-0.59   -
frame   583 :  an opened book -0.20  a closed book -1.02   led   0/255 h0.00 lvl-0.61   -
frame   584 :  an opened book +0.15  a closed book -1.34   led   2/192 h0.12 lvl-0.59   -
frame   585 :  an opened book -1.06  a closed book -1.17   led   0/255 h0.00 lvl-1.11   -
frame   586 :  an opened book -1.03  a closed book -1.54   led   0/255 h0.00 lvl-1.28   -
frame   587 :  an opened book +0.30  a closed book -0.80   led  11/139 h0.24 lvl-0.25   -
frame   588 :  an opened book +1.04  a closed book -0.40   led 178/  4 h0.85 lvl+0.32   -
frame   589 :  an opened book -1.89  a closed book -2.58   led   0/255 h0.00 lvl-2.23   -
frame   590 :  an opened book +0.24  a closed book -0.59   led   7/156 h0.20 lvl-0.17   -
frame   591 :  an opened book -0.67  a closed book -1.88   led   0/255 h0.00 lvl-1.28   -
frame   592 :  an opened book -0.89  a closed book -1.88   led   0/255 h0.00 lvl-1.39   -
frame   593 :  an opened book +0.78  a closed book -0.07   led  93/ 28 h0.63 lvl+0.35   -
frame   594 :  an opened book -0.65  a closed book -1.09   led   0/255 h0.00 lvl-0.87   -
frame   595 :  an opened book -1.10  a closed book -1.81   led   0/255 h0.00 lvl-1.45   -
frame   596 :  an opened book +0.03  a closed book -1.04   led   0/243 h0.02 lvl-0.51   -
frame   597 :  an opened book -1.41  a closed book -1.95   led   0/255 h0.00 lvl-1.68   -
frame   598 :  an opened book -1.07  a closed book -1.63   led   0/255 h0.00 lvl-1.35   -
frame   599 :  an opened book -0.25  a closed book -1.44   led   0/255 h0.00 lvl-0.84   -
background: after 30 frames (frozen, room spread), this room reads  a closed book -0.103 +-0.0065 (COCO -0.159 +-0.0351)  an opened book -0.116 +-0.0046 (COCO -0.151 +-0.0303)
frame   600 :  an opened book -1.40  a closed book -2.30   led   0/255 h0.00 lvl-1.85   -

stopped   : 601 frames, 601 good, capture overlapped with the compute, configuration C
            601 frames timed, 285 ms/frame mean (capture included)
            268 ms encode + 0 ms waiting for the sensor + 16 ms burst; 295 ms/frame by the clock
            376 ms shutter to LED, arming with 91 ms of compute left
            last frame mean RGB 132 125 130
            camera bus: worst gap 20 us against the 2000 us deadline (#12)
            usb: 0 outages, 0 ms off the bus, 0 re-attaches (#9)
