
=== M9: fpga-open-vocab - describe it, the board spots it ===

clock     : 320 MHz requested; BOOTSEL is reachable for 1.5 s
clock     : 320 MHz system, core 1.25 V
reset     : chip_reset 00010000
            nothing new since the last banner - whatever reset the core left powman alone.
waiting for a bitstream on USB CDC (host/demo.py)
bitstream : 173124 bytes announced, crc32 0a2e9953
bitstream : received intact
configure : configured, CDONE high   CDONE=1 nSTATUS=0
crc       : DMA sniffer, calc=1 out_rev=1 out_inv=1
model     : 9 layers, 512-d embedding, 131072 B/buffer
weights   : 780720 B, crc32=0xF368CC6E  (126 ms to hash)

reference : encoder_fast on the flash test vector  (1584 ms)

link      : probing the wire by running the whole test vector over it
probe     : 3 forward data lines -> 512/512 floats exact, 272 ms
link      : configuration C, 3 forward data lines, 160.0 MHz

camera    : exposure ramp 37 37 39 40 41 41~ 44 52 59 66 71 79 85 90 95 104 112 119 127 132 132 132 132 132
camera    : live 128x128 RGB565, id 0x82, 16.0 MHz, expose 37 ms, read 16 ms, exposure settled after 24 frames
            regs fmt 02 res 00 bri 00 ev 00 wb 00 auto 00 state 26 id 82 fpga 20
            reset gate: polls 425, first state 21, busy yes   defaults polls: ae 0 ag 10 awb 10 wbmode 10
            #33: the auto loops were switched back on 1 time during the ramp
            mean RGB 134 130 133  (tuned camera on a neutral scene: about 115 107 105)

queries   : waiting for a query set on USB CDC (host/demo.py)
queries   : 2 accepted, 512-d, crc ok
            level axis carries 0.95 of one query's swing; most opposed pair +0.810
            scored as z = (cos - background) / std, where the background is this room's
            own mean over its first 30 frames and is then FROZEN - so a thing left in
            shot keeps its score instead of decaying into the furniture. 'N' re-learns
            it, 'H' switches to tracking. The COCO figures below are only the seed for
            frame 0 and the fixed std.
            std is THIS ROOM's, measured over the same 30 frames ('S' switches to COCO's).
            The thresholds below still mean the 90th percentile of a background; the
            background they now mean it against is this room empty, not 5000 COCO photos.
            a closed book        match above z 1.23   (COCO background -0.159 +- 0.035, so cos -0.116)
            an opened book       match above z 1.23   (COCO background -0.151 +- 0.030, so cos -0.114)

loop      : capture, 8 convs on the T8, pool and head, then one cosine per query. 'B' for BOOTSEL, 'R' to restart,
            'P' to dump the next frame for host/cam.py, 'V' to dump its 512 floats for host/caption.py,
            'E' to provoke a fault so D1 shows its fault display, 'H' to freeze/unfreeze the background,
            'S' to switch the spread between this room's and COCO's, 'W' to hang on purpose and see
            the watchdog name the stage, 'C' to stall the camera bus on purpose and see it cost one frame,
            'U' to drop off USB on purpose and watch it come back, 'I' to drop off and refuse to,
            'N' to forget it and learn it again from now. 'P' and 'V' together describe the same frame.
            'O' closes the timing window, prints it and flips the capture between overlapped and serial;
            'D' does the same and flips the trigger between late and at-the-collect, which is #14's A/B.
            'L' freezes exposure and gain, then on a second press the white balance too - which goes green,
            and is the control. A third restores all three. Issue #30, and the one hotkey whose answer depends on when you press it.
            scores are z against this room's background, ranked; '*' means over its threshold.
            '1'..'6' enrol the next 20 frames as that class, and press again on a LATER visit
            to fold a second one in - 2 visits is what makes the enrolment guard mean
            something. Two classes in and the board decides by nearest reference instead of
            by threshold - see M21.
            '0' ENROLS THE EMPTY SCENE the same way, and it is worth a visit: with one, a frame
            is absent when the empty reference is the nearest of the three and no radius is
            involved. Without one the board falls back to the band - absent beyond 2.0 sep
            from every class - which scores 54.6% over 28 benches against the third reference's
            79.1%, because with two queries that band is an interval the empty scene can sit
            inside. #18.
            The first 30 frames set the baseline and it is then frozen, so anything left in
            shot KEEPS its score. Point the camera at the empty scene for those frames.
            Send a new set at any time to re-query - that resets the baseline too.

frame     0 :  a closed book +2.11*  an opened book +1.52*   led 255/  0 h1.00 lvl+1.81   MATCH a closed book (cos -0.085)
frame     1 :  a closed book +0.03  an opened book +0.01   led   0/243 h0.02 lvl+0.02   -
frame     2 :  a closed book -0.08  an opened book -0.21   led   0/255 h0.00 lvl-0.14   -
frame     3 :  a closed book -0.09  an opened book -0.09   led   0/255 h0.00 lvl-0.09   -
frame     4 :  an opened book +0.18  a closed book +0.07   led   4/179 h0.15 lvl+0.12   -
frame     5 :  a closed book +0.11  an opened book +0.06   led   1/209 h0.09 lvl+0.08   -
frame     6 :  an opened book +0.08  a closed book +0.06   led   1/218 h0.07 lvl+0.07   -
frame     7 :  an opened book +0.01  a closed book -0.03   led   0/252 h0.01 lvl-0.01   -
background: after 8 frames (warming up, room spread), this room reads  a closed book -0.085 +-0.0022 (COCO -0.159 +-0.0351)  an opened book -0.106 +-0.0030 (COCO -0.151 +-0.0303)
frame     8 :  an opened book +0.02  a closed book -0.22   led   0/246 h0.02 lvl-0.10   -
frame     9 :  a closed book +1.81*  an opened book +0.75   led 255/  0 h1.00 lvl+1.28   MATCH a closed book (cos -0.082)
frame    10 :  an opened book -3.44  a closed book -4.77   led   0/255 h0.00 lvl-4.10   -
frame    11 :  an opened book +1.03  a closed book +0.80   led 175/  4 h0.84 lvl+0.92   -
frame    12 :  an opened book -0.38  a closed book -1.02   led   0/255 h0.00 lvl-0.70   -
frame    13 :  an opened book -1.01  a closed book -1.57   led   0/255 h0.00 lvl-1.29   -
frame    14 :  an opened book +0.48  a closed book +0.25   led  32/ 86 h0.39 lvl+0.37   -
frame    15 :  a closed book +0.35  an opened book +0.06   led  16/122 h0.28 lvl+0.21   -
frame    16 :  a closed book +0.47  an opened book -0.26   led  31/ 89 h0.38 lvl+0.11   -
frame    17 :  an opened book -0.84  a closed book -1.16   led   0/255 h0.00 lvl-1.00   -
frame    18 :  an opened book -1.76  a closed book -1.85   led   0/255 h0.00 lvl-1.81   -
frame    19 :  an opened book -0.92  a closed book -1.09   led   0/255 h0.00 lvl-1.00   -
frame    20 :  an opened book -0.83  a closed book -1.23   led   0/255 h0.00 lvl-1.03   -
frame    21 :  an opened book -0.50  a closed book -0.59   led   0/255 h0.00 lvl-0.55   -
frame    22 :  an opened book -1.87  a closed book -2.21   led   0/255 h0.00 lvl-2.04   -
frame    23 :  a closed book -1.93  an opened book -2.07   led   0/255 h0.00 lvl-2.00   -
frame    24 :  a closed book -0.04  an opened book -0.34   led   0/255 h0.00 lvl-0.19   -
frame    25 :  an opened book +0.12  a closed book -0.07   led   2/203 h0.10 lvl+0.03   -
frame    26 :  an opened book -1.43  a closed book -2.28   led   0/255 h0.00 lvl-1.86   -
frame    27 :  an opened book +2.06*  a closed book +0.82   led 255/  0 h1.00 lvl+1.44   MATCH an opened book (cos -0.100)
frame    28 :  a closed book +1.80*  an opened book +1.70*   led 255/  0 h1.00 lvl+1.75   MATCH a closed book (cos -0.080)
frame    29 :  an opened book +1.34*  a closed book +0.54   led 255/  0 h1.00 lvl+0.94   MATCH an opened book (cos -0.102)
frame    30 :  an opened book +0.57  a closed book -0.10   led  47/ 65 h0.46 lvl+0.23   -
frame    31 :  a closed book -1.83  an opened book -1.92   led   0/255 h0.00 lvl-1.88   -
frame    32 :  an opened book -0.56  a closed book -0.72   led   0/255 h0.00 lvl-0.64   -
frame    33 :  an opened book -1.73  a closed book -1.96   led   0/255 h0.00 lvl-1.85   -
frame    34 :  an opened book -0.36  a closed book -0.90   led   0/255 h0.00 lvl-0.63   -
frame    35 :  a closed book -0.44  an opened book -0.64   led   0/255 h0.00 lvl-0.54   -
frame    36 :  an opened book -0.58  a closed book -0.97   led   0/255 h0.00 lvl-0.78   -
frame    37 :  an opened book -1.18  a closed book -1.88   led   0/255 h0.00 lvl-1.53   -
frame    38 :  an opened book -1.20  a closed book -1.64   led   0/255 h0.00 lvl-1.42   -
frame    39 :  an opened book -0.62  a closed book -1.26   led   0/255 h0.00 lvl-0.94   -
frame    40 :  a closed book -0.00  an opened book -0.47   led   0/255 h0.00 lvl-0.24   -
frame    41 :  an opened book -1.81  a closed book -2.13   led   0/255 h0.00 lvl-1.97   -
frame    42 :  a closed book -0.25  an opened book -0.51   led   0/255 h0.00 lvl-0.38   -

camera    : frozen now exposure gain  at frame 43, mean RGB 133 129 131
frame    43 :  an opened book +0.14  a closed book -0.51   led   2/194 h0.12 lvl-0.19   -
frame    44 :  an opened book +0.10  a closed book -0.33   led   1/211 h0.08 lvl-0.12   -
frame    45 :  an opened book -0.14  a closed book -0.61   led   0/255 h0.00 lvl-0.38   -
frame    46 :  an opened book -1.27  a closed book -1.54   led   0/255 h0.00 lvl-1.41   -
frame    47 :  an opened book -1.18  a closed book -1.49   led   0/255 h0.00 lvl-1.33   -
frame    48 :  a closed book +0.61  an opened book +0.09   led  54/ 57 h0.49 lvl+0.35   -
frame    49 :  an opened book -0.10  a closed book -0.32   led   0/255 h0.00 lvl-0.21   -
frame    50 :  a closed book -0.49  an opened book -0.85   led   0/255 h0.00 lvl-0.67   -
frame    51 :  an opened book -1.07  a closed book -1.12   led   0/255 h0.00 lvl-1.09   -
frame    52 :  an opened book +0.16  a closed book -0.28   led   3/188 h0.13 lvl-0.06   -
frame    53 :  an opened book -1.25  a closed book -1.40   led   0/255 h0.00 lvl-1.33   -
frame    54 :  a closed book -1.52  an opened book -1.56   led   0/255 h0.00 lvl-1.54   -
frame    55 :  an opened book -0.97  a closed book -1.03   led   0/255 h0.00 lvl-1.00   -
frame    56 :  an opened book -0.14  a closed book -0.26   led   0/255 h0.00 lvl-0.20   -
frame    57 :  a closed book -0.65  an opened book -1.18   led   0/255 h0.00 lvl-0.91   -
frame    58 :  a closed book -0.53  an opened book -1.10   led   0/255 h0.00 lvl-0.82   -
frame    59 :  an opened book -1.53  a closed book -1.76   led   0/255 h0.00 lvl-1.64   -
frame    60 :  an opened book -0.21  a closed book -0.42   led   0/255 h0.00 lvl-0.31   -
frame    61 :  an opened book -0.93  a closed book -1.07   led   0/255 h0.00 lvl-1.00   -
frame    62 :  a closed book -1.30  an opened book -1.44   led   0/255 h0.00 lvl-1.37   -
frame    63 :  an opened book +0.50  a closed book +0.24   led  34/ 82 h0.40 lvl+0.37   -
frame    64 :  an opened book -0.51  a closed book -1.60   led   0/255 h0.00 lvl-1.05   -
frame    65 :  a closed book -0.16  an opened book -0.59   led   0/255 h0.00 lvl-0.38   -
frame    66 :  an opened book -1.05  a closed book -2.01   led   0/255 h0.00 lvl-1.53   -
frame    67 :  an opened book -0.89  a closed book -1.29   led   0/255 h0.00 lvl-1.09   -
frame    68 :  an opened book -0.03  a closed book -0.13   led   0/255 h0.00 lvl-0.08   -
frame    69 :  an opened book -1.41  a closed book -1.58   led   0/255 h0.00 lvl-1.49   -
frame    70 :  an opened book -1.15  a closed book -1.15   led   0/255 h0.00 lvl-1.15   -
frame    71 :  an opened book -1.17  a closed book -1.99   led   0/255 h0.00 lvl-1.58   -
frame    72 :  an opened book -1.09  a closed book -1.10   led   0/255 h0.00 lvl-1.09   -
frame    73 :  a closed book -1.45  an opened book -1.62   led   0/255 h0.00 lvl-1.53   -
frame    74 :  an opened book +0.27  a closed book -0.03   led   9/149 h0.22 lvl+0.12   -
frame    75 :  a closed book -0.44  an opened book -0.51   led   0/255 h0.00 lvl-0.47   -
frame    76 :  an opened book -0.55  a closed book -1.54   led   0/255 h0.00 lvl-1.04   -
frame    77 :  an opened book -0.94  a closed book -1.37   led   0/255 h0.00 lvl-1.16   -
frame    78 :  an opened book +0.50  a closed book -0.49   led  35/ 81 h0.41 lvl+0.01   -
frame    79 :  a closed book +0.70  an opened book +0.47   led  73/ 40 h0.57 lvl+0.59   -
frame    80 :  an opened book -0.72  a closed book -1.05   led   0/255 h0.00 lvl-0.88   -
frame    81 :  an opened book +0.09  a closed book -0.59   led   1/217 h0.07 lvl-0.25   -
frame    82 :  a closed book -0.07  an opened book -0.28   led   0/255 h0.00 lvl-0.17   -
frame    83 :  a closed book -0.20  an opened book -0.40   led   0/255 h0.00 lvl-0.30   -
frame    84 :  a closed book +1.04  an opened book +0.52   led 176/  4 h0.84 lvl+0.78   -
frame    85 :  an opened book +0.99  a closed book +0.60   led 160/  7 h0.81 lvl+0.80   -
frame    86 :  an opened book -0.48  a closed book -1.15   led   0/255 h0.00 lvl-0.82   -
frame    87 :  an opened book -0.47  a closed book -0.96   led   0/255 h0.00 lvl-0.71   -
frame    88 :  a closed book -0.21  an opened book -0.31   led   0/255 h0.00 lvl-0.26   -
frame    89 :  an opened book -0.93  a closed book -1.22   led   0/255 h0.00 lvl-1.07   -
frame    90 :  an opened book +0.99  a closed book +0.47   led 157/  7 h0.80 lvl+0.73   -
frame    91 :  a closed book -0.72  an opened book -1.04   led   0/255 h0.00 lvl-0.88   -
frame    92 :  an opened book +0.52  a closed book +0.47   led  38/ 76 h0.42 lvl+0.50   -
frame    93 :  an opened book +1.30*  a closed book +1.25*   led 255/  0 h1.00 lvl+1.28   MATCH an opened book (cos -0.102)
frame    94 :  an opened book -1.21  a closed book -1.59   led   0/255 h0.00 lvl-1.40   -
frame    95 :  an opened book -2.00  a closed book -2.30   led   0/255 h0.00 lvl-2.15   -
frame    96 :  an opened book -0.82  a closed book -1.00   led   0/255 h0.00 lvl-0.91   -
frame    97 :  an opened book -0.71  a closed book -0.88   led   0/255 h0.00 lvl-0.80   -
frame    98 :  an opened book -0.44  a closed book -0.88   led   0/255 h0.00 lvl-0.66   -
frame    99 :  an opened book -0.48  a closed book -1.44   led   0/255 h0.00 lvl-0.96   -
background: after 30 frames (frozen, room spread), this room reads  a closed book -0.088 +-0.0047 (COCO -0.159 +-0.0351)  an opened book -0.107 +-0.0041 (COCO -0.151 +-0.0303)
frame   100 :  an opened book -1.79  a closed book -1.88   led   0/255 h0.00 lvl-1.83   -
frame   101 :  a closed book +0.91  an opened book +0.40   led 131/ 13 h0.74 lvl+0.66   -
frame   102 :  a closed book -0.33  an opened book -0.36   led   0/255 h0.00 lvl-0.34   -
frame   103 :  an opened book -0.38  a closed book -1.36   led   0/255 h0.00 lvl-0.87   -
frame   104 :  an opened book -0.30  a closed book -0.55   led   0/255 h0.00 lvl-0.43   -
frame   105 :  a closed book -0.45  an opened book -0.76   led   0/255 h0.00 lvl-0.60   -
frame   106 :  an opened book +0.12  a closed book -0.19   led   1/205 h0.09 lvl-0.04   -
frame   107 :  an opened book -1.45  a closed book -1.91   led   0/255 h0.00 lvl-1.68   -
frame   108 :  an opened book -0.16  a closed book -0.82   led   0/255 h0.00 lvl-0.49   -
frame   109 :  an opened book -0.25  a closed book -0.46   led   0/255 h0.00 lvl-0.35   -
frame   110 :  an opened book -0.89  a closed book -1.20   led   0/255 h0.00 lvl-1.04   -
frame   111 :  an opened book -0.32  a closed book -0.92   led   0/255 h0.00 lvl-0.62   -
frame   112 :  a closed book -0.11  an opened book -0.32   led   0/255 h0.00 lvl-0.22   -
frame   113 :  an opened book -0.17  a closed book -0.26   led   0/255 h0.00 lvl-0.22   -
frame   114 :  an opened book -0.15  a closed book -0.65   led   0/255 h0.00 lvl-0.40   -
frame   115 :  an opened book -0.29  a closed book -0.75   led   0/255 h0.00 lvl-0.52   -
frame   116 :  a closed book +0.62  an opened book +0.35   led  56/ 55 h0.50 lvl+0.49   -
frame   117 :  a closed book -1.01  an opened book -1.32   led   0/255 h0.00 lvl-1.17   -
frame   118 :  a closed book -0.03  an opened book -0.21   led   0/255 h0.00 lvl-0.12   -
frame   119 :  an opened book +0.24  a closed book -0.74   led   7/158 h0.20 lvl-0.25   -
frame   120 :  an opened book -1.16  a closed book -1.38   led   0/255 h0.00 lvl-1.27   -
frame   121 :  an opened book +0.75  a closed book -0.02   led  85/ 33 h0.61 lvl+0.37   -
frame   122 :  an opened book -0.19  a closed book -1.00   led   0/255 h0.00 lvl-0.59   -
frame   123 :  an opened book +0.46  a closed book -0.34   led  30/ 90 h0.38 lvl+0.06   -
frame   124 :  an opened book -1.73  a closed book -2.09   led   0/255 h0.00 lvl-1.91   -
frame   125 :  an opened book -0.81  a closed book -1.91   led   0/255 h0.00 lvl-1.36   -
frame   126 :  an opened book +0.62  a closed book +0.36   led  57/ 54 h0.50 lvl+0.49   -
frame   127 :  a closed book +0.19  an opened book +0.05   led   4/178 h0.15 lvl+0.12   -
frame   128 :  an opened book -0.99  a closed book -1.00   led   0/255 h0.00 lvl-0.99   -
frame   129 :  an opened book -0.63  a closed book -1.05   led   0/255 h0.00 lvl-0.84   -
frame   130 :  a closed book +1.29*  an opened book +1.10   led 255/  0 h1.00 lvl+1.20   MATCH a closed book (cos -0.082)
frame   131 :  an opened book -2.25  a closed book -2.72   led   0/255 h0.00 lvl-2.48   -
frame   132 :  a closed book -0.97  an opened book -1.23   led   0/255 h0.00 lvl-1.10   -
frame   133 :  an opened book -0.69  a closed book -0.77   led   0/255 h0.00 lvl-0.73   -
frame   134 :  an opened book -1.40  a closed book -1.55   led   0/255 h0.00 lvl-1.47   -
frame   135 :  an opened book -0.09  a closed book -0.72   led   0/255 h0.00 lvl-0.40   -
frame   136 :  an opened book -1.14  a closed book -2.12   led   0/255 h0.00 lvl-1.63   -
frame   137 :  an opened book -0.17  a closed book -0.21   led   0/255 h0.00 lvl-0.19   -
frame   138 :  a closed book -0.38  an opened book -0.41   led   0/255 h0.00 lvl-0.40   -
frame   139 :  a closed book -1.64  an opened book -1.98   led   0/255 h0.00 lvl-1.81   -
frame   140 :  an opened book -1.67  a closed book -1.99   led   0/255 h0.00 lvl-1.83   -
frame   141 :  an opened book -0.37  a closed book -0.43   led   0/255 h0.00 lvl-0.40   -
frame   142 :  a closed book +0.13  an opened book -0.20   led   2/199 h0.11 lvl-0.04   -
frame   143 :  an opened book -1.33  a closed book -1.89   led   0/255 h0.00 lvl-1.61   -
frame   144 :  an opened book -1.74  a closed book -2.33   led   0/255 h0.00 lvl-2.04   -
frame   145 :  an opened book -1.53  a closed book -1.73   led   0/255 h0.00 lvl-1.63   -
frame   146 :  a closed book -0.67  an opened book -1.42   led   0/255 h0.00 lvl-1.04   -
frame   147 :  an opened book -0.53  a closed book -0.61   led   0/255 h0.00 lvl-0.57   -
frame   148 :  a closed book -0.88  an opened book -1.06   led   0/255 h0.00 lvl-0.97   -
frame   149 :  an opened book -0.48  a closed book -0.79   led   0/255 h0.00 lvl-0.63   -
frame   150 :  an opened book -1.30  a closed book -2.14   led   0/255 h0.00 lvl-1.72   -
frame   151 :  an opened book +0.46  a closed book +0.36   led  29/ 92 h0.37 lvl+0.41   -
frame   152 :  a closed book -0.79  an opened book -0.91   led   0/255 h0.00 lvl-0.85   -
frame   153 :  an opened book -0.99  a closed book -1.07   led   0/255 h0.00 lvl-1.03   -
frame   154 :  an opened book -1.37  a closed book -2.06   led   0/255 h0.00 lvl-1.71   -
frame   155 :  an opened book +0.18  a closed book -0.04   led   4/181 h0.14 lvl+0.07   -
frame   156 :  an opened book -1.36  a closed book -2.02   led   0/255 h0.00 lvl-1.69   -
frame   157 :  an opened book -1.24  a closed book -1.58   led   0/255 h0.00 lvl-1.41   -
frame   158 :  an opened book -1.24  a closed book -1.30   led   0/255 h0.00 lvl-1.27   -
frame   159 :  an opened book -0.42  a closed book -1.23   led   0/255 h0.00 lvl-0.82   -
frame   160 :  an opened book -0.87  a closed book -1.04   led   0/255 h0.00 lvl-0.95   -
frame   161 :  an opened book +0.18  a closed book -0.34   led   4/181 h0.15 lvl-0.08   -
frame   162 :  an opened book +0.70  a closed book +0.69   led  73/ 40 h0.57 lvl+0.69   -
frame   163 :  an opened book -0.32  a closed book -0.44   led   0/255 h0.00 lvl-0.38   -
frame   164 :  an opened book -0.88  a closed book -1.69   led   0/255 h0.00 lvl-1.28   -
frame   165 :  a closed book -0.71  an opened book -0.78   led   0/255 h0.00 lvl-0.74   -
frame   166 :  an opened book -0.48  a closed book -1.00   led   0/255 h0.00 lvl-0.74   -
frame   167 :  an opened book -0.75  a closed book -1.37   led   0/255 h0.00 lvl-1.06   -
frame   168 :  a closed book +0.10  an opened book -0.22   led   1/210 h0.09 lvl-0.06   -
frame   169 :  an opened book -0.90  a closed book -1.40   led   0/255 h0.00 lvl-1.15   -
frame   170 :  an opened book -0.13  a closed book -0.35   led   0/255 h0.00 lvl-0.24   -
frame   171 :  a closed book +1.09  an opened book +0.95   led 196/  2 h0.89 lvl+1.02   -
frame   172 :  an opened book -1.06  a closed book -1.46   led   0/255 h0.00 lvl-1.26   -
frame   173 :  an opened book -0.36  a closed book -0.51   led   0/255 h0.00 lvl-0.43   -
frame   174 :  an opened book +0.04  a closed book -0.41   led   0/235 h0.04 lvl-0.18   -
frame   175 :  a closed book -1.73  an opened book -1.81   led   0/255 h0.00 lvl-1.77   -
frame   176 :  an opened book -1.22  a closed book -1.23   led   0/255 h0.00 lvl-1.23   -
frame   177 :  an opened book -1.28  a closed book -1.47   led   0/255 h0.00 lvl-1.37   -
frame   178 :  an opened book -0.89  a closed book -1.33   led   0/255 h0.00 lvl-1.11   -
frame   179 :  an opened book +0.86  a closed book +0.43   led 115/ 18 h0.70 lvl+0.64   -
frame   180 :  an opened book -1.09  a closed book -1.31   led   0/255 h0.00 lvl-1.20   -
frame   181 :  an opened book -1.19  a closed book -1.21   led   0/255 h0.00 lvl-1.20   -
frame   182 :  an opened book +1.10  a closed book +0.93   led 201/  2 h0.90 lvl+1.02   -
frame   183 :  a closed book -0.64  an opened book -1.09   led   0/255 h0.00 lvl-0.87   -
frame   184 :  an opened book -0.35  a closed book -0.39   led   0/255 h0.00 lvl-0.37   -
frame   185 :  an opened book -0.10  a closed book -0.49   led   0/255 h0.00 lvl-0.29   -
frame   186 :  a closed book -0.84  an opened book -1.04   led   0/255 h0.00 lvl-0.94   -
frame   187 :  an opened book -1.02  a closed book -1.12   led   0/255 h0.00 lvl-1.07   -
frame   188 :  an opened book -0.22  a closed book -0.93   led   0/255 h0.00 lvl-0.58   -
frame   189 :  a closed book -1.52  an opened book -1.54   led   0/255 h0.00 lvl-1.53   -
frame   190 :  an opened book -0.21  a closed book -0.52   led   0/255 h0.00 lvl-0.36   -
frame   191 :  an opened book -2.12  a closed book -2.62   led   0/255 h0.00 lvl-2.37   -
frame   192 :  an opened book +0.24  a closed book -0.10   led   7/159 h0.19 lvl+0.07   -
frame   193 :  a closed book -0.83  an opened book -1.14   led   0/255 h0.00 lvl-0.98   -
frame   194 :  an opened book -0.63  a closed book -0.85   led   0/255 h0.00 lvl-0.74   -
frame   195 :  an opened book -0.68  a closed book -0.89   led   0/255 h0.00 lvl-0.78   -
frame   196 :  a closed book +0.93  an opened book +0.87   led 137/ 12 h0.75 lvl+0.90   -
frame   197 :  an opened book -0.22  a closed book -0.65   led   0/255 h0.00 lvl-0.44   -
frame   198 :  a closed book +0.14  an opened book +0.11   led   2/195 h0.12 lvl+0.12   -
frame   199 :  a closed book -1.38  an opened book -1.45   led   0/255 h0.00 lvl-1.41   -
background: after 30 frames (frozen, room spread), this room reads  a closed book -0.088 +-0.0047 (COCO -0.159 +-0.0351)  an opened book -0.107 +-0.0041 (COCO -0.151 +-0.0303)
frame   200 :  a closed book -0.03  an opened book -0.58   led   0/255 h0.00 lvl-0.31   -
frame   201 :  a closed book +0.09  an opened book -0.49   led   1/218 h0.07 lvl-0.20   -
frame   202 :  an opened book -0.76  a closed book -0.86   led   0/255 h0.00 lvl-0.81   -
frame   203 :  an opened book -1.00  a closed book -1.54   led   0/255 h0.00 lvl-1.27   -
frame   204 :  an opened book -0.07  a closed book -0.40   led   0/255 h0.00 lvl-0.24   -
frame   205 :  an opened book -0.59  a closed book -1.08   led   0/255 h0.00 lvl-0.83   -
frame   206 :  an opened book -0.24  a closed book -1.38   led   0/255 h0.00 lvl-0.81   -
frame   207 :  an opened book +0.75  a closed book -0.01   led  86/ 32 h0.61 lvl+0.37   -
frame   208 :  an opened book -1.50  a closed book -2.78   led   0/255 h0.00 lvl-2.14   -
frame   209 :  an opened book -0.69  a closed book -1.32   led   0/255 h0.00 lvl-1.01   -
frame   210 :  an opened book -0.41  a closed book -0.64   led   0/255 h0.00 lvl-0.53   -
frame   211 :  an opened book -1.42  a closed book -1.78   led   0/255 h0.00 lvl-1.60   -
frame   212 :  an opened book -0.40  a closed book -1.48   led   0/255 h0.00 lvl-0.94   -
frame   213 :  an opened book +1.15  a closed book +0.61   led 220/  1 h0.93 lvl+0.88   -
frame   214 :  an opened book +0.60  a closed book +0.16   led  53/ 58 h0.49 lvl+0.38   -
frame   215 :  a closed book -0.68  an opened book -0.70   led   0/255 h0.00 lvl-0.69   -
frame   216 :  an opened book +0.10  a closed book +0.01   led   1/212 h0.08 lvl+0.06   -
frame   217 :  a closed book -0.85  an opened book -1.01   led   0/255 h0.00 lvl-0.93   -
frame   218 :  an opened book -0.83  a closed book -1.33   led   0/255 h0.00 lvl-1.08   -
frame   219 :  an opened book +0.40  a closed book -0.09   led  22/107 h0.33 lvl+0.16   -
frame   220 :  an opened book -0.60  a closed book -1.33   led   0/255 h0.00 lvl-0.96   -
frame   221 :  an opened book +0.95  a closed book -0.39   led 146/ 10 h0.78 lvl+0.28   -
frame   222 :  an opened book +0.25  a closed book -0.34   led   7/156 h0.20 lvl-0.05   -
frame   223 :  an opened book +0.68  a closed book +0.18   led  69/ 43 h0.55 lvl+0.43   -
frame   224 :  a closed book -1.27  an opened book -1.42   led   0/255 h0.00 lvl-1.34   -
frame   225 :  an opened book +0.80  a closed book +0.49   led 100/ 25 h0.65 lvl+0.65   -
frame   226 :  an opened book -0.82  a closed book -1.32   led   0/255 h0.00 lvl-1.07   -
frame   227 :  an opened book +0.01  a closed book -0.65   led   0/249 h0.01 lvl-0.32   -
frame   228 :  an opened book -1.16  a closed book -1.31   led   0/255 h0.00 lvl-1.23   -
frame   229 :  a closed book +0.83  an opened book +0.25   led 109/ 21 h0.68 lvl+0.54   -
frame   230 :  an opened book -1.11  a closed book -1.60   led   0/255 h0.00 lvl-1.35   -
frame   231 :  an opened book -0.47  a closed book -1.16   led   0/255 h0.00 lvl-0.82   -
frame   232 :  a closed book -0.47  an opened book -0.79   led   0/255 h0.00 lvl-0.63   -
frame   233 :  an opened book -0.21  a closed book -1.22   led   0/255 h0.00 lvl-0.72   -
frame   234 :  an opened book -0.22  a closed book -0.92   led   0/255 h0.00 lvl-0.57   -
frame   235 :  a closed book +0.94  an opened book +0.76   led 141/ 11 h0.76 lvl+0.85   -
frame   236 :  an opened book -0.62  a closed book -0.85   led   0/255 h0.00 lvl-0.74   -
frame   237 :  an opened book +0.26  a closed book +0.13   led   8/153 h0.21 lvl+0.19   -
frame   238 :  a closed book +0.29  an opened book -0.48   led  11/140 h0.24 lvl-0.10   -
frame   239 :  an opened book +0.88  a closed book +0.27   led 123/ 16 h0.72 lvl+0.58   -
frame   240 :  a closed book +0.07  an opened book -0.08   led   0/224 h0.06 lvl-0.00   -
frame   241 :  an opened book -0.64  a closed book -1.05   led   0/255 h0.00 lvl-0.84   -
frame   242 :  an opened book +0.12  a closed book -0.69   led   2/202 h0.10 lvl-0.28   -
frame   243 :  an opened book +0.61  a closed book +0.08   led  55/ 56 h0.50 lvl+0.35   -
frame   244 :  an opened book +0.49  a closed book -0.21   led  34/ 83 h0.40 lvl+0.14   -
frame   245 :  an opened book -1.06  a closed book -1.40   led   0/255 h0.00 lvl-1.23   -
frame   246 :  an opened book -0.37  a closed book -1.43   led   0/255 h0.00 lvl-0.90   -
frame   247 :  an opened book -0.44  a closed book -1.20   led   0/255 h0.00 lvl-0.82   -
frame   248 :  an opened book +0.19  a closed book -0.69   led   4/175 h0.16 lvl-0.25   -
frame   249 :  an opened book +0.97  a closed book +0.86   led 153/  8 h0.79 lvl+0.91   -
frame   250 :  an opened book +0.10  a closed book -0.07   led   1/211 h0.08 lvl+0.01   -
frame   251 :  an opened book +0.37  a closed book +0.24   led  18/116 h0.30 lvl+0.31   -
frame   252 :  an opened book +0.38  a closed book -0.98   led  20/112 h0.31 lvl-0.30   -
frame   253 :  a closed book +0.68  an opened book +0.27   led  69/ 44 h0.55 lvl+0.48   -
frame   254 :  an opened book -0.35  a closed book -0.87   led   0/255 h0.00 lvl-0.61   -
frame   255 :  an opened book -0.67  a closed book -0.97   led   0/255 h0.00 lvl-0.82   -
frame   256 :  an opened book -1.48  a closed book -1.96   led   0/255 h0.00 lvl-1.72   -
frame   257 :  an opened book -0.42  a closed book -0.97   led   0/255 h0.00 lvl-0.70   -
frame   258 :  a closed book -0.40  an opened book -0.90   led   0/255 h0.00 lvl-0.65   -
frame   259 :  a closed book -0.17  an opened book -0.23   led   0/255 h0.00 lvl-0.20   -
frame   260 :  a closed book -0.72  an opened book -0.80   led   0/255 h0.00 lvl-0.76   -
frame   261 :  an opened book +0.30  a closed book +0.09   led  12/136 h0.25 lvl+0.20   -
frame   262 :  an opened book -1.01  a closed book -1.12   led   0/255 h0.00 lvl-1.07   -
frame   263 :  an opened book -0.29  a closed book -0.65   led   0/255 h0.00 lvl-0.47   -
frame   264 :  an opened book +0.14  a closed book -0.33   led   2/195 h0.12 lvl-0.10   -
frame   265 :  an opened book +1.16  a closed book +0.46   led 223/  1 h0.94 lvl+0.81   -
frame   266 :  a closed book -0.58  an opened book -0.59   led   0/255 h0.00 lvl-0.59   -
frame   267 :  an opened book -0.66  a closed book -0.91   led   0/255 h0.00 lvl-0.79   -
frame   268 :  an opened book -0.88  a closed book -0.92   led   0/255 h0.00 lvl-0.90   -
frame   269 :  a closed book +0.95  an opened book +0.48   led 144/ 10 h0.77 lvl+0.72   -
frame   270 :  an opened book +0.13  a closed book -0.44   led   2/199 h0.11 lvl-0.16   -
frame   271 :  an opened book +1.03  a closed book +0.11   led 171/  5 h0.83 lvl+0.57   -
frame   272 :  an opened book -0.68  a closed book -1.32   led   0/255 h0.00 lvl-1.00   -
frame   273 :  an opened book +0.29  a closed book -0.69   led  11/141 h0.24 lvl-0.20   -
frame   274 :  an opened book +0.58  a closed book +0.45   led  50/ 62 h0.48 lvl+0.52   -
frame   275 :  a closed book -1.68  an opened book -1.75   led   0/255 h0.00 lvl-1.71   -
frame   276 :  an opened book +0.67  a closed book +0.46   led  66/ 46 h0.54 lvl+0.56   -
frame   277 :  an opened book -1.47  a closed book -2.00   led   0/255 h0.00 lvl-1.74   -
frame   278 :  an opened book -0.03  a closed book -1.08   led   0/255 h0.00 lvl-0.55   -
frame   279 :  an opened book +0.26  a closed book +0.03   led   8/151 h0.21 lvl+0.14   -
frame   280 :  an opened book -0.11  a closed book -1.27   led   0/255 h0.00 lvl-0.69   -
frame   281 :  an opened book +1.01  a closed book -0.07   led 166/  6 h0.82 lvl+0.47   -
frame   282 :  a closed book -0.23  an opened book -0.26   led   0/255 h0.00 lvl-0.25   -
frame   283 :  an opened book -0.74  a closed book -1.71   led   0/255 h0.00 lvl-1.22   -
frame   284 :  an opened book -0.38  a closed book -0.78   led   0/255 h0.00 lvl-0.58   -
frame   285 :  an opened book +0.25  a closed book +0.16   led   8/155 h0.20 lvl+0.20   -
frame   286 :  a closed book -0.98  an opened book -1.30   led   0/255 h0.00 lvl-1.14   -
frame   287 :  an opened book -0.24  a closed book -0.33   led   0/255 h0.00 lvl-0.29   -
frame   288 :  an opened book +0.22  a closed book -0.70   led   6/166 h0.18 lvl-0.24   -
frame   289 :  an opened book +0.47  a closed book -0.41   led  31/ 87 h0.39 lvl+0.03   -
frame   290 :  an opened book -0.78  a closed book -1.20   led   0/255 h0.00 lvl-0.99   -
frame   291 :  an opened book +0.10  a closed book -0.37   led   1/213 h0.08 lvl-0.14   -
frame   292 :  an opened book -1.52  a closed book -1.65   led   0/255 h0.00 lvl-1.59   -
frame   293 :  an opened book -0.37  a closed book -0.48   led   0/255 h0.00 lvl-0.42   -
frame   294 :  an opened book +0.51  a closed book +0.01   led  37/ 78 h0.41 lvl+0.26   -
frame   295 :  an opened book +0.45  a closed book -0.30   led  28/ 93 h0.37 lvl+0.08   -
frame   296 :  a closed book +0.83  an opened book +0.40   led 109/ 21 h0.68 lvl+0.62   -
frame   297 :  a closed book -0.71  an opened book -1.02   led   0/255 h0.00 lvl-0.87   -
frame   298 :  an opened book +0.65  a closed book -0.23   led  63/ 49 h0.53 lvl+0.21   -
frame   299 :  an opened book -0.92  a closed book -1.02   led   0/255 h0.00 lvl-0.97   -
background: after 30 frames (frozen, room spread), this room reads  a closed book -0.088 +-0.0047 (COCO -0.159 +-0.0351)  an opened book -0.107 +-0.0041 (COCO -0.151 +-0.0303)
frame   300 :  an opened book +0.61  a closed book +0.25   led  54/ 57 h0.50 lvl+0.43   -
frame   301 :  an opened book +1.04  a closed book +0.30   led 176/  4 h0.84 lvl+0.67   -
frame   302 :  an opened book -0.39  a closed book -0.88   led   0/255 h0.00 lvl-0.64   -
frame   303 :  an opened book -0.45  a closed book -1.43   led   0/255 h0.00 lvl-0.94   -
frame   304 :  an opened book -0.84  a closed book -1.15   led   0/255 h0.00 lvl-0.99   -
frame   305 :  an opened book +0.77  a closed book +0.54   led  91/ 29 h0.63 lvl+0.65   -
frame   306 :  an opened book -0.09  a closed book -0.30   led   0/255 h0.00 lvl-0.20   -
frame   307 :  a closed book -1.38  an opened book -1.56   led   0/255 h0.00 lvl-1.47   -
frame   308 :  an opened book +0.45  a closed book +0.16   led  27/ 95 h0.36 lvl+0.30   -
frame   309 :  an opened book +0.54  a closed book -0.05   led  42/ 71 h0.44 lvl+0.25   -
frame   310 :  an opened book +1.60*  a closed book +0.74   led 255/  0 h1.00 lvl+1.17   MATCH an opened book (cos -0.101)
frame   311 :  a closed book -0.18  an opened book -0.61   led   0/255 h0.00 lvl-0.40   -
frame   312 :  an opened book -0.36  a closed book -0.43   led   0/255 h0.00 lvl-0.39   -
frame   313 :  an opened book -0.32  a closed book -0.56   led   0/255 h0.00 lvl-0.44   -
frame   314 :  an opened book -0.76  a closed book -1.21   led   0/255 h0.00 lvl-0.98   -
frame   315 :  an opened book +0.57  a closed book +0.03   led  47/ 64 h0.47 lvl+0.30   -
frame   316 :  a closed book +0.42  an opened book -0.17   led  24/103 h0.34 lvl+0.13   -
frame   317 :  a closed book +0.68  an opened book +0.41   led  69/ 44 h0.55 lvl+0.54   -
frame   318 :  a closed book -0.60  an opened book -1.28   led   0/255 h0.00 lvl-0.94   -
frame   319 :  an opened book +0.79  a closed book -0.09   led  96/ 27 h0.64 lvl+0.35   -
frame   320 :  an opened book -0.60  a closed book -0.93   led   0/255 h0.00 lvl-0.76   -
frame   321 :  an opened book -0.50  a closed book -0.58   led   0/255 h0.00 lvl-0.54   -
frame   322 :  a closed book -0.18  an opened book -0.48   led   0/255 h0.00 lvl-0.33   -
frame   323 :  an opened book -0.14  a closed book -0.72   led   0/255 h0.00 lvl-0.43   -
frame   324 :  an opened book -1.37  a closed book -1.81   led   0/255 h0.00 lvl-1.59   -
frame   325 :  an opened book +0.06  a closed book -0.43   led   0/229 h0.05 lvl-0.18   -
frame   326 :  an opened book -0.76  a closed book -1.03   led   0/255 h0.00 lvl-0.89   -
frame   327 :  a closed book +0.47  an opened book +0.18   led  31/ 88 h0.38 lvl+0.33   -
frame   328 :  an opened book -0.52  a closed book -0.58   led   0/255 h0.00 lvl-0.55   -
frame   329 :  an opened book +0.57  a closed book +0.13   led  46/ 66 h0.46 lvl+0.35   -
frame   330 :  an opened book -0.80  a closed book -0.81   led   0/255 h0.00 lvl-0.81   -
frame   331 :  an opened book +0.26  a closed book -0.18   led   9/150 h0.21 lvl+0.04   -
frame   332 :  a closed book +0.07  an opened book -0.67   led   0/224 h0.06 lvl-0.30   -
frame   333 :  an opened book +0.52  a closed book +0.08   led  38/ 76 h0.42 lvl+0.30   -
frame   334 :  an opened book +0.14  a closed book -0.26   led   2/194 h0.12 lvl-0.06   -
frame   335 :  an opened book +0.45  a closed book -0.70   led  27/ 95 h0.36 lvl-0.12   -
frame   336 :  an opened book -0.15  a closed book -0.21   led   0/255 h0.00 lvl-0.18   -
frame   337 :  an opened book -0.06  a closed book -0.58   led   0/255 h0.00 lvl-0.32   -
frame   338 :  an opened book -0.52  a closed book -1.27   led   0/255 h0.00 lvl-0.90   -
frame   339 :  an opened book +0.74  a closed book +0.50   led  83/ 34 h0.60 lvl+0.62   -
frame   340 :  an opened book -0.78  a closed book -0.91   led   0/255 h0.00 lvl-0.85   -
frame   341 :  a closed book +1.16  an opened book +0.53   led 223/  1 h0.94 lvl+0.85   -
frame   342 :  an opened book -0.32  a closed book -0.43   led   0/255 h0.00 lvl-0.37   -
frame   343 :  a closed book -2.19  an opened book -2.39   led   0/255 h0.00 lvl-2.29   -
frame   344 :  an opened book -1.41  a closed book -1.69   led   0/255 h0.00 lvl-1.55   -
frame   345 :  a closed book -0.88  an opened book -0.92   led   0/255 h0.00 lvl-0.90   -
frame   346 :  an opened book -0.24  a closed book -0.51   led   0/255 h0.00 lvl-0.38   -
frame   347 :  a closed book -1.26  an opened book -1.41   led   0/255 h0.00 lvl-1.33   -
frame   348 :  an opened book -0.40  a closed book -0.56   led   0/255 h0.00 lvl-0.48   -
frame   349 :  an opened book -1.04  a closed book -1.61   led   0/255 h0.00 lvl-1.32   -
frame   350 :  an opened book -0.37  a closed book -1.18   led   0/255 h0.00 lvl-0.78   -
frame   351 :  an opened book -1.08  a closed book -1.10   led   0/255 h0.00 lvl-1.09   -
frame   352 :  an opened book -0.91  a closed book -0.91   led   0/255 h0.00 lvl-0.91   -
frame   353 :  an opened book -0.34  a closed book -1.14   led   0/255 h0.00 lvl-0.74   -
frame   354 :  a closed book -1.59  an opened book -1.77   led   0/255 h0.00 lvl-1.68   -
frame   355 :  a closed book -1.12  an opened book -1.14   led   0/255 h0.00 lvl-1.13   -
frame   356 :  an opened book -0.62  a closed book -0.79   led   0/255 h0.00 lvl-0.70   -
frame   357 :  an opened book -1.37  a closed book -2.27   led   0/255 h0.00 lvl-1.82   -
frame   358 :  an opened book -0.74  a closed book -1.30   led   0/255 h0.00 lvl-1.02   -
frame   359 :  an opened book -0.30  a closed book -0.78   led   0/255 h0.00 lvl-0.54   -
frame   360 :  an opened book -0.80  a closed book -1.47   led   0/255 h0.00 lvl-1.13   -
frame   361 :  an opened book +0.93  a closed book -0.00   led 138/ 11 h0.76 lvl+0.46   -
frame   362 :  a closed book -0.93  an opened book -1.50   led   0/255 h0.00 lvl-1.21   -
frame   363 :  an opened book -1.29  a closed book -1.99   led   0/255 h0.00 lvl-1.64   -
frame   364 :  a closed book -0.85  an opened book -0.91   led   0/255 h0.00 lvl-0.88   -
frame   365 :  an opened book -0.32  a closed book -0.41   led   0/255 h0.00 lvl-0.36   -
frame   366 :  a closed book -0.95  an opened book -1.04   led   0/255 h0.00 lvl-0.99   -
frame   367 :  an opened book -0.40  a closed book -0.76   led   0/255 h0.00 lvl-0.58   -
frame   368 :  an opened book -1.30  a closed book -1.38   led   0/255 h0.00 lvl-1.34   -
frame   369 :  an opened book +0.38  a closed book +0.05   led  19/114 h0.31 lvl+0.21   -
frame   370 :  a closed book +0.24  an opened book -0.12   led   7/158 h0.20 lvl+0.06   -
frame   371 :  an opened book +0.29  a closed book +0.19   led  11/140 h0.24 lvl+0.24   -
frame   372 :  an opened book +0.03  a closed book -0.29   led   0/239 h0.03 lvl-0.13   -
frame   373 :  a closed book -0.17  an opened book -0.46   led   0/255 h0.00 lvl-0.31   -
frame   374 :  an opened book +0.85  a closed book +0.37   led 113/ 19 h0.69 lvl+0.61   -
frame   375 :  an opened book +0.57  a closed book +0.26   led  47/ 65 h0.46 lvl+0.41   -
frame   376 :  an opened book -1.04  a closed book -1.61   led   0/255 h0.00 lvl-1.33   -
frame   377 :  an opened book -1.79  a closed book -2.69   led   0/255 h0.00 lvl-2.24   -
frame   378 :  a closed book -0.64  an opened book -0.71   led   0/255 h0.00 lvl-0.68   -
frame   379 :  an opened book +0.99  a closed book +0.35   led 157/  7 h0.80 lvl+0.67   -
frame   380 :  an opened book -0.86  a closed book -1.07   led   0/255 h0.00 lvl-0.97   -
frame   381 :  an opened book +0.34  a closed book -0.26   led  15/126 h0.27 lvl+0.04   -
frame   382 :  a closed book -0.96  an opened book -1.16   led   0/255 h0.00 lvl-1.06   -
frame   383 :  an opened book +0.08  a closed book -0.08   led   1/219 h0.07 lvl-0.00   -
frame   384 :  an opened book -0.93  a closed book -1.19   led   0/255 h0.00 lvl-1.06   -
frame   385 :  an opened book +0.07  a closed book -0.08   led   0/225 h0.06 lvl-0.00   -
frame   386 :  an opened book -0.72  a closed book -1.21   led   0/255 h0.00 lvl-0.96   -
frame   387 :  a closed book +0.59  an opened book +0.27   led  51/ 60 h0.48 lvl+0.43   -
frame   388 :  an opened book -1.06  a closed book -1.40   led   0/255 h0.00 lvl-1.23   -
frame   389 :  a closed book -1.05  an opened book -1.43   led   0/255 h0.00 lvl-1.24   -
frame   390 :  an opened book +0.05  a closed book -0.05   led   0/234 h0.04 lvl-0.00   -
frame   391 :  a closed book +0.05  an opened book -0.75   led   0/231 h0.04 lvl-0.35   -
frame   392 :  a closed book -0.13  an opened book -0.25   led   0/255 h0.00 lvl-0.19   -
frame   393 :  an opened book +0.54  a closed book +0.26   led  41/ 72 h0.44 lvl+0.40   -
frame   394 :  a closed book -0.66  an opened book -1.04   led   0/255 h0.00 lvl-0.85   -
frame   395 :  an opened book +0.38  a closed book +0.28   led  19/113 h0.31 lvl+0.33   -
frame   396 :  a closed book -0.43  an opened book -0.98   led   0/255 h0.00 lvl-0.71   -
frame   397 :  an opened book +0.76  a closed book +0.74   led  88/ 31 h0.62 lvl+0.75   -
frame   398 :  an opened book -1.30  a closed book -1.35   led   0/255 h0.00 lvl-1.33   -
frame   399 :  an opened book +0.09  a closed book -0.39   led   1/216 h0.07 lvl-0.15   -
background: after 30 frames (frozen, room spread), this room reads  a closed book -0.088 +-0.0047 (COCO -0.159 +-0.0351)  an opened book -0.107 +-0.0041 (COCO -0.151 +-0.0303)
frame   400 :  an opened book -0.25  a closed book -0.59   led   0/255 h0.00 lvl-0.42   -
frame   401 :  a closed book -1.25  an opened book -1.66   led   0/255 h0.00 lvl-1.45   -
frame   402 :  a closed book -1.52  an opened book -1.92   led   0/255 h0.00 lvl-1.72   -
frame   403 :  a closed book -0.18  an opened book -0.34   led   0/255 h0.00 lvl-0.26   -
frame   404 :  an opened book -1.88  a closed book -2.23   led   0/255 h0.00 lvl-2.05   -
frame   405 :  a closed book +0.13  an opened book -0.07   led   2/201 h0.10 lvl+0.03   -
frame   406 :  a closed book -0.62  an opened book -0.95   led   0/255 h0.00 lvl-0.78   -
frame   407 :  an opened book -0.78  a closed book -1.66   led   0/255 h0.00 lvl-1.22   -
frame   408 :  a closed book -0.42  an opened book -0.64   led   0/255 h0.00 lvl-0.53   -
frame   409 :  a closed book -0.61  an opened book -1.14   led   0/255 h0.00 lvl-0.87   -
frame   410 :  an opened book -0.18  a closed book -0.39   led   0/255 h0.00 lvl-0.29   -
frame   411 :  a closed book +0.48  an opened book +0.24   led  32/ 85 h0.39 lvl+0.36   -
frame   412 :  a closed book -0.09  an opened book -0.11   led   0/255 h0.00 lvl-0.10   -
frame   413 :  a closed book -2.15  an opened book -2.47   led   0/255 h0.00 lvl-2.31   -
frame   414 :  an opened book -0.18  a closed book -0.22   led   0/255 h0.00 lvl-0.20   -
frame   415 :  a closed book +0.10  an opened book -0.75   led   1/211 h0.08 lvl-0.33   -
frame   416 :  a closed book +0.85  an opened book +0.08   led 113/ 19 h0.69 lvl+0.47   -
frame   417 :  an opened book -0.59  a closed book -0.79   led   0/255 h0.00 lvl-0.69   -
frame   418 :  an opened book -0.79  a closed book -0.86   led   0/255 h0.00 lvl-0.82   -
frame   419 :  an opened book +0.58  a closed book +0.40   led  49/ 63 h0.47 lvl+0.49   -
frame   420 :  a closed book -0.28  an opened book -0.33   led   0/255 h0.00 lvl-0.31   -
frame   421 :  a closed book -1.32  an opened book -1.47   led   0/255 h0.00 lvl-1.40   -
frame   422 :  an opened book -0.02  a closed book -0.03   led   0/255 h0.00 lvl-0.03   -
frame   423 :  a closed book -1.11  an opened book -1.32   led   0/255 h0.00 lvl-1.22   -
frame   424 :  an opened book -0.93  a closed book -1.26   led   0/255 h0.00 lvl-1.10   -
frame   425 :  a closed book -0.03  an opened book -0.28   led   0/255 h0.00 lvl-0.16   -
frame   426 :  a closed book -0.49  an opened book -0.91   led   0/255 h0.00 lvl-0.70   -
frame   427 :  a closed book -1.12  an opened book -1.44   led   0/255 h0.00 lvl-1.28   -
frame   428 :  a closed book -0.15  an opened book -0.50   led   0/255 h0.00 lvl-0.33   -
frame   429 :  a closed book +0.14  an opened book -0.24   led   2/194 h0.12 lvl-0.05   -
frame   430 :  a closed book +1.31*  an opened book +0.05   led 255/  0 h1.00 lvl+0.68   MATCH a closed book (cos -0.082)
frame   431 :  a closed book -0.72  an opened book -1.23   led   0/255 h0.00 lvl-0.97   -
frame   432 :  an opened book -0.26  a closed book -0.61   led   0/255 h0.00 lvl-0.44   -
frame   433 :  a closed book -0.06  an opened book -0.36   led   0/255 h0.00 lvl-0.21   -
frame   434 :  an opened book -0.70  a closed book -1.01   led   0/255 h0.00 lvl-0.86   -
frame   435 :  a closed book +0.24  an opened book +0.10   led   7/159 h0.19 lvl+0.17   -
frame   436 :  a closed book -0.08  an opened book -0.33   led   0/255 h0.00 lvl-0.20   -
frame   437 :  a closed book -0.31  an opened book -0.62   led   0/255 h0.00 lvl-0.46   -
frame   438 :  a closed book +0.07  an opened book -0.34   led   1/223 h0.06 lvl-0.13   -
frame   439 :  a closed book +0.99  an opened book +0.00   led 159/  7 h0.81 lvl+0.50   -
frame   440 :  an opened book -0.11  a closed book -0.46   led   0/255 h0.00 lvl-0.28   -
frame   441 :  an opened book -0.83  a closed book -0.84   led   0/255 h0.00 lvl-0.84   -
frame   442 :  a closed book -0.39  an opened book -0.61   led   0/255 h0.00 lvl-0.50   -
frame   443 :  a closed book -0.56  an opened book -1.30   led   0/255 h0.00 lvl-0.93   -
frame   444 :  a closed book -1.22  an opened book -1.30   led   0/255 h0.00 lvl-1.26   -
frame   445 :  a closed book +1.42*  an opened book +0.64   led 255/  0 h1.00 lvl+1.03   MATCH a closed book (cos -0.081)
frame   446 :  a closed book -1.46  an opened book -1.48   led   0/255 h0.00 lvl-1.47   -
frame   447 :  a closed book +1.60*  an opened book +1.34*   led 255/  0 h1.00 lvl+1.47   MATCH a closed book (cos -0.080)
frame   448 :  an opened book -0.82  a closed book -1.09   led   0/255 h0.00 lvl-0.95   -
frame   449 :  an opened book -0.52  a closed book -0.75   led   0/255 h0.00 lvl-0.63   -
frame   450 :  a closed book +0.50  an opened book +0.18   led  36/ 80 h0.41 lvl+0.34   -
frame   451 :  a closed book -0.57  an opened book -0.87   led   0/255 h0.00 lvl-0.72   -
frame   452 :  an opened book -1.19  a closed book -1.20   led   0/255 h0.00 lvl-1.19   -
frame   453 :  a closed book +0.25  an opened book -0.63   led   7/156 h0.20 lvl-0.19   -
frame   454 :  an opened book -1.20  a closed book -1.74   led   0/255 h0.00 lvl-1.47   -
frame   455 :  a closed book +0.32  an opened book +0.14   led  13/133 h0.26 lvl+0.23   -
frame   456 :  an opened book -0.72  a closed book -0.93   led   0/255 h0.00 lvl-0.83   -
frame   457 :  an opened book +0.09  a closed book -0.37   led   1/217 h0.07 lvl-0.14   -
frame   458 :  a closed book -1.05  an opened book -1.18   led   0/255 h0.00 lvl-1.11   -
frame   459 :  a closed book -1.72  an opened book -2.29   led   0/255 h0.00 lvl-2.00   -
frame   460 :  a closed book -0.82  an opened book -1.08   led   0/255 h0.00 lvl-0.95   -
frame   461 :  an opened book -0.48  a closed book -0.49   led   0/255 h0.00 lvl-0.49   -
frame   462 :  an opened book -1.19  a closed book -1.26   led   0/255 h0.00 lvl-1.22   -
frame   463 :  an opened book -0.12  a closed book -0.73   led   0/255 h0.00 lvl-0.42   -
frame   464 :  a closed book -1.00  an opened book -1.02   led   0/255 h0.00 lvl-1.01   -
frame   465 :  a closed book -0.38  an opened book -0.43   led   0/255 h0.00 lvl-0.40   -
frame   466 :  a closed book +0.79  an opened book +0.18   led  96/ 27 h0.64 lvl+0.48   -
frame   467 :  an opened book +0.28  a closed book -0.80   led  10/145 h0.23 lvl-0.26   -
frame   468 :  an opened book -0.18  a closed book -0.71   led   0/255 h0.00 lvl-0.44   -
frame   469 :  a closed book -1.02  an opened book -1.94   led   0/255 h0.00 lvl-1.48   -
frame   470 :  a closed book +0.18  an opened book -0.31   led   4/179 h0.15 lvl-0.07   -
frame   471 :  a closed book -0.12  an opened book -0.67   led   0/255 h0.00 lvl-0.39   -
frame   472 :  a closed book +0.03  an opened book -0.22   led   0/242 h0.02 lvl-0.10   -
frame   473 :  an opened book +0.13  a closed book -0.07   led   2/200 h0.10 lvl+0.03   -
frame   474 :  an opened book -0.45  a closed book -0.66   led   0/255 h0.00 lvl-0.56   -
frame   475 :  an opened book -1.29  a closed book -1.51   led   0/255 h0.00 lvl-1.40   -
frame   476 :  a closed book +0.49  an opened book +0.16   led  34/ 84 h0.40 lvl+0.33   -
frame   477 :  a closed book -0.72  an opened book -0.81   led   0/255 h0.00 lvl-0.76   -
frame   478 :  an opened book -1.47  a closed book -1.50   led   0/255 h0.00 lvl-1.48   -
frame   479 :  a closed book -1.01  an opened book -1.17   led   0/255 h0.00 lvl-1.09   -
frame   480 :  a closed book -0.29  an opened book -1.12   led   0/255 h0.00 lvl-0.71   -
frame   481 :  a closed book -0.44  an opened book -0.66   led   0/255 h0.00 lvl-0.55   -
frame   482 :  a closed book +0.26  an opened book -0.30   led   8/151 h0.21 lvl-0.02   -
frame   483 :  a closed book -0.53  an opened book -1.72   led   0/255 h0.00 lvl-1.13   -
frame   484 :  a closed book -0.51  an opened book -1.15   led   0/255 h0.00 lvl-0.83   -
frame   485 :  an opened book -0.91  a closed book -1.04   led   0/255 h0.00 lvl-0.97   -
frame   486 :  a closed book -0.82  an opened book -1.09   led   0/255 h0.00 lvl-0.95   -
frame   487 :  a closed book -0.59  an opened book -1.17   led   0/255 h0.00 lvl-0.88   -
frame   488 :  a closed book -0.49  an opened book -0.65   led   0/255 h0.00 lvl-0.57   -
frame   489 :  an opened book -0.79  a closed book -0.85   led   0/255 h0.00 lvl-0.82   -
frame   490 :  a closed book -0.53  an opened book -0.60   led   0/255 h0.00 lvl-0.56   -
frame   491 :  a closed book +1.34*  an opened book +0.01   led 255/  0 h1.00 lvl+0.68   MATCH a closed book (cos -0.082)
frame   492 :  a closed book -0.80  an opened book -1.72   led   0/255 h0.00 lvl-1.26   -
frame   493 :  a closed book -0.01  an opened book -0.26   led   0/255 h0.00 lvl-0.13   -
frame   494 :  an opened book -0.18  a closed book -0.89   led   0/255 h0.00 lvl-0.54   -
frame   495 :  a closed book -1.63  an opened book -1.91   led   0/255 h0.00 lvl-1.77   -
frame   496 :  an opened book -0.21  a closed book -0.62   led   0/255 h0.00 lvl-0.42   -
frame   497 :  an opened book -0.75  a closed book -1.03   led   0/255 h0.00 lvl-0.89   -
frame   498 :  an opened book -0.77  a closed book -0.85   led   0/255 h0.00 lvl-0.81   -
frame   499 :  an opened book -1.33  a closed book -1.80   led   0/255 h0.00 lvl-1.57   -
background: after 30 frames (frozen, room spread), this room reads  a closed book -0.088 +-0.0047 (COCO -0.159 +-0.0351)  an opened book -0.107 +-0.0041 (COCO -0.151 +-0.0303)
frame   500 :  an opened book -0.46  a closed book -0.85   led   0/255 h0.00 lvl-0.65   -
frame   501 :  an opened book -1.62  a closed book -1.70   led   0/255 h0.00 lvl-1.66   -
frame   502 :  an opened book -0.22  a closed book -0.56   led   0/255 h0.00 lvl-0.39   -
frame   503 :  a closed book -0.85  an opened book -1.26   led   0/255 h0.00 lvl-1.06   -
frame   504 :  an opened book -2.22  a closed book -2.42   led   0/255 h0.00 lvl-2.32   -
frame   505 :  a closed book -2.53  an opened book -3.43   led   0/255 h0.00 lvl-2.98   -
frame   506 :  an opened book -0.39  a closed book -0.46   led   0/255 h0.00 lvl-0.42   -
frame   507 :  a closed book -0.48  an opened book -0.84   led   0/255 h0.00 lvl-0.66   -
frame   508 :  a closed book -1.70  an opened book -1.81   led   0/255 h0.00 lvl-1.76   -
frame   509 :  an opened book -0.80  a closed book -1.42   led   0/255 h0.00 lvl-1.11   -
frame   510 :  an opened book -1.20  a closed book -1.50   led   0/255 h0.00 lvl-1.35   -
frame   511 :  a closed book -2.32  an opened book -2.32   led   0/255 h0.00 lvl-2.32   -
frame   512 :  an opened book -1.36  a closed book -1.74   led   0/255 h0.00 lvl-1.55   -
frame   513 :  an opened book -1.28  a closed book -1.66   led   0/255 h0.00 lvl-1.47   -
frame   514 :  an opened book -1.05  a closed book -1.27   led   0/255 h0.00 lvl-1.16   -
frame   515 :  a closed book -1.47  an opened book -1.57   led   0/255 h0.00 lvl-1.52   -
frame   516 :  a closed book -0.20  an opened book -0.94   led   0/255 h0.00 lvl-0.57   -
frame   517 :  an opened book -1.88  a closed book -2.18   led   0/255 h0.00 lvl-2.03   -
frame   518 :  a closed book +0.40  an opened book +0.24   led  22/107 h0.33 lvl+0.32   -
frame   519 :  an opened book -0.31  a closed book -0.48   led   0/255 h0.00 lvl-0.40   -
frame   520 :  an opened book -1.98  a closed book -2.26   led   0/255 h0.00 lvl-2.12   -
frame   521 :  a closed book -1.96  an opened book -2.22   led   0/255 h0.00 lvl-2.09   -
frame   522 :  an opened book -0.41  a closed book -0.83   led   0/255 h0.00 lvl-0.62   -
frame   523 :  an opened book -0.54  a closed book -1.49   led   0/255 h0.00 lvl-1.02   -
frame   524 :  an opened book -1.35  a closed book -1.41   led   0/255 h0.00 lvl-1.38   -
frame   525 :  an opened book -2.01  a closed book -2.37   led   0/255 h0.00 lvl-2.19   -
frame   526 :  a closed book -1.24  an opened book -1.65   led   0/255 h0.00 lvl-1.45   -
frame   527 :  an opened book -0.41  a closed book -0.43   led   0/255 h0.00 lvl-0.42   -
frame   528 :  a closed book -1.40  an opened book -1.47   led   0/255 h0.00 lvl-1.43   -
frame   529 :  an opened book -1.35  a closed book -2.28   led   0/255 h0.00 lvl-1.81   -
frame   530 :  an opened book -0.71  a closed book -1.21   led   0/255 h0.00 lvl-0.96   -
frame   531 :  an opened book -2.07  a closed book -2.91   led   0/255 h0.00 lvl-2.49   -
frame   532 :  a closed book -1.03  an opened book -1.75   led   0/255 h0.00 lvl-1.39   -
frame   533 :  a closed book -0.74  an opened book -0.85   led   0/255 h0.00 lvl-0.80   -
frame   534 :  a closed book -0.13  an opened book -0.26   led   0/255 h0.00 lvl-0.20   -
frame   535 :  a closed book -0.12  an opened book -0.12   led   0/255 h0.00 lvl-0.12   -
frame   536 :  a closed book -0.72  an opened book -1.00   led   0/255 h0.00 lvl-0.86   -
frame   537 :  a closed book -0.73  an opened book -0.76   led   0/255 h0.00 lvl-0.74   -
frame   538 :  an opened book -0.39  a closed book -0.49   led   0/255 h0.00 lvl-0.44   -
frame   539 :  an opened book -1.04  a closed book -1.26   led   0/255 h0.00 lvl-1.15   -
frame   540 :  an opened book -1.08  a closed book -1.20   led   0/255 h0.00 lvl-1.14   -
frame   541 :  an opened book -0.55  a closed book -0.63   led   0/255 h0.00 lvl-0.59   -
frame   542 :  an opened book -0.84  a closed book -2.04   led   0/255 h0.00 lvl-1.44   -
frame   543 :  a closed book -0.06  an opened book -0.66   led   0/255 h0.00 lvl-0.36   -
frame   544 :  an opened book -1.33  a closed book -1.80   led   0/255 h0.00 lvl-1.56   -
frame   545 :  an opened book -1.57  a closed book -1.73   led   0/255 h0.00 lvl-1.65   -
frame   546 :  an opened book -0.84  a closed book -0.86   led   0/255 h0.00 lvl-0.85   -
frame   547 :  a closed book -0.89  an opened book -1.12   led   0/255 h0.00 lvl-1.00   -
frame   548 :  an opened book -1.04  a closed book -1.13   led   0/255 h0.00 lvl-1.09   -
frame   549 :  an opened book -0.92  a closed book -1.03   led   0/255 h0.00 lvl-0.97   -
frame   550 :  an opened book -0.43  a closed book -0.54   led   0/255 h0.00 lvl-0.48   -
frame   551 :  an opened book -0.78  a closed book -0.87   led   0/255 h0.00 lvl-0.82   -
frame   552 :  a closed book -0.11  an opened book -0.56   led   0/255 h0.00 lvl-0.34   -
frame   553 :  a closed book -0.82  an opened book -1.46   led   0/255 h0.00 lvl-1.14   -
frame   554 :  an opened book -0.47  a closed book -0.67   led   0/255 h0.00 lvl-0.57   -
frame   555 :  a closed book -0.34  an opened book -0.51   led   0/255 h0.00 lvl-0.42   -
frame   556 :  an opened book +0.48  a closed book +0.34   led  32/ 86 h0.39 lvl+0.41   -
frame   557 :  an opened book -1.44  a closed book -1.45   led   0/255 h0.00 lvl-1.45   -
frame   558 :  an opened book -1.00  a closed book -1.15   led   0/255 h0.00 lvl-1.07   -
frame   559 :  a closed book +0.45  an opened book +0.34   led  28/ 94 h0.36 lvl+0.39   -
frame   560 :  an opened book +0.25  a closed book +0.03   led   7/156 h0.20 lvl+0.14   -
frame   561 :  an opened book -1.72  a closed book -1.74   led   0/255 h0.00 lvl-1.73   -
frame   562 :  an opened book -0.88  a closed book -1.25   led   0/255 h0.00 lvl-1.07   -
frame   563 :  a closed book -1.38  an opened book -1.82   led   0/255 h0.00 lvl-1.60   -
frame   564 :  a closed book -0.14  an opened book -0.20   led   0/255 h0.00 lvl-0.17   -
frame   565 :  a closed book -0.76  an opened book -0.81   led   0/255 h0.00 lvl-0.78   -
frame   566 :  a closed book +1.29*  an opened book +0.98   led 255/  0 h1.00 lvl+1.14   MATCH a closed book (cos -0.082)
frame   567 :  a closed book +0.96  an opened book +0.43   led 148/  9 h0.78 lvl+0.69   -
frame   568 :  a closed book -0.32  an opened book -0.41   led   0/255 h0.00 lvl-0.36   -
frame   569 :  an opened book -0.38  a closed book -0.44   led   0/255 h0.00 lvl-0.41   -
frame   570 :  an opened book -0.29  a closed book -0.48   led   0/255 h0.00 lvl-0.39   -
frame   571 :  an opened book -0.87  a closed book -1.12   led   0/255 h0.00 lvl-0.99   -
frame   572 :  a closed book -0.22  an opened book -0.55   led   0/255 h0.00 lvl-0.38   -
frame   573 :  a closed book -0.35  an opened book -0.71   led   0/255 h0.00 lvl-0.53   -
frame   574 :  an opened book +0.58  a closed book +0.57   led  49/ 62 h0.47 lvl+0.58   -
frame   575 :  an opened book -0.08  a closed book -0.17   led   0/255 h0.00 lvl-0.12   -
frame   576 :  a closed book -0.21  an opened book -0.24   led   0/255 h0.00 lvl-0.22   -
frame   577 :  an opened book -0.90  a closed book -0.94   led   0/255 h0.00 lvl-0.92   -
frame   578 :  an opened book +0.69  a closed book +0.33   led  72/ 41 h0.56 lvl+0.51   -
frame   579 :  a closed book +0.11  an opened book -0.10   led   1/209 h0.09 lvl+0.01   -
frame   580 :  an opened book -0.13  a closed book -0.18   led   0/255 h0.00 lvl-0.16   -
frame   581 :  an opened book -0.76  a closed book -0.98   led   0/255 h0.00 lvl-0.87   -
frame   582 :  an opened book +0.01  a closed book -0.03   led   0/249 h0.01 lvl-0.01   -
frame   583 :  a closed book -0.75  an opened book -0.88   led   0/255 h0.00 lvl-0.82   -
frame   584 :  an opened book -0.13  a closed book -0.72   led   0/255 h0.00 lvl-0.43   -
frame   585 :  an opened book +0.30  a closed book -0.46   led  12/137 h0.25 lvl-0.08   -
frame   586 :  a closed book +1.47*  an opened book +1.06   led 255/  0 h1.00 lvl+1.27   MATCH a closed book (cos -0.081)
frame   587 :  a closed book -0.56  an opened book -0.85   led   0/255 h0.00 lvl-0.70   -
frame   588 :  a closed book -0.82  an opened book -0.85   led   0/255 h0.00 lvl-0.84   -
frame   589 :  a closed book +1.02  an opened book +0.78   led 169/  5 h0.83 lvl+0.90   -
frame   590 :  a closed book +0.30  an opened book +0.10   led  12/136 h0.25 lvl+0.20   -
frame   591 :  a closed book +0.35  an opened book -0.09   led  16/121 h0.29 lvl+0.13   -
frame   592 :  a closed book +0.67  an opened book +0.10   led  68/ 44 h0.55 lvl+0.39   -
frame   593 :  a closed book -0.05  an opened book -0.40   led   0/255 h0.00 lvl-0.22   -
frame   594 :  an opened book -0.89  a closed book -1.13   led   0/255 h0.00 lvl-1.01   -
frame   595 :  an opened book +0.44  a closed book +0.16   led  26/ 97 h0.36 lvl+0.30   -
frame   596 :  an opened book -0.17  a closed book -0.40   led   0/255 h0.00 lvl-0.29   -
frame   597 :  an opened book -0.35  a closed book -0.80   led   0/255 h0.00 lvl-0.57   -
frame   598 :  an opened book -1.74  a closed book -1.95   led   0/255 h0.00 lvl-1.84   -
frame   599 :  a closed book +0.02  an opened book -0.43   led   0/247 h0.01 lvl-0.21   -
background: after 30 frames (frozen, room spread), this room reads  a closed book -0.088 +-0.0047 (COCO -0.159 +-0.0351)  an opened book -0.107 +-0.0041 (COCO -0.151 +-0.0303)
frame   600 :  a closed book +0.28  an opened book -0.07   led  10/144 h0.23 lvl+0.11   -
frame   601 :  an opened book -0.31  a closed book -0.57   led   0/255 h0.00 lvl-0.44   -

stopped   : 602 frames, 602 good, capture overlapped with the compute, configuration C
            602 frames timed, 285 ms/frame mean (capture included)
            268 ms encode + 0 ms waiting for the sensor + 16 ms burst; 295 ms/frame by the clock
            373 ms shutter to LED, arming with 94 ms of compute left
            last frame mean RGB 133 130 132
            camera bus: worst gap 15 us against the 2000 us deadline (#12)
            usb: 0 outages, 0 ms off the bus, 0 re-attaches (#9)
