
=== M9: fpga-open-vocab - describe it, the board spots it ===

clock     : 320 MHz requested; BOOTSEL is reachable for 1.5 s
clock     : 320 MHz system, core 1.25 V
reset     : chip_reset 00010000
            nothing new since the last banner - whatever reset the core left powman alone.
waiting for a bitstream on USB CDC (host/demo.py)
bitstream : 173124 bytes announced, crc32 0a2e9953
bitstream : received intact
configure : configured, CDONE high   CDONE=1 nSTATUS=0
crc       : DMA sniffer, calc=1 out_rev=1 out_inv=1
model     : 9 layers, 512-d embedding, 131072 B/buffer
weights   : 780720 B, crc32=0xF368CC6E  (126 ms to hash)

reference : encoder_fast on the flash test vector  (1583 ms)

link      : probing the wire by running the whole test vector over it
probe     : 3 forward data lines -> 512/512 floats exact, 271 ms
link      : configuration C, 3 forward data lines, 160.0 MHz

camera    : exposure ramp 27 68 79 89 96 108 119 123 130 130 131 131 131 130
camera    : live 128x128 RGB565, id 0x82, 16.0 MHz, expose 37 ms, read 16 ms, exposure settled after 14 frames
            regs fmt 02 res 00 bri 00 ev 00 wb 00 auto 00 state 26 id 82 fpga 20
            reset gate: polls 425, first state 21, busy yes   defaults polls: ae 0 ag 10 awb 10 wbmode 5
            mean RGB 131 128 129  (tuned camera on a neutral scene: about 115 107 105)

queries   : waiting for a query set on USB CDC (host/demo.py)
queries   : 2 accepted, 512-d, crc ok
            level axis carries 0.95 of one query's swing; most opposed pair +0.810
            scored as z = (cos - background) / std, where the background is this room's
            own mean over its first 30 frames and is then FROZEN - so a thing left in
            shot keeps its score instead of decaying into the furniture. 'N' re-learns
            it, 'H' switches to tracking. The COCO figures below are only the seed for
            frame 0 and the fixed std.
            std is THIS ROOM's, measured over the same 30 frames ('S' switches to COCO's).
            The thresholds below still mean the 90th percentile of a background; the
            background they now mean it against is this room empty, not 5000 COCO photos.
            a closed book        match above z 1.23   (COCO background -0.159 +- 0.035, so cos -0.116)
            an opened book       match above z 1.23   (COCO background -0.151 +- 0.030, so cos -0.114)

loop      : capture, 8 convs on the T8, pool and head, then one cosine per query. 'B' for BOOTSEL, 'R' to restart,
            'P' to dump the next frame for host/cam.py, 'V' to dump its 512 floats for host/caption.py,
            'E' to provoke a fault so D1 shows its fault display, 'H' to freeze/unfreeze the background,
            'S' to switch the spread between this room's and COCO's, 'W' to hang on purpose and see
            the watchdog name the stage, 'C' to stall the camera bus on purpose and see it cost one frame,
            'U' to drop off USB on purpose and watch it come back, 'I' to drop off and refuse to,
            'N' to forget it and learn it again from now. 'P' and 'V' together describe the same frame.
            'O' closes the timing window, prints it and flips the capture between overlapped and serial;
            'D' does the same and flips the trigger between late and at-the-collect, which is #14's A/B.
            'L' freezes exposure and gain, then on a second press the white balance too - which goes green,
            and is the control. A third restores all three. Issue #30, and the one hotkey whose answer depends on when you press it.
            scores are z against this room's background, ranked; '*' means over its threshold.
            '1'..'6' enrol the next 20 frames as that class, and press again on a LATER visit
            to fold a second one in - 2 visits is what makes the enrolment guard mean
            something. Two classes in and the board decides by nearest reference instead of
            by threshold - see M21.
            '0' ENROLS THE EMPTY SCENE the same way, and it is worth a visit: with one, a frame
            is absent when the empty reference is the nearest of the three and no radius is
            involved. Without one the board falls back to the band - absent beyond 2.0 sep
            from every class - which scores 54.6% over 28 benches against the third reference's
            79.1%, because with two queries that band is an interval the empty scene can sit
            inside. #18.
            The first 30 frames set the baseline and it is then frozen, so anything left in
            shot KEEPS its score. Point the camera at the empty scene for those frames.
            Send a new set at any time to re-query - that resets the baseline too.

frame     0 :  a closed book +2.01*  an opened book +1.39*   led 255/  0 h1.00 lvl+1.70   MATCH a closed book (cos -0.089)
frame     1 :  an opened book -0.21  a closed book -0.34   led   0/255 h0.00 lvl-0.28   -
frame     2 :  a closed book +0.23  an opened book +0.19   led   7/160 h0.19 lvl+0.21   -
frame     3 :  an opened book -0.28  a closed book -0.29   led   0/255 h0.00 lvl-0.28   -
frame     4 :  a closed book +0.06  an opened book -0.02   led   0/229 h0.05 lvl+0.02   -
frame     5 :  an opened book -0.15  a closed book -0.20   led   0/255 h0.00 lvl-0.17   -
frame     6 :  an opened book +0.09  a closed book +0.08   led   1/218 h0.07 lvl+0.08   -
frame     7 :  a closed book +0.11  an opened book -0.01   led   1/209 h0.09 lvl+0.05   -
background: after 8 frames (warming up, room spread), this room reads  a closed book -0.095 +-0.0060 (COCO -0.159 +-0.0351)  an opened book -0.113 +-0.0041 (COCO -0.151 +-0.0303)
frame     8 :  a closed book -0.05  an opened book -0.06   led   0/255 h0.00 lvl-0.06   -
frame     9 :  an opened book -0.79  a closed book -1.84   led   0/255 h0.00 lvl-1.32   -
frame    10 :  an opened book +1.93*  a closed book +1.01   led 255/  0 h1.00 lvl+1.47   MATCH an opened book (cos -0.106)
frame    11 :  a closed book -0.95  an opened book -1.41   led   0/255 h0.00 lvl-1.18   -
frame    12 :  an opened book -0.17  a closed book -0.75   led   0/255 h0.00 lvl-0.46   -
frame    13 :  an opened book -0.10  a closed book -0.96   led   0/255 h0.00 lvl-0.53   -
frame    14 :  an opened book -0.02  a closed book -1.22   led   0/255 h0.00 lvl-0.62   -
frame    15 :  an opened book -0.22  a closed book -0.33   led   0/255 h0.00 lvl-0.27   -
frame    16 :  a closed book +0.48  an opened book +0.21   led  32/ 87 h0.39 lvl+0.34   -
frame    17 :  an opened book +0.69  a closed book -0.34   led  71/ 42 h0.56 lvl+0.17   -
frame    18 :  a closed book -0.07  an opened book -1.03   led   0/255 h0.00 lvl-0.55   -
frame    19 :  an opened book +0.61  a closed book +0.25   led  54/ 57 h0.49 lvl+0.43   -
frame    20 :  a closed book -1.19  an opened book -1.51   led   0/255 h0.00 lvl-1.35   -
frame    21 :  a closed book -0.22  an opened book -1.77   led   0/255 h0.00 lvl-1.00   -
frame    22 :  a closed book +0.18  an opened book -0.20   led   4/179 h0.15 lvl-0.01   -
frame    23 :  a closed book -0.41  an opened book -0.65   led   0/255 h0.00 lvl-0.53   -
frame    24 :  a closed book +0.64  an opened book +0.04   led  61/ 51 h0.52 lvl+0.34   -
frame    25 :  a closed book -0.83  an opened book -1.18   led   0/255 h0.00 lvl-1.01   -
frame    26 :  an opened book +0.37  a closed book +0.18   led  18/116 h0.30 lvl+0.27   -
frame    27 :  an opened book +0.05  a closed book -0.11   led   0/232 h0.04 lvl-0.03   -
frame    28 :  an opened book +1.16  a closed book +0.52   led 225/  0 h0.95 lvl+0.84   -
frame    29 :  an opened book -0.25  a closed book -1.02   led   0/255 h0.00 lvl-0.64   -
frame    30 :  an opened book -0.57  a closed book -1.36   led   0/255 h0.00 lvl-0.97   -
frame    31 :  a closed book -0.67  an opened book -1.16   led   0/255 h0.00 lvl-0.91   -
frame    32 :  an opened book +1.49*  a closed book +0.22   led 255/  0 h1.00 lvl+0.86   MATCH an opened book (cos -0.108)
frame    33 :  an opened book -0.17  a closed book -0.42   led   0/255 h0.00 lvl-0.29   -
frame    34 :  an opened book -0.26  a closed book -0.46   led   0/255 h0.00 lvl-0.36   -
frame    35 :  a closed book +0.89  an opened book +0.58   led 126/ 15 h0.73 lvl+0.74   -
frame    36 :  an opened book +1.21  a closed book +0.69   led 248/  0 h0.99 lvl+0.95   -
frame    37 :  a closed book +0.74  an opened book +0.33   led  83/ 34 h0.60 lvl+0.53   -
frame    38 :  an opened book +2.32*  a closed book +1.52*   led 255/  0 h1.00 lvl+1.92   MATCH an opened book (cos -0.106)
frame    39 :  a closed book -0.36  an opened book -1.32   led   0/255 h0.00 lvl-0.84   -
frame    40 :  a closed book -0.38  an opened book -0.69   led   0/255 h0.00 lvl-0.53   -
frame    41 :  a closed book +0.02  an opened book -0.61   led   0/246 h0.02 lvl-0.29   -
frame    42 :  a closed book +2.44*  an opened book +1.73*   led 255/  0 h1.00 lvl+2.09   MATCH a closed book (cos -0.086)

camera    : frozen now exposure gain  at frame 43, mean RGB 137 129 132
frame    43 :  an opened book +1.08  a closed book +1.03   led 193/  2 h0.88 lvl+1.06   -
frame    44 :  a closed book +0.94  an opened book +0.60   led 141/ 11 h0.76 lvl+0.77   -
frame    45 :  a closed book -0.60  an opened book -1.34   led   0/255 h0.00 lvl-0.97   -
frame    46 :  an opened book -1.71  a closed book -1.78   led   0/255 h0.00 lvl-1.74   -
frame    47 :  an opened book -0.80  a closed book -0.98   led   0/255 h0.00 lvl-0.89   -
frame    48 :  an opened book +0.24  a closed book -0.65   led   7/159 h0.19 lvl-0.21   -
frame    49 :  an opened book +1.55*  a closed book +0.87   led 255/  0 h1.00 lvl+1.21   MATCH an opened book (cos -0.108)
frame    50 :  a closed book +0.93  an opened book +0.80   led 138/ 11 h0.76 lvl+0.87   -
frame    51 :  an opened book -0.10  a closed book -0.16   led   0/255 h0.00 lvl-0.13   -
frame    52 :  a closed book -1.61  an opened book -2.09   led   0/255 h0.00 lvl-1.85   -
frame    53 :  a closed book +1.04  an opened book +0.70   led 177/  4 h0.85 lvl+0.87   -
frame    54 :  a closed book -0.25  an opened book -0.54   led   0/255 h0.00 lvl-0.40   -
frame    55 :  a closed book +0.71  an opened book +0.66   led  76/ 39 h0.58 lvl+0.68   -
frame    56 :  an opened book +1.50*  a closed book +1.16   led 255/  0 h1.00 lvl+1.33   MATCH an opened book (cos -0.108)
frame    57 :  a closed book +1.48*  an opened book +0.39   led 255/  0 h1.00 lvl+0.94   MATCH a closed book (cos -0.090)
frame    58 :  an opened book +0.29  a closed book +0.22   led  11/141 h0.24 lvl+0.26   -
frame    59 :  a closed book +0.11  an opened book -0.33   led   1/209 h0.09 lvl-0.11   -
frame    60 :  a closed book +0.34  an opened book +0.21   led  15/125 h0.28 lvl+0.27   -
frame    61 :  a closed book -0.91  an opened book -1.32   led   0/255 h0.00 lvl-1.11   -
frame    62 :  a closed book -0.36  an opened book -1.21   led   0/255 h0.00 lvl-0.79   -
frame    63 :  an opened book +1.07  a closed book +0.95   led 189/  3 h0.87 lvl+1.01   -
frame    64 :  an opened book +0.14  a closed book -1.22   led   2/194 h0.12 lvl-0.54   -
frame    65 :  an opened book +0.25  a closed book +0.19   led   8/155 h0.20 lvl+0.22   -
frame    66 :  an opened book +0.33  a closed book -0.83   led  14/127 h0.27 lvl-0.25   -
frame    67 :  an opened book -2.60  a closed book -3.18   led   0/255 h0.00 lvl-2.89   -
frame    68 :  an opened book +0.14  a closed book -0.47   led   2/197 h0.11 lvl-0.17   -
frame    69 :  an opened book -0.27  a closed book -0.33   led   0/255 h0.00 lvl-0.30   -
frame    70 :  an opened book -0.14  a closed book -0.89   led   0/255 h0.00 lvl-0.51   -
frame    71 :  an opened book -0.03  a closed book -1.12   led   0/255 h0.00 lvl-0.57   -
frame    72 :  a closed book -0.51  an opened book -0.89   led   0/255 h0.00 lvl-0.70   -
frame    73 :  a closed book +1.26*  an opened book +0.93   led 255/  0 h1.00 lvl+1.09   MATCH a closed book (cos -0.091)
frame    74 :  a closed book +2.45*  an opened book +1.86*   led 255/  0 h1.00 lvl+2.15   MATCH a closed book (cos -0.086)
frame    75 :  a closed book +0.93  an opened book +0.40   led 139/ 11 h0.76 lvl+0.66   -
frame    76 :  a closed book -0.27  an opened book -1.15   led   0/255 h0.00 lvl-0.71   -
frame    77 :  an opened book -1.29  a closed book -1.39   led   0/255 h0.00 lvl-1.34   -
frame    78 :  an opened book +0.27  a closed book +0.24   led   9/148 h0.22 lvl+0.25   -
frame    79 :  an opened book -0.21  a closed book -0.62   led   0/255 h0.00 lvl-0.42   -
frame    80 :  an opened book -0.47  a closed book -1.06   led   0/255 h0.00 lvl-0.76   -
frame    81 :  an opened book -0.61  a closed book -0.87   led   0/255 h0.00 lvl-0.74   -
frame    82 :  a closed book +1.70*  an opened book +1.42*   led 255/  0 h1.00 lvl+1.56   MATCH a closed book (cos -0.089)
frame    83 :  an opened book -0.56  a closed book -0.63   led   0/255 h0.00 lvl-0.60   -
frame    84 :  an opened book +1.64*  a closed book +0.52   led 255/  0 h1.00 lvl+1.08   MATCH an opened book (cos -0.108)
frame    85 :  a closed book -0.25  an opened book -1.08   led   0/255 h0.00 lvl-0.67   -
frame    86 :  an opened book -0.02  a closed book -0.42   led   0/255 h0.00 lvl-0.22   -
frame    87 :  an opened book +1.41*  a closed book +0.65   led 255/  0 h1.00 lvl+1.03   MATCH an opened book (cos -0.109)
frame    88 :  an opened book +0.92  a closed book +0.17   led 134/ 13 h0.75 lvl+0.54   -
frame    89 :  a closed book -0.68  an opened book -1.04   led   0/255 h0.00 lvl-0.86   -
frame    90 :  a closed book +2.37*  an opened book +1.54*   led 255/  0 h1.00 lvl+1.96   MATCH a closed book (cos -0.086)
frame    91 :  an opened book +2.00*  a closed book +1.70*   led 255/  0 h1.00 lvl+1.85   MATCH an opened book (cos -0.107)
frame    92 :  a closed book +2.06*  an opened book +1.54*   led 255/  0 h1.00 lvl+1.80   MATCH a closed book (cos -0.088)
frame    93 :  a closed book +1.44*  an opened book +1.15   led 255/  0 h1.00 lvl+1.30   MATCH a closed book (cos -0.091)
frame    94 :  an opened book +2.34*  a closed book +1.97*   led 255/  0 h1.00 lvl+2.15   MATCH an opened book (cos -0.105)
frame    95 :  a closed book +1.38*  an opened book +0.56   led 255/  0 h1.00 lvl+0.97   MATCH a closed book (cos -0.091)
frame    96 :  a closed book -1.38  an opened book -2.40   led   0/255 h0.00 lvl-1.89   -
frame    97 :  an opened book +1.13  a closed book +0.93   led 213/  1 h0.92 lvl+1.03   -
frame    98 :  an opened book -0.26  a closed book -0.65   led   0/255 h0.00 lvl-0.46   -
frame    99 :  an opened book +0.96  a closed book +0.32   led 150/  9 h0.78 lvl+0.64   -
background: after 30 frames (frozen, room spread), this room reads  a closed book -0.097 +-0.0047 (COCO -0.159 +-0.0351)  an opened book -0.113 +-0.0034 (COCO -0.151 +-0.0303)
frame   100 :  an opened book -1.53  a closed book -1.66   led   0/255 h0.00 lvl-1.60   -
frame   101 :  an opened book +1.12  a closed book +0.14   led 208/  1 h0.91 lvl+0.63   -
frame   102 :  an opened book -0.77  a closed book -1.72   led   0/255 h0.00 lvl-1.25   -
frame   103 :  an opened book +2.11*  a closed book +1.72*   led 255/  0 h1.00 lvl+1.92   MATCH an opened book (cos -0.106)
frame   104 :  an opened book +0.45  a closed book -0.49   led  27/ 95 h0.36 lvl-0.02   -
frame   105 :  an opened book -0.02  a closed book -0.65   led   0/255 h0.00 lvl-0.33   -
frame   106 :  an opened book -2.06  a closed book -2.30   led   0/255 h0.00 lvl-2.18   -
frame   107 :  an opened book -0.90  a closed book -1.33   led   0/255 h0.00 lvl-1.11   -
frame   108 :  an opened book -0.56  a closed book -1.38   led   0/255 h0.00 lvl-0.97   -
frame   109 :  a closed book +0.12  an opened book +0.07   led   2/204 h0.10 lvl+0.10   -
frame   110 :  a closed book +0.85  an opened book +0.46   led 114/ 19 h0.69 lvl+0.66   -
frame   111 :  an opened book +0.68  a closed book +0.08   led  69/ 44 h0.55 lvl+0.38   -
frame   112 :  a closed book +0.17  an opened book -0.53   led   3/185 h0.14 lvl-0.18   -
frame   113 :  an opened book +0.92  a closed book +0.71   led 133/ 13 h0.74 lvl+0.81   -
frame   114 :  an opened book +1.04  a closed book +0.89   led 175/  4 h0.84 lvl+0.97   -
frame   115 :  an opened book +0.26  a closed book -0.46   led   8/152 h0.21 lvl-0.10   -
frame   116 :  an opened book +0.55  a closed book +0.48   led  44/ 68 h0.45 lvl+0.52   -
frame   117 :  an opened book -1.66  a closed book -1.79   led   0/255 h0.00 lvl-1.72   -
frame   118 :  an opened book +0.24  a closed book -0.27   led   7/159 h0.19 lvl-0.01   -
frame   119 :  a closed book -1.43  an opened book -1.44   led   0/255 h0.00 lvl-1.44   -
frame   120 :  an opened book +0.16  a closed book -0.12   led   3/187 h0.13 lvl+0.02   -
frame   121 :  an opened book +1.45*  a closed book +1.04   led 255/  0 h1.00 lvl+1.25   MATCH an opened book (cos -0.108)
frame   122 :  an opened book +1.96*  a closed book +0.88   led 255/  0 h1.00 lvl+1.42   MATCH an opened book (cos -0.107)
frame   123 :  an opened book +0.79  a closed book +0.30   led  96/ 27 h0.64 lvl+0.55   -
frame   124 :  an opened book +0.55  a closed book +0.20   led  43/ 70 h0.44 lvl+0.37   -
frame   125 :  a closed book -0.97  an opened book -1.41   led   0/255 h0.00 lvl-1.19   -
frame   126 :  a closed book -1.60  an opened book -2.32   led   0/255 h0.00 lvl-1.96   -
frame   127 :  an opened book -1.58  a closed book -1.98   led   0/255 h0.00 lvl-1.78   -
frame   128 :  an opened book -0.62  a closed book -1.47   led   0/255 h0.00 lvl-1.04   -
frame   129 :  a closed book +0.15  an opened book +0.12   led   3/190 h0.13 lvl+0.14   -
frame   130 :  a closed book +0.09  an opened book -0.29   led   1/214 h0.08 lvl-0.10   -
frame   131 :  an opened book +1.20  a closed book +0.81   led 243/  0 h0.98 lvl+1.01   -
frame   132 :  a closed book +3.26*  an opened book +2.91*   led 255/  0 h1.00 lvl+3.09   MATCH a closed book (cos -0.082)
frame   133 :  an opened book +0.33  a closed book +0.21   led  14/130 h0.26 lvl+0.27   -
frame   134 :  a closed book +0.25  an opened book -0.31   led   7/156 h0.20 lvl-0.03   -
frame   135 :  an opened book -0.62  a closed book -0.66   led   0/255 h0.00 lvl-0.64   -
frame   136 :  an opened book +2.07*  a closed book +1.52*   led 255/  0 h1.00 lvl+1.80   MATCH an opened book (cos -0.106)
frame   137 :  an opened book -0.70  a closed book -0.82   led   0/255 h0.00 lvl-0.76   -
frame   138 :  an opened book +0.16  a closed book -0.09   led   3/189 h0.13 lvl+0.03   -
frame   139 :  an opened book +0.78  a closed book -0.58   led  92/ 29 h0.63 lvl+0.10   -
frame   140 :  an opened book +0.08  a closed book -0.49   led   1/219 h0.07 lvl-0.20   -
frame   141 :  an opened book +0.60  a closed book -0.36   led  52/ 59 h0.48 lvl+0.12   -
frame   142 :  an opened book -1.11  a closed book -1.59   led   0/255 h0.00 lvl-1.35   -
frame   143 :  an opened book -2.07  a closed book -2.60   led   0/255 h0.00 lvl-2.34   -
frame   144 :  an opened book +0.78  a closed book +0.68   led  93/ 28 h0.63 lvl+0.73   -
frame   145 :  a closed book +0.76  an opened book -0.40   led  88/ 31 h0.62 lvl+0.18   -
frame   146 :  a closed book -0.92  an opened book -2.71   led   0/255 h0.00 lvl-1.82   -
frame   147 :  a closed book -1.63  an opened book -1.96   led   0/255 h0.00 lvl-1.80   -
frame   148 :  an opened book +0.50  a closed book +0.02   led  35/ 81 h0.41 lvl+0.26   -
frame   149 :  an opened book -0.99  a closed book -1.21   led   0/255 h0.00 lvl-1.10   -
frame   150 :  an opened book +0.52  a closed book -0.32   led  39/ 76 h0.42 lvl+0.10   -
frame   151 :  an opened book -2.79  a closed book -2.86   led   0/255 h0.00 lvl-2.82   -
frame   152 :  a closed book -0.78  an opened book -1.11   led   0/255 h0.00 lvl-0.94   -
frame   153 :  a closed book -1.73  an opened book -1.84   led   0/255 h0.00 lvl-1.78   -
frame   154 :  a closed book -2.06  an opened book -2.65   led   0/255 h0.00 lvl-2.36   -
frame   155 :  an opened book -2.64  a closed book -2.76   led   0/255 h0.00 lvl-2.70   -
frame   156 :  an opened book -1.45  a closed book -1.82   led   0/255 h0.00 lvl-1.64   -
frame   157 :  a closed book -1.69  an opened book -1.78   led   0/255 h0.00 lvl-1.74   -
frame   158 :  an opened book +0.30  a closed book -0.32   led  11/138 h0.24 lvl-0.01   -
frame   159 :  an opened book +0.05  a closed book -0.28   led   0/233 h0.04 lvl-0.11   -
frame   160 :  a closed book -0.86  an opened book -0.88   led   0/255 h0.00 lvl-0.87   -
frame   161 :  an opened book -0.35  a closed book -0.72   led   0/255 h0.00 lvl-0.53   -
frame   162 :  an opened book -1.09  a closed book -1.58   led   0/255 h0.00 lvl-1.33   -
frame   163 :  an opened book -1.53  a closed book -1.83   led   0/255 h0.00 lvl-1.68   -
frame   164 :  an opened book -0.94  a closed book -1.08   led   0/255 h0.00 lvl-1.01   -
frame   165 :  a closed book -3.85  an opened book -3.92   led   0/255 h0.00 lvl-3.89   -
frame   166 :  an opened book +1.48*  a closed book +0.68   led 255/  0 h1.00 lvl+1.08   MATCH an opened book (cos -0.108)
frame   167 :  a closed book -1.29  an opened book -1.66   led   0/255 h0.00 lvl-1.48   -
frame   168 :  a closed book -0.29  an opened book -0.85   led   0/255 h0.00 lvl-0.57   -
frame   169 :  an opened book -1.46  a closed book -1.68   led   0/255 h0.00 lvl-1.57   -
frame   170 :  a closed book -2.95  an opened book -3.34   led   0/255 h0.00 lvl-3.15   -
frame   171 :  an opened book -0.58  a closed book -1.65   led   0/255 h0.00 lvl-1.11   -
frame   172 :  a closed book -1.85  an opened book -2.00   led   0/255 h0.00 lvl-1.92   -
frame   173 :  an opened book +0.54  a closed book +0.43   led  41/ 72 h0.44 lvl+0.49   -
frame   174 :  a closed book -2.72  an opened book -3.47   led   0/255 h0.00 lvl-3.09   -
frame   175 :  a closed book -1.23  an opened book -1.37   led   0/255 h0.00 lvl-1.30   -
frame   176 :  a closed book -0.86  an opened book -0.94   led   0/255 h0.00 lvl-0.90   -
frame   177 :  a closed book -1.51  an opened book -2.02   led   0/255 h0.00 lvl-1.77   -
frame   178 :  an opened book -1.63  a closed book -2.07   led   0/255 h0.00 lvl-1.85   -
frame   179 :  a closed book -2.88  an opened book -2.92   led   0/255 h0.00 lvl-2.90   -
frame   180 :  a closed book -2.33  an opened book -2.54   led   0/255 h0.00 lvl-2.44   -
frame   181 :  an opened book -1.40  a closed book -1.52   led   0/255 h0.00 lvl-1.46   -
frame   182 :  a closed book -0.89  an opened book -1.35   led   0/255 h0.00 lvl-1.12   -
frame   183 :  a closed book -2.27  an opened book -2.72   led   0/255 h0.00 lvl-2.50   -
frame   184 :  a closed book -1.87  an opened book -2.05   led   0/255 h0.00 lvl-1.96   -
frame   185 :  a closed book -0.16  an opened book -0.56   led   0/255 h0.00 lvl-0.36   -
frame   186 :  a closed book -2.74  an opened book -3.17   led   0/255 h0.00 lvl-2.96   -
frame   187 :  a closed book -1.69  an opened book -1.74   led   0/255 h0.00 lvl-1.71   -
frame   188 :  an opened book -1.10  a closed book -1.29   led   0/255 h0.00 lvl-1.19   -
frame   189 :  a closed book -0.04  an opened book -0.43   led   0/255 h0.00 lvl-0.24   -
frame   190 :  a closed book -1.54  an opened book -3.22   led   0/255 h0.00 lvl-2.38   -
frame   191 :  a closed book -1.40  an opened book -1.56   led   0/255 h0.00 lvl-1.48   -
frame   192 :  a closed book -1.06  an opened book -1.16   led   0/255 h0.00 lvl-1.11   -
frame   193 :  a closed book -1.14  an opened book -1.20   led   0/255 h0.00 lvl-1.17   -
frame   194 :  an opened book -1.11  a closed book -1.14   led   0/255 h0.00 lvl-1.13   -
frame   195 :  an opened book -1.46  a closed book -1.74   led   0/255 h0.00 lvl-1.60   -
frame   196 :  a closed book -1.14  an opened book -2.11   led   0/255 h0.00 lvl-1.62   -
frame   197 :  a closed book -2.48  an opened book -3.33   led   0/255 h0.00 lvl-2.91   -
frame   198 :  a closed book -1.18  an opened book -1.69   led   0/255 h0.00 lvl-1.43   -
frame   199 :  an opened book +0.30  a closed book -0.34   led  12/137 h0.25 lvl-0.02   -
background: after 30 frames (frozen, room spread), this room reads  a closed book -0.097 +-0.0047 (COCO -0.159 +-0.0351)  an opened book -0.113 +-0.0034 (COCO -0.151 +-0.0303)
frame   200 :  a closed book +0.68  an opened book +0.22   led  69/ 43 h0.55 lvl+0.45   -
frame   201 :  an opened book -1.30  a closed book -1.52   led   0/255 h0.00 lvl-1.41   -
frame   202 :  a closed book -1.66  an opened book -2.51   led   0/255 h0.00 lvl-2.08   -
frame   203 :  a closed book -3.26  an opened book -3.49   led   0/255 h0.00 lvl-3.38   -
frame   204 :  an opened book -3.32  a closed book -3.84   led   0/255 h0.00 lvl-3.58   -
frame   205 :  an opened book -1.61  a closed book -2.01   led   0/255 h0.00 lvl-1.81   -
frame   206 :  a closed book -1.51  an opened book -1.85   led   0/255 h0.00 lvl-1.68   -
frame   207 :  a closed book -0.99  an opened book -1.45   led   0/255 h0.00 lvl-1.22   -
frame   208 :  a closed book +0.02  an opened book -0.14   led   0/245 h0.02 lvl-0.06   -
frame   209 :  a closed book -3.50  an opened book -3.68   led   0/255 h0.00 lvl-3.59   -
frame   210 :  a closed book -1.03  an opened book -1.80   led   0/255 h0.00 lvl-1.42   -
frame   211 :  an opened book -0.95  a closed book -1.20   led   0/255 h0.00 lvl-1.07   -
frame   212 :  a closed book -0.76  an opened book -1.76   led   0/255 h0.00 lvl-1.26   -
frame   213 :  a closed book -2.29  an opened book -3.51   led   0/255 h0.00 lvl-2.90   -
frame   214 :  an opened book -1.43  a closed book -1.56   led   0/255 h0.00 lvl-1.49   -
frame   215 :  a closed book -0.86  an opened book -0.93   led   0/255 h0.00 lvl-0.90   -
frame   216 :  a closed book -0.04  an opened book -0.60   led   0/255 h0.00 lvl-0.32   -
frame   217 :  a closed book -1.76  an opened book -1.85   led   0/255 h0.00 lvl-1.80   -
frame   218 :  a closed book -1.25  an opened book -1.49   led   0/255 h0.00 lvl-1.37   -
frame   219 :  a closed book -0.28  an opened book -1.05   led   0/255 h0.00 lvl-0.67   -
frame   220 :  a closed book -1.88  an opened book -2.08   led   0/255 h0.00 lvl-1.98   -
frame   221 :  a closed book -1.67  an opened book -1.88   led   0/255 h0.00 lvl-1.77   -
frame   222 :  a closed book +0.19  an opened book -0.11   led   4/177 h0.15 lvl+0.04   -
frame   223 :  a closed book -0.56  an opened book -1.58   led   0/255 h0.00 lvl-1.07   -
frame   224 :  a closed book -0.74  an opened book -1.15   led   0/255 h0.00 lvl-0.95   -
frame   225 :  a closed book -0.65  an opened book -1.50   led   0/255 h0.00 lvl-1.07   -
frame   226 :  a closed book -0.40  an opened book -1.25   led   0/255 h0.00 lvl-0.83   -
frame   227 :  a closed book -0.37  an opened book -1.33   led   0/255 h0.00 lvl-0.85   -
frame   228 :  a closed book -0.10  an opened book -1.42   led   0/255 h0.00 lvl-0.76   -
frame   229 :  a closed book -0.45  an opened book -1.07   led   0/255 h0.00 lvl-0.76   -
frame   230 :  a closed book +0.18  an opened book -0.54   led   4/178 h0.15 lvl-0.18   -
frame   231 :  a closed book -1.19  an opened book -1.81   led   0/255 h0.00 lvl-1.50   -
frame   232 :  a closed book -0.66  an opened book -1.43   led   0/255 h0.00 lvl-1.05   -
frame   233 :  a closed book -0.44  an opened book -0.78   led   0/255 h0.00 lvl-0.61   -
frame   234 :  an opened book -1.83  a closed book -1.88   led   0/255 h0.00 lvl-1.85   -
frame   235 :  an opened book -0.74  a closed book -0.87   led   0/255 h0.00 lvl-0.81   -
frame   236 :  an opened book -1.42  a closed book -2.05   led   0/255 h0.00 lvl-1.74   -
frame   237 :  an opened book -1.14  a closed book -2.57   led   0/255 h0.00 lvl-1.85   -
frame   238 :  an opened book -1.22  a closed book -2.09   led   0/255 h0.00 lvl-1.66   -
frame   239 :  an opened book +0.56  a closed book -0.88   led  46/ 66 h0.46 lvl-0.16   -
frame   240 :  an opened book -1.26  a closed book -2.85   led   0/255 h0.00 lvl-2.06   -
frame   241 :  an opened book -1.25  a closed book -2.94   led   0/255 h0.00 lvl-2.10   -
frame   242 :  an opened book +0.53  a closed book -1.67   led  41/ 73 h0.43 lvl-0.57   -
frame   243 :  an opened book -1.70  a closed book -2.69   led   0/255 h0.00 lvl-2.19   -
frame   244 :  an opened book -0.97  a closed book -2.68   led   0/255 h0.00 lvl-1.82   -
frame   245 :  an opened book -1.00  a closed book -2.92   led   0/255 h0.00 lvl-1.96   -
frame   246 :  an opened book +0.50  a closed book -1.20   led  35/ 82 h0.40 lvl-0.35   -
frame   247 :  an opened book -0.47  a closed book -1.76   led   0/255 h0.00 lvl-1.12   -
frame   248 :  an opened book -0.88  a closed book -2.22   led   0/255 h0.00 lvl-1.55   -
frame   249 :  an opened book -0.26  a closed book -2.18   led   0/255 h0.00 lvl-1.22   -
frame   250 :  an opened book -2.74  a closed book -3.97   led   0/255 h0.00 lvl-3.35   -
frame   251 :  an opened book -0.67  a closed book -1.38   led   0/255 h0.00 lvl-1.02   -
frame   252 :  an opened book -1.66  a closed book -4.20   led   0/255 h0.00 lvl-2.93   -
frame   253 :  an opened book -0.93  a closed book -2.85   led   0/255 h0.00 lvl-1.89   -
frame   254 :  an opened book -0.11  a closed book -1.45   led   0/255 h0.00 lvl-0.78   -
frame   255 :  an opened book -1.16  a closed book -2.71   led   0/255 h0.00 lvl-1.94   -
frame   256 :  an opened book +1.39*  a closed book -0.53   led 255/  0 h1.00 lvl+0.43   MATCH an opened book (cos -0.109)
frame   257 :  an opened book -3.40  a closed book -4.31   led   0/255 h0.00 lvl-3.85   -
frame   258 :  an opened book -1.00  a closed book -3.12   led   0/255 h0.00 lvl-2.06   -
frame   259 :  an opened book -1.73  a closed book -2.97   led   0/255 h0.00 lvl-2.35   -
frame   260 :  an opened book -0.62  a closed book -2.68   led   0/255 h0.00 lvl-1.65   -
frame   261 :  an opened book -1.50  a closed book -1.99   led   0/255 h0.00 lvl-1.74   -
frame   262 :  an opened book -2.46  a closed book -3.16   led   0/255 h0.00 lvl-2.81   -
frame   263 :  an opened book +0.14  a closed book -2.15   led   2/197 h0.11 lvl-1.01   -
frame   264 :  an opened book -0.95  a closed book -2.77   led   0/255 h0.00 lvl-1.86   -
frame   265 :  an opened book -1.46  a closed book -2.44   led   0/255 h0.00 lvl-1.95   -
frame   266 :  an opened book -1.41  a closed book -2.82   led   0/255 h0.00 lvl-2.11   -
frame   267 :  an opened book -2.36  a closed book -3.47   led   0/255 h0.00 lvl-2.91   -
frame   268 :  an opened book +0.21  a closed book -1.57   led   5/170 h0.17 lvl-0.68   -
frame   269 :  an opened book -1.33  a closed book -2.85   led   0/255 h0.00 lvl-2.09   -
frame   270 :  an opened book -0.51  a closed book -2.25   led   0/255 h0.00 lvl-1.38   -
frame   271 :  an opened book -0.36  a closed book -2.39   led   0/255 h0.00 lvl-1.37   -
frame   272 :  an opened book -0.75  a closed book -2.49   led   0/255 h0.00 lvl-1.62   -
frame   273 :  an opened book -2.62  a closed book -3.56   led   0/255 h0.00 lvl-3.09   -
frame   274 :  an opened book -0.76  a closed book -2.60   led   0/255 h0.00 lvl-1.68   -
frame   275 :  an opened book -0.11  a closed book -2.17   led   0/255 h0.00 lvl-1.14   -
frame   276 :  an opened book -0.97  a closed book -2.72   led   0/255 h0.00 lvl-1.84   -
frame   277 :  an opened book -1.59  a closed book -3.08   led   0/255 h0.00 lvl-2.33   -
frame   278 :  an opened book -0.46  a closed book -2.12   led   0/255 h0.00 lvl-1.29   -
frame   279 :  an opened book -2.11  a closed book -3.54   led   0/255 h0.00 lvl-2.82   -
frame   280 :  an opened book -0.78  a closed book -2.74   led   0/255 h0.00 lvl-1.76   -
frame   281 :  an opened book -0.96  a closed book -2.77   led   0/255 h0.00 lvl-1.87   -
frame   282 :  an opened book -0.62  a closed book -3.13   led   0/255 h0.00 lvl-1.88   -
frame   283 :  an opened book -1.39  a closed book -3.12   led   0/255 h0.00 lvl-2.26   -
frame   284 :  an opened book -0.87  a closed book -2.94   led   0/255 h0.00 lvl-1.90   -
frame   285 :  an opened book +0.46  a closed book -1.35   led  29/ 92 h0.37 lvl-0.45   -
frame   286 :  an opened book -0.18  a closed book -1.42   led   0/255 h0.00 lvl-0.80   -
frame   287 :  an opened book -1.27  a closed book -2.53   led   0/255 h0.00 lvl-1.90   -
frame   288 :  an opened book -1.23  a closed book -2.62   led   0/255 h0.00 lvl-1.92   -
frame   289 :  an opened book -1.32  a closed book -2.34   led   0/255 h0.00 lvl-1.83   -
frame   290 :  an opened book -1.10  a closed book -2.91   led   0/255 h0.00 lvl-2.01   -
frame   291 :  an opened book -0.63  a closed book -2.55   led   0/255 h0.00 lvl-1.59   -
frame   292 :  an opened book -0.91  a closed book -2.74   led   0/255 h0.00 lvl-1.82   -
frame   293 :  an opened book -0.81  a closed book -2.34   led   0/255 h0.00 lvl-1.58   -
frame   294 :  an opened book +1.37*  a closed book -1.06   led 255/  0 h1.00 lvl+0.15   MATCH an opened book (cos -0.109)
frame   295 :  an opened book -1.14  a closed book -2.60   led   0/255 h0.00 lvl-1.87   -
frame   296 :  an opened book -0.81  a closed book -2.70   led   0/255 h0.00 lvl-1.76   -
frame   297 :  an opened book -0.66  a closed book -2.44   led   0/255 h0.00 lvl-1.55   -
frame   298 :  an opened book -0.43  a closed book -1.53   led   0/255 h0.00 lvl-0.98   -
frame   299 :  an opened book -0.76  a closed book -2.60   led   0/255 h0.00 lvl-1.68   -
background: after 30 frames (frozen, room spread), this room reads  a closed book -0.097 +-0.0047 (COCO -0.159 +-0.0351)  an opened book -0.113 +-0.0034 (COCO -0.151 +-0.0303)
frame   300 :  an opened book +0.51  a closed book -1.76   led  36/ 79 h0.41 lvl-0.63   -
frame   301 :  an opened book -1.68  a closed book -3.27   led   0/255 h0.00 lvl-2.48   -
frame   302 :  an opened book -1.54  a closed book -3.56   led   0/255 h0.00 lvl-2.55   -
frame   303 :  an opened book +0.63  a closed book -1.55   led  58/ 53 h0.51 lvl-0.46   -
frame   304 :  an opened book -0.21  a closed book -1.60   led   0/255 h0.00 lvl-0.91   -
frame   305 :  an opened book +0.33  a closed book -2.22   led  14/128 h0.27 lvl-0.94   -
frame   306 :  an opened book +0.66  a closed book -0.97   led  64/ 47 h0.53 lvl-0.16   -
frame   307 :  an opened book -2.04  a closed book -3.30   led   0/255 h0.00 lvl-2.67   -
frame   308 :  an opened book -0.85  a closed book -2.23   led   0/255 h0.00 lvl-1.54   -
frame   309 :  an opened book -2.41  a closed book -4.00   led   0/255 h0.00 lvl-3.21   -
frame   310 :  an opened book -1.60  a closed book -2.86   led   0/255 h0.00 lvl-2.23   -
frame   311 :  an opened book -2.24  a closed book -3.66   led   0/255 h0.00 lvl-2.95   -
frame   312 :  an opened book -0.31  a closed book -1.46   led   0/255 h0.00 lvl-0.88   -
frame   313 :  an opened book -1.33  a closed book -2.81   led   0/255 h0.00 lvl-2.07   -
frame   314 :  an opened book -0.76  a closed book -2.45   led   0/255 h0.00 lvl-1.60   -
frame   315 :  an opened book -2.15  a closed book -3.35   led   0/255 h0.00 lvl-2.75   -
frame   316 :  a closed book -3.33  an opened book -3.48   led   0/255 h0.00 lvl-3.41   -
frame   317 :  an opened book -1.72  a closed book -3.22   led   0/255 h0.00 lvl-2.47   -
frame   318 :  an opened book -1.41  a closed book -2.71   led   0/255 h0.00 lvl-2.06   -
frame   319 :  an opened book -2.40  a closed book -3.09   led   0/255 h0.00 lvl-2.74   -
frame   320 :  an opened book -0.46  a closed book -1.75   led   0/255 h0.00 lvl-1.11   -
frame   321 :  an opened book +0.08  a closed book -1.13   led   1/220 h0.06 lvl-0.52   -
frame   322 :  an opened book -1.03  a closed book -2.57   led   0/255 h0.00 lvl-1.80   -
frame   323 :  an opened book -1.67  a closed book -3.11   led   0/255 h0.00 lvl-2.39   -
frame   324 :  an opened book -0.38  a closed book -1.56   led   0/255 h0.00 lvl-0.97   -
frame   325 :  an opened book -1.14  a closed book -2.86   led   0/255 h0.00 lvl-2.00   -
frame   326 :  an opened book -2.37  a closed book -4.01   led   0/255 h0.00 lvl-3.19   -
frame   327 :  an opened book -3.85  a closed book -4.90   led   0/255 h0.00 lvl-4.37   -
frame   328 :  an opened book -1.89  a closed book -3.60   led   0/255 h0.00 lvl-2.75   -
frame   329 :  an opened book -2.68  a closed book -3.45   led   0/255 h0.00 lvl-3.07   -
frame   330 :  an opened book -2.30  a closed book -3.95   led   0/255 h0.00 lvl-3.13   -
frame   331 :  an opened book -0.98  a closed book -2.38   led   0/255 h0.00 lvl-1.68   -
frame   332 :  an opened book -1.89  a closed book -3.82   led   0/255 h0.00 lvl-2.86   -
frame   333 :  an opened book -1.85  a closed book -3.25   led   0/255 h0.00 lvl-2.55   -
frame   334 :  an opened book -1.52  a closed book -2.63   led   0/255 h0.00 lvl-2.08   -
frame   335 :  an opened book -0.81  a closed book -1.70   led   0/255 h0.00 lvl-1.25   -
frame   336 :  an opened book -3.14  a closed book -4.04   led   0/255 h0.00 lvl-3.59   -
frame   337 :  an opened book -2.32  a closed book -3.54   led   0/255 h0.00 lvl-2.93   -
frame   338 :  an opened book -0.46  a closed book -1.76   led   0/255 h0.00 lvl-1.11   -
frame   339 :  an opened book -1.98  a closed book -3.09   led   0/255 h0.00 lvl-2.53   -
frame   340 :  an opened book -0.74  a closed book -2.19   led   0/255 h0.00 lvl-1.46   -
frame   341 :  an opened book -1.07  a closed book -2.64   led   0/255 h0.00 lvl-1.85   -
frame   342 :  an opened book -1.17  a closed book -2.66   led   0/255 h0.00 lvl-1.92   -
frame   343 :  an opened book +0.17  a closed book -1.53   led   3/183 h0.14 lvl-0.68   -
frame   344 :  an opened book -3.39  a closed book -4.35   led   0/255 h0.00 lvl-3.87   -
frame   345 :  an opened book -0.95  a closed book -2.81   led   0/255 h0.00 lvl-1.88   -
frame   346 :  an opened book -3.21  a closed book -4.48   led   0/255 h0.00 lvl-3.85   -
frame   347 :  an opened book -2.11  a closed book -3.36   led   0/255 h0.00 lvl-2.73   -
frame   348 :  an opened book -1.40  a closed book -2.23   led   0/255 h0.00 lvl-1.82   -
frame   349 :  an opened book -3.13  a closed book -4.32   led   0/255 h0.00 lvl-3.72   -
frame   350 :  an opened book -0.52  a closed book -3.01   led   0/255 h0.00 lvl-1.77   -
frame   351 :  an opened book -0.44  a closed book -1.92   led   0/255 h0.00 lvl-1.18   -
frame   352 :  an opened book -0.77  a closed book -2.64   led   0/255 h0.00 lvl-1.71   -
frame   353 :  an opened book -1.66  a closed book -2.98   led   0/255 h0.00 lvl-2.32   -
frame   354 :  an opened book -3.13  a closed book -4.28   led   0/255 h0.00 lvl-3.70   -
frame   355 :  an opened book +0.38  a closed book -1.05   led  19/113 h0.31 lvl-0.33   -
frame   356 :  an opened book -1.67  a closed book -3.24   led   0/255 h0.00 lvl-2.46   -
frame   357 :  an opened book -1.04  a closed book -3.49   led   0/255 h0.00 lvl-2.26   -
frame   358 :  an opened book -1.28  a closed book -3.13   led   0/255 h0.00 lvl-2.21   -
frame   359 :  an opened book -1.58  a closed book -3.33   led   0/255 h0.00 lvl-2.45   -
frame   360 :  an opened book -1.41  a closed book -2.72   led   0/255 h0.00 lvl-2.06   -
frame   361 :  an opened book -2.00  a closed book -3.24   led   0/255 h0.00 lvl-2.62   -
frame   362 :  an opened book -1.79  a closed book -3.12   led   0/255 h0.00 lvl-2.46   -
frame   363 :  an opened book -1.83  a closed book -3.45   led   0/255 h0.00 lvl-2.64   -
frame   364 :  an opened book -2.07  a closed book -3.17   led   0/255 h0.00 lvl-2.62   -
frame   365 :  an opened book -1.36  a closed book -2.51   led   0/255 h0.00 lvl-1.94   -
frame   366 :  an opened book -0.77  a closed book -2.32   led   0/255 h0.00 lvl-1.55   -
frame   367 :  an opened book -1.04  a closed book -3.22   led   0/255 h0.00 lvl-2.13   -
frame   368 :  an opened book -0.84  a closed book -2.88   led   0/255 h0.00 lvl-1.86   -
frame   369 :  an opened book -1.25  a closed book -2.88   led   0/255 h0.00 lvl-2.06   -
frame   370 :  an opened book -1.69  a closed book -3.34   led   0/255 h0.00 lvl-2.52   -
frame   371 :  an opened book -3.24  a closed book -4.04   led   0/255 h0.00 lvl-3.64   -
frame   372 :  an opened book -2.23  a closed book -3.97   led   0/255 h0.00 lvl-3.10   -
frame   373 :  an opened book -2.45  a closed book -3.87   led   0/255 h0.00 lvl-3.16   -
frame   374 :  an opened book -1.30  a closed book -3.17   led   0/255 h0.00 lvl-2.23   -
frame   375 :  an opened book +1.00  a closed book -0.62   led 160/  7 h0.81 lvl+0.19   -
frame   376 :  an opened book -0.56  a closed book -2.90   led   0/255 h0.00 lvl-1.73   -
frame   377 :  an opened book -0.36  a closed book -2.37   led   0/255 h0.00 lvl-1.36   -
frame   378 :  an opened book -3.45  a closed book -4.89   led   0/255 h0.00 lvl-4.17   -
frame   379 :  an opened book -0.26  a closed book -2.12   led   0/255 h0.00 lvl-1.19   -
frame   380 :  an opened book -1.72  a closed book -3.26   led   0/255 h0.00 lvl-2.49   -
frame   381 :  an opened book -0.06  a closed book -2.13   led   0/255 h0.00 lvl-1.10   -
frame   382 :  an opened book -1.65  a closed book -3.59   led   0/255 h0.00 lvl-2.62   -
frame   383 :  an opened book -2.14  a closed book -4.68   led   0/255 h0.00 lvl-3.41   -
frame   384 :  an opened book -1.60  a closed book -3.70   led   0/255 h0.00 lvl-2.65   -
frame   385 :  an opened book -1.43  a closed book -3.45   led   0/255 h0.00 lvl-2.44   -
frame   386 :  an opened book -2.70  a closed book -4.00   led   0/255 h0.00 lvl-3.35   -
frame   387 :  an opened book -3.57  a closed book -5.83   led   0/255 h0.00 lvl-4.70   -
frame   388 :  an opened book -0.78  a closed book -3.65   led   0/255 h0.00 lvl-2.22   -
frame   389 :  an opened book -2.28  a closed book -3.87   led   0/255 h0.00 lvl-3.08   -
frame   390 :  an opened book +0.43  a closed book -1.25   led  25/100 h0.35 lvl-0.41   -
frame   391 :  an opened book +1.39*  a closed book +0.18   led 255/  0 h1.00 lvl+0.79   MATCH an opened book (cos -0.109)
frame   392 :  a closed book -1.35  an opened book -1.94   led   0/255 h0.00 lvl-1.64   -
frame   393 :  a closed book -1.97  an opened book -2.58   led   0/255 h0.00 lvl-2.28   -
frame   394 :  an opened book +1.25*  a closed book -0.36   led 255/  0 h1.00 lvl+0.45   MATCH an opened book (cos -0.109)
frame   395 :  an opened book +1.01  a closed book +0.58   led 164/  6 h0.82 lvl+0.79   -
frame   396 :  an opened book +0.55  a closed book -0.24   led  44/ 69 h0.45 lvl+0.16   -
frame   397 :  an opened book +0.92  a closed book -0.39   led 135/ 12 h0.75 lvl+0.27   -
frame   398 :  an opened book -0.02  a closed book -0.61   led   0/255 h0.00 lvl-0.32   -
frame   399 :  a closed book +1.05  an opened book +0.45   led 179/  4 h0.85 lvl+0.75   -
background: after 30 frames (frozen, room spread), this room reads  a closed book -0.097 +-0.0047 (COCO -0.159 +-0.0351)  an opened book -0.113 +-0.0034 (COCO -0.151 +-0.0303)
frame   400 :  an opened book +0.81  a closed book -0.25   led 101/ 24 h0.66 lvl+0.28   -
frame   401 :  a closed book -1.70  an opened book -1.96   led   0/255 h0.00 lvl-1.83   -
frame   402 :  a closed book -1.44  an opened book -1.64   led   0/255 h0.00 lvl-1.54   -
frame   403 :  an opened book -1.60  a closed book -2.17   led   0/255 h0.00 lvl-1.89   -
frame   404 :  an opened book +1.24*  a closed book -0.36   led 255/  0 h1.00 lvl+0.44   MATCH an opened book (cos -0.109)
frame   405 :  an opened book -1.14  a closed book -2.33   led   0/255 h0.00 lvl-1.73   -
frame   406 :  an opened book +0.11  a closed book -0.48   led   1/208 h0.09 lvl-0.19   -
frame   407 :  a closed book -1.53  an opened book -1.60   led   0/255 h0.00 lvl-1.57   -
frame   408 :  a closed book -0.24  an opened book -2.32   led   0/255 h0.00 lvl-1.28   -
frame   409 :  a closed book -0.52  an opened book -2.54   led   0/255 h0.00 lvl-1.53   -
frame   410 :  a closed book +0.55  an opened book -0.11   led  43/ 70 h0.45 lvl+0.22   -
frame   411 :  an opened book +0.93  a closed book +0.19   led 139/ 11 h0.76 lvl+0.56   -
frame   412 :  a closed book +1.30*  an opened book +1.05   led 255/  0 h1.00 lvl+1.17   MATCH a closed book (cos -0.091)
frame   413 :  a closed book -1.23  an opened book -2.40   led   0/255 h0.00 lvl-1.82   -
frame   414 :  a closed book +0.86  an opened book -2.02   led 115/ 19 h0.70 lvl-0.58   -
frame   415 :  a closed book -0.16  an opened book -2.22   led   0/255 h0.00 lvl-1.19   -
frame   416 :  a closed book -1.19  an opened book -1.25   led   0/255 h0.00 lvl-1.22   -
frame   417 :  a closed book +0.71  an opened book -1.05   led  77/ 38 h0.58 lvl-0.17   -
frame   418 :  a closed book +1.47*  an opened book +0.76   led 255/  0 h1.00 lvl+1.12   MATCH a closed book (cos -0.090)
frame   419 :  a closed book +2.31*  an opened book +0.39   led 255/  0 h1.00 lvl+1.35   MATCH a closed book (cos -0.087)
frame   420 :  a closed book +2.91*  an opened book -0.17   led 255/  0 h1.00 lvl+1.37   MATCH a closed book (cos -0.084)
frame   421 :  a closed book +1.95*  an opened book +0.61   led 255/  0 h1.00 lvl+1.28   MATCH a closed book (cos -0.088)
frame   422 :  a closed book +2.14*  an opened book +0.17   led 255/  0 h1.00 lvl+1.15   MATCH a closed book (cos -0.087)
frame   423 :  a closed book +1.67*  an opened book -0.38   led 255/  0 h1.00 lvl+0.65   MATCH a closed book (cos -0.090)
frame   424 :  a closed book +2.31*  an opened book +0.44   led 255/  0 h1.00 lvl+1.37   MATCH a closed book (cos -0.087)
frame   425 :  a closed book +1.70*  an opened book -0.43   led 255/  0 h1.00 lvl+0.64   MATCH a closed book (cos -0.089)
frame   426 :  a closed book +2.93*  an opened book +1.00   led 255/  0 h1.00 lvl+1.97   MATCH a closed book (cos -0.084)
frame   427 :  a closed book +4.79*  an opened book +2.99*   led 255/  0 h1.00 lvl+3.89   MATCH a closed book (cos -0.075)
frame   428 :  a closed book +4.25*  an opened book +2.03*   led 255/  0 h1.00 lvl+3.14   MATCH a closed book (cos -0.077)
frame   429 :  a closed book +4.67*  an opened book +2.42*   led 255/  0 h1.00 lvl+3.55   MATCH a closed book (cos -0.076)
frame   430 :  a closed book +2.66*  an opened book +0.34   led 255/  0 h1.00 lvl+1.50   MATCH a closed book (cos -0.085)
frame   431 :  a closed book +2.13*  an opened book -0.48   led 255/  0 h1.00 lvl+0.82   MATCH a closed book (cos -0.087)
frame   432 :  a closed book +2.54*  an opened book +0.60   led 255/  0 h1.00 lvl+1.57   MATCH a closed book (cos -0.086)
frame   433 :  a closed book +4.18*  an opened book +2.11*   led 255/  0 h1.00 lvl+3.14   MATCH a closed book (cos -0.078)
frame   434 :  a closed book +4.19*  an opened book +1.37*   led 255/  0 h1.00 lvl+2.78   MATCH a closed book (cos -0.078)
frame   435 :  a closed book +2.81*  an opened book +0.48   led 255/  0 h1.00 lvl+1.65   MATCH a closed book (cos -0.084)
frame   436 :  a closed book +2.94*  an opened book -0.21   led 255/  0 h1.00 lvl+1.36   MATCH a closed book (cos -0.084)
frame   437 :  a closed book +4.69*  an opened book +2.23*   led 255/  0 h1.00 lvl+3.46   MATCH a closed book (cos -0.075)
frame   438 :  a closed book +2.84*  an opened book +0.86   led 255/  0 h1.00 lvl+1.85   MATCH a closed book (cos -0.084)
frame   439 :  a closed book +2.44*  an opened book +0.36   led 255/  0 h1.00 lvl+1.40   MATCH a closed book (cos -0.086)
frame   440 :  a closed book +4.01*  an opened book +1.07   led 255/  0 h1.00 lvl+2.54   MATCH a closed book (cos -0.079)
frame   441 :  a closed book +2.74*  an opened book -0.14   led 255/  0 h1.00 lvl+1.30   MATCH a closed book (cos -0.085)
frame   442 :  a closed book +4.00*  an opened book +2.00*   led 255/  0 h1.00 lvl+3.00   MATCH a closed book (cos -0.079)
frame   443 :  a closed book +4.03*  an opened book +1.12   led 255/  0 h1.00 lvl+2.58   MATCH a closed book (cos -0.079)
frame   444 :  a closed book +2.01*  an opened book +0.33   led 255/  0 h1.00 lvl+1.17   MATCH a closed book (cos -0.088)
frame   445 :  a closed book +3.65*  an opened book +1.12   led 255/  0 h1.00 lvl+2.38   MATCH a closed book (cos -0.080)
frame   446 :  a closed book +3.46*  an opened book +0.53   led 255/  0 h1.00 lvl+1.99   MATCH a closed book (cos -0.081)
frame   447 :  a closed book +3.64*  an opened book +1.73*   led 255/  0 h1.00 lvl+2.68   MATCH a closed book (cos -0.080)
frame   448 :  a closed book +3.74*  an opened book +1.85*   led 255/  0 h1.00 lvl+2.79   MATCH a closed book (cos -0.080)
frame   449 :  a closed book +3.23*  an opened book +1.06   led 255/  0 h1.00 lvl+2.14   MATCH a closed book (cos -0.082)
frame   450 :  a closed book +2.27*  an opened book -0.43   led 255/  0 h1.00 lvl+0.92   MATCH a closed book (cos -0.087)
frame   451 :  a closed book +5.04*  an opened book +2.97*   led 255/  0 h1.00 lvl+4.00   MATCH a closed book (cos -0.074)
frame   452 :  a closed book +1.44*  an opened book -0.20   led 255/  0 h1.00 lvl+0.62   MATCH a closed book (cos -0.091)
frame   453 :  a closed book +2.95*  an opened book +0.40   led 255/  0 h1.00 lvl+1.67   MATCH a closed book (cos -0.084)
frame   454 :  a closed book +3.11*  an opened book +0.78   led 255/  0 h1.00 lvl+1.94   MATCH a closed book (cos -0.083)
frame   455 :  a closed book +4.01*  an opened book +1.24*   led 255/  0 h1.00 lvl+2.63   MATCH a closed book (cos -0.079)
frame   456 :  a closed book +2.61*  an opened book +0.60   led 255/  0 h1.00 lvl+1.61   MATCH a closed book (cos -0.085)
frame   457 :  a closed book +3.43*  an opened book +1.19   led 255/  0 h1.00 lvl+2.31   MATCH a closed book (cos -0.081)
frame   458 :  a closed book +3.14*  an opened book +0.44   led 255/  0 h1.00 lvl+1.79   MATCH a closed book (cos -0.083)
frame   459 :  a closed book +4.25*  an opened book +1.76*   led 255/  0 h1.00 lvl+3.01   MATCH a closed book (cos -0.078)
frame   460 :  a closed book +1.54*  an opened book -0.93   led 255/  0 h1.00 lvl+0.31   MATCH a closed book (cos -0.090)
frame   461 :  a closed book +3.45*  an opened book +0.84   led 255/  0 h1.00 lvl+2.14   MATCH a closed book (cos -0.081)
frame   462 :  a closed book +3.73*  an opened book +1.05   led 255/  0 h1.00 lvl+2.39   MATCH a closed book (cos -0.080)
frame   463 :  a closed book +3.85*  an opened book +1.04   led 255/  0 h1.00 lvl+2.44   MATCH a closed book (cos -0.079)
frame   464 :  a closed book +3.30*  an opened book +0.91   led 255/  0 h1.00 lvl+2.11   MATCH a closed book (cos -0.082)
frame   465 :  a closed book +4.30*  an opened book +1.79*   led 255/  0 h1.00 lvl+3.04   MATCH a closed book (cos -0.077)
frame   466 :  a closed book +2.99*  an opened book -0.59   led 255/  0 h1.00 lvl+1.20   MATCH a closed book (cos -0.083)
frame   467 :  a closed book +4.08*  an opened book +1.33*   led 255/  0 h1.00 lvl+2.71   MATCH a closed book (cos -0.078)
frame   468 :  a closed book +2.47*  an opened book +0.65   led 255/  0 h1.00 lvl+1.56   MATCH a closed book (cos -0.086)
frame   469 :  a closed book +3.05*  an opened book +0.01   led 255/  0 h1.00 lvl+1.53   MATCH a closed book (cos -0.083)
frame   470 :  a closed book +3.11*  an opened book +1.36*   led 255/  0 h1.00 lvl+2.24   MATCH a closed book (cos -0.083)
frame   471 :  a closed book +2.67*  an opened book +0.23   led 255/  0 h1.00 lvl+1.45   MATCH a closed book (cos -0.085)
frame   472 :  a closed book +3.01*  an opened book +0.17   led 255/  0 h1.00 lvl+1.59   MATCH a closed book (cos -0.083)
frame   473 :  a closed book +3.81*  an opened book +1.76*   led 255/  0 h1.00 lvl+2.78   MATCH a closed book (cos -0.080)
frame   474 :  a closed book +3.62*  an opened book +0.63   led 255/  0 h1.00 lvl+2.12   MATCH a closed book (cos -0.080)
frame   475 :  a closed book +2.75*  an opened book +0.99   led 255/  0 h1.00 lvl+1.87   MATCH a closed book (cos -0.084)
frame   476 :  a closed book +3.84*  an opened book +1.76*   led 255/  0 h1.00 lvl+2.80   MATCH a closed book (cos -0.079)
frame   477 :  a closed book +3.85*  an opened book +0.66   led 255/  0 h1.00 lvl+2.26   MATCH a closed book (cos -0.079)
frame   478 :  a closed book +5.63*  an opened book +3.01*   led 255/  0 h1.00 lvl+4.32   MATCH a closed book (cos -0.071)
frame   479 :  a closed book +3.78*  an opened book +1.47*   led 255/  0 h1.00 lvl+2.62   MATCH a closed book (cos -0.080)
frame   480 :  a closed book +4.23*  an opened book +1.82*   led 255/  0 h1.00 lvl+3.02   MATCH a closed book (cos -0.078)
frame   481 :  a closed book +3.24*  an opened book +1.15   led 255/  0 h1.00 lvl+2.20   MATCH a closed book (cos -0.082)
frame   482 :  a closed book +2.55*  an opened book +0.68   led 255/  0 h1.00 lvl+1.62   MATCH a closed book (cos -0.085)
frame   483 :  a closed book +3.52*  an opened book +1.09   led 255/  0 h1.00 lvl+2.30   MATCH a closed book (cos -0.081)
frame   484 :  a closed book +3.09*  an opened book +0.78   led 255/  0 h1.00 lvl+1.94   MATCH a closed book (cos -0.083)
frame   485 :  a closed book +3.76*  an opened book +1.75*   led 255/  0 h1.00 lvl+2.76   MATCH a closed book (cos -0.080)
frame   486 :  a closed book +3.42*  an opened book +1.49*   led 255/  0 h1.00 lvl+2.45   MATCH a closed book (cos -0.081)
frame   487 :  a closed book +2.98*  an opened book +0.40   led 255/  0 h1.00 lvl+1.69   MATCH a closed book (cos -0.083)
frame   488 :  a closed book +3.74*  an opened book +1.91*   led 255/  0 h1.00 lvl+2.82   MATCH a closed book (cos -0.080)
frame   489 :  a closed book +2.84*  an opened book +0.86   led 255/  0 h1.00 lvl+1.85   MATCH a closed book (cos -0.084)
frame   490 :  a closed book +4.08*  an opened book +1.14   led 255/  0 h1.00 lvl+2.61   MATCH a closed book (cos -0.078)
frame   491 :  a closed book +4.20*  an opened book +2.63*   led 255/  0 h1.00 lvl+3.42   MATCH a closed book (cos -0.078)
frame   492 :  a closed book +4.16*  an opened book +1.92*   led 255/  0 h1.00 lvl+3.04   MATCH a closed book (cos -0.078)
frame   493 :  a closed book +3.79*  an opened book +1.86*   led 255/  0 h1.00 lvl+2.82   MATCH a closed book (cos -0.080)
frame   494 :  a closed book +2.72*  an opened book +0.43   led 255/  0 h1.00 lvl+1.57   MATCH a closed book (cos -0.085)
frame   495 :  a closed book +2.69*  an opened book +1.17   led 255/  0 h1.00 lvl+1.93   MATCH a closed book (cos -0.085)
frame   496 :  a closed book +1.94*  an opened book -1.06   led 255/  0 h1.00 lvl+0.44   MATCH a closed book (cos -0.088)
frame   497 :  a closed book +3.34*  an opened book +0.66   led 255/  0 h1.00 lvl+2.00   MATCH a closed book (cos -0.082)
frame   498 :  a closed book +3.25*  an opened book +0.61   led 255/  0 h1.00 lvl+1.93   MATCH a closed book (cos -0.082)
frame   499 :  a closed book +2.83*  an opened book +0.51   led 255/  0 h1.00 lvl+1.67   MATCH a closed book (cos -0.084)
background: after 30 frames (frozen, room spread), this room reads  a closed book -0.097 +-0.0047 (COCO -0.159 +-0.0351)  an opened book -0.113 +-0.0034 (COCO -0.151 +-0.0303)
frame   500 :  a closed book +4.15*  an opened book +1.90*   led 255/  0 h1.00 lvl+3.03   MATCH a closed book (cos -0.078)
frame   501 :  a closed book +3.35*  an opened book +1.28*   led 255/  0 h1.00 lvl+2.31   MATCH a closed book (cos -0.082)
frame   502 :  a closed book +3.92*  an opened book +2.12*   led 255/  0 h1.00 lvl+3.02   MATCH a closed book (cos -0.079)
frame   503 :  a closed book +4.92*  an opened book +3.28*   led 255/  0 h1.00 lvl+4.10   MATCH a closed book (cos -0.074)
frame   504 :  a closed book +3.39*  an opened book +1.98*   led 255/  0 h1.00 lvl+2.69   MATCH a closed book (cos -0.082)
frame   505 :  a closed book +3.40*  an opened book +1.47*   led 255/  0 h1.00 lvl+2.44   MATCH a closed book (cos -0.081)
frame   506 :  a closed book +4.50*  an opened book +2.56*   led 255/  0 h1.00 lvl+3.53   MATCH a closed book (cos -0.076)
frame   507 :  a closed book +4.38*  an opened book +2.92*   led 255/  0 h1.00 lvl+3.65   MATCH a closed book (cos -0.077)
frame   508 :  a closed book +3.42*  an opened book +2.56*   led 255/  0 h1.00 lvl+2.99   MATCH a closed book (cos -0.081)
frame   509 :  a closed book +2.23*  an opened book +0.80   led 255/  0 h1.00 lvl+1.52   MATCH a closed book (cos -0.087)
frame   510 :  a closed book +1.94*  an opened book -0.10   led 255/  0 h1.00 lvl+0.92   MATCH a closed book (cos -0.088)
frame   511 :  a closed book +3.60*  an opened book +2.71*   led 255/  0 h1.00 lvl+3.15   MATCH a closed book (cos -0.081)
frame   512 :  an opened book +3.45*  a closed book +3.08*   led 255/  0 h1.00 lvl+3.26   MATCH an opened book (cos -0.102)
frame   513 :  a closed book +2.43*  an opened book +1.42*   led 255/  0 h1.00 lvl+1.92   MATCH a closed book (cos -0.086)
frame   514 :  a closed book +1.48*  an opened book +0.70   led 255/  0 h1.00 lvl+1.09   MATCH a closed book (cos -0.090)
frame   515 :  a closed book +2.66*  an opened book +2.19*   led 255/  0 h1.00 lvl+2.42   MATCH a closed book (cos -0.085)
frame   516 :  an opened book +0.55  a closed book +0.29   led  43/ 70 h0.44 lvl+0.42   -
frame   517 :  an opened book +1.39*  a closed book +1.26*   led 255/  0 h1.00 lvl+1.32   MATCH an opened book (cos -0.109)
frame   518 :  a closed book -0.31  an opened book -0.80   led   0/255 h0.00 lvl-0.56   -
frame   519 :  a closed book +1.87*  an opened book +0.35   led 255/  0 h1.00 lvl+1.11   MATCH a closed book (cos -0.089)
frame   520 :  a closed book -0.20  an opened book -1.78   led   0/255 h0.00 lvl-0.99   -
frame   521 :  a closed book +0.82  an opened book -0.60   led 104/ 23 h0.67 lvl+0.11   -
frame   522 :  a closed book +0.37  an opened book -0.26   led  18/117 h0.30 lvl+0.05   -
frame   523 :  a closed book +0.84  an opened book -0.08   led 110/ 21 h0.68 lvl+0.38   -
frame   524 :  a closed book +1.28*  an opened book +0.74   led 255/  0 h1.00 lvl+1.01   MATCH a closed book (cos -0.091)
frame   525 :  a closed book +0.32  an opened book -0.23   led  13/131 h0.26 lvl+0.04   -
frame   526 :  an opened book +2.77*  a closed book +2.21*   led 255/  0 h1.00 lvl+2.49   MATCH an opened book (cos -0.104)
frame   527 :  a closed book +1.42*  an opened book +0.60   led 255/  0 h1.00 lvl+1.01   MATCH a closed book (cos -0.091)
frame   528 :  an opened book +2.51*  a closed book +2.38*   led 255/  0 h1.00 lvl+2.44   MATCH an opened book (cos -0.105)
frame   529 :  an opened book +0.19  a closed book -0.03   led   4/176 h0.15 lvl+0.08   -
frame   530 :  an opened book +0.75  a closed book +0.75   led  86/ 32 h0.61 lvl+0.75   -
frame   531 :  a closed book +0.57  an opened book +0.01   led  46/ 66 h0.46 lvl+0.29   -
frame   532 :  an opened book +0.73  a closed book +0.35   led  80/ 36 h0.59 lvl+0.54   -
frame   533 :  an opened book +1.01  a closed book +0.68   led 166/  6 h0.82 lvl+0.85   -
frame   534 :  an opened book +0.79  a closed book +0.49   led  96/ 27 h0.64 lvl+0.64   -
frame   535 :  an opened book +1.22  a closed book +0.33   led 249/  0 h0.99 lvl+0.77   -
frame   536 :  a closed book +0.45  an opened book +0.04   led  28/ 94 h0.36 lvl+0.25   -
frame   537 :  a closed book +1.00  an opened book -0.75   led 161/  6 h0.81 lvl+0.13   -
frame   538 :  a closed book +1.14  an opened book -0.78   led 217/  1 h0.93 lvl+0.18   -
frame   539 :  a closed book +1.64*  an opened book -0.83   led 255/  0 h1.00 lvl+0.40   MATCH a closed book (cos -0.090)
frame   540 :  a closed book +3.58*  an opened book +0.48   led 255/  0 h1.00 lvl+2.03   MATCH a closed book (cos -0.081)
frame   541 :  a closed book +3.09*  an opened book -0.39   led 255/  0 h1.00 lvl+1.35   MATCH a closed book (cos -0.083)
frame   542 :  a closed book +1.92*  an opened book -1.65   led 255/  0 h1.00 lvl+0.13   MATCH a closed book (cos -0.088)
frame   543 :  a closed book +4.44*  an opened book +1.47*   led 255/  0 h1.00 lvl+2.96   MATCH a closed book (cos -0.077)
frame   544 :  a closed book +3.27*  an opened book +1.40*   led 255/  0 h1.00 lvl+2.33   MATCH a closed book (cos -0.082)
frame   545 :  a closed book +3.27*  an opened book +0.79   led 255/  0 h1.00 lvl+2.03   MATCH a closed book (cos -0.082)
frame   546 :  a closed book +3.02*  an opened book +0.51   led 255/  0 h1.00 lvl+1.77   MATCH a closed book (cos -0.083)
frame   547 :  a closed book +2.42*  an opened book -0.46   led 255/  0 h1.00 lvl+0.98   MATCH a closed book (cos -0.086)
frame   548 :  a closed book +2.83*  an opened book +0.06   led 255/  0 h1.00 lvl+1.45   MATCH a closed book (cos -0.084)
frame   549 :  a closed book +3.57*  an opened book +1.63*   led 255/  0 h1.00 lvl+2.60   MATCH a closed book (cos -0.081)
frame   550 :  a closed book +2.74*  an opened book +0.45   led 255/  0 h1.00 lvl+1.59   MATCH a closed book (cos -0.085)
frame   551 :  a closed book +4.01*  an opened book +2.13*   led 255/  0 h1.00 lvl+3.07   MATCH a closed book (cos -0.079)
frame   552 :  a closed book +2.50*  an opened book +0.50   led 255/  0 h1.00 lvl+1.50   MATCH a closed book (cos -0.086)
frame   553 :  a closed book +5.09*  an opened book +2.44*   led 255/  0 h1.00 lvl+3.76   MATCH a closed book (cos -0.074)
frame   554 :  a closed book +3.28*  an opened book +0.58   led 255/  0 h1.00 lvl+1.93   MATCH a closed book (cos -0.082)
frame   555 :  a closed book +3.57*  an opened book +0.96   led 255/  0 h1.00 lvl+2.26   MATCH a closed book (cos -0.081)
frame   556 :  a closed book +3.47*  an opened book +0.88   led 255/  0 h1.00 lvl+2.17   MATCH a closed book (cos -0.081)
frame   557 :  a closed book +2.49*  an opened book +1.01   led 255/  0 h1.00 lvl+1.75   MATCH a closed book (cos -0.086)
frame   558 :  a closed book +4.27*  an opened book +0.61   led 255/  0 h1.00 lvl+2.44   MATCH a closed book (cos -0.077)
frame   559 :  a closed book +4.32*  an opened book +0.81   led 255/  0 h1.00 lvl+2.56   MATCH a closed book (cos -0.077)
frame   560 :  a closed book +4.40*  an opened book +1.71*   led 255/  0 h1.00 lvl+3.05   MATCH a closed book (cos -0.077)
frame   561 :  a closed book +3.84*  an opened book +0.41   led 255/  0 h1.00 lvl+2.13   MATCH a closed book (cos -0.079)
frame   562 :  a closed book +3.55*  an opened book +0.65   led 255/  0 h1.00 lvl+2.10   MATCH a closed book (cos -0.081)
frame   563 :  a closed book +4.38*  an opened book +0.81   led 255/  0 h1.00 lvl+2.59   MATCH a closed book (cos -0.077)
frame   564 :  a closed book +2.66*  an opened book -0.22   led 255/  0 h1.00 lvl+1.22   MATCH a closed book (cos -0.085)
frame   565 :  a closed book +3.24*  an opened book -0.45   led 255/  0 h1.00 lvl+1.40   MATCH a closed book (cos -0.082)
frame   566 :  a closed book +2.34*  an opened book -0.51   led 255/  0 h1.00 lvl+0.92   MATCH a closed book (cos -0.086)
frame   567 :  a closed book +3.36*  an opened book +1.45*   led 255/  0 h1.00 lvl+2.41   MATCH a closed book (cos -0.082)
frame   568 :  a closed book +2.03*  an opened book +0.36   led 255/  0 h1.00 lvl+1.20   MATCH a closed book (cos -0.088)
frame   569 :  a closed book +4.34*  an opened book +4.08*   led 255/  0 h1.00 lvl+4.21   MATCH a closed book (cos -0.077)
frame   570 :  a closed book +1.74*  an opened book +0.74   led 255/  0 h1.00 lvl+1.24   MATCH a closed book (cos -0.089)
frame   571 :  an opened book +2.17*  a closed book +2.06*   led 255/  0 h1.00 lvl+2.11   MATCH an opened book (cos -0.106)
frame   572 :  a closed book +1.75*  an opened book +1.05   led 255/  0 h1.00 lvl+1.40   MATCH a closed book (cos -0.089)
frame   573 :  a closed book +3.58*  an opened book +2.18*   led 255/  0 h1.00 lvl+2.88   MATCH a closed book (cos -0.081)
frame   574 :  a closed book +4.55*  an opened book +3.28*   led 255/  0 h1.00 lvl+3.91   MATCH a closed book (cos -0.076)
frame   575 :  a closed book +3.35*  an opened book +2.58*   led 255/  0 h1.00 lvl+2.97   MATCH a closed book (cos -0.082)
frame   576 :  a closed book +5.81*  an opened book +3.96*   led 255/  0 h1.00 lvl+4.89   MATCH a closed book (cos -0.070)
frame   577 :  a closed book +4.30*  an opened book +2.54*   led 255/  0 h1.00 lvl+3.42   MATCH a closed book (cos -0.077)
frame   578 :  a closed book +5.77*  an opened book +3.90*   led 255/  0 h1.00 lvl+4.83   MATCH a closed book (cos -0.070)
frame   579 :  a closed book +6.00*  an opened book +4.26*   led 255/  0 h1.00 lvl+5.13   MATCH a closed book (cos -0.069)
frame   580 :  a closed book +2.28*  an opened book +0.43   led 255/  0 h1.00 lvl+1.35   MATCH a closed book (cos -0.087)
frame   581 :  a closed book +3.90*  an opened book +2.07*   led 255/  0 h1.00 lvl+2.99   MATCH a closed book (cos -0.079)
frame   582 :  a closed book +4.05*  an opened book +2.78*   led 255/  0 h1.00 lvl+3.41   MATCH a closed book (cos -0.078)
frame   583 :  a closed book +3.83*  an opened book +2.34*   led 255/  0 h1.00 lvl+3.09   MATCH a closed book (cos -0.079)
frame   584 :  a closed book +3.91*  an opened book +1.96*   led 255/  0 h1.00 lvl+2.93   MATCH a closed book (cos -0.079)
frame   585 :  a closed book +3.27*  an opened book +1.29*   led 255/  0 h1.00 lvl+2.28   MATCH a closed book (cos -0.082)
frame   586 :  a closed book +4.33*  an opened book +2.24*   led 255/  0 h1.00 lvl+3.28   MATCH a closed book (cos -0.077)
frame   587 :  a closed book +3.73*  an opened book +1.19   led 255/  0 h1.00 lvl+2.46   MATCH a closed book (cos -0.080)
frame   588 :  a closed book +4.64*  an opened book +1.51*   led 255/  0 h1.00 lvl+3.07   MATCH a closed book (cos -0.076)
frame   589 :  a closed book +3.85*  an opened book +1.29*   led 255/  0 h1.00 lvl+2.57   MATCH a closed book (cos -0.079)
frame   590 :  a closed book +4.09*  an opened book +1.36*   led 255/  0 h1.00 lvl+2.73   MATCH a closed book (cos -0.078)
frame   591 :  a closed book +5.01*  an opened book +1.64*   led 255/  0 h1.00 lvl+3.33   MATCH a closed book (cos -0.074)
frame   592 :  a closed book +5.00*  an opened book +2.23*   led 255/  0 h1.00 lvl+3.61   MATCH a closed book (cos -0.074)
frame   593 :  a closed book +4.93*  an opened book +2.07*   led 255/  0 h1.00 lvl+3.50   MATCH a closed book (cos -0.074)
frame   594 :  a closed book +4.46*  an opened book +1.88*   led 255/  0 h1.00 lvl+3.17   MATCH a closed book (cos -0.077)
frame   595 :  a closed book +5.03*  an opened book +2.46*   led 255/  0 h1.00 lvl+3.74   MATCH a closed book (cos -0.074)
frame   596 :  a closed book +4.59*  an opened book +1.96*   led 255/  0 h1.00 lvl+3.28   MATCH a closed book (cos -0.076)
frame   597 :  a closed book +4.64*  an opened book +2.82*   led 255/  0 h1.00 lvl+3.73   MATCH a closed book (cos -0.076)
frame   598 :  a closed book +4.00*  an opened book +0.57   led 255/  0 h1.00 lvl+2.28   MATCH a closed book (cos -0.079)
frame   599 :  a closed book +5.43*  an opened book +2.66*   led 255/  0 h1.00 lvl+4.04   MATCH a closed book (cos -0.072)
background: after 30 frames (frozen, room spread), this room reads  a closed book -0.097 +-0.0047 (COCO -0.159 +-0.0351)  an opened book -0.113 +-0.0034 (COCO -0.151 +-0.0303)
frame   600 :  a closed book +4.70*  an opened book +2.14*   led 255/  0 h1.00 lvl+3.42   MATCH a closed book (cos -0.075)
frame   601 :  a closed book +4.54*  an opened book +1.34*   led 255/  0 h1.00 lvl+2.94   MATCH a closed book (cos -0.076)

stopped   : 602 frames, 602 good, capture overlapped with the compute, configuration C
            602 frames timed, 285 ms/frame mean (capture included)
            268 ms encode + 0 ms waiting for the sensor + 16 ms burst; 295 ms/frame by the clock
            372 ms shutter to LED, arming with 86 ms of compute left
            last frame mean RGB 155 149 158
            camera bus: worst gap 19 us against the 2000 us deadline (#12)
            usb: 0 outages, 0 ms off the bus, 0 re-attaches (#9)
