
=== M9: fpga-open-vocab - describe it, the board spots it ===

clock     : 320 MHz requested; BOOTSEL is reachable for 1.5 s
clock     : 320 MHz system, core 1.25 V
reset     : chip_reset 00010000  (scratch was cold: either the always-on domain went away - power, a brown-out - or this boot came through the bootrom, which clears it too)
            new this boot: power-on reset - the supply arrived
waiting for a bitstream on USB CDC (host/demo.py)
bitstream : 173124 bytes announced, crc32 0a2e9953
bitstream : received intact
configure : configured, CDONE high   CDONE=1 nSTATUS=0
crc       : DMA sniffer, calc=1 out_rev=1 out_inv=1
model     : 9 layers, 512-d embedding, 131072 B/buffer
weights   : 780720 B, crc32=0xF368CC6E  (126 ms to hash)

reference : encoder_fast on the flash test vector  (1584 ms)

link      : probing the wire by running the whole test vector over it
probe     : 3 forward data lines -> 512/512 floats exact, 267 ms
link      : configuration C, 3 forward data lines, 160.0 MHz

camera    : exposure ramp 26 26 27 28 28 28~ 28 28 28 28 28 28~ 28 28 28 28 28 28~ 29 35 41 46 51 58 63 68 71 80 88 96 102 112 121 124 134 134 134 134 134 134
camera    : live 128x128 RGB565, id 0x82, 16.0 MHz, expose 37 ms, read 16 ms, exposure settled after 40 frames
            regs fmt 02 res 00 bri 00 ev 00 wb 00 auto 00 state 26 id 82 fpga 20
            reset gate: polls 425, first state 21, busy yes   defaults polls: ae 0 ag 10 awb 0 wbmode 10
            #33: the auto loops were switched back on 3 times during the ramp
            mean RGB 135 133 135  (tuned camera on a neutral scene: about 115 107 105)

queries   : waiting for a query set on USB CDC (host/demo.py)
queries   : 1 accepted, 512-d, crc ok
            scored as z = (cos - background) / std, where the background is this room's
            own mean over its first 30 frames and is then FROZEN - so a thing left in
            shot keeps its score instead of decaying into the furniture. 'N' re-learns
            it, 'H' switches to tracking. The COCO figures below are only the seed for
            frame 0 and the fixed std.
            std is THIS ROOM's, measured over the same 30 frames ('S' switches to COCO's).
            The thresholds below still mean the 90th percentile of a background; the
            background they now mean it against is this room empty, not 5000 COCO photos.
            z is EMA-smoothed at 0.35 (~5 frames) before ranking, so a state has to
            persist for about two seconds to be called.
            a book               match above z 1.23   (COCO background -0.144 +- 0.028, so cos -0.110)

loop      : capture, 8 convs on the T8, pool and head, then one cosine per query. 'B' for BOOTSEL, 'R' to restart,
            'P' to dump the next frame for host/cam.py, 'V' to dump its 512 floats for host/caption.py,
            'E' to provoke a fault so D1 shows its fault display, 'H' to freeze/unfreeze the background,
            'S' to switch the spread between this room's and COCO's, 'W' to hang on purpose and see
            the watchdog name the stage, 'C' to stall the camera bus on purpose and see it cost one frame,
            'U' to drop off USB on purpose and watch it come back, 'I' to drop off and refuse to,
            'N' to forget it and learn it again from now. 'P' and 'V' together describe the same frame.
            'O' closes the timing window, prints it and flips the capture between overlapped and serial;
            'D' does the same and flips the trigger between late and at-the-collect, which is #14's A/B.
            'L' freezes exposure and gain, then on a second press the white balance too - which goes green,
            and is the control. A third restores all three. Issue #30, and the one hotkey whose answer depends on when you press it.
            'M' goes further and takes the sensor OUT of the loop: the ArduChip feeds a fixed pattern, so
            the frame cannot drift for any reason. If the walk survives that, the walk is not the camera.
            Run it with the background frozen and z smoothing OFF, or the flat column is a filter and not a
            result. The pattern is not a photograph - judge the cosines it prints, not the z.
            scores are z against this room's background, ranked; '*' means over its threshold.
            '1'..'6' enrol the next 20 frames as that class, and press again on a LATER visit
            to fold a second one in - 2 visits is what makes the enrolment guard mean
            something. Two classes in and the board decides by nearest reference instead of
            by threshold - see M21.
            '0' ENROLS THE EMPTY SCENE the same way, and it is worth a visit: with one, a frame
            is absent when the empty reference is the nearest of the three and no radius is
            involved. Without one the board falls back to the band - absent beyond 2.0 sep
            from every class - which scores 54.6% over 28 benches against the third reference's
            79.1%, because with two queries that band is an interval the empty scene can sit
            inside. #18.
            The first 30 frames set the baseline and it is then frozen, so anything left in
            shot KEEPS its score. Point the camera at the empty scene for those frames.
            Send a new set at any time to re-query - that resets the baseline too.

frame     0 :  a book +0.31   led  12/135 h0.25 lvl+0.31   -
frame     1 :  a book +0.14   led   2/194 h0.12 lvl+0.14   -
frame     2 :  a book +0.05   led   0/232 h0.04 lvl+0.05   -
frame     3 :  a book +0.05   led   0/233 h0.04 lvl+0.05   -
frame     4 :  a book +0.07   led   0/223 h0.06 lvl+0.07   -
frame     5 :  a book +0.10   led   1/213 h0.08 lvl+0.10   -
frame     6 :  a book +0.09   led   1/214 h0.08 lvl+0.09   -
frame     7 :  a book +0.06   led   0/228 h0.05 lvl+0.06   -
background: after 8 frames (warming up, room spread), this room reads  a book -0.121 +-0.0026 (COCO -0.144 +-0.0280)
frame     8 :  a book -0.11   led   0/255 h0.00 lvl-0.11   -
frame     9 :  a book -0.21   led   0/255 h0.00 lvl-0.21   -
frame    10 :  a book -1.01   led   0/255 h0.00 lvl-1.01   -
frame    11 :  a book -1.11   led   0/255 h0.00 lvl-1.11   -
frame    12 :  a book -1.38   led   0/255 h0.00 lvl-1.38   -
frame    13 :  a book -0.98   led   0/255 h0.00 lvl-0.98   -

camera    : frozen now exposure gain  at frame 14, mean RGB 135 132 135
frame    14 :  a book -0.71   led   0/255 h0.00 lvl-0.71   -
frame    15 :  a book -1.20   led   0/255 h0.00 lvl-1.20   -
frame    16 :  a book -1.05   led   0/255 h0.00 lvl-1.05   -
frame    17 :  a book -0.52   led   0/255 h0.00 lvl-0.52   -
frame    18 :  a book +0.24   led   7/158 h0.20 lvl+0.24   -
frame    19 :  a book -0.33   led   0/255 h0.00 lvl-0.33   -
frame    20 :  a book -0.75   led   0/255 h0.00 lvl-0.75   -
frame    21 :  a book -0.28   led   0/255 h0.00 lvl-0.28   -
frame    22 :  a book -0.07   led   0/255 h0.00 lvl-0.07   -
frame    23 :  a book -0.17   led   0/255 h0.00 lvl-0.17   -
frame    24 :  a book -0.67   led   0/255 h0.00 lvl-0.67   -
frame    25 :  a book -0.46   led   0/255 h0.00 lvl-0.46   -
camera    : die witness on the 'L' at frame 14, sampled 8 frames apart - exposure 030b 030b, gain 03 03, wb 10 10
            did not move: exposure gain white-balance - WHICH IS NOT EVIDENCE EITHER WAY. A converged loop on a still scene reads like a locked one.
frame    26 :  a book -0.22   led   0/255 h0.00 lvl-0.22   -
frame    27 :  a book -0.21   led   0/255 h0.00 lvl-0.21   -
frame    28 :  a book +0.34   led  15/126 h0.27 lvl+0.34   -
frame    29 :  a book -0.02   led   0/255 h0.00 lvl-0.02   -
frame    30 :  a book -0.66   led   0/255 h0.00 lvl-0.66   -
frame    31 :  a book -0.42   led   0/255 h0.00 lvl-0.42   -
frame    32 :  a book -0.37   led   0/255 h0.00 lvl-0.37   -
frame    33 :  a book -0.16   led   0/255 h0.00 lvl-0.16   -
frame    34 :  a book -0.13   led   0/255 h0.00 lvl-0.13   -

camera    : frozen now exposure gain white-balance  at frame 35, mean RGB 135 133 135
frame    35 :  a book +0.14   led   2/197 h0.11 lvl+0.14   -
frame    36 :  a book -1.55   led   0/255 h0.00 lvl-1.55   -
frame    37 :  a book -2.92   led   0/255 h0.00 lvl-2.92   -
frame    38 :  a book -3.75   led   0/255 h0.00 lvl-3.75   -
frame    39 :  a book -4.26   led   0/255 h0.00 lvl-4.26   -
frame    40 :  a book -4.67   led   0/255 h0.00 lvl-4.67   -
frame    41 :  a book -4.70   led   0/255 h0.00 lvl-4.70   -
frame    42 :  a book -4.73   led   0/255 h0.00 lvl-4.73   -
frame    43 :  a book -5.11   led   0/255 h0.00 lvl-5.11   -
frame    44 :  a book -5.02   led   0/255 h0.00 lvl-5.02   -
frame    45 :  a book -5.20   led   0/255 h0.00 lvl-5.20   -
frame    46 :  a book -5.02   led   0/255 h0.00 lvl-5.02   -
camera    : die witness on the 'L' at frame 35, sampled 8 frames apart - exposure 030b 030b, gain 03 03, wb 18 18
            did not move: exposure gain white-balance - WHICH IS NOT EVIDENCE EITHER WAY. A converged loop on a still scene reads like a locked one.
            changed across the mask write, after standing still under the previous one: white-balance - the write reached those loops.
frame    47 :  a book -5.01   led   0/255 h0.00 lvl-5.01   -
frame    48 :  a book -5.11   led   0/255 h0.00 lvl-5.11   -
frame    49 :  a book -4.89   led   0/255 h0.00 lvl-4.89   -
frame    50 :  a book -5.20   led   0/255 h0.00 lvl-5.20   -
frame    51 :  a book -5.44   led   0/255 h0.00 lvl-5.44   -
frame    52 :  a book -5.34   led   0/255 h0.00 lvl-5.34   -
frame    53 :  a book -5.77   led   0/255 h0.00 lvl-5.77   -

camera    : frozen now nothing - all three tracking at frame 54, mean RGB 115 146 83
frame    54 :  a book -5.57   led   0/255 h0.00 lvl-5.57   -
frame    55 :  a book -4.36   led   0/255 h0.00 lvl-4.36   -
frame    56 :  a book -3.36   led   0/255 h0.00 lvl-3.36   -
frame    57 :  a book -1.76   led   0/255 h0.00 lvl-1.76   -
frame    58 :  a book -0.50   led   0/255 h0.00 lvl-0.50   -
frame    59 :  a book +0.18   led   4/181 h0.14 lvl+0.18   -
frame    60 :  a book -0.09   led   0/255 h0.00 lvl-0.09   -
frame    61 :  a book +0.09   led   1/216 h0.07 lvl+0.09   -
frame    62 :  a book +0.44   led  27/ 96 h0.36 lvl+0.44   -
frame    63 :  a book +0.86   led 116/ 18 h0.70 lvl+0.86   -
frame    64 :  a book +0.72   led  77/ 37 h0.58 lvl+0.72   -
frame    65 :  a book +0.44   led  27/ 95 h0.36 lvl+0.44   -
camera    : die witness on the 'L' at frame 54, sampled 8 frames apart - exposure 030b 030b, gain 03 03, wb 10 10
            did not move: exposure gain white-balance - WHICH IS NOT EVIDENCE EITHER WAY. A converged loop on a still scene reads like a locked one.
            changed across the mask write, after standing still under the previous one: white-balance - the write reached those loops.
frame    66 :  a book +0.43   led  26/ 98 h0.35 lvl+0.43   -
frame    67 :  a book -0.07   led   0/255 h0.00 lvl-0.07   -
frame    68 :  a book +0.26   led   8/153 h0.21 lvl+0.26   -
frame    69 :  a book +0.40   led  22/107 h0.33 lvl+0.40   -
frame    70 :  a book +0.60   led  53/ 59 h0.49 lvl+0.60   -
frame    71 :  a book +0.09   led   1/215 h0.08 lvl+0.09   -
frame    72 :  a book -1.00   led   0/255 h0.00 lvl-1.00   -
frame    73 :  a book -0.66   led   0/255 h0.00 lvl-0.66   -
frame    74 :  a book -0.35   led   0/255 h0.00 lvl-0.35   -
frame    75 :  a book +0.01   led   0/251 h0.01 lvl+0.01   -
frame    76 :  a book -0.01   led   0/255 h0.00 lvl-0.01   -
frame    77 :  a book -0.58   led   0/255 h0.00 lvl-0.58   -
frame    78 :  a book -0.02   led   0/255 h0.00 lvl-0.02   -
frame    79 :  a book +0.13   led   2/198 h0.11 lvl+0.13   -
frame    80 :  a book -0.05   led   0/255 h0.00 lvl-0.05   -
frame    81 :  a book -0.14   led   0/255 h0.00 lvl-0.14   -

stopped   : 82 frames, 82 good, capture overlapped with the compute, configuration C
            82 frames timed, 279 ms/frame mean (capture included)
            262 ms encode + 0 ms waiting for the sensor + 16 ms burst; 289 ms/frame by the clock
            382 ms shutter to LED, arming with 84 ms of compute left
            last frame mean RGB 133 129 133
            camera bus: worst gap 16 us against the 2000 us deadline (#12)
            usb: 0 outages, 0 ms off the bus, 0 re-attaches (#9)
